
 RUN  v3.2.4 /home/ayush/Desktop/RS-Monolith/agent
      Coverage enabled with v8

Browserslist: browsers data (caniuse-lite) is 15 months old. Please run:
  npx update-browserslist-db@latest
  Why you should do it regularly: https://github.com/browserslist/update-db#readme
 ✓ src/components/dashboard/__tests__/DashboardSkeleton.test.tsx (1 test) 211ms
stderr | src/components/__tests__/sidebar-menu.test.tsx > SidebarMenuComponent > should render organization name when details exist
Error: Uncaught [Error: useSidebar must be used within a SidebarProvider.]
    at reportException (/home/ayush/Desktop/RS-Monolith/agent/node_modules/jsdom/lib/jsdom/living/helpers/runtime-script-errors.js:66:24)
    at innerInvokeEventListeners (/home/ayush/Desktop/RS-Monolith/agent/node_modules/jsdom/lib/jsdom/living/events/EventTarget-impl.js:353:9)
    at invokeEventListeners (/home/ayush/Desktop/RS-Monolith/agent/node_modules/jsdom/lib/jsdom/living/events/EventTarget-impl.js:286:3)
    at HTMLUnknownElementImpl._dispatch (/home/ayush/Desktop/RS-Monolith/agent/node_modules/jsdom/lib/jsdom/living/events/EventTarget-impl.js:233:9)
    at HTMLUnknownElementImpl.dispatchEvent (/home/ayush/Desktop/RS-Monolith/agent/node_modules/jsdom/lib/jsdom/living/events/EventTarget-impl.js:104:17)
    at HTMLUnknownElement.dispatchEvent (/home/ayush/Desktop/RS-Monolith/agent/node_modules/jsdom/lib/jsdom/living/generated/EventTarget.js:241:34)
    at Object.invokeGuardedCallbackDev (/home/ayush/Desktop/RS-Monolith/agent/node_modules/react-dom/cjs/react-dom.development.js:4213:16)
    at invokeGuardedCallback (/home/ayush/Desktop/RS-Monolith/agent/node_modules/react-dom/cjs/react-dom.development.js:4277:31)
    at beginWork$1 (/home/ayush/Desktop/RS-Monolith/agent/node_modules/react-dom/cjs/react-dom.development.js:27490:7)
    at performUnitOfWork (/home/ayush/Desktop/RS-Monolith/agent/node_modules/react-dom/cjs/react-dom.development.js:26599:12) Error: useSidebar must be used within a SidebarProvider.
    at useSidebar [90m(/home/ayush/Desktop/RS-Monolith/agent/[39msrc/components/ui/sidebar.tsx:42:11[90m)[39m
    at [90m/home/ayush/Desktop/RS-Monolith/agent/[39msrc/components/ui/sidebar.tsx:177:60
    at renderWithHooks [90m(/home/ayush/Desktop/RS-Monolith/agent/[39mnode_modules/[4mreact-dom[24m/cjs/react-dom.development.js:15486:18[90m)[39m
    at updateForwardRef [90m(/home/ayush/Desktop/RS-Monolith/agent/[39mnode_modules/[4mreact-dom[24m/cjs/react-dom.development.js:19245:20[90m)[39m
    at beginWork [90m(/home/ayush/Desktop/RS-Monolith/agent/[39mnode_modules/[4mreact-dom[24m/cjs/react-dom.development.js:21675:16[90m)[39m
    at HTMLUnknownElement.callCallback [90m(/home/ayush/Desktop/RS-Monolith/agent/[39mnode_modules/[4mreact-dom[24m/cjs/react-dom.development.js:4164:14[90m)[39m
    at HTMLUnknownElement.callTheUserObjectsOperation [90m(/home/ayush/Desktop/RS-Monolith/agent/[39mnode_modules/[4mjsdom[24m/lib/jsdom/living/generated/EventListener.js:26:30[90m)[39m
    at innerInvokeEventListeners [90m(/home/ayush/Desktop/RS-Monolith/agent/[39mnode_modules/[4mjsdom[24m/lib/jsdom/living/events/EventTarget-impl.js:350:25[90m)[39m
    at invokeEventListeners [90m(/home/ayush/Desktop/RS-Monolith/agent/[39mnode_modules/[4mjsdom[24m/lib/jsdom/living/events/EventTarget-impl.js:286:3[90m)[39m
    at HTMLUnknownElementImpl._dispatch [90m(/home/ayush/Desktop/RS-Monolith/agent/[39mnode_modules/[4mjsdom[24m/lib/jsdom/living/events/EventTarget-impl.js:233:9[90m)[39m
Error: Uncaught [Error: useSidebar must be used within a SidebarProvider.]
    at reportException (/home/ayush/Desktop/RS-Monolith/agent/node_modules/jsdom/lib/jsdom/living/helpers/runtime-script-errors.js:66:24)
    at innerInvokeEventListeners (/home/ayush/Desktop/RS-Monolith/agent/node_modules/jsdom/lib/jsdom/living/events/EventTarget-impl.js:353:9)
    at invokeEventListeners (/home/ayush/Desktop/RS-Monolith/agent/node_modules/jsdom/lib/jsdom/living/events/EventTarget-impl.js:286:3)
    at HTMLUnknownElementImpl._dispatch (/home/ayush/Desktop/RS-Monolith/agent/node_modules/jsdom/lib/jsdom/living/events/EventTarget-impl.js:233:9)
    at HTMLUnknownElementImpl.dispatchEvent (/home/ayush/Desktop/RS-Monolith/agent/node_modules/jsdom/lib/jsdom/living/events/EventTarget-impl.js:104:17)
    at HTMLUnknownElement.dispatchEvent (/home/ayush/Desktop/RS-Monolith/agent/node_modules/jsdom/lib/jsdom/living/generated/EventTarget.js:241:34)
    at Object.invokeGuardedCallbackDev (/home/ayush/Desktop/RS-Monolith/agent/node_modules/react-dom/cjs/react-dom.development.js:4213:16)
    at invokeGuardedCallback (/home/ayush/Desktop/RS-Monolith/agent/node_modules/react-dom/cjs/react-dom.development.js:4277:31)
    at beginWork$1 (/home/ayush/Desktop/RS-Monolith/agent/node_modules/react-dom/cjs/react-dom.development.js:27490:7)
    at performUnitOfWork (/home/ayush/Desktop/RS-Monolith/agent/node_modules/react-dom/cjs/react-dom.development.js:26599:12) Error: useSidebar must be used within a SidebarProvider.
    at useSidebar [90m(/home/ayush/Desktop/RS-Monolith/agent/[39msrc/components/ui/sidebar.tsx:42:11[90m)[39m
    at [90m/home/ayush/Desktop/RS-Monolith/agent/[39msrc/components/ui/sidebar.tsx:177:60
    at renderWithHooks [90m(/home/ayush/Desktop/RS-Monolith/agent/[39mnode_modules/[4mreact-dom[24m/cjs/react-dom.development.js:15486:18[90m)[39m
    at updateForwardRef [90m(/home/ayush/Desktop/RS-Monolith/agent/[39mnode_modules/[4mreact-dom[24m/cjs/react-dom.development.js:19245:20[90m)[39m
    at beginWork [90m(/home/ayush/Desktop/RS-Monolith/agent/[39mnode_modules/[4mreact-dom[24m/cjs/react-dom.development.js:21675:16[90m)[39m
    at HTMLUnknownElement.callCallback [90m(/home/ayush/Desktop/RS-Monolith/agent/[39mnode_modules/[4mreact-dom[24m/cjs/react-dom.development.js:4164:14[90m)[39m
    at HTMLUnknownElement.callTheUserObjectsOperation [90m(/home/ayush/Desktop/RS-Monolith/agent/[39mnode_modules/[4mjsdom[24m/lib/jsdom/living/generated/EventListener.js:26:30[90m)[39m
    at innerInvokeEventListeners [90m(/home/ayush/Desktop/RS-Monolith/agent/[39mnode_modules/[4mjsdom[24m/lib/jsdom/living/events/EventTarget-impl.js:350:25[90m)[39m
    at invokeEventListeners [90m(/home/ayush/Desktop/RS-Monolith/agent/[39mnode_modules/[4mjsdom[24m/lib/jsdom/living/events/EventTarget-impl.js:286:3[90m)[39m
    at HTMLUnknownElementImpl._dispatch [90m(/home/ayush/Desktop/RS-Monolith/agent/[39mnode_modules/[4mjsdom[24m/lib/jsdom/living/events/EventTarget-impl.js:233:9[90m)[39m
The above error occurred in the <Sidebar> component:

    at /home/ayush/Desktop/RS-Monolith/agent/src/components/ui/sidebar.tsx:155:5
    at SidebarMenuComponent (/home/ayush/Desktop/RS-Monolith/agent/src/components/sidebar-menu.tsx:11:3)

Consider adding an error boundary to your tree to customize error handling behavior.
Visit https://reactjs.org/link/error-boundaries to learn more about error boundaries.

 ✓ src/components/map/__tests__/MapView.test.tsx (3 tests) 250ms
stderr | src/components/__tests__/sidebar-menu.test.tsx > SidebarMenuComponent > should render default title when no org details
Error: Uncaught [Error: useSidebar must be used within a SidebarProvider.]
    at reportException (/home/ayush/Desktop/RS-Monolith/agent/node_modules/jsdom/lib/jsdom/living/helpers/runtime-script-errors.js:66:24)
    at innerInvokeEventListeners (/home/ayush/Desktop/RS-Monolith/agent/node_modules/jsdom/lib/jsdom/living/events/EventTarget-impl.js:353:9)
    at invokeEventListeners (/home/ayush/Desktop/RS-Monolith/agent/node_modules/jsdom/lib/jsdom/living/events/EventTarget-impl.js:286:3)
    at HTMLUnknownElementImpl._dispatch (/home/ayush/Desktop/RS-Monolith/agent/node_modules/jsdom/lib/jsdom/living/events/EventTarget-impl.js:233:9)
    at HTMLUnknownElementImpl.dispatchEvent (/home/ayush/Desktop/RS-Monolith/agent/node_modules/jsdom/lib/jsdom/living/events/EventTarget-impl.js:104:17)
    at HTMLUnknownElement.dispatchEvent (/home/ayush/Desktop/RS-Monolith/agent/node_modules/jsdom/lib/jsdom/living/generated/EventTarget.js:241:34)
    at Object.invokeGuardedCallbackDev (/home/ayush/Desktop/RS-Monolith/agent/node_modules/react-dom/cjs/react-dom.development.js:4213:16)
    at invokeGuardedCallback (/home/ayush/Desktop/RS-Monolith/agent/node_modules/react-dom/cjs/react-dom.development.js:4277:31)
    at beginWork$1 (/home/ayush/Desktop/RS-Monolith/agent/node_modules/react-dom/cjs/react-dom.development.js:27490:7)
    at performUnitOfWork (/home/ayush/Desktop/RS-Monolith/agent/node_modules/react-dom/cjs/react-dom.development.js:26599:12) Error: useSidebar must be used within a SidebarProvider.
    at useSidebar [90m(/home/ayush/Desktop/RS-Monolith/agent/[39msrc/components/ui/sidebar.tsx:42:11[90m)[39m
    at [90m/home/ayush/Desktop/RS-Monolith/agent/[39msrc/components/ui/sidebar.tsx:177:60
    at renderWithHooks [90m(/home/ayush/Desktop/RS-Monolith/agent/[39mnode_modules/[4mreact-dom[24m/cjs/react-dom.development.js:15486:18[90m)[39m
    at updateForwardRef [90m(/home/ayush/Desktop/RS-Monolith/agent/[39mnode_modules/[4mreact-dom[24m/cjs/react-dom.development.js:19245:20[90m)[39m
    at beginWork [90m(/home/ayush/Desktop/RS-Monolith/agent/[39mnode_modules/[4mreact-dom[24m/cjs/react-dom.development.js:21675:16[90m)[39m
    at HTMLUnknownElement.callCallback [90m(/home/ayush/Desktop/RS-Monolith/agent/[39mnode_modules/[4mreact-dom[24m/cjs/react-dom.development.js:4164:14[90m)[39m
    at HTMLUnknownElement.callTheUserObjectsOperation [90m(/home/ayush/Desktop/RS-Monolith/agent/[39mnode_modules/[4mjsdom[24m/lib/jsdom/living/generated/EventListener.js:26:30[90m)[39m
    at innerInvokeEventListeners [90m(/home/ayush/Desktop/RS-Monolith/agent/[39mnode_modules/[4mjsdom[24m/lib/jsdom/living/events/EventTarget-impl.js:350:25[90m)[39m
    at invokeEventListeners [90m(/home/ayush/Desktop/RS-Monolith/agent/[39mnode_modules/[4mjsdom[24m/lib/jsdom/living/events/EventTarget-impl.js:286:3[90m)[39m
    at HTMLUnknownElementImpl._dispatch [90m(/home/ayush/Desktop/RS-Monolith/agent/[39mnode_modules/[4mjsdom[24m/lib/jsdom/living/events/EventTarget-impl.js:233:9[90m)[39m
Error: Uncaught [Error: useSidebar must be used within a SidebarProvider.]
    at reportException (/home/ayush/Desktop/RS-Monolith/agent/node_modules/jsdom/lib/jsdom/living/helpers/runtime-script-errors.js:66:24)
    at innerInvokeEventListeners (/home/ayush/Desktop/RS-Monolith/agent/node_modules/jsdom/lib/jsdom/living/events/EventTarget-impl.js:353:9)
    at invokeEventListeners (/home/ayush/Desktop/RS-Monolith/agent/node_modules/jsdom/lib/jsdom/living/events/EventTarget-impl.js:286:3)
    at HTMLUnknownElementImpl._dispatch (/home/ayush/Desktop/RS-Monolith/agent/node_modules/jsdom/lib/jsdom/living/events/EventTarget-impl.js:233:9)
    at HTMLUnknownElementImpl.dispatchEvent (/home/ayush/Desktop/RS-Monolith/agent/node_modules/jsdom/lib/jsdom/living/events/EventTarget-impl.js:104:17)
    at HTMLUnknownElement.dispatchEvent (/home/ayush/Desktop/RS-Monolith/agent/node_modules/jsdom/lib/jsdom/living/generated/EventTarget.js:241:34)
    at Object.invokeGuardedCallbackDev (/home/ayush/Desktop/RS-Monolith/agent/node_modules/react-dom/cjs/react-dom.development.js:4213:16)
    at invokeGuardedCallback (/home/ayush/Desktop/RS-Monolith/agent/node_modules/react-dom/cjs/react-dom.development.js:4277:31)
    at beginWork$1 (/home/ayush/Desktop/RS-Monolith/agent/node_modules/react-dom/cjs/react-dom.development.js:27490:7)
    at performUnitOfWork (/home/ayush/Desktop/RS-Monolith/agent/node_modules/react-dom/cjs/react-dom.development.js:26599:12) Error: useSidebar must be used within a SidebarProvider.
    at useSidebar [90m(/home/ayush/Desktop/RS-Monolith/agent/[39msrc/components/ui/sidebar.tsx:42:11[90m)[39m
    at [90m/home/ayush/Desktop/RS-Monolith/agent/[39msrc/components/ui/sidebar.tsx:177:60
    at renderWithHooks [90m(/home/ayush/Desktop/RS-Monolith/agent/[39mnode_modules/[4mreact-dom[24m/cjs/react-dom.development.js:15486:18[90m)[39m
    at updateForwardRef [90m(/home/ayush/Desktop/RS-Monolith/agent/[39mnode_modules/[4mreact-dom[24m/cjs/react-dom.development.js:19245:20[90m)[39m
    at beginWork [90m(/home/ayush/Desktop/RS-Monolith/agent/[39mnode_modules/[4mreact-dom[24m/cjs/react-dom.development.js:21675:16[90m)[39m
    at HTMLUnknownElement.callCallback [90m(/home/ayush/Desktop/RS-Monolith/agent/[39mnode_modules/[4mreact-dom[24m/cjs/react-dom.development.js:4164:14[90m)[39m
    at HTMLUnknownElement.callTheUserObjectsOperation [90m(/home/ayush/Desktop/RS-Monolith/agent/[39mnode_modules/[4mjsdom[24m/lib/jsdom/living/generated/EventListener.js:26:30[90m)[39m
    at innerInvokeEventListeners [90m(/home/ayush/Desktop/RS-Monolith/agent/[39mnode_modules/[4mjsdom[24m/lib/jsdom/living/events/EventTarget-impl.js:350:25[90m)[39m
    at invokeEventListeners [90m(/home/ayush/Desktop/RS-Monolith/agent/[39mnode_modules/[4mjsdom[24m/lib/jsdom/living/events/EventTarget-impl.js:286:3[90m)[39m
    at HTMLUnknownElementImpl._dispatch [90m(/home/ayush/Desktop/RS-Monolith/agent/[39mnode_modules/[4mjsdom[24m/lib/jsdom/living/events/EventTarget-impl.js:233:9[90m)[39m
The above error occurred in the <Sidebar> component:

    at /home/ayush/Desktop/RS-Monolith/agent/src/components/ui/sidebar.tsx:155:5
    at SidebarMenuComponent (/home/ayush/Desktop/RS-Monolith/agent/src/components/sidebar-menu.tsx:11:3)

Consider adding an error boundary to your tree to customize error handling behavior.
Visit https://reactjs.org/link/error-boundaries to learn more about error boundaries.

stderr | src/components/__tests__/sidebar-menu.test.tsx > SidebarMenuComponent > should call onSectionChange when menu items clicked
Error: Uncaught [Error: useSidebar must be used within a SidebarProvider.]
    at reportException (/home/ayush/Desktop/RS-Monolith/agent/node_modules/jsdom/lib/jsdom/living/helpers/runtime-script-errors.js:66:24)
    at innerInvokeEventListeners (/home/ayush/Desktop/RS-Monolith/agent/node_modules/jsdom/lib/jsdom/living/events/EventTarget-impl.js:353:9)
    at invokeEventListeners (/home/ayush/Desktop/RS-Monolith/agent/node_modules/jsdom/lib/jsdom/living/events/EventTarget-impl.js:286:3)
    at HTMLUnknownElementImpl._dispatch (/home/ayush/Desktop/RS-Monolith/agent/node_modules/jsdom/lib/jsdom/living/events/EventTarget-impl.js:233:9)
    at HTMLUnknownElementImpl.dispatchEvent (/home/ayush/Desktop/RS-Monolith/agent/node_modules/jsdom/lib/jsdom/living/events/EventTarget-impl.js:104:17)
    at HTMLUnknownElement.dispatchEvent (/home/ayush/Desktop/RS-Monolith/agent/node_modules/jsdom/lib/jsdom/living/generated/EventTarget.js:241:34)
    at Object.invokeGuardedCallbackDev (/home/ayush/Desktop/RS-Monolith/agent/node_modules/react-dom/cjs/react-dom.development.js:4213:16)
    at invokeGuardedCallback (/home/ayush/Desktop/RS-Monolith/agent/node_modules/react-dom/cjs/react-dom.development.js:4277:31)
    at beginWork$1 (/home/ayush/Desktop/RS-Monolith/agent/node_modules/react-dom/cjs/react-dom.development.js:27490:7)
    at performUnitOfWork (/home/ayush/Desktop/RS-Monolith/agent/node_modules/react-dom/cjs/react-dom.development.js:26599:12) Error: useSidebar must be used within a SidebarProvider.
    at useSidebar [90m(/home/ayush/Desktop/RS-Monolith/agent/[39msrc/components/ui/sidebar.tsx:42:11[90m)[39m
    at [90m/home/ayush/Desktop/RS-Monolith/agent/[39msrc/components/ui/sidebar.tsx:177:60
    at renderWithHooks [90m(/home/ayush/Desktop/RS-Monolith/agent/[39mnode_modules/[4mreact-dom[24m/cjs/react-dom.development.js:15486:18[90m)[39m
    at updateForwardRef [90m(/home/ayush/Desktop/RS-Monolith/agent/[39mnode_modules/[4mreact-dom[24m/cjs/react-dom.development.js:19245:20[90m)[39m
    at beginWork [90m(/home/ayush/Desktop/RS-Monolith/agent/[39mnode_modules/[4mreact-dom[24m/cjs/react-dom.development.js:21675:16[90m)[39m
    at HTMLUnknownElement.callCallback [90m(/home/ayush/Desktop/RS-Monolith/agent/[39mnode_modules/[4mreact-dom[24m/cjs/react-dom.development.js:4164:14[90m)[39m
    at HTMLUnknownElement.callTheUserObjectsOperation [90m(/home/ayush/Desktop/RS-Monolith/agent/[39mnode_modules/[4mjsdom[24m/lib/jsdom/living/generated/EventListener.js:26:30[90m)[39m
    at innerInvokeEventListeners [90m(/home/ayush/Desktop/RS-Monolith/agent/[39mnode_modules/[4mjsdom[24m/lib/jsdom/living/events/EventTarget-impl.js:350:25[90m)[39m
    at invokeEventListeners [90m(/home/ayush/Desktop/RS-Monolith/agent/[39mnode_modules/[4mjsdom[24m/lib/jsdom/living/events/EventTarget-impl.js:286:3[90m)[39m
    at HTMLUnknownElementImpl._dispatch [90m(/home/ayush/Desktop/RS-Monolith/agent/[39mnode_modules/[4mjsdom[24m/lib/jsdom/living/events/EventTarget-impl.js:233:9[90m)[39m
Error: Uncaught [Error: useSidebar must be used within a SidebarProvider.]
    at reportException (/home/ayush/Desktop/RS-Monolith/agent/node_modules/jsdom/lib/jsdom/living/helpers/runtime-script-errors.js:66:24)
    at innerInvokeEventListeners (/home/ayush/Desktop/RS-Monolith/agent/node_modules/jsdom/lib/jsdom/living/events/EventTarget-impl.js:353:9)
    at invokeEventListeners (/home/ayush/Desktop/RS-Monolith/agent/node_modules/jsdom/lib/jsdom/living/events/EventTarget-impl.js:286:3)
    at HTMLUnknownElementImpl._dispatch (/home/ayush/Desktop/RS-Monolith/agent/node_modules/jsdom/lib/jsdom/living/events/EventTarget-impl.js:233:9)
    at HTMLUnknownElementImpl.dispatchEvent (/home/ayush/Desktop/RS-Monolith/agent/node_modules/jsdom/lib/jsdom/living/events/EventTarget-impl.js:104:17)
    at HTMLUnknownElement.dispatchEvent (/home/ayush/Desktop/RS-Monolith/agent/node_modules/jsdom/lib/jsdom/living/generated/EventTarget.js:241:34)
    at Object.invokeGuardedCallbackDev (/home/ayush/Desktop/RS-Monolith/agent/node_modules/react-dom/cjs/react-dom.development.js:4213:16)
    at invokeGuardedCallback (/home/ayush/Desktop/RS-Monolith/agent/node_modules/react-dom/cjs/react-dom.development.js:4277:31)
    at beginWork$1 (/home/ayush/Desktop/RS-Monolith/agent/node_modules/react-dom/cjs/react-dom.development.js:27490:7)
    at performUnitOfWork (/home/ayush/Desktop/RS-Monolith/agent/node_modules/react-dom/cjs/react-dom.development.js:26599:12) Error: useSidebar must be used within a SidebarProvider.
    at useSidebar [90m(/home/ayush/Desktop/RS-Monolith/agent/[39msrc/components/ui/sidebar.tsx:42:11[90m)[39m
    at [90m/home/ayush/Desktop/RS-Monolith/agent/[39msrc/components/ui/sidebar.tsx:177:60
    at renderWithHooks [90m(/home/ayush/Desktop/RS-Monolith/agent/[39mnode_modules/[4mreact-dom[24m/cjs/react-dom.development.js:15486:18[90m)[39m
    at updateForwardRef [90m(/home/ayush/Desktop/RS-Monolith/agent/[39mnode_modules/[4mreact-dom[24m/cjs/react-dom.development.js:19245:20[90m)[39m
    at beginWork [90m(/home/ayush/Desktop/RS-Monolith/agent/[39mnode_modules/[4mreact-dom[24m/cjs/react-dom.development.js:21675:16[90m)[39m
    at HTMLUnknownElement.callCallback [90m(/home/ayush/Desktop/RS-Monolith/agent/[39mnode_modules/[4mreact-dom[24m/cjs/react-dom.development.js:4164:14[90m)[39m
    at HTMLUnknownElement.callTheUserObjectsOperation [90m(/home/ayush/Desktop/RS-Monolith/agent/[39mnode_modules/[4mjsdom[24m/lib/jsdom/living/generated/EventListener.js:26:30[90m)[39m
    at innerInvokeEventListeners [90m(/home/ayush/Desktop/RS-Monolith/agent/[39mnode_modules/[4mjsdom[24m/lib/jsdom/living/events/EventTarget-impl.js:350:25[90m)[39m
    at invokeEventListeners [90m(/home/ayush/Desktop/RS-Monolith/agent/[39mnode_modules/[4mjsdom[24m/lib/jsdom/living/events/EventTarget-impl.js:286:3[90m)[39m
    at HTMLUnknownElementImpl._dispatch [90m(/home/ayush/Desktop/RS-Monolith/agent/[39mnode_modules/[4mjsdom[24m/lib/jsdom/living/events/EventTarget-impl.js:233:9[90m)[39m
The above error occurred in the <Sidebar> component:

    at /home/ayush/Desktop/RS-Monolith/agent/src/components/ui/sidebar.tsx:155:5
    at SidebarMenuComponent (/home/ayush/Desktop/RS-Monolith/agent/src/components/sidebar-menu.tsx:11:3)

Consider adding an error boundary to your tree to customize error handling behavior.
Visit https://reactjs.org/link/error-boundaries to learn more about error boundaries.

 ❯ src/components/__tests__/uploadImage.test.tsx (4 tests | 1 failed) 222ms
   ✓ ImageUpload > should render label and upload button 60ms
   × ImageUpload > should handle file selection 21ms
     → Found a label with the text of: Upload, however no form control was found associated to that label. Make sure you're using the "for" attribute or "aria-labelledby" attribute correctly.

Ignored nodes: comments, script, style
[36m<body>[39m
  [36m<div>[39m
    [36m<div[39m
      [33mclass[39m=[32m"space-y-4"[39m
    [36m>[39m
      [36m<div[39m
        [33mclass[39m=[32m"space-y-2"[39m
      [36m>[39m
        [36m<label[39m
          [33mclass[39m=[32m"text-sm font-medium leading-none peer-disabled:cursor-not-allowed peer-disabled:opacity-70"[39m
        [36m>[39m
          [0mUpload[0m
        [36m</label>[39m
        [36m<div[39m
          [33mclass[39m=[32m"flex items-center gap-4"[39m
        [36m>[39m
          [36m<input[39m
            [33maccept[39m=[32m"image/*"[39m
            [33mclass[39m=[32m"h-9 w-full rounded-md border border-input bg-transparent px-3 py-1 text-sm shadow-sm transition-colors file:border-0 file:bg-transparent file:text-sm file:font-medium file:text-foreground placeholder:text-muted-foreground focus-visible:outline-none focus-visible:ring-1 focus-visible:ring-ring disabled:cursor-not-allowed disabled:opacity-50 hidden"[39m
            [33mid[39m=[32m"file-upload-Upload"[39m
            [33mtype[39m=[32m"file"[39m
          [36m/>[39m
          [36m<button[39m
            [33mclass[39m=[32m"inline-flex items-center justify-center gap-2 whitespace-nowrap rounded-md text-sm font-medium transition-colors focus-visible:outline-none focus-visible:ring-1 focus-visible:ring-ring disabled:pointer-events-none disabled:opacity-50 [&_svg]:pointer-events-none [&_svg]:size-4 [&_svg]:shrink-0 border border-input bg-background shadow-sm hover:bg-accent hover:text-accent-foreground h-9 px-4 py-2 w-full"[39m
            [33mtype[39m=[32m"button"[39m
          [36m>[39m
            [36m<svg[39m
              [33mclass[39m=[32m"lucide lucide-upload w-4 h-4 mr-2"[39m
              [33mfill[39m=[32m"none"[39m
              [33mheight[39m=[32m"24"[39m
              [33mstroke[39m=[32m"currentColor"[39m
              [33mstroke-linecap[39m=[32m"round"[39m
              [33mstroke-linejoin[39m=[32m"round"[39m
              [33mstroke-width[39m=[32m"2"[39m
              [33mviewBox[39m=[32m"0 0 24 24"[39m
              [33mwidth[39m=[32m"24"[39m
              [33mxmlns[39m=[32m"http://www.w3.org/2000/svg"[39m
            [36m>[39m
              [36m<path[39m
                [33md[39m=[32m"M21 15v4a2 2 0 0 1-2 2H5a2 2 0 0 1-2-2v-4"[39m
              [36m/>[39m
              [36m<polyline[39m
                [33mpoints[39m=[32m"17 8 12 3 7 8"[39m
              [36m/>[39m
              [36m<line[39m
                [33mx1[39m=[32m"12"[39m
                [33mx2[39m=[32m"12"[39m
                [33my1[39m=[32m"3"[39m
                [33my2[39m=[32m"15"[39m
              [36m/>[39m
            [36m</svg>[39m
            [0mChoose [0m
            [0mFile[0m
          [36m</button>[39m
        [36m</div>[39m
      [36m</div>[39m
    [36m</div>[39m
  [36m</div>[39m
[36m</body>[39m
   ✓ ImageUpload > should display existing files 15ms
   ✓ ImageUpload > should remove file when clicking remove button 122ms
 ❯ src/components/__tests__/sidebar-menu.test.tsx (3 tests | 3 failed) 87ms
   × SidebarMenuComponent > should render organization name when details exist 67ms
     → useSidebar must be used within a SidebarProvider.
   × SidebarMenuComponent > should render default title when no org details 7ms
     → useSidebar must be used within a SidebarProvider.
   × SidebarMenuComponent > should call onSectionChange when menu items clicked 10ms
     → useSidebar must be used within a SidebarProvider.
stderr | src/pages/__tests__/register.test.tsx > RegisterPage > should render register form
⚠️ React Router Future Flag Warning: React Router will begin wrapping state updates in `React.startTransition` in v7. You can use the `v7_startTransition` future flag to opt-in early. For more information, see https://reactrouter.com/v6/upgrading/future#v7_starttransition.
⚠️ React Router Future Flag Warning: Relative route resolution within Splat routes is changing in v7. You can use the `v7_relativeSplatPath` future flag to opt-in early. For more information, see https://reactrouter.com/v6/upgrading/future#v7_relativesplatpath.

stderr | src/components/__tests__/cookie-consent.test.tsx > CookieConsent > should render if no consent cookie exists
Warning: Missing `Description` or `aria-describedby={undefined}` for {DialogContent}.

stderr | src/pages/__tests__/login.test.tsx > LoginPage > should render login form
⚠️ React Router Future Flag Warning: React Router will begin wrapping state updates in `React.startTransition` in v7. You can use the `v7_startTransition` future flag to opt-in early. For more information, see https://reactrouter.com/v6/upgrading/future#v7_starttransition.
⚠️ React Router Future Flag Warning: Relative route resolution within Splat routes is changing in v7. You can use the `v7_relativeSplatPath` future flag to opt-in early. For more information, see https://reactrouter.com/v6/upgrading/future#v7_relativesplatpath.

stderr | src/components/__tests__/cookie-consent.test.tsx > CookieConsent > should set cookie and close on Accept
Warning: Missing `Description` or `aria-describedby={undefined}` for {DialogContent}.

stdout | src/pages/__tests__/register.test.tsx > RegisterPage > should handle form submission
Signup attempt with: { name: [32m'New User'[39m, email: [32m'new@example.com'[39m, password: [32m'password123'[39m }

stderr | src/components/__tests__/cookie-consent.test.tsx > CookieConsent > should set cookie and close on Decline
Warning: Missing `Description` or `aria-describedby={undefined}` for {DialogContent}.

 ❯ src/components/__tests__/toggle.test.tsx (2 tests | 1 failed) 241ms
   ✓ ModeToggle > should render toggle button 190ms
   × ModeToggle > should open dropdown and set theme options 48ms
     → Unable to find an element with the text: Light. This could be because the text is broken up by multiple elements. In this case, you can provide a function for your text matcher to make your matcher more flexible.

Ignored nodes: comments, script, style
[36m<body>[39m
  [36m<div>[39m
    [36m<button[39m
      [33maria-expanded[39m=[32m"false"[39m
      [33maria-haspopup[39m=[32m"menu"[39m
      [33mclass[39m=[32m"inline-flex items-center justify-center gap-2 whitespace-nowrap rounded-md text-sm font-medium transition-colors focus-visible:outline-none focus-visible:ring-1 focus-visible:ring-ring disabled:pointer-events-none disabled:opacity-50 [&_svg]:pointer-events-none [&_svg]:size-4 [&_svg]:shrink-0 border border-input bg-background shadow-sm hover:bg-accent hover:text-accent-foreground h-9 w-9"[39m
      [33mdata-state[39m=[32m"closed"[39m
      [33mid[39m=[32m"radix-:r2:"[39m
      [33mtype[39m=[32m"button"[39m
    [36m>[39m
      [36m<svg[39m
        [33mclass[39m=[32m"lucide lucide-sun h-[1.2rem] w-[1.2rem] rotate-0 scale-100 transition-all dark:-rotate-90 dark:scale-0"[39m
        [33mfill[39m=[32m"none"[39m
        [33mheight[39m=[32m"24"[39m
        [33mstroke[39m=[32m"currentColor"[39m
        [33mstroke-linecap[39m=[32m"round"[39m
        [33mstroke-linejoin[39m=[32m"round"[39m
        [33mstroke-width[39m=[32m"2"[39m
        [33mviewBox[39m=[32m"0 0 24 24"[39m
        [33mwidth[39m=[32m"24"[39m
        [33mxmlns[39m=[32m"http://www.w3.org/2000/svg"[39m
      [36m>[39m
        [36m<circle[39m
          [33mcx[39m=[32m"12"[39m
          [33mcy[39m=[32m"12"[39m
          [33mr[39m=[32m"4"[39m
        [36m/>[39m
        [36m<path[39m
          [33md[39m=[32m"M12 2v2"[39m
        [36m/>[39m
        [36m<path[39m
          [33md[39m=[32m"M12 20v2"[39m
        [36m/>[39m
        [36m<path[39m
          [33md[39m=[32m"m4.93 4.93 1.41 1.41"[39m
        [36m/>[39m
        [36m<path[39m
          [33md[39m=[32m"m17.66 17.66 1.41 1.41"[39m
        [36m/>[39m
        [36m<path[39m
          [33md[39m=[32m"M2 12h2"[39m
        [36m/>[39m
        [36m<path[39m
          [33md[39m=[32m"M20 12h2"[39m
        [36m/>[39m
        [36m<path[39m
          [33md[39m=[32m"m6.34 17.66-1.41 1.41"[39m
        [36m/>[39m
        [36m<path[39m
          [33md[39m=[32m"m19.07 4.93-1.41 1.41"[39m
        [36m/>[39m
      [36m</svg>[39m
      [36m<svg[39m
        [33mclass[39m=[32m"lucide lucide-moon absolute h-[1.2rem] w-[1.2rem] rotate-90 scale-0 transition-all dark:rotate-0 dark:scale-100"[39m
        [33mfill[39m=[32m"none"[39m
        [33mheight[39m=[32m"24"[39m
        [33mstroke[39m=[32m"currentColor"[39m
        [33mstroke-linecap[39m=[32m"round"[39m
        [33mstroke-linejoin[39m=[32m"round"[39m
        [33mstroke-width[39m=[32m"2"[39m
        [33mviewBox[39m=[32m"0 0 24 24"[39m
        [33mwidth[39m=[32m"24"[39m
        [33mxmlns[39m=[32m"http://www.w3.org/2000/svg"[39m
      [36m>[39m
        [36m<path[39m
          [33md[39m=[32m"M12 3a6 6 0 0 0 9 9 9 9 0 1 1-9-9Z"[39m
        [36m/>[39m
      [36m</svg>[39m
      [36m<span[39m
        [33mclass[39m=[32m"sr-only"[39m
      [36m>[39m
        [0mToggle theme[0m
      [36m</span>[39m
    [36m</button>[39m
  [36m</div>[39m
[36m</body>[39m
 ✓ src/pages/__tests__/register.test.tsx (2 tests) 409ms
   ✓ RegisterPage > should render register form  302ms
 ✓ src/components/__tests__/cookie-consent.test.tsx (4 tests) 363ms
 ✓ src/pages/__tests__/login.test.tsx (2 tests) 384ms
stderr | src/components/dashboard/__tests__/DashboardHeader.test.tsx > DashboardHeader > should render header with user info
⚠️ React Router Future Flag Warning: React Router will begin wrapping state updates in `React.startTransition` in v7. You can use the `v7_startTransition` future flag to opt-in early. For more information, see https://reactrouter.com/v6/upgrading/future#v7_starttransition.
⚠️ React Router Future Flag Warning: Relative route resolution within Splat routes is changing in v7. You can use the `v7_relativeSplatPath` future flag to opt-in early. For more information, see https://reactrouter.com/v6/upgrading/future#v7_relativesplatpath.

stderr | src/components/__tests__/BookingDialoge.test.tsx > BookingDialog > should fetch booking details on mount
Warning: An update to BookingDialog inside a test was not wrapped in act(...).

When testing, code that causes React state updates should be wrapped into act(...):

act(() => {
  /* fire events that update state */
});
/* assert on the output */

This ensures that you're testing the behavior the user would see in the browser. Learn more at https://reactjs.org/link/wrap-tests-with-act
    at BookingDialog (/home/ayush/Desktop/RS-Monolith/agent/src/components/BookingDialoge.tsx:26:3)

stderr | src/pages/__tests__/profile.test.tsx > ProfilePage > should show user not found if no user
⚠️ React Router Future Flag Warning: React Router will begin wrapping state updates in `React.startTransition` in v7. You can use the `v7_startTransition` future flag to opt-in early. For more information, see https://reactrouter.com/v6/upgrading/future#v7_starttransition.
⚠️ React Router Future Flag Warning: Relative route resolution within Splat routes is changing in v7. You can use the `v7_relativeSplatPath` future flag to opt-in early. For more information, see https://reactrouter.com/v6/upgrading/future#v7_relativesplatpath.

 ✓ src/components/dashboard/__tests__/DashboardHeader.test.tsx (4 tests) 408ms
stderr | src/components/booking/__tests__/BookingDetailsSheet.test.tsx > BookingDetailsSheet > should fetch details on mount
Warning: An update to BookingDetailsSheet inside a test was not wrapped in act(...).

When testing, code that causes React state updates should be wrapped into act(...):

act(() => {
  /* fire events that update state */
});
/* assert on the output */

This ensures that you're testing the behavior the user would see in the browser. Learn more at https://reactjs.org/link/wrap-tests-with-act
    at BookingDetailsSheet (/home/ayush/Desktop/RS-Monolith/agent/src/components/booking/BookingDetailsSheet.tsx:38:32)

 ✓ src/components/dashboard/__tests__/ErrorState.test.tsx (2 tests) 93ms
 ✓ src/pages/__tests__/profile.test.tsx (3 tests) 427ms
stderr | src/components/__tests__/BookingDialoge.test.tsx > BookingDialog > should fetch booking details on mount
Warning: An update to Presence inside a test was not wrapped in act(...).

When testing, code that causes React state updates should be wrapped into act(...):

act(() => {
  /* fire events that update state */
});
/* assert on the output */

This ensures that you're testing the behavior the user would see in the browser. Learn more at https://reactjs.org/link/wrap-tests-with-act
    at Presence (file:///home/ayush/Desktop/RS-Monolith/agent/node_modules/@radix-ui/react-presence/dist/index.mjs:19:11)
    at file:///home/ayush/Desktop/RS-Monolith/agent/node_modules/@radix-ui/react-dialog/dist/index.mjs:92:64
    at /home/ayush/Desktop/RS-Monolith/agent/src/components/ui/dialog.tsx:25:59
    at file:///home/ayush/Desktop/RS-Monolith/agent/node_modules/@radix-ui/react-slot/dist/index.mjs:25:11
    at file:///home/ayush/Desktop/RS-Monolith/agent/node_modules/@radix-ui/react-slot/dist/index.mjs:6:11
    at file:///home/ayush/Desktop/RS-Monolith/agent/node_modules/@radix-ui/react-primitive/dist/index.mjs:26:13
    at file:///home/ayush/Desktop/RS-Monolith/agent/node_modules/@radix-ui/react-portal/dist/index.mjs:11:22
    at Presence (file:///home/ayush/Desktop/RS-Monolith/agent/node_modules/@radix-ui/react-presence/dist/index.mjs:19:11)
    at Provider (file:///home/ayush/Desktop/RS-Monolith/agent/node_modules/@radix-ui/react-context/dist/index.mjs:27:15)
    at DialogPortal (file:///home/ayush/Desktop/RS-Monolith/agent/node_modules/@radix-ui/react-dialog/dist/index.mjs:84:11)
    at /home/ayush/Desktop/RS-Monolith/agent/src/components/ui/dialog.tsx:45:59
    at Provider (file:///home/ayush/Desktop/RS-Monolith/agent/node_modules/@radix-ui/react-context/dist/index.mjs:27:15)
    at Dialog (file:///home/ayush/Desktop/RS-Monolith/agent/node_modules/@radix-ui/react-dialog/dist/index.mjs:25:5)
    at BookingDialog (/home/ayush/Desktop/RS-Monolith/agent/src/components/BookingDialoge.tsx:26:3)
Warning: An update to Presence inside a test was not wrapped in act(...).

When testing, code that causes React state updates should be wrapped into act(...):

act(() => {
  /* fire events that update state */
});
/* assert on the output */

This ensures that you're testing the behavior the user would see in the browser. Learn more at https://reactjs.org/link/wrap-tests-with-act
    at Presence (file:///home/ayush/Desktop/RS-Monolith/agent/node_modules/@radix-ui/react-presence/dist/index.mjs:19:11)
    at Provider (file:///home/ayush/Desktop/RS-Monolith/agent/node_modules/@radix-ui/react-context/dist/index.mjs:27:15)
    at DialogPortal (file:///home/ayush/Desktop/RS-Monolith/agent/node_modules/@radix-ui/react-dialog/dist/index.mjs:84:11)
    at /home/ayush/Desktop/RS-Monolith/agent/src/components/ui/dialog.tsx:45:59
    at Provider (file:///home/ayush/Desktop/RS-Monolith/agent/node_modules/@radix-ui/react-context/dist/index.mjs:27:15)
    at Dialog (file:///home/ayush/Desktop/RS-Monolith/agent/node_modules/@radix-ui/react-dialog/dist/index.mjs:25:5)
    at BookingDialog (/home/ayush/Desktop/RS-Monolith/agent/src/components/BookingDialoge.tsx:26:3)
Warning: An update to FocusScope inside a test was not wrapped in act(...).

When testing, code that causes React state updates should be wrapped into act(...):

act(() => {
  /* fire events that update state */
});
/* assert on the output */

This ensures that you're testing the behavior the user would see in the browser. Learn more at https://reactjs.org/link/wrap-tests-with-act
    at file:///home/ayush/Desktop/RS-Monolith/agent/node_modules/@radix-ui/react-focus-scope/dist/index.mjs:15:5
    at file:///home/ayush/Desktop/RS-Monolith/agent/node_modules/@radix-ui/react-dialog/dist/index.mjs:204:13
    at file:///home/ayush/Desktop/RS-Monolith/agent/node_modules/@radix-ui/react-dialog/dist/index.mjs:130:58
    at Presence (file:///home/ayush/Desktop/RS-Monolith/agent/node_modules/@radix-ui/react-presence/dist/index.mjs:19:11)
    at file:///home/ayush/Desktop/RS-Monolith/agent/node_modules/@radix-ui/react-dialog/dist/index.mjs:121:64
    at file:///home/ayush/Desktop/RS-Monolith/agent/node_modules/@radix-ui/react-slot/dist/index.mjs:25:11
    at file:///home/ayush/Desktop/RS-Monolith/agent/node_modules/@radix-ui/react-slot/dist/index.mjs:6:11
    at file:///home/ayush/Desktop/RS-Monolith/agent/node_modules/@radix-ui/react-primitive/dist/index.mjs:26:13
    at file:///home/ayush/Desktop/RS-Monolith/agent/node_modules/@radix-ui/react-portal/dist/index.mjs:11:22
    at Presence (file:///home/ayush/Desktop/RS-Monolith/agent/node_modules/@radix-ui/react-presence/dist/index.mjs:19:11)
    at Provider (file:///home/ayush/Desktop/RS-Monolith/agent/node_modules/@radix-ui/react-context/dist/index.mjs:27:15)
    at DialogPortal (file:///home/ayush/Desktop/RS-Monolith/agent/node_modules/@radix-ui/react-dialog/dist/index.mjs:84:11)
    at /home/ayush/Desktop/RS-Monolith/agent/src/components/ui/dialog.tsx:45:59
    at Provider (file:///home/ayush/Desktop/RS-Monolith/agent/node_modules/@radix-ui/react-context/dist/index.mjs:27:15)
    at Dialog (file:///home/ayush/Desktop/RS-Monolith/agent/node_modules/@radix-ui/react-dialog/dist/index.mjs:25:5)
    at BookingDialog (/home/ayush/Desktop/RS-Monolith/agent/src/components/BookingDialoge.tsx:26:3)
Warning: An update to Presence inside a test was not wrapped in act(...).

When testing, code that causes React state updates should be wrapped into act(...):

act(() => {
  /* fire events that update state */
});
/* assert on the output */

This ensures that you're testing the behavior the user would see in the browser. Learn more at https://reactjs.org/link/wrap-tests-with-act
    at Presence (file:///home/ayush/Desktop/RS-Monolith/agent/node_modules/@radix-ui/react-presence/dist/index.mjs:19:11)
    at file:///home/ayush/Desktop/RS-Monolith/agent/node_modules/@radix-ui/react-dialog/dist/index.mjs:121:64
    at file:///home/ayush/Desktop/RS-Monolith/agent/node_modules/@radix-ui/react-slot/dist/index.mjs:25:11
    at file:///home/ayush/Desktop/RS-Monolith/agent/node_modules/@radix-ui/react-slot/dist/index.mjs:6:11
    at file:///home/ayush/Desktop/RS-Monolith/agent/node_modules/@radix-ui/react-primitive/dist/index.mjs:26:13
    at file:///home/ayush/Desktop/RS-Monolith/agent/node_modules/@radix-ui/react-portal/dist/index.mjs:11:22
    at Presence (file:///home/ayush/Desktop/RS-Monolith/agent/node_modules/@radix-ui/react-presence/dist/index.mjs:19:11)
    at Provider (file:///home/ayush/Desktop/RS-Monolith/agent/node_modules/@radix-ui/react-context/dist/index.mjs:27:15)
    at DialogPortal (file:///home/ayush/Desktop/RS-Monolith/agent/node_modules/@radix-ui/react-dialog/dist/index.mjs:84:11)
    at /home/ayush/Desktop/RS-Monolith/agent/src/components/ui/dialog.tsx:45:59
    at Provider (file:///home/ayush/Desktop/RS-Monolith/agent/node_modules/@radix-ui/react-context/dist/index.mjs:27:15)
    at Dialog (file:///home/ayush/Desktop/RS-Monolith/agent/node_modules/@radix-ui/react-dialog/dist/index.mjs:25:5)
    at BookingDialog (/home/ayush/Desktop/RS-Monolith/agent/src/components/BookingDialoge.tsx:26:3)
Warning: An update to Presence inside a test was not wrapped in act(...).

When testing, code that causes React state updates should be wrapped into act(...):

act(() => {
  /* fire events that update state */
});
/* assert on the output */

This ensures that you're testing the behavior the user would see in the browser. Learn more at https://reactjs.org/link/wrap-tests-with-act
    at Presence (file:///home/ayush/Desktop/RS-Monolith/agent/node_modules/@radix-ui/react-presence/dist/index.mjs:19:11)
    at Provider (file:///home/ayush/Desktop/RS-Monolith/agent/node_modules/@radix-ui/react-context/dist/index.mjs:27:15)
    at DialogPortal (file:///home/ayush/Desktop/RS-Monolith/agent/node_modules/@radix-ui/react-dialog/dist/index.mjs:84:11)
    at /home/ayush/Desktop/RS-Monolith/agent/src/components/ui/dialog.tsx:45:59
    at Provider (file:///home/ayush/Desktop/RS-Monolith/agent/node_modules/@radix-ui/react-context/dist/index.mjs:27:15)
    at Dialog (file:///home/ayush/Desktop/RS-Monolith/agent/node_modules/@radix-ui/react-dialog/dist/index.mjs:25:5)
    at BookingDialog (/home/ayush/Desktop/RS-Monolith/agent/src/components/BookingDialoge.tsx:26:3)
Warning: An update to DismissableLayer inside a test was not wrapped in act(...).

When testing, code that causes React state updates should be wrapped into act(...):

act(() => {
  /* fire events that update state */
});
/* assert on the output */

This ensures that you're testing the behavior the user would see in the browser. Learn more at https://reactjs.org/link/wrap-tests-with-act
    at file:///home/ayush/Desktop/RS-Monolith/agent/node_modules/@radix-ui/react-dismissable-layer/dist/index.mjs:24:7
    at file:///home/ayush/Desktop/RS-Monolith/agent/node_modules/@radix-ui/react-slot/dist/index.mjs:25:11
    at file:///home/ayush/Desktop/RS-Monolith/agent/node_modules/@radix-ui/react-slot/dist/index.mjs:6:11
    at file:///home/ayush/Desktop/RS-Monolith/agent/node_modules/@radix-ui/react-primitive/dist/index.mjs:26:13
    at file:///home/ayush/Desktop/RS-Monolith/agent/node_modules/@radix-ui/react-focus-scope/dist/index.mjs:15:5
    at file:///home/ayush/Desktop/RS-Monolith/agent/node_modules/@radix-ui/react-dialog/dist/index.mjs:204:13
    at file:///home/ayush/Desktop/RS-Monolith/agent/node_modules/@radix-ui/react-dialog/dist/index.mjs:130:58
    at Presence (file:///home/ayush/Desktop/RS-Monolith/agent/node_modules/@radix-ui/react-presence/dist/index.mjs:19:11)
    at file:///home/ayush/Desktop/RS-Monolith/agent/node_modules/@radix-ui/react-dialog/dist/index.mjs:121:64
    at file:///home/ayush/Desktop/RS-Monolith/agent/node_modules/@radix-ui/react-slot/dist/index.mjs:25:11
    at file:///home/ayush/Desktop/RS-Monolith/agent/node_modules/@radix-ui/react-slot/dist/index.mjs:6:11
    at file:///home/ayush/Desktop/RS-Monolith/agent/node_modules/@radix-ui/react-primitive/dist/index.mjs:26:13
    at file:///home/ayush/Desktop/RS-Monolith/agent/node_modules/@radix-ui/react-portal/dist/index.mjs:11:22
    at Presence (file:///home/ayush/Desktop/RS-Monolith/agent/node_modules/@radix-ui/react-presence/dist/index.mjs:19:11)
    at Provider (file:///home/ayush/Desktop/RS-Monolith/agent/node_modules/@radix-ui/react-context/dist/index.mjs:27:15)
    at DialogPortal (file:///home/ayush/Desktop/RS-Monolith/agent/node_modules/@radix-ui/react-dialog/dist/index.mjs:84:11)
    at /home/ayush/Desktop/RS-Monolith/agent/src/components/ui/dialog.tsx:45:59
    at Provider (file:///home/ayush/Desktop/RS-Monolith/agent/node_modules/@radix-ui/react-context/dist/index.mjs:27:15)
    at Dialog (file:///home/ayush/Desktop/RS-Monolith/agent/node_modules/@radix-ui/react-dialog/dist/index.mjs:25:5)
    at BookingDialog (/home/ayush/Desktop/RS-Monolith/agent/src/components/BookingDialoge.tsx:26:3)
Warning: An update to Presence inside a test was not wrapped in act(...).

When testing, code that causes React state updates should be wrapped into act(...):

act(() => {
  /* fire events that update state */
});
/* assert on the output */

This ensures that you're testing the behavior the user would see in the browser. Learn more at https://reactjs.org/link/wrap-tests-with-act
    at Presence (file:///home/ayush/Desktop/RS-Monolith/agent/node_modules/@radix-ui/react-presence/dist/index.mjs:19:11)
    at file:///home/ayush/Desktop/RS-Monolith/agent/node_modules/@radix-ui/react-dialog/dist/index.mjs:92:64
    at /home/ayush/Desktop/RS-Monolith/agent/src/components/ui/dialog.tsx:25:59
    at file:///home/ayush/Desktop/RS-Monolith/agent/node_modules/@radix-ui/react-slot/dist/index.mjs:25:11
    at file:///home/ayush/Desktop/RS-Monolith/agent/node_modules/@radix-ui/react-slot/dist/index.mjs:6:11
    at file:///home/ayush/Desktop/RS-Monolith/agent/node_modules/@radix-ui/react-primitive/dist/index.mjs:26:13
    at file:///home/ayush/Desktop/RS-Monolith/agent/node_modules/@radix-ui/react-portal/dist/index.mjs:11:22
    at Presence (file:///home/ayush/Desktop/RS-Monolith/agent/node_modules/@radix-ui/react-presence/dist/index.mjs:19:11)
    at Provider (file:///home/ayush/Desktop/RS-Monolith/agent/node_modules/@radix-ui/react-context/dist/index.mjs:27:15)
    at DialogPortal (file:///home/ayush/Desktop/RS-Monolith/agent/node_modules/@radix-ui/react-dialog/dist/index.mjs:84:11)
    at /home/ayush/Desktop/RS-Monolith/agent/src/components/ui/dialog.tsx:45:59
    at Provider (file:///home/ayush/Desktop/RS-Monolith/agent/node_modules/@radix-ui/react-context/dist/index.mjs:27:15)
    at Dialog (file:///home/ayush/Desktop/RS-Monolith/agent/node_modules/@radix-ui/react-dialog/dist/index.mjs:25:5)
    at BookingDialog (/home/ayush/Desktop/RS-Monolith/agent/src/components/BookingDialoge.tsx:26:3)
Warning: An update to Presence inside a test was not wrapped in act(...).

When testing, code that causes React state updates should be wrapped into act(...):

act(() => {
  /* fire events that update state */
});
/* assert on the output */

This ensures that you're testing the behavior the user would see in the browser. Learn more at https://reactjs.org/link/wrap-tests-with-act
    at Presence (file:///home/ayush/Desktop/RS-Monolith/agent/node_modules/@radix-ui/react-presence/dist/index.mjs:19:11)
    at Provider (file:///home/ayush/Desktop/RS-Monolith/agent/node_modules/@radix-ui/react-context/dist/index.mjs:27:15)
    at DialogPortal (file:///home/ayush/Desktop/RS-Monolith/agent/node_modules/@radix-ui/react-dialog/dist/index.mjs:84:11)
    at /home/ayush/Desktop/RS-Monolith/agent/src/components/ui/dialog.tsx:45:59
    at Provider (file:///home/ayush/Desktop/RS-Monolith/agent/node_modules/@radix-ui/react-context/dist/index.mjs:27:15)
    at Dialog (file:///home/ayush/Desktop/RS-Monolith/agent/node_modules/@radix-ui/react-dialog/dist/index.mjs:25:5)
    at BookingDialog (/home/ayush/Desktop/RS-Monolith/agent/src/components/BookingDialoge.tsx:26:3)
Warning: An update to Select inside a test was not wrapped in act(...).

When testing, code that causes React state updates should be wrapped into act(...):

act(() => {
  /* fire events that update state */
});
/* assert on the output */

This ensures that you're testing the behavior the user would see in the browser. Learn more at https://reactjs.org/link/wrap-tests-with-act
    at Select (file:///home/ayush/Desktop/RS-Monolith/agent/node_modules/@radix-ui/react-select/dist/index.mjs:42:5)
    at div
    at div
    at div
    at div
    at file:///home/ayush/Desktop/RS-Monolith/agent/node_modules/@radix-ui/react-primitive/dist/index.mjs:26:13
    at file:///home/ayush/Desktop/RS-Monolith/agent/node_modules/@radix-ui/react-dismissable-layer/dist/index.mjs:24:7
    at file:///home/ayush/Desktop/RS-Monolith/agent/node_modules/@radix-ui/react-slot/dist/index.mjs:25:11
    at file:///home/ayush/Desktop/RS-Monolith/agent/node_modules/@radix-ui/react-slot/dist/index.mjs:6:11
    at file:///home/ayush/Desktop/RS-Monolith/agent/node_modules/@radix-ui/react-primitive/dist/index.mjs:26:13
    at file:///home/ayush/Desktop/RS-Monolith/agent/node_modules/@radix-ui/react-focus-scope/dist/index.mjs:15:5
    at file:///home/ayush/Desktop/RS-Monolith/agent/node_modules/@radix-ui/react-dialog/dist/index.mjs:204:13
    at file:///home/ayush/Desktop/RS-Monolith/agent/node_modules/@radix-ui/react-dialog/dist/index.mjs:130:58
    at Presence (file:///home/ayush/Desktop/RS-Monolith/agent/node_modules/@radix-ui/react-presence/dist/index.mjs:19:11)
    at file:///home/ayush/Desktop/RS-Monolith/agent/node_modules/@radix-ui/react-dialog/dist/index.mjs:121:64
    at file:///home/ayush/Desktop/RS-Monolith/agent/node_modules/@radix-ui/react-slot/dist/index.mjs:25:11
    at file:///home/ayush/Desktop/RS-Monolith/agent/node_modules/@radix-ui/react-slot/dist/index.mjs:6:11
    at file:///home/ayush/Desktop/RS-Monolith/agent/node_modules/@radix-ui/react-primitive/dist/index.mjs:26:13
    at file:///home/ayush/Desktop/RS-Monolith/agent/node_modules/@radix-ui/react-portal/dist/index.mjs:11:22
    at Presence (file:///home/ayush/Desktop/RS-Monolith/agent/node_modules/@radix-ui/react-presence/dist/index.mjs:19:11)
    at Provider (file:///home/ayush/Desktop/RS-Monolith/agent/node_modules/@radix-ui/react-context/dist/index.mjs:27:15)
    at DialogPortal (file:///home/ayush/Desktop/RS-Monolith/agent/node_modules/@radix-ui/react-dialog/dist/index.mjs:84:11)
    at /home/ayush/Desktop/RS-Monolith/agent/src/components/ui/dialog.tsx:45:59
    at Provider (file:///home/ayush/Desktop/RS-Monolith/agent/node_modules/@radix-ui/react-context/dist/index.mjs:27:15)
    at Dialog (file:///home/ayush/Desktop/RS-Monolith/agent/node_modules/@radix-ui/react-dialog/dist/index.mjs:25:5)
    at BookingDialog (/home/ayush/Desktop/RS-Monolith/agent/src/components/BookingDialoge.tsx:26:3)
Warning: An update to Select inside a test was not wrapped in act(...).

When testing, code that causes React state updates should be wrapped into act(...):

act(() => {
  /* fire events that update state */
});
/* assert on the output */

This ensures that you're testing the behavior the user would see in the browser. Learn more at https://reactjs.org/link/wrap-tests-with-act
    at Select (file:///home/ayush/Desktop/RS-Monolith/agent/node_modules/@radix-ui/react-select/dist/index.mjs:42:5)
    at div
    at div
    at div
    at div
    at file:///home/ayush/Desktop/RS-Monolith/agent/node_modules/@radix-ui/react-primitive/dist/index.mjs:26:13
    at file:///home/ayush/Desktop/RS-Monolith/agent/node_modules/@radix-ui/react-dismissable-layer/dist/index.mjs:24:7
    at file:///home/ayush/Desktop/RS-Monolith/agent/node_modules/@radix-ui/react-slot/dist/index.mjs:25:11
    at file:///home/ayush/Desktop/RS-Monolith/agent/node_modules/@radix-ui/react-slot/dist/index.mjs:6:11
    at file:///home/ayush/Desktop/RS-Monolith/agent/node_modules/@radix-ui/react-primitive/dist/index.mjs:26:13
    at file:///home/ayush/Desktop/RS-Monolith/agent/node_modules/@radix-ui/react-focus-scope/dist/index.mjs:15:5
    at file:///home/ayush/Desktop/RS-Monolith/agent/node_modules/@radix-ui/react-dialog/dist/index.mjs:204:13
    at file:///home/ayush/Desktop/RS-Monolith/agent/node_modules/@radix-ui/react-dialog/dist/index.mjs:130:58
    at Presence (file:///home/ayush/Desktop/RS-Monolith/agent/node_modules/@radix-ui/react-presence/dist/index.mjs:19:11)
    at file:///home/ayush/Desktop/RS-Monolith/agent/node_modules/@radix-ui/react-dialog/dist/index.mjs:121:64
    at file:///home/ayush/Desktop/RS-Monolith/agent/node_modules/@radix-ui/react-slot/dist/index.mjs:25:11
    at file:///home/ayush/Desktop/RS-Monolith/agent/node_modules/@radix-ui/react-slot/dist/index.mjs:6:11
    at file:///home/ayush/Desktop/RS-Monolith/agent/node_modules/@radix-ui/react-primitive/dist/index.mjs:26:13
    at file:///home/ayush/Desktop/RS-Monolith/agent/node_modules/@radix-ui/react-portal/dist/index.mjs:11:22
    at Presence (file:///home/ayush/Desktop/RS-Monolith/agent/node_modules/@radix-ui/react-presence/dist/index.mjs:19:11)
    at Provider (file:///home/ayush/Desktop/RS-Monolith/agent/node_modules/@radix-ui/react-context/dist/index.mjs:27:15)
    at DialogPortal (file:///home/ayush/Desktop/RS-Monolith/agent/node_modules/@radix-ui/react-dialog/dist/index.mjs:84:11)
    at /home/ayush/Desktop/RS-Monolith/agent/src/components/ui/dialog.tsx:45:59
    at Provider (file:///home/ayush/Desktop/RS-Monolith/agent/node_modules/@radix-ui/react-context/dist/index.mjs:27:15)
    at Dialog (file:///home/ayush/Desktop/RS-Monolith/agent/node_modules/@radix-ui/react-dialog/dist/index.mjs:25:5)
    at BookingDialog (/home/ayush/Desktop/RS-Monolith/agent/src/components/BookingDialoge.tsx:26:3)
Warning: An update to Select inside a test was not wrapped in act(...).

When testing, code that causes React state updates should be wrapped into act(...):

act(() => {
  /* fire events that update state */
});
/* assert on the output */

This ensures that you're testing the behavior the user would see in the browser. Learn more at https://reactjs.org/link/wrap-tests-with-act
    at Select (file:///home/ayush/Desktop/RS-Monolith/agent/node_modules/@radix-ui/react-select/dist/index.mjs:42:5)
    at div
    at div
    at div
    at div
    at file:///home/ayush/Desktop/RS-Monolith/agent/node_modules/@radix-ui/react-primitive/dist/index.mjs:26:13
    at file:///home/ayush/Desktop/RS-Monolith/agent/node_modules/@radix-ui/react-dismissable-layer/dist/index.mjs:24:7
    at file:///home/ayush/Desktop/RS-Monolith/agent/node_modules/@radix-ui/react-slot/dist/index.mjs:25:11
    at file:///home/ayush/Desktop/RS-Monolith/agent/node_modules/@radix-ui/react-slot/dist/index.mjs:6:11
    at file:///home/ayush/Desktop/RS-Monolith/agent/node_modules/@radix-ui/react-primitive/dist/index.mjs:26:13
    at file:///home/ayush/Desktop/RS-Monolith/agent/node_modules/@radix-ui/react-focus-scope/dist/index.mjs:15:5
    at file:///home/ayush/Desktop/RS-Monolith/agent/node_modules/@radix-ui/react-dialog/dist/index.mjs:204:13
    at file:///home/ayush/Desktop/RS-Monolith/agent/node_modules/@radix-ui/react-dialog/dist/index.mjs:130:58
    at Presence (file:///home/ayush/Desktop/RS-Monolith/agent/node_modules/@radix-ui/react-presence/dist/index.mjs:19:11)
    at file:///home/ayush/Desktop/RS-Monolith/agent/node_modules/@radix-ui/react-dialog/dist/index.mjs:121:64
    at file:///home/ayush/Desktop/RS-Monolith/agent/node_modules/@radix-ui/react-slot/dist/index.mjs:25:11
    at file:///home/ayush/Desktop/RS-Monolith/agent/node_modules/@radix-ui/react-slot/dist/index.mjs:6:11
    at file:///home/ayush/Desktop/RS-Monolith/agent/node_modules/@radix-ui/react-primitive/dist/index.mjs:26:13
    at file:///home/ayush/Desktop/RS-Monolith/agent/node_modules/@radix-ui/react-portal/dist/index.mjs:11:22
    at Presence (file:///home/ayush/Desktop/RS-Monolith/agent/node_modules/@radix-ui/react-presence/dist/index.mjs:19:11)
    at Provider (file:///home/ayush/Desktop/RS-Monolith/agent/node_modules/@radix-ui/react-context/dist/index.mjs:27:15)
    at DialogPortal (file:///home/ayush/Desktop/RS-Monolith/agent/node_modules/@radix-ui/react-dialog/dist/index.mjs:84:11)
    at /home/ayush/Desktop/RS-Monolith/agent/src/components/ui/dialog.tsx:45:59
    at Provider (file:///home/ayush/Desktop/RS-Monolith/agent/node_modules/@radix-ui/react-context/dist/index.mjs:27:15)
    at Dialog (file:///home/ayush/Desktop/RS-Monolith/agent/node_modules/@radix-ui/react-dialog/dist/index.mjs:25:5)
    at BookingDialog (/home/ayush/Desktop/RS-Monolith/agent/src/components/BookingDialoge.tsx:26:3)
Warning: An update to Portal inside a test was not wrapped in act(...).

When testing, code that causes React state updates should be wrapped into act(...):

act(() => {
  /* fire events that update state */
});
/* assert on the output */

This ensures that you're testing the behavior the user would see in the browser. Learn more at https://reactjs.org/link/wrap-tests-with-act
    at file:///home/ayush/Desktop/RS-Monolith/agent/node_modules/@radix-ui/react-portal/dist/index.mjs:11:22
    at SelectPortal
    at /home/ayush/Desktop/RS-Monolith/agent/src/components/ui/select.tsx:106:59
    at Provider (file:///home/ayush/Desktop/RS-Monolith/agent/node_modules/@radix-ui/react-context/dist/index.mjs:27:15)
    at Provider (file:///home/ayush/Desktop/RS-Monolith/agent/node_modules/@radix-ui/react-collection/node_modules/@radix-ui/react-context/dist/index.mjs:27:15)
    at CollectionProvider (file:///home/ayush/Desktop/RS-Monolith/agent/node_modules/@radix-ui/react-collection/dist/index.mjs:17:13)
    at Provider (file:///home/ayush/Desktop/RS-Monolith/agent/node_modules/@radix-ui/react-context/dist/index.mjs:27:15)
    at Provider (file:///home/ayush/Desktop/RS-Monolith/agent/node_modules/@radix-ui/react-popper/node_modules/@radix-ui/react-context/dist/index.mjs:27:15)
    at Popper (file:///home/ayush/Desktop/RS-Monolith/agent/node_modules/@radix-ui/react-popper/dist/index.mjs:30:11)
    at Select (file:///home/ayush/Desktop/RS-Monolith/agent/node_modules/@radix-ui/react-select/dist/index.mjs:42:5)
    at div
    at div
    at div
    at div
    at file:///home/ayush/Desktop/RS-Monolith/agent/node_modules/@radix-ui/react-primitive/dist/index.mjs:26:13
    at file:///home/ayush/Desktop/RS-Monolith/agent/node_modules/@radix-ui/react-dismissable-layer/dist/index.mjs:24:7
    at file:///home/ayush/Desktop/RS-Monolith/agent/node_modules/@radix-ui/react-slot/dist/index.mjs:25:11
    at file:///home/ayush/Desktop/RS-Monolith/agent/node_modules/@radix-ui/react-slot/dist/index.mjs:6:11
    at file:///home/ayush/Desktop/RS-Monolith/agent/node_modules/@radix-ui/react-primitive/dist/index.mjs:26:13
    at file:///home/ayush/Desktop/RS-Monolith/agent/node_modules/@radix-ui/react-focus-scope/dist/index.mjs:15:5
    at file:///home/ayush/Desktop/RS-Monolith/agent/node_modules/@radix-ui/react-dialog/dist/index.mjs:204:13
    at file:///home/ayush/Desktop/RS-Monolith/agent/node_modules/@radix-ui/react-dialog/dist/index.mjs:130:58
    at Presence (file:///home/ayush/Desktop/RS-Monolith/agent/node_modules/@radix-ui/react-presence/dist/index.mjs:19:11)
    at file:///home/ayush/Desktop/RS-Monolith/agent/node_modules/@radix-ui/react-dialog/dist/index.mjs:121:64
    at file:///home/ayush/Desktop/RS-Monolith/agent/node_modules/@radix-ui/react-slot/dist/index.mjs:25:11
    at file:///home/ayush/Desktop/RS-Monolith/agent/node_modules/@radix-ui/react-slot/dist/index.mjs:6:11
    at file:///home/ayush/Desktop/RS-Monolith/agent/node_modules/@radix-ui/react-primitive/dist/index.mjs:26:13
    at file:///home/ayush/Desktop/RS-Monolith/agent/node_modules/@radix-ui/react-portal/dist/index.mjs:11:22
    at Presence (file:///home/ayush/Desktop/RS-Monolith/agent/node_modules/@radix-ui/react-presence/dist/index.mjs:19:11)
    at Provider (file:///home/ayush/Desktop/RS-Monolith/agent/node_modules/@radix-ui/react-context/dist/index.mjs:27:15)
    at DialogPortal (file:///home/ayush/Desktop/RS-Monolith/agent/node_modules/@radix-ui/react-dialog/dist/index.mjs:84:11)
    at /home/ayush/Desktop/RS-Monolith/agent/src/components/ui/dialog.tsx:45:59
    at Provider (file:///home/ayush/Desktop/RS-Monolith/agent/node_modules/@radix-ui/react-context/dist/index.mjs:27:15)
    at Dialog (file:///home/ayush/Desktop/RS-Monolith/agent/node_modules/@radix-ui/react-dialog/dist/index.mjs:25:5)
    at BookingDialog (/home/ayush/Desktop/RS-Monolith/agent/src/components/BookingDialoge.tsx:26:3)
Warning: An update to Select inside a test was not wrapped in act(...).

When testing, code that causes React state updates should be wrapped into act(...):

act(() => {
  /* fire events that update state */
});
/* assert on the output */

This ensures that you're testing the behavior the user would see in the browser. Learn more at https://reactjs.org/link/wrap-tests-with-act
    at Select (file:///home/ayush/Desktop/RS-Monolith/agent/node_modules/@radix-ui/react-select/dist/index.mjs:42:5)
    at div
    at div
    at div
    at div
    at file:///home/ayush/Desktop/RS-Monolith/agent/node_modules/@radix-ui/react-primitive/dist/index.mjs:26:13
    at file:///home/ayush/Desktop/RS-Monolith/agent/node_modules/@radix-ui/react-dismissable-layer/dist/index.mjs:24:7
    at file:///home/ayush/Desktop/RS-Monolith/agent/node_modules/@radix-ui/react-slot/dist/index.mjs:25:11
    at file:///home/ayush/Desktop/RS-Monolith/agent/node_modules/@radix-ui/react-slot/dist/index.mjs:6:11
    at file:///home/ayush/Desktop/RS-Monolith/agent/node_modules/@radix-ui/react-primitive/dist/index.mjs:26:13
    at file:///home/ayush/Desktop/RS-Monolith/agent/node_modules/@radix-ui/react-focus-scope/dist/index.mjs:15:5
    at file:///home/ayush/Desktop/RS-Monolith/agent/node_modules/@radix-ui/react-dialog/dist/index.mjs:204:13
    at file:///home/ayush/Desktop/RS-Monolith/agent/node_modules/@radix-ui/react-dialog/dist/index.mjs:130:58
    at Presence (file:///home/ayush/Desktop/RS-Monolith/agent/node_modules/@radix-ui/react-presence/dist/index.mjs:19:11)
    at file:///home/ayush/Desktop/RS-Monolith/agent/node_modules/@radix-ui/react-dialog/dist/index.mjs:121:64
    at file:///home/ayush/Desktop/RS-Monolith/agent/node_modules/@radix-ui/react-slot/dist/index.mjs:25:11
    at file:///home/ayush/Desktop/RS-Monolith/agent/node_modules/@radix-ui/react-slot/dist/index.mjs:6:11
    at file:///home/ayush/Desktop/RS-Monolith/agent/node_modules/@radix-ui/react-primitive/dist/index.mjs:26:13
    at file:///home/ayush/Desktop/RS-Monolith/agent/node_modules/@radix-ui/react-portal/dist/index.mjs:11:22
    at Presence (file:///home/ayush/Desktop/RS-Monolith/agent/node_modules/@radix-ui/react-presence/dist/index.mjs:19:11)
    at Provider (file:///home/ayush/Desktop/RS-Monolith/agent/node_modules/@radix-ui/react-context/dist/index.mjs:27:15)
    at DialogPortal (file:///home/ayush/Desktop/RS-Monolith/agent/node_modules/@radix-ui/react-dialog/dist/index.mjs:84:11)
    at /home/ayush/Desktop/RS-Monolith/agent/src/components/ui/dialog.tsx:45:59
    at Provider (file:///home/ayush/Desktop/RS-Monolith/agent/node_modules/@radix-ui/react-context/dist/index.mjs:27:15)
    at Dialog (file:///home/ayush/Desktop/RS-Monolith/agent/node_modules/@radix-ui/react-dialog/dist/index.mjs:25:5)
    at BookingDialog (/home/ayush/Desktop/RS-Monolith/agent/src/components/BookingDialoge.tsx:26:3)
Warning: An update to FocusScope inside a test was not wrapped in act(...).

When testing, code that causes React state updates should be wrapped into act(...):

act(() => {
  /* fire events that update state */
});
/* assert on the output */

This ensures that you're testing the behavior the user would see in the browser. Learn more at https://reactjs.org/link/wrap-tests-with-act
    at file:///home/ayush/Desktop/RS-Monolith/agent/node_modules/@radix-ui/react-focus-scope/dist/index.mjs:15:5
    at file:///home/ayush/Desktop/RS-Monolith/agent/node_modules/@radix-ui/react-dialog/dist/index.mjs:204:13
    at file:///home/ayush/Desktop/RS-Monolith/agent/node_modules/@radix-ui/react-dialog/dist/index.mjs:130:58
    at Presence (file:///home/ayush/Desktop/RS-Monolith/agent/node_modules/@radix-ui/react-presence/dist/index.mjs:19:11)
    at file:///home/ayush/Desktop/RS-Monolith/agent/node_modules/@radix-ui/react-dialog/dist/index.mjs:121:64
    at file:///home/ayush/Desktop/RS-Monolith/agent/node_modules/@radix-ui/react-slot/dist/index.mjs:25:11
    at file:///home/ayush/Desktop/RS-Monolith/agent/node_modules/@radix-ui/react-slot/dist/index.mjs:6:11
    at file:///home/ayush/Desktop/RS-Monolith/agent/node_modules/@radix-ui/react-primitive/dist/index.mjs:26:13
    at file:///home/ayush/Desktop/RS-Monolith/agent/node_modules/@radix-ui/react-portal/dist/index.mjs:11:22
    at Presence (file:///home/ayush/Desktop/RS-Monolith/agent/node_modules/@radix-ui/react-presence/dist/index.mjs:19:11)
    at Provider (file:///home/ayush/Desktop/RS-Monolith/agent/node_modules/@radix-ui/react-context/dist/index.mjs:27:15)
    at DialogPortal (file:///home/ayush/Desktop/RS-Monolith/agent/node_modules/@radix-ui/react-dialog/dist/index.mjs:84:11)
    at /home/ayush/Desktop/RS-Monolith/agent/src/components/ui/dialog.tsx:45:59
    at Provider (file:///home/ayush/Desktop/RS-Monolith/agent/node_modules/@radix-ui/react-context/dist/index.mjs:27:15)
    at Dialog (file:///home/ayush/Desktop/RS-Monolith/agent/node_modules/@radix-ui/react-dialog/dist/index.mjs:25:5)
    at BookingDialog (/home/ayush/Desktop/RS-Monolith/agent/src/components/BookingDialoge.tsx:26:3)
Warning: An update to Presence inside a test was not wrapped in act(...).

When testing, code that causes React state updates should be wrapped into act(...):

act(() => {
  /* fire events that update state */
});
/* assert on the output */

This ensures that you're testing the behavior the user would see in the browser. Learn more at https://reactjs.org/link/wrap-tests-with-act
    at Presence (file:///home/ayush/Desktop/RS-Monolith/agent/node_modules/@radix-ui/react-presence/dist/index.mjs:19:11)
    at file:///home/ayush/Desktop/RS-Monolith/agent/node_modules/@radix-ui/react-dialog/dist/index.mjs:121:64
    at file:///home/ayush/Desktop/RS-Monolith/agent/node_modules/@radix-ui/react-slot/dist/index.mjs:25:11
    at file:///home/ayush/Desktop/RS-Monolith/agent/node_modules/@radix-ui/react-slot/dist/index.mjs:6:11
    at file:///home/ayush/Desktop/RS-Monolith/agent/node_modules/@radix-ui/react-primitive/dist/index.mjs:26:13
    at file:///home/ayush/Desktop/RS-Monolith/agent/node_modules/@radix-ui/react-portal/dist/index.mjs:11:22
    at Presence (file:///home/ayush/Desktop/RS-Monolith/agent/node_modules/@radix-ui/react-presence/dist/index.mjs:19:11)
    at Provider (file:///home/ayush/Desktop/RS-Monolith/agent/node_modules/@radix-ui/react-context/dist/index.mjs:27:15)
    at DialogPortal (file:///home/ayush/Desktop/RS-Monolith/agent/node_modules/@radix-ui/react-dialog/dist/index.mjs:84:11)
    at /home/ayush/Desktop/RS-Monolith/agent/src/components/ui/dialog.tsx:45:59
    at Provider (file:///home/ayush/Desktop/RS-Monolith/agent/node_modules/@radix-ui/react-context/dist/index.mjs:27:15)
    at Dialog (file:///home/ayush/Desktop/RS-Monolith/agent/node_modules/@radix-ui/react-dialog/dist/index.mjs:25:5)
    at BookingDialog (/home/ayush/Desktop/RS-Monolith/agent/src/components/BookingDialoge.tsx:26:3)
Warning: An update to Presence inside a test was not wrapped in act(...).

When testing, code that causes React state updates should be wrapped into act(...):

act(() => {
  /* fire events that update state */
});
/* assert on the output */

This ensures that you're testing the behavior the user would see in the browser. Learn more at https://reactjs.org/link/wrap-tests-with-act
    at Presence (file:///home/ayush/Desktop/RS-Monolith/agent/node_modules/@radix-ui/react-presence/dist/index.mjs:19:11)
    at Provider (file:///home/ayush/Desktop/RS-Monolith/agent/node_modules/@radix-ui/react-context/dist/index.mjs:27:15)
    at DialogPortal (file:///home/ayush/Desktop/RS-Monolith/agent/node_modules/@radix-ui/react-dialog/dist/index.mjs:84:11)
    at /home/ayush/Desktop/RS-Monolith/agent/src/components/ui/dialog.tsx:45:59
    at Provider (file:///home/ayush/Desktop/RS-Monolith/agent/node_modules/@radix-ui/react-context/dist/index.mjs:27:15)
    at Dialog (file:///home/ayush/Desktop/RS-Monolith/agent/node_modules/@radix-ui/react-dialog/dist/index.mjs:25:5)
    at BookingDialog (/home/ayush/Desktop/RS-Monolith/agent/src/components/BookingDialoge.tsx:26:3)
Warning: An update to DismissableLayer inside a test was not wrapped in act(...).

When testing, code that causes React state updates should be wrapped into act(...):

act(() => {
  /* fire events that update state */
});
/* assert on the output */

This ensures that you're testing the behavior the user would see in the browser. Learn more at https://reactjs.org/link/wrap-tests-with-act
    at file:///home/ayush/Desktop/RS-Monolith/agent/node_modules/@radix-ui/react-dismissable-layer/dist/index.mjs:24:7
    at file:///home/ayush/Desktop/RS-Monolith/agent/node_modules/@radix-ui/react-slot/dist/index.mjs:25:11
    at file:///home/ayush/Desktop/RS-Monolith/agent/node_modules/@radix-ui/react-slot/dist/index.mjs:6:11
    at file:///home/ayush/Desktop/RS-Monolith/agent/node_modules/@radix-ui/react-primitive/dist/index.mjs:26:13
    at file:///home/ayush/Desktop/RS-Monolith/agent/node_modules/@radix-ui/react-focus-scope/dist/index.mjs:15:5
    at file:///home/ayush/Desktop/RS-Monolith/agent/node_modules/@radix-ui/react-dialog/dist/index.mjs:204:13
    at file:///home/ayush/Desktop/RS-Monolith/agent/node_modules/@radix-ui/react-dialog/dist/index.mjs:130:58
    at Presence (file:///home/ayush/Desktop/RS-Monolith/agent/node_modules/@radix-ui/react-presence/dist/index.mjs:19:11)
    at file:///home/ayush/Desktop/RS-Monolith/agent/node_modules/@radix-ui/react-dialog/dist/index.mjs:121:64
    at file:///home/ayush/Desktop/RS-Monolith/agent/node_modules/@radix-ui/react-slot/dist/index.mjs:25:11
    at file:///home/ayush/Desktop/RS-Monolith/agent/node_modules/@radix-ui/react-slot/dist/index.mjs:6:11
    at file:///home/ayush/Desktop/RS-Monolith/agent/node_modules/@radix-ui/react-primitive/dist/index.mjs:26:13
    at file:///home/ayush/Desktop/RS-Monolith/agent/node_modules/@radix-ui/react-portal/dist/index.mjs:11:22
    at Presence (file:///home/ayush/Desktop/RS-Monolith/agent/node_modules/@radix-ui/react-presence/dist/index.mjs:19:11)
    at Provider (file:///home/ayush/Desktop/RS-Monolith/agent/node_modules/@radix-ui/react-context/dist/index.mjs:27:15)
    at DialogPortal (file:///home/ayush/Desktop/RS-Monolith/agent/node_modules/@radix-ui/react-dialog/dist/index.mjs:84:11)
    at /home/ayush/Desktop/RS-Monolith/agent/src/components/ui/dialog.tsx:45:59
    at Provider (file:///home/ayush/Desktop/RS-Monolith/agent/node_modules/@radix-ui/react-context/dist/index.mjs:27:15)
    at Dialog (file:///home/ayush/Desktop/RS-Monolith/agent/node_modules/@radix-ui/react-dialog/dist/index.mjs:25:5)
    at BookingDialog (/home/ayush/Desktop/RS-Monolith/agent/src/components/BookingDialoge.tsx:26:3)
Warning: An update to Popper inside a test was not wrapped in act(...).

When testing, code that causes React state updates should be wrapped into act(...):

act(() => {
  /* fire events that update state */
});
/* assert on the output */

This ensures that you're testing the behavior the user would see in the browser. Learn more at https://reactjs.org/link/wrap-tests-with-act
    at Popper (file:///home/ayush/Desktop/RS-Monolith/agent/node_modules/@radix-ui/react-popper/dist/index.mjs:30:11)
    at Select (file:///home/ayush/Desktop/RS-Monolith/agent/node_modules/@radix-ui/react-select/dist/index.mjs:42:5)
    at div
    at div
    at div
    at div
    at file:///home/ayush/Desktop/RS-Monolith/agent/node_modules/@radix-ui/react-primitive/dist/index.mjs:26:13
    at file:///home/ayush/Desktop/RS-Monolith/agent/node_modules/@radix-ui/react-dismissable-layer/dist/index.mjs:24:7
    at file:///home/ayush/Desktop/RS-Monolith/agent/node_modules/@radix-ui/react-slot/dist/index.mjs:25:11
    at file:///home/ayush/Desktop/RS-Monolith/agent/node_modules/@radix-ui/react-slot/dist/index.mjs:6:11
    at file:///home/ayush/Desktop/RS-Monolith/agent/node_modules/@radix-ui/react-primitive/dist/index.mjs:26:13
    at file:///home/ayush/Desktop/RS-Monolith/agent/node_modules/@radix-ui/react-focus-scope/dist/index.mjs:15:5
    at file:///home/ayush/Desktop/RS-Monolith/agent/node_modules/@radix-ui/react-dialog/dist/index.mjs:204:13
    at file:///home/ayush/Desktop/RS-Monolith/agent/node_modules/@radix-ui/react-dialog/dist/index.mjs:130:58
    at Presence (file:///home/ayush/Desktop/RS-Monolith/agent/node_modules/@radix-ui/react-presence/dist/index.mjs:19:11)
    at file:///home/ayush/Desktop/RS-Monolith/agent/node_modules/@radix-ui/react-dialog/dist/index.mjs:121:64
    at file:///home/ayush/Desktop/RS-Monolith/agent/node_modules/@radix-ui/react-slot/dist/index.mjs:25:11
    at file:///home/ayush/Desktop/RS-Monolith/agent/node_modules/@radix-ui/react-slot/dist/index.mjs:6:11
    at file:///home/ayush/Desktop/RS-Monolith/agent/node_modules/@radix-ui/react-primitive/dist/index.mjs:26:13
    at file:///home/ayush/Desktop/RS-Monolith/agent/node_modules/@radix-ui/react-portal/dist/index.mjs:11:22
    at Presence (file:///home/ayush/Desktop/RS-Monolith/agent/node_modules/@radix-ui/react-presence/dist/index.mjs:19:11)
    at Provider (file:///home/ayush/Desktop/RS-Monolith/agent/node_modules/@radix-ui/react-context/dist/index.mjs:27:15)
    at DialogPortal (file:///home/ayush/Desktop/RS-Monolith/agent/node_modules/@radix-ui/react-dialog/dist/index.mjs:84:11)
    at /home/ayush/Desktop/RS-Monolith/agent/src/components/ui/dialog.tsx:45:59
    at Provider (file:///home/ayush/Desktop/RS-Monolith/agent/node_modules/@radix-ui/react-context/dist/index.mjs:27:15)
    at Dialog (file:///home/ayush/Desktop/RS-Monolith/agent/node_modules/@radix-ui/react-dialog/dist/index.mjs:25:5)
    at BookingDialog (/home/ayush/Desktop/RS-Monolith/agent/src/components/BookingDialoge.tsx:26:3)
Warning: An update to Select inside a test was not wrapped in act(...).

When testing, code that causes React state updates should be wrapped into act(...):

act(() => {
  /* fire events that update state */
});
/* assert on the output */

This ensures that you're testing the behavior the user would see in the browser. Learn more at https://reactjs.org/link/wrap-tests-with-act
    at Select (file:///home/ayush/Desktop/RS-Monolith/agent/node_modules/@radix-ui/react-select/dist/index.mjs:42:5)
    at div
    at div
    at div
    at div
    at file:///home/ayush/Desktop/RS-Monolith/agent/node_modules/@radix-ui/react-primitive/dist/index.mjs:26:13
    at file:///home/ayush/Desktop/RS-Monolith/agent/node_modules/@radix-ui/react-dismissable-layer/dist/index.mjs:24:7
    at file:///home/ayush/Desktop/RS-Monolith/agent/node_modules/@radix-ui/react-slot/dist/index.mjs:25:11
    at file:///home/ayush/Desktop/RS-Monolith/agent/node_modules/@radix-ui/react-slot/dist/index.mjs:6:11
    at file:///home/ayush/Desktop/RS-Monolith/agent/node_modules/@radix-ui/react-primitive/dist/index.mjs:26:13
    at file:///home/ayush/Desktop/RS-Monolith/agent/node_modules/@radix-ui/react-focus-scope/dist/index.mjs:15:5
    at file:///home/ayush/Desktop/RS-Monolith/agent/node_modules/@radix-ui/react-dialog/dist/index.mjs:204:13
    at file:///home/ayush/Desktop/RS-Monolith/agent/node_modules/@radix-ui/react-dialog/dist/index.mjs:130:58
    at Presence (file:///home/ayush/Desktop/RS-Monolith/agent/node_modules/@radix-ui/react-presence/dist/index.mjs:19:11)
    at file:///home/ayush/Desktop/RS-Monolith/agent/node_modules/@radix-ui/react-dialog/dist/index.mjs:121:64
    at file:///home/ayush/Desktop/RS-Monolith/agent/node_modules/@radix-ui/react-slot/dist/index.mjs:25:11
    at file:///home/ayush/Desktop/RS-Monolith/agent/node_modules/@radix-ui/react-slot/dist/index.mjs:6:11
    at file:///home/ayush/Desktop/RS-Monolith/agent/node_modules/@radix-ui/react-primitive/dist/index.mjs:26:13
    at file:///home/ayush/Desktop/RS-Monolith/agent/node_modules/@radix-ui/react-portal/dist/index.mjs:11:22
    at Presence (file:///home/ayush/Desktop/RS-Monolith/agent/node_modules/@radix-ui/react-presence/dist/index.mjs:19:11)
    at Provider (file:///home/ayush/Desktop/RS-Monolith/agent/node_modules/@radix-ui/react-context/dist/index.mjs:27:15)
    at DialogPortal (file:///home/ayush/Desktop/RS-Monolith/agent/node_modules/@radix-ui/react-dialog/dist/index.mjs:84:11)
    at /home/ayush/Desktop/RS-Monolith/agent/src/components/ui/dialog.tsx:45:59
    at Provider (file:///home/ayush/Desktop/RS-Monolith/agent/node_modules/@radix-ui/react-context/dist/index.mjs:27:15)
    at Dialog (file:///home/ayush/Desktop/RS-Monolith/agent/node_modules/@radix-ui/react-dialog/dist/index.mjs:25:5)
    at BookingDialog (/home/ayush/Desktop/RS-Monolith/agent/src/components/BookingDialoge.tsx:26:3)
Warning: An update to Select inside a test was not wrapped in act(...).

When testing, code that causes React state updates should be wrapped into act(...):

act(() => {
  /* fire events that update state */
});
/* assert on the output */

This ensures that you're testing the behavior the user would see in the browser. Learn more at https://reactjs.org/link/wrap-tests-with-act
    at Select (file:///home/ayush/Desktop/RS-Monolith/agent/node_modules/@radix-ui/react-select/dist/index.mjs:42:5)
    at div
    at div
    at div
    at div
    at file:///home/ayush/Desktop/RS-Monolith/agent/node_modules/@radix-ui/react-primitive/dist/index.mjs:26:13
    at file:///home/ayush/Desktop/RS-Monolith/agent/node_modules/@radix-ui/react-dismissable-layer/dist/index.mjs:24:7
    at file:///home/ayush/Desktop/RS-Monolith/agent/node_modules/@radix-ui/react-slot/dist/index.mjs:25:11
    at file:///home/ayush/Desktop/RS-Monolith/agent/node_modules/@radix-ui/react-slot/dist/index.mjs:6:11
    at file:///home/ayush/Desktop/RS-Monolith/agent/node_modules/@radix-ui/react-primitive/dist/index.mjs:26:13
    at file:///home/ayush/Desktop/RS-Monolith/agent/node_modules/@radix-ui/react-focus-scope/dist/index.mjs:15:5
    at file:///home/ayush/Desktop/RS-Monolith/agent/node_modules/@radix-ui/react-dialog/dist/index.mjs:204:13
    at file:///home/ayush/Desktop/RS-Monolith/agent/node_modules/@radix-ui/react-dialog/dist/index.mjs:130:58
    at Presence (file:///home/ayush/Desktop/RS-Monolith/agent/node_modules/@radix-ui/react-presence/dist/index.mjs:19:11)
    at file:///home/ayush/Desktop/RS-Monolith/agent/node_modules/@radix-ui/react-dialog/dist/index.mjs:121:64
    at file:///home/ayush/Desktop/RS-Monolith/agent/node_modules/@radix-ui/react-slot/dist/index.mjs:25:11
    at file:///home/ayush/Desktop/RS-Monolith/agent/node_modules/@radix-ui/react-slot/dist/index.mjs:6:11
    at file:///home/ayush/Desktop/RS-Monolith/agent/node_modules/@radix-ui/react-primitive/dist/index.mjs:26:13
    at file:///home/ayush/Desktop/RS-Monolith/agent/node_modules/@radix-ui/react-portal/dist/index.mjs:11:22
    at Presence (file:///home/ayush/Desktop/RS-Monolith/agent/node_modules/@radix-ui/react-presence/dist/index.mjs:19:11)
    at Provider (file:///home/ayush/Desktop/RS-Monolith/agent/node_modules/@radix-ui/react-context/dist/index.mjs:27:15)
    at DialogPortal (file:///home/ayush/Desktop/RS-Monolith/agent/node_modules/@radix-ui/react-dialog/dist/index.mjs:84:11)
    at /home/ayush/Desktop/RS-Monolith/agent/src/components/ui/dialog.tsx:45:59
    at Provider (file:///home/ayush/Desktop/RS-Monolith/agent/node_modules/@radix-ui/react-context/dist/index.mjs:27:15)
    at Dialog (file:///home/ayush/Desktop/RS-Monolith/agent/node_modules/@radix-ui/react-dialog/dist/index.mjs:25:5)
    at BookingDialog (/home/ayush/Desktop/RS-Monolith/agent/src/components/BookingDialoge.tsx:26:3)
Warning: An update to SelectContent inside a test was not wrapped in act(...).

When testing, code that causes React state updates should be wrapped into act(...):

act(() => {
  /* fire events that update state */
});
/* assert on the output */

This ensures that you're testing the behavior the user would see in the browser. Learn more at https://reactjs.org/link/wrap-tests-with-act
    at file:///home/ayush/Desktop/RS-Monolith/agent/node_modules/@radix-ui/react-select/dist/index.mjs:254:58
    at file:///home/ayush/Desktop/RS-Monolith/agent/node_modules/@radix-ui/react-slot/dist/index.mjs:25:11
    at file:///home/ayush/Desktop/RS-Monolith/agent/node_modules/@radix-ui/react-slot/dist/index.mjs:6:11
    at file:///home/ayush/Desktop/RS-Monolith/agent/node_modules/@radix-ui/react-primitive/dist/index.mjs:26:13
    at file:///home/ayush/Desktop/RS-Monolith/agent/node_modules/@radix-ui/react-portal/dist/index.mjs:11:22
    at SelectPortal
    at /home/ayush/Desktop/RS-Monolith/agent/src/components/ui/select.tsx:106:59
    at Provider (file:///home/ayush/Desktop/RS-Monolith/agent/node_modules/@radix-ui/react-context/dist/index.mjs:27:15)
    at Provider (file:///home/ayush/Desktop/RS-Monolith/agent/node_modules/@radix-ui/react-collection/node_modules/@radix-ui/react-context/dist/index.mjs:27:15)
    at CollectionProvider (file:///home/ayush/Desktop/RS-Monolith/agent/node_modules/@radix-ui/react-collection/dist/index.mjs:17:13)
    at Provider (file:///home/ayush/Desktop/RS-Monolith/agent/node_modules/@radix-ui/react-context/dist/index.mjs:27:15)
    at Provider (file:///home/ayush/Desktop/RS-Monolith/agent/node_modules/@radix-ui/react-popper/node_modules/@radix-ui/react-context/dist/index.mjs:27:15)
    at Popper (file:///home/ayush/Desktop/RS-Monolith/agent/node_modules/@radix-ui/react-popper/dist/index.mjs:30:11)
    at Select (file:///home/ayush/Desktop/RS-Monolith/agent/node_modules/@radix-ui/react-select/dist/index.mjs:42:5)
    at div
    at div
    at div
    at div
    at file:///home/ayush/Desktop/RS-Monolith/agent/node_modules/@radix-ui/react-primitive/dist/index.mjs:26:13
    at file:///home/ayush/Desktop/RS-Monolith/agent/node_modules/@radix-ui/react-dismissable-layer/dist/index.mjs:24:7
    at file:///home/ayush/Desktop/RS-Monolith/agent/node_modules/@radix-ui/react-slot/dist/index.mjs:25:11
    at file:///home/ayush/Desktop/RS-Monolith/agent/node_modules/@radix-ui/react-slot/dist/index.mjs:6:11
    at file:///home/ayush/Desktop/RS-Monolith/agent/node_modules/@radix-ui/react-primitive/dist/index.mjs:26:13
    at file:///home/ayush/Desktop/RS-Monolith/agent/node_modules/@radix-ui/react-focus-scope/dist/index.mjs:15:5
    at file:///home/ayush/Desktop/RS-Monolith/agent/node_modules/@radix-ui/react-dialog/dist/index.mjs:204:13
    at file:///home/ayush/Desktop/RS-Monolith/agent/node_modules/@radix-ui/react-dialog/dist/index.mjs:130:58
    at Presence (file:///home/ayush/Desktop/RS-Monolith/agent/node_modules/@radix-ui/react-presence/dist/index.mjs:19:11)
    at file:///home/ayush/Desktop/RS-Monolith/agent/node_modules/@radix-ui/react-dialog/dist/index.mjs:121:64
    at file:///home/ayush/Desktop/RS-Monolith/agent/node_modules/@radix-ui/react-slot/dist/index.mjs:25:11
    at file:///home/ayush/Desktop/RS-Monolith/agent/node_modules/@radix-ui/react-slot/dist/index.mjs:6:11
    at file:///home/ayush/Desktop/RS-Monolith/agent/node_modules/@radix-ui/react-primitive/dist/index.mjs:26:13
    at file:///home/ayush/Desktop/RS-Monolith/agent/node_modules/@radix-ui/react-portal/dist/index.mjs:11:22
    at Presence (file:///home/ayush/Desktop/RS-Monolith/agent/node_modules/@radix-ui/react-presence/dist/index.mjs:19:11)
    at Provider (file:///home/ayush/Desktop/RS-Monolith/agent/node_modules/@radix-ui/react-context/dist/index.mjs:27:15)
    at DialogPortal (file:///home/ayush/Desktop/RS-Monolith/agent/node_modules/@radix-ui/react-dialog/dist/index.mjs:84:11)
    at /home/ayush/Desktop/RS-Monolith/agent/src/components/ui/dialog.tsx:45:59
    at Provider (file:///home/ayush/Desktop/RS-Monolith/agent/node_modules/@radix-ui/react-context/dist/index.mjs:27:15)
    at Dialog (file:///home/ayush/Desktop/RS-Monolith/agent/node_modules/@radix-ui/react-dialog/dist/index.mjs:25:5)
    at BookingDialog (/home/ayush/Desktop/RS-Monolith/agent/src/components/BookingDialoge.tsx:26:3)
Warning: An update to Popper inside a test was not wrapped in act(...).

When testing, code that causes React state updates should be wrapped into act(...):

act(() => {
  /* fire events that update state */
});
/* assert on the output */

This ensures that you're testing the behavior the user would see in the browser. Learn more at https://reactjs.org/link/wrap-tests-with-act
    at Popper (file:///home/ayush/Desktop/RS-Monolith/agent/node_modules/@radix-ui/react-popper/dist/index.mjs:30:11)
    at Select (file:///home/ayush/Desktop/RS-Monolith/agent/node_modules/@radix-ui/react-select/dist/index.mjs:42:5)
    at div
    at div
    at div
    at div
    at file:///home/ayush/Desktop/RS-Monolith/agent/node_modules/@radix-ui/react-primitive/dist/index.mjs:26:13
    at file:///home/ayush/Desktop/RS-Monolith/agent/node_modules/@radix-ui/react-dismissable-layer/dist/index.mjs:24:7
    at file:///home/ayush/Desktop/RS-Monolith/agent/node_modules/@radix-ui/react-slot/dist/index.mjs:25:11
    at file:///home/ayush/Desktop/RS-Monolith/agent/node_modules/@radix-ui/react-slot/dist/index.mjs:6:11
    at file:///home/ayush/Desktop/RS-Monolith/agent/node_modules/@radix-ui/react-primitive/dist/index.mjs:26:13
    at file:///home/ayush/Desktop/RS-Monolith/agent/node_modules/@radix-ui/react-focus-scope/dist/index.mjs:15:5
    at file:///home/ayush/Desktop/RS-Monolith/agent/node_modules/@radix-ui/react-dialog/dist/index.mjs:204:13
    at file:///home/ayush/Desktop/RS-Monolith/agent/node_modules/@radix-ui/react-dialog/dist/index.mjs:130:58
    at Presence (file:///home/ayush/Desktop/RS-Monolith/agent/node_modules/@radix-ui/react-presence/dist/index.mjs:19:11)
    at file:///home/ayush/Desktop/RS-Monolith/agent/node_modules/@radix-ui/react-dialog/dist/index.mjs:121:64
    at file:///home/ayush/Desktop/RS-Monolith/agent/node_modules/@radix-ui/react-slot/dist/index.mjs:25:11
    at file:///home/ayush/Desktop/RS-Monolith/agent/node_modules/@radix-ui/react-slot/dist/index.mjs:6:11
    at file:///home/ayush/Desktop/RS-Monolith/agent/node_modules/@radix-ui/react-primitive/dist/index.mjs:26:13
    at file:///home/ayush/Desktop/RS-Monolith/agent/node_modules/@radix-ui/react-portal/dist/index.mjs:11:22
    at Presence (file:///home/ayush/Desktop/RS-Monolith/agent/node_modules/@radix-ui/react-presence/dist/index.mjs:19:11)
    at Provider (file:///home/ayush/Desktop/RS-Monolith/agent/node_modules/@radix-ui/react-context/dist/index.mjs:27:15)
    at DialogPortal (file:///home/ayush/Desktop/RS-Monolith/agent/node_modules/@radix-ui/react-dialog/dist/index.mjs:84:11)
    at /home/ayush/Desktop/RS-Monolith/agent/src/components/ui/dialog.tsx:45:59
    at Provider (file:///home/ayush/Desktop/RS-Monolith/agent/node_modules/@radix-ui/react-context/dist/index.mjs:27:15)
    at Dialog (file:///home/ayush/Desktop/RS-Monolith/agent/node_modules/@radix-ui/react-dialog/dist/index.mjs:25:5)
    at BookingDialog (/home/ayush/Desktop/RS-Monolith/agent/src/components/BookingDialoge.tsx:26:3)
Warning: An update to SelectItemText inside a test was not wrapped in act(...).

When testing, code that causes React state updates should be wrapped into act(...):

act(() => {
  /* fire events that update state */
});
/* assert on the output */

This ensures that you're testing the behavior the user would see in the browser. Learn more at https://reactjs.org/link/wrap-tests-with-act
    at file:///home/ayush/Desktop/RS-Monolith/agent/node_modules/@radix-ui/react-select/dist/index.mjs:898:13
    at div
    at file:///home/ayush/Desktop/RS-Monolith/agent/node_modules/@radix-ui/react-primitive/dist/index.mjs:26:13
    at file:///home/ayush/Desktop/RS-Monolith/agent/node_modules/@radix-ui/react-slot/dist/index.mjs:25:11
    at file:///home/ayush/Desktop/RS-Monolith/agent/node_modules/@radix-ui/react-slot/dist/index.mjs:6:11
    at file:///home/ayush/Desktop/RS-Monolith/agent/node_modules/@radix-ui/react-collection/dist/index.mjs:37:15
    at Provider (file:///home/ayush/Desktop/RS-Monolith/agent/node_modules/@radix-ui/react-context/dist/index.mjs:27:15)
    at file:///home/ayush/Desktop/RS-Monolith/agent/node_modules/@radix-ui/react-select/dist/index.mjs:797:7
    at /home/ayush/Desktop/RS-Monolith/agent/src/components/ui/select.tsx:179:56
    at div
    at file:///home/ayush/Desktop/RS-Monolith/agent/node_modules/@radix-ui/react-primitive/dist/index.mjs:26:13
    at file:///home/ayush/Desktop/RS-Monolith/agent/node_modules/@radix-ui/react-slot/dist/index.mjs:25:11
    at file:///home/ayush/Desktop/RS-Monolith/agent/node_modules/@radix-ui/react-slot/dist/index.mjs:6:11
    at file:///home/ayush/Desktop/RS-Monolith/agent/node_modules/@radix-ui/react-collection/dist/index.mjs:26:15
    at file:///home/ayush/Desktop/RS-Monolith/agent/node_modules/@radix-ui/react-select/dist/index.mjs:708:13
    at div
    at file:///home/ayush/Desktop/RS-Monolith/agent/node_modules/@radix-ui/react-slot/dist/index.mjs:25:11
    at file:///home/ayush/Desktop/RS-Monolith/agent/node_modules/@radix-ui/react-slot/dist/index.mjs:6:11
    at file:///home/ayush/Desktop/RS-Monolith/agent/node_modules/@radix-ui/react-collection/dist/index.mjs:26:15
    at Provider (file:///home/ayush/Desktop/RS-Monolith/agent/node_modules/@radix-ui/react-context/dist/index.mjs:27:15)
    at file:///home/ayush/Desktop/RS-Monolith/agent/node_modules/@radix-ui/react-select/dist/index.mjs:254:58
    at file:///home/ayush/Desktop/RS-Monolith/agent/node_modules/@radix-ui/react-slot/dist/index.mjs:25:11
    at file:///home/ayush/Desktop/RS-Monolith/agent/node_modules/@radix-ui/react-slot/dist/index.mjs:6:11
    at file:///home/ayush/Desktop/RS-Monolith/agent/node_modules/@radix-ui/react-primitive/dist/index.mjs:26:13
    at file:///home/ayush/Desktop/RS-Monolith/agent/node_modules/@radix-ui/react-portal/dist/index.mjs:11:22
    at SelectPortal
    at /home/ayush/Desktop/RS-Monolith/agent/src/components/ui/select.tsx:106:59
    at Provider (file:///home/ayush/Desktop/RS-Monolith/agent/node_modules/@radix-ui/react-context/dist/index.mjs:27:15)
    at Provider (file:///home/ayush/Desktop/RS-Monolith/agent/node_modules/@radix-ui/react-collection/node_modules/@radix-ui/react-context/dist/index.mjs:27:15)
    at CollectionProvider (file:///home/ayush/Desktop/RS-Monolith/agent/node_modules/@radix-ui/react-collection/dist/index.mjs:17:13)
    at Provider (file:///home/ayush/Desktop/RS-Monolith/agent/node_modules/@radix-ui/react-context/dist/index.mjs:27:15)
    at Provider (file:///home/ayush/Desktop/RS-Monolith/agent/node_modules/@radix-ui/react-popper/node_modules/@radix-ui/react-context/dist/index.mjs:27:15)
    at Popper (file:///home/ayush/Desktop/RS-Monolith/agent/node_modules/@radix-ui/react-popper/dist/index.mjs:30:11)
    at Select (file:///home/ayush/Desktop/RS-Monolith/agent/node_modules/@radix-ui/react-select/dist/index.mjs:42:5)
    at div
    at div
    at div
    at div
    at file:///home/ayush/Desktop/RS-Monolith/agent/node_modules/@radix-ui/react-primitive/dist/index.mjs:26:13
    at file:///home/ayush/Desktop/RS-Monolith/agent/node_modules/@radix-ui/react-dismissable-layer/dist/index.mjs:24:7
    at file:///home/ayush/Desktop/RS-Monolith/agent/node_modules/@radix-ui/react-slot/dist/index.mjs:25:11
    at file:///home/ayush/Desktop/RS-Monolith/agent/node_modules/@radix-ui/react-slot/dist/index.mjs:6:11
    at file:///home/ayush/Desktop/RS-Monolith/agent/node_modules/@radix-ui/react-primitive/dist/index.mjs:26:13
    at file:///home/ayush/Desktop/RS-Monolith/agent/node_modules/@radix-ui/react-focus-scope/dist/index.mjs:15:5
    at file:///home/ayush/Desktop/RS-Monolith/agent/node_modules/@radix-ui/react-dialog/dist/index.mjs:204:13
    at file:///home/ayush/Desktop/RS-Monolith/agent/node_modules/@radix-ui/react-dialog/dist/index.mjs:130:58
    at Presence (file:///home/ayush/Desktop/RS-Monolith/agent/node_modules/@radix-ui/react-presence/dist/index.mjs:19:11)
    at file:///home/ayush/Desktop/RS-Monolith/agent/node_modules/@radix-ui/react-dialog/dist/index.mjs:121:64
    at file:///home/ayush/Desktop/RS-Monolith/agent/node_modules/@radix-ui/react-slot/dist/index.mjs:25:11
    at file:///home/ayush/Desktop/RS-Monolith/agent/node_modules/@radix-ui/react-slot/dist/index.mjs:6:11
    at file:///home/ayush/Desktop/RS-Monolith/agent/node_modules/@radix-ui/react-primitive/dist/index.mjs:26:13
    at file:///home/ayush/Desktop/RS-Monolith/agent/node_modules/@radix-ui/react-portal/dist/index.mjs:11:22
    at Presence (file:///home/ayush/Desktop/RS-Monolith/agent/node_modules/@radix-ui/react-presence/dist/index.mjs:19:11)
    at Provider (file:///home/ayush/Desktop/RS-Monolith/agent/node_modules/@radix-ui/react-context/dist/index.mjs:27:15)
    at DialogPortal (file:///home/ayush/Desktop/RS-Monolith/agent/node_modules/@radix-ui/react-dialog/dist/index.mjs:84:11)
    at /home/ayush/Desktop/RS-Monolith/agent/src/components/ui/dialog.tsx:45:59
    at Provider (file:///home/ayush/Desktop/RS-Monolith/agent/node_modules/@radix-ui/react-context/dist/index.mjs:27:15)
    at Dialog (file:///home/ayush/Desktop/RS-Monolith/agent/node_modules/@radix-ui/react-dialog/dist/index.mjs:25:5)
    at BookingDialog (/home/ayush/Desktop/RS-Monolith/agent/src/components/BookingDialoge.tsx:26:3)
Warning: An update to SelectItem inside a test was not wrapped in act(...).

When testing, code that causes React state updates should be wrapped into act(...):

act(() => {
  /* fire events that update state */
});
/* assert on the output */

This ensures that you're testing the behavior the user would see in the browser. Learn more at https://reactjs.org/link/wrap-tests-with-act
    at file:///home/ayush/Desktop/RS-Monolith/agent/node_modules/@radix-ui/react-select/dist/index.mjs:797:7
    at /home/ayush/Desktop/RS-Monolith/agent/src/components/ui/select.tsx:179:56
    at div
    at file:///home/ayush/Desktop/RS-Monolith/agent/node_modules/@radix-ui/react-primitive/dist/index.mjs:26:13
    at file:///home/ayush/Desktop/RS-Monolith/agent/node_modules/@radix-ui/react-slot/dist/index.mjs:25:11
    at file:///home/ayush/Desktop/RS-Monolith/agent/node_modules/@radix-ui/react-slot/dist/index.mjs:6:11
    at file:///home/ayush/Desktop/RS-Monolith/agent/node_modules/@radix-ui/react-collection/dist/index.mjs:26:15
    at file:///home/ayush/Desktop/RS-Monolith/agent/node_modules/@radix-ui/react-select/dist/index.mjs:708:13
    at div
    at file:///home/ayush/Desktop/RS-Monolith/agent/node_modules/@radix-ui/react-slot/dist/index.mjs:25:11
    at file:///home/ayush/Desktop/RS-Monolith/agent/node_modules/@radix-ui/react-slot/dist/index.mjs:6:11
    at file:///home/ayush/Desktop/RS-Monolith/agent/node_modules/@radix-ui/react-collection/dist/index.mjs:26:15
    at Provider (file:///home/ayush/Desktop/RS-Monolith/agent/node_modules/@radix-ui/react-context/dist/index.mjs:27:15)
    at file:///home/ayush/Desktop/RS-Monolith/agent/node_modules/@radix-ui/react-select/dist/index.mjs:254:58
    at file:///home/ayush/Desktop/RS-Monolith/agent/node_modules/@radix-ui/react-slot/dist/index.mjs:25:11
    at file:///home/ayush/Desktop/RS-Monolith/agent/node_modules/@radix-ui/react-slot/dist/index.mjs:6:11
    at file:///home/ayush/Desktop/RS-Monolith/agent/node_modules/@radix-ui/react-primitive/dist/index.mjs:26:13
    at file:///home/ayush/Desktop/RS-Monolith/agent/node_modules/@radix-ui/react-portal/dist/index.mjs:11:22
    at SelectPortal
    at /home/ayush/Desktop/RS-Monolith/agent/src/components/ui/select.tsx:106:59
    at Provider (file:///home/ayush/Desktop/RS-Monolith/agent/node_modules/@radix-ui/react-context/dist/index.mjs:27:15)
    at Provider (file:///home/ayush/Desktop/RS-Monolith/agent/node_modules/@radix-ui/react-collection/node_modules/@radix-ui/react-context/dist/index.mjs:27:15)
    at CollectionProvider (file:///home/ayush/Desktop/RS-Monolith/agent/node_modules/@radix-ui/react-collection/dist/index.mjs:17:13)
    at Provider (file:///home/ayush/Desktop/RS-Monolith/agent/node_modules/@radix-ui/react-context/dist/index.mjs:27:15)
    at Provider (file:///home/ayush/Desktop/RS-Monolith/agent/node_modules/@radix-ui/react-popper/node_modules/@radix-ui/react-context/dist/index.mjs:27:15)
    at Popper (file:///home/ayush/Desktop/RS-Monolith/agent/node_modules/@radix-ui/react-popper/dist/index.mjs:30:11)
    at Select (file:///home/ayush/Desktop/RS-Monolith/agent/node_modules/@radix-ui/react-select/dist/index.mjs:42:5)
    at div
    at div
    at div
    at div
    at file:///home/ayush/Desktop/RS-Monolith/agent/node_modules/@radix-ui/react-primitive/dist/index.mjs:26:13
    at file:///home/ayush/Desktop/RS-Monolith/agent/node_modules/@radix-ui/react-dismissable-layer/dist/index.mjs:24:7
    at file:///home/ayush/Desktop/RS-Monolith/agent/node_modules/@radix-ui/react-slot/dist/index.mjs:25:11
    at file:///home/ayush/Desktop/RS-Monolith/agent/node_modules/@radix-ui/react-slot/dist/index.mjs:6:11
    at file:///home/ayush/Desktop/RS-Monolith/agent/node_modules/@radix-ui/react-primitive/dist/index.mjs:26:13
    at file:///home/ayush/Desktop/RS-Monolith/agent/node_modules/@radix-ui/react-focus-scope/dist/index.mjs:15:5
    at file:///home/ayush/Desktop/RS-Monolith/agent/node_modules/@radix-ui/react-dialog/dist/index.mjs:204:13
    at file:///home/ayush/Desktop/RS-Monolith/agent/node_modules/@radix-ui/react-dialog/dist/index.mjs:130:58
    at Presence (file:///home/ayush/Desktop/RS-Monolith/agent/node_modules/@radix-ui/react-presence/dist/index.mjs:19:11)
    at file:///home/ayush/Desktop/RS-Monolith/agent/node_modules/@radix-ui/react-dialog/dist/index.mjs:121:64
    at file:///home/ayush/Desktop/RS-Monolith/agent/node_modules/@radix-ui/react-slot/dist/index.mjs:25:11
    at file:///home/ayush/Desktop/RS-Monolith/agent/node_modules/@radix-ui/react-slot/dist/index.mjs:6:11
    at file:///home/ayush/Desktop/RS-Monolith/agent/node_modules/@radix-ui/react-primitive/dist/index.mjs:26:13
    at file:///home/ayush/Desktop/RS-Monolith/agent/node_modules/@radix-ui/react-portal/dist/index.mjs:11:22
    at Presence (file:///home/ayush/Desktop/RS-Monolith/agent/node_modules/@radix-ui/react-presence/dist/index.mjs:19:11)
    at Provider (file:///home/ayush/Desktop/RS-Monolith/agent/node_modules/@radix-ui/react-context/dist/index.mjs:27:15)
    at DialogPortal (file:///home/ayush/Desktop/RS-Monolith/agent/node_modules/@radix-ui/react-dialog/dist/index.mjs:84:11)
    at /home/ayush/Desktop/RS-Monolith/agent/src/components/ui/dialog.tsx:45:59
    at Provider (file:///home/ayush/Desktop/RS-Monolith/agent/node_modules/@radix-ui/react-context/dist/index.mjs:27:15)
    at Dialog (file:///home/ayush/Desktop/RS-Monolith/agent/node_modules/@radix-ui/react-dialog/dist/index.mjs:25:5)
    at BookingDialog (/home/ayush/Desktop/RS-Monolith/agent/src/components/BookingDialoge.tsx:26:3)
Warning: An update to Select inside a test was not wrapped in act(...).

When testing, code that causes React state updates should be wrapped into act(...):

act(() => {
  /* fire events that update state */
});
/* assert on the output */

This ensures that you're testing the behavior the user would see in the browser. Learn more at https://reactjs.org/link/wrap-tests-with-act
    at Select (file:///home/ayush/Desktop/RS-Monolith/agent/node_modules/@radix-ui/react-select/dist/index.mjs:42:5)
    at div
    at div
    at div
    at div
    at file:///home/ayush/Desktop/RS-Monolith/agent/node_modules/@radix-ui/react-primitive/dist/index.mjs:26:13
    at file:///home/ayush/Desktop/RS-Monolith/agent/node_modules/@radix-ui/react-dismissable-layer/dist/index.mjs:24:7
    at file:///home/ayush/Desktop/RS-Monolith/agent/node_modules/@radix-ui/react-slot/dist/index.mjs:25:11
    at file:///home/ayush/Desktop/RS-Monolith/agent/node_modules/@radix-ui/react-slot/dist/index.mjs:6:11
    at file:///home/ayush/Desktop/RS-Monolith/agent/node_modules/@radix-ui/react-primitive/dist/index.mjs:26:13
    at file:///home/ayush/Desktop/RS-Monolith/agent/node_modules/@radix-ui/react-focus-scope/dist/index.mjs:15:5
    at file:///home/ayush/Desktop/RS-Monolith/agent/node_modules/@radix-ui/react-dialog/dist/index.mjs:204:13
    at file:///home/ayush/Desktop/RS-Monolith/agent/node_modules/@radix-ui/react-dialog/dist/index.mjs:130:58
    at Presence (file:///home/ayush/Desktop/RS-Monolith/agent/node_modules/@radix-ui/react-presence/dist/index.mjs:19:11)
    at file:///home/ayush/Desktop/RS-Monolith/agent/node_modules/@radix-ui/react-dialog/dist/index.mjs:121:64
    at file:///home/ayush/Desktop/RS-Monolith/agent/node_modules/@radix-ui/react-slot/dist/index.mjs:25:11
    at file:///home/ayush/Desktop/RS-Monolith/agent/node_modules/@radix-ui/react-slot/dist/index.mjs:6:11
    at file:///home/ayush/Desktop/RS-Monolith/agent/node_modules/@radix-ui/react-primitive/dist/index.mjs:26:13
    at file:///home/ayush/Desktop/RS-Monolith/agent/node_modules/@radix-ui/react-portal/dist/index.mjs:11:22
    at Presence (file:///home/ayush/Desktop/RS-Monolith/agent/node_modules/@radix-ui/react-presence/dist/index.mjs:19:11)
    at Provider (file:///home/ayush/Desktop/RS-Monolith/agent/node_modules/@radix-ui/react-context/dist/index.mjs:27:15)
    at DialogPortal (file:///home/ayush/Desktop/RS-Monolith/agent/node_modules/@radix-ui/react-dialog/dist/index.mjs:84:11)
    at /home/ayush/Desktop/RS-Monolith/agent/src/components/ui/dialog.tsx:45:59
    at Provider (file:///home/ayush/Desktop/RS-Monolith/agent/node_modules/@radix-ui/react-context/dist/index.mjs:27:15)
    at Dialog (file:///home/ayush/Desktop/RS-Monolith/agent/node_modules/@radix-ui/react-dialog/dist/index.mjs:25:5)
    at BookingDialog (/home/ayush/Desktop/RS-Monolith/agent/src/components/BookingDialoge.tsx:26:3)
Warning: An update to SelectItem inside a test was not wrapped in act(...).

When testing, code that causes React state updates should be wrapped into act(...):

act(() => {
  /* fire events that update state */
});
/* assert on the output */

This ensures that you're testing the behavior the user would see in the browser. Learn more at https://reactjs.org/link/wrap-tests-with-act
    at file:///home/ayush/Desktop/RS-Monolith/agent/node_modules/@radix-ui/react-select/dist/index.mjs:797:7
    at /home/ayush/Desktop/RS-Monolith/agent/src/components/ui/select.tsx:179:56
    at div
    at file:///home/ayush/Desktop/RS-Monolith/agent/node_modules/@radix-ui/react-primitive/dist/index.mjs:26:13
    at file:///home/ayush/Desktop/RS-Monolith/agent/node_modules/@radix-ui/react-slot/dist/index.mjs:25:11
    at file:///home/ayush/Desktop/RS-Monolith/agent/node_modules/@radix-ui/react-slot/dist/index.mjs:6:11
    at file:///home/ayush/Desktop/RS-Monolith/agent/node_modules/@radix-ui/react-collection/dist/index.mjs:26:15
    at file:///home/ayush/Desktop/RS-Monolith/agent/node_modules/@radix-ui/react-select/dist/index.mjs:708:13
    at div
    at file:///home/ayush/Desktop/RS-Monolith/agent/node_modules/@radix-ui/react-slot/dist/index.mjs:25:11
    at file:///home/ayush/Desktop/RS-Monolith/agent/node_modules/@radix-ui/react-slot/dist/index.mjs:6:11
    at file:///home/ayush/Desktop/RS-Monolith/agent/node_modules/@radix-ui/react-collection/dist/index.mjs:26:15
    at Provider (file:///home/ayush/Desktop/RS-Monolith/agent/node_modules/@radix-ui/react-context/dist/index.mjs:27:15)
    at file:///home/ayush/Desktop/RS-Monolith/agent/node_modules/@radix-ui/react-select/dist/index.mjs:254:58
    at file:///home/ayush/Desktop/RS-Monolith/agent/node_modules/@radix-ui/react-slot/dist/index.mjs:25:11
    at file:///home/ayush/Desktop/RS-Monolith/agent/node_modules/@radix-ui/react-slot/dist/index.mjs:6:11
    at file:///home/ayush/Desktop/RS-Monolith/agent/node_modules/@radix-ui/react-primitive/dist/index.mjs:26:13
    at file:///home/ayush/Desktop/RS-Monolith/agent/node_modules/@radix-ui/react-portal/dist/index.mjs:11:22
    at SelectPortal
    at /home/ayush/Desktop/RS-Monolith/agent/src/components/ui/select.tsx:106:59
    at Provider (file:///home/ayush/Desktop/RS-Monolith/agent/node_modules/@radix-ui/react-context/dist/index.mjs:27:15)
    at Provider (file:///home/ayush/Desktop/RS-Monolith/agent/node_modules/@radix-ui/react-collection/node_modules/@radix-ui/react-context/dist/index.mjs:27:15)
    at CollectionProvider (file:///home/ayush/Desktop/RS-Monolith/agent/node_modules/@radix-ui/react-collection/dist/index.mjs:17:13)
    at Provider (file:///home/ayush/Desktop/RS-Monolith/agent/node_modules/@radix-ui/react-context/dist/index.mjs:27:15)
    at Provider (file:///home/ayush/Desktop/RS-Monolith/agent/node_modules/@radix-ui/react-popper/node_modules/@radix-ui/react-context/dist/index.mjs:27:15)
    at Popper (file:///home/ayush/Desktop/RS-Monolith/agent/node_modules/@radix-ui/react-popper/dist/index.mjs:30:11)
    at Select (file:///home/ayush/Desktop/RS-Monolith/agent/node_modules/@radix-ui/react-select/dist/index.mjs:42:5)
    at div
    at div
    at div
    at div
    at file:///home/ayush/Desktop/RS-Monolith/agent/node_modules/@radix-ui/react-primitive/dist/index.mjs:26:13
    at file:///home/ayush/Desktop/RS-Monolith/agent/node_modules/@radix-ui/react-dismissable-layer/dist/index.mjs:24:7
    at file:///home/ayush/Desktop/RS-Monolith/agent/node_modules/@radix-ui/react-slot/dist/index.mjs:25:11
    at file:///home/ayush/Desktop/RS-Monolith/agent/node_modules/@radix-ui/react-slot/dist/index.mjs:6:11
    at file:///home/ayush/Desktop/RS-Monolith/agent/node_modules/@radix-ui/react-primitive/dist/index.mjs:26:13
    at file:///home/ayush/Desktop/RS-Monolith/agent/node_modules/@radix-ui/react-focus-scope/dist/index.mjs:15:5
    at file:///home/ayush/Desktop/RS-Monolith/agent/node_modules/@radix-ui/react-dialog/dist/index.mjs:204:13
    at file:///home/ayush/Desktop/RS-Monolith/agent/node_modules/@radix-ui/react-dialog/dist/index.mjs:130:58
    at Presence (file:///home/ayush/Desktop/RS-Monolith/agent/node_modules/@radix-ui/react-presence/dist/index.mjs:19:11)
    at file:///home/ayush/Desktop/RS-Monolith/agent/node_modules/@radix-ui/react-dialog/dist/index.mjs:121:64
    at file:///home/ayush/Desktop/RS-Monolith/agent/node_modules/@radix-ui/react-slot/dist/index.mjs:25:11
    at file:///home/ayush/Desktop/RS-Monolith/agent/node_modules/@radix-ui/react-slot/dist/index.mjs:6:11
    at file:///home/ayush/Desktop/RS-Monolith/agent/node_modules/@radix-ui/react-primitive/dist/index.mjs:26:13
    at file:///home/ayush/Desktop/RS-Monolith/agent/node_modules/@radix-ui/react-portal/dist/index.mjs:11:22
    at Presence (file:///home/ayush/Desktop/RS-Monolith/agent/node_modules/@radix-ui/react-presence/dist/index.mjs:19:11)
    at Provider (file:///home/ayush/Desktop/RS-Monolith/agent/node_modules/@radix-ui/react-context/dist/index.mjs:27:15)
    at DialogPortal (file:///home/ayush/Desktop/RS-Monolith/agent/node_modules/@radix-ui/react-dialog/dist/index.mjs:84:11)
    at /home/ayush/Desktop/RS-Monolith/agent/src/components/ui/dialog.tsx:45:59
    at Provider (file:///home/ayush/Desktop/RS-Monolith/agent/node_modules/@radix-ui/react-context/dist/index.mjs:27:15)
    at Dialog (file:///home/ayush/Desktop/RS-Monolith/agent/node_modules/@radix-ui/react-dialog/dist/index.mjs:25:5)
    at BookingDialog (/home/ayush/Desktop/RS-Monolith/agent/src/components/BookingDialoge.tsx:26:3)
Warning: An update to SelectItemText inside a test was not wrapped in act(...).

When testing, code that causes React state updates should be wrapped into act(...):

act(() => {
  /* fire events that update state */
});
/* assert on the output */

This ensures that you're testing the behavior the user would see in the browser. Learn more at https://reactjs.org/link/wrap-tests-with-act
    at file:///home/ayush/Desktop/RS-Monolith/agent/node_modules/@radix-ui/react-select/dist/index.mjs:898:13
    at div
    at file:///home/ayush/Desktop/RS-Monolith/agent/node_modules/@radix-ui/react-primitive/dist/index.mjs:26:13
    at file:///home/ayush/Desktop/RS-Monolith/agent/node_modules/@radix-ui/react-slot/dist/index.mjs:25:11
    at file:///home/ayush/Desktop/RS-Monolith/agent/node_modules/@radix-ui/react-slot/dist/index.mjs:6:11
    at file:///home/ayush/Desktop/RS-Monolith/agent/node_modules/@radix-ui/react-collection/dist/index.mjs:37:15
    at Provider (file:///home/ayush/Desktop/RS-Monolith/agent/node_modules/@radix-ui/react-context/dist/index.mjs:27:15)
    at file:///home/ayush/Desktop/RS-Monolith/agent/node_modules/@radix-ui/react-select/dist/index.mjs:797:7
    at /home/ayush/Desktop/RS-Monolith/agent/src/components/ui/select.tsx:179:56
    at div
    at file:///home/ayush/Desktop/RS-Monolith/agent/node_modules/@radix-ui/react-primitive/dist/index.mjs:26:13
    at file:///home/ayush/Desktop/RS-Monolith/agent/node_modules/@radix-ui/react-slot/dist/index.mjs:25:11
    at file:///home/ayush/Desktop/RS-Monolith/agent/node_modules/@radix-ui/react-slot/dist/index.mjs:6:11
    at file:///home/ayush/Desktop/RS-Monolith/agent/node_modules/@radix-ui/react-collection/dist/index.mjs:26:15
    at file:///home/ayush/Desktop/RS-Monolith/agent/node_modules/@radix-ui/react-select/dist/index.mjs:708:13
    at div
    at file:///home/ayush/Desktop/RS-Monolith/agent/node_modules/@radix-ui/react-slot/dist/index.mjs:25:11
    at file:///home/ayush/Desktop/RS-Monolith/agent/node_modules/@radix-ui/react-slot/dist/index.mjs:6:11
    at file:///home/ayush/Desktop/RS-Monolith/agent/node_modules/@radix-ui/react-collection/dist/index.mjs:26:15
    at Provider (file:///home/ayush/Desktop/RS-Monolith/agent/node_modules/@radix-ui/react-context/dist/index.mjs:27:15)
    at file:///home/ayush/Desktop/RS-Monolith/agent/node_modules/@radix-ui/react-select/dist/index.mjs:254:58
    at file:///home/ayush/Desktop/RS-Monolith/agent/node_modules/@radix-ui/react-slot/dist/index.mjs:25:11
    at file:///home/ayush/Desktop/RS-Monolith/agent/node_modules/@radix-ui/react-slot/dist/index.mjs:6:11
    at file:///home/ayush/Desktop/RS-Monolith/agent/node_modules/@radix-ui/react-primitive/dist/index.mjs:26:13
    at file:///home/ayush/Desktop/RS-Monolith/agent/node_modules/@radix-ui/react-portal/dist/index.mjs:11:22
    at SelectPortal
    at /home/ayush/Desktop/RS-Monolith/agent/src/components/ui/select.tsx:106:59
    at Provider (file:///home/ayush/Desktop/RS-Monolith/agent/node_modules/@radix-ui/react-context/dist/index.mjs:27:15)
    at Provider (file:///home/ayush/Desktop/RS-Monolith/agent/node_modules/@radix-ui/react-collection/node_modules/@radix-ui/react-context/dist/index.mjs:27:15)
    at CollectionProvider (file:///home/ayush/Desktop/RS-Monolith/agent/node_modules/@radix-ui/react-collection/dist/index.mjs:17:13)
    at Provider (file:///home/ayush/Desktop/RS-Monolith/agent/node_modules/@radix-ui/react-context/dist/index.mjs:27:15)
    at Provider (file:///home/ayush/Desktop/RS-Monolith/agent/node_modules/@radix-ui/react-popper/node_modules/@radix-ui/react-context/dist/index.mjs:27:15)
    at Popper (file:///home/ayush/Desktop/RS-Monolith/agent/node_modules/@radix-ui/react-popper/dist/index.mjs:30:11)
    at Select (file:///home/ayush/Desktop/RS-Monolith/agent/node_modules/@radix-ui/react-select/dist/index.mjs:42:5)
    at div
    at div
    at div
    at div
    at file:///home/ayush/Desktop/RS-Monolith/agent/node_modules/@radix-ui/react-primitive/dist/index.mjs:26:13
    at file:///home/ayush/Desktop/RS-Monolith/agent/node_modules/@radix-ui/react-dismissable-layer/dist/index.mjs:24:7
    at file:///home/ayush/Desktop/RS-Monolith/agent/node_modules/@radix-ui/react-slot/dist/index.mjs:25:11
    at file:///home/ayush/Desktop/RS-Monolith/agent/node_modules/@radix-ui/react-slot/dist/index.mjs:6:11
    at file:///home/ayush/Desktop/RS-Monolith/agent/node_modules/@radix-ui/react-primitive/dist/index.mjs:26:13
    at file:///home/ayush/Desktop/RS-Monolith/agent/node_modules/@radix-ui/react-focus-scope/dist/index.mjs:15:5
    at file:///home/ayush/Desktop/RS-Monolith/agent/node_modules/@radix-ui/react-dialog/dist/index.mjs:204:13
    at file:///home/ayush/Desktop/RS-Monolith/agent/node_modules/@radix-ui/react-dialog/dist/index.mjs:130:58
    at Presence (file:///home/ayush/Desktop/RS-Monolith/agent/node_modules/@radix-ui/react-presence/dist/index.mjs:19:11)
    at file:///home/ayush/Desktop/RS-Monolith/agent/node_modules/@radix-ui/react-dialog/dist/index.mjs:121:64
    at file:///home/ayush/Desktop/RS-Monolith/agent/node_modules/@radix-ui/react-slot/dist/index.mjs:25:11
    at file:///home/ayush/Desktop/RS-Monolith/agent/node_modules/@radix-ui/react-slot/dist/index.mjs:6:11
    at file:///home/ayush/Desktop/RS-Monolith/agent/node_modules/@radix-ui/react-primitive/dist/index.mjs:26:13
    at file:///home/ayush/Desktop/RS-Monolith/agent/node_modules/@radix-ui/react-portal/dist/index.mjs:11:22
    at Presence (file:///home/ayush/Desktop/RS-Monolith/agent/node_modules/@radix-ui/react-presence/dist/index.mjs:19:11)
    at Provider (file:///home/ayush/Desktop/RS-Monolith/agent/node_modules/@radix-ui/react-context/dist/index.mjs:27:15)
    at DialogPortal (file:///home/ayush/Desktop/RS-Monolith/agent/node_modules/@radix-ui/react-dialog/dist/index.mjs:84:11)
    at /home/ayush/Desktop/RS-Monolith/agent/src/components/ui/dialog.tsx:45:59
    at Provider (file:///home/ayush/Desktop/RS-Monolith/agent/node_modules/@radix-ui/react-context/dist/index.mjs:27:15)
    at Dialog (file:///home/ayush/Desktop/RS-Monolith/agent/node_modules/@radix-ui/react-dialog/dist/index.mjs:25:5)
    at BookingDialog (/home/ayush/Desktop/RS-Monolith/agent/src/components/BookingDialoge.tsx:26:3)
Warning: An update to SelectItem inside a test was not wrapped in act(...).

When testing, code that causes React state updates should be wrapped into act(...):

act(() => {
  /* fire events that update state */
});
/* assert on the output */

This ensures that you're testing the behavior the user would see in the browser. Learn more at https://reactjs.org/link/wrap-tests-with-act
    at file:///home/ayush/Desktop/RS-Monolith/agent/node_modules/@radix-ui/react-select/dist/index.mjs:797:7
    at /home/ayush/Desktop/RS-Monolith/agent/src/components/ui/select.tsx:179:56
    at div
    at file:///home/ayush/Desktop/RS-Monolith/agent/node_modules/@radix-ui/react-primitive/dist/index.mjs:26:13
    at file:///home/ayush/Desktop/RS-Monolith/agent/node_modules/@radix-ui/react-slot/dist/index.mjs:25:11
    at file:///home/ayush/Desktop/RS-Monolith/agent/node_modules/@radix-ui/react-slot/dist/index.mjs:6:11
    at file:///home/ayush/Desktop/RS-Monolith/agent/node_modules/@radix-ui/react-collection/dist/index.mjs:26:15
    at file:///home/ayush/Desktop/RS-Monolith/agent/node_modules/@radix-ui/react-select/dist/index.mjs:708:13
    at div
    at file:///home/ayush/Desktop/RS-Monolith/agent/node_modules/@radix-ui/react-slot/dist/index.mjs:25:11
    at file:///home/ayush/Desktop/RS-Monolith/agent/node_modules/@radix-ui/react-slot/dist/index.mjs:6:11
    at file:///home/ayush/Desktop/RS-Monolith/agent/node_modules/@radix-ui/react-collection/dist/index.mjs:26:15
    at Provider (file:///home/ayush/Desktop/RS-Monolith/agent/node_modules/@radix-ui/react-context/dist/index.mjs:27:15)
    at file:///home/ayush/Desktop/RS-Monolith/agent/node_modules/@radix-ui/react-select/dist/index.mjs:254:58
    at file:///home/ayush/Desktop/RS-Monolith/agent/node_modules/@radix-ui/react-slot/dist/index.mjs:25:11
    at file:///home/ayush/Desktop/RS-Monolith/agent/node_modules/@radix-ui/react-slot/dist/index.mjs:6:11
    at file:///home/ayush/Desktop/RS-Monolith/agent/node_modules/@radix-ui/react-primitive/dist/index.mjs:26:13
    at file:///home/ayush/Desktop/RS-Monolith/agent/node_modules/@radix-ui/react-portal/dist/index.mjs:11:22
    at SelectPortal
    at /home/ayush/Desktop/RS-Monolith/agent/src/components/ui/select.tsx:106:59
    at Provider (file:///home/ayush/Desktop/RS-Monolith/agent/node_modules/@radix-ui/react-context/dist/index.mjs:27:15)
    at Provider (file:///home/ayush/Desktop/RS-Monolith/agent/node_modules/@radix-ui/react-collection/node_modules/@radix-ui/react-context/dist/index.mjs:27:15)
    at CollectionProvider (file:///home/ayush/Desktop/RS-Monolith/agent/node_modules/@radix-ui/react-collection/dist/index.mjs:17:13)
    at Provider (file:///home/ayush/Desktop/RS-Monolith/agent/node_modules/@radix-ui/react-context/dist/index.mjs:27:15)
    at Provider (file:///home/ayush/Desktop/RS-Monolith/agent/node_modules/@radix-ui/react-popper/node_modules/@radix-ui/react-context/dist/index.mjs:27:15)
    at Popper (file:///home/ayush/Desktop/RS-Monolith/agent/node_modules/@radix-ui/react-popper/dist/index.mjs:30:11)
    at Select (file:///home/ayush/Desktop/RS-Monolith/agent/node_modules/@radix-ui/react-select/dist/index.mjs:42:5)
    at div
    at div
    at div
    at div
    at file:///home/ayush/Desktop/RS-Monolith/agent/node_modules/@radix-ui/react-primitive/dist/index.mjs:26:13
    at file:///home/ayush/Desktop/RS-Monolith/agent/node_modules/@radix-ui/react-dismissable-layer/dist/index.mjs:24:7
    at file:///home/ayush/Desktop/RS-Monolith/agent/node_modules/@radix-ui/react-slot/dist/index.mjs:25:11
    at file:///home/ayush/Desktop/RS-Monolith/agent/node_modules/@radix-ui/react-slot/dist/index.mjs:6:11
    at file:///home/ayush/Desktop/RS-Monolith/agent/node_modules/@radix-ui/react-primitive/dist/index.mjs:26:13
    at file:///home/ayush/Desktop/RS-Monolith/agent/node_modules/@radix-ui/react-focus-scope/dist/index.mjs:15:5
    at file:///home/ayush/Desktop/RS-Monolith/agent/node_modules/@radix-ui/react-dialog/dist/index.mjs:204:13
    at file:///home/ayush/Desktop/RS-Monolith/agent/node_modules/@radix-ui/react-dialog/dist/index.mjs:130:58
    at Presence (file:///home/ayush/Desktop/RS-Monolith/agent/node_modules/@radix-ui/react-presence/dist/index.mjs:19:11)
    at file:///home/ayush/Desktop/RS-Monolith/agent/node_modules/@radix-ui/react-dialog/dist/index.mjs:121:64
    at file:///home/ayush/Desktop/RS-Monolith/agent/node_modules/@radix-ui/react-slot/dist/index.mjs:25:11
    at file:///home/ayush/Desktop/RS-Monolith/agent/node_modules/@radix-ui/react-slot/dist/index.mjs:6:11
    at file:///home/ayush/Desktop/RS-Monolith/agent/node_modules/@radix-ui/react-primitive/dist/index.mjs:26:13
    at file:///home/ayush/Desktop/RS-Monolith/agent/node_modules/@radix-ui/react-portal/dist/index.mjs:11:22
    at Presence (file:///home/ayush/Desktop/RS-Monolith/agent/node_modules/@radix-ui/react-presence/dist/index.mjs:19:11)
    at Provider (file:///home/ayush/Desktop/RS-Monolith/agent/node_modules/@radix-ui/react-context/dist/index.mjs:27:15)
    at DialogPortal (file:///home/ayush/Desktop/RS-Monolith/agent/node_modules/@radix-ui/react-dialog/dist/index.mjs:84:11)
    at /home/ayush/Desktop/RS-Monolith/agent/src/components/ui/dialog.tsx:45:59
    at Provider (file:///home/ayush/Desktop/RS-Monolith/agent/node_modules/@radix-ui/react-context/dist/index.mjs:27:15)
    at Dialog (file:///home/ayush/Desktop/RS-Monolith/agent/node_modules/@radix-ui/react-dialog/dist/index.mjs:25:5)
    at BookingDialog (/home/ayush/Desktop/RS-Monolith/agent/src/components/BookingDialoge.tsx:26:3)
Warning: An update to Select inside a test was not wrapped in act(...).

When testing, code that causes React state updates should be wrapped into act(...):

act(() => {
  /* fire events that update state */
});
/* assert on the output */

This ensures that you're testing the behavior the user would see in the browser. Learn more at https://reactjs.org/link/wrap-tests-with-act
    at Select (file:///home/ayush/Desktop/RS-Monolith/agent/node_modules/@radix-ui/react-select/dist/index.mjs:42:5)
    at div
    at div
    at div
    at div
    at file:///home/ayush/Desktop/RS-Monolith/agent/node_modules/@radix-ui/react-primitive/dist/index.mjs:26:13
    at file:///home/ayush/Desktop/RS-Monolith/agent/node_modules/@radix-ui/react-dismissable-layer/dist/index.mjs:24:7
    at file:///home/ayush/Desktop/RS-Monolith/agent/node_modules/@radix-ui/react-slot/dist/index.mjs:25:11
    at file:///home/ayush/Desktop/RS-Monolith/agent/node_modules/@radix-ui/react-slot/dist/index.mjs:6:11
    at file:///home/ayush/Desktop/RS-Monolith/agent/node_modules/@radix-ui/react-primitive/dist/index.mjs:26:13
    at file:///home/ayush/Desktop/RS-Monolith/agent/node_modules/@radix-ui/react-focus-scope/dist/index.mjs:15:5
    at file:///home/ayush/Desktop/RS-Monolith/agent/node_modules/@radix-ui/react-dialog/dist/index.mjs:204:13
    at file:///home/ayush/Desktop/RS-Monolith/agent/node_modules/@radix-ui/react-dialog/dist/index.mjs:130:58
    at Presence (file:///home/ayush/Desktop/RS-Monolith/agent/node_modules/@radix-ui/react-presence/dist/index.mjs:19:11)
    at file:///home/ayush/Desktop/RS-Monolith/agent/node_modules/@radix-ui/react-dialog/dist/index.mjs:121:64
    at file:///home/ayush/Desktop/RS-Monolith/agent/node_modules/@radix-ui/react-slot/dist/index.mjs:25:11
    at file:///home/ayush/Desktop/RS-Monolith/agent/node_modules/@radix-ui/react-slot/dist/index.mjs:6:11
    at file:///home/ayush/Desktop/RS-Monolith/agent/node_modules/@radix-ui/react-primitive/dist/index.mjs:26:13
    at file:///home/ayush/Desktop/RS-Monolith/agent/node_modules/@radix-ui/react-portal/dist/index.mjs:11:22
    at Presence (file:///home/ayush/Desktop/RS-Monolith/agent/node_modules/@radix-ui/react-presence/dist/index.mjs:19:11)
    at Provider (file:///home/ayush/Desktop/RS-Monolith/agent/node_modules/@radix-ui/react-context/dist/index.mjs:27:15)
    at DialogPortal (file:///home/ayush/Desktop/RS-Monolith/agent/node_modules/@radix-ui/react-dialog/dist/index.mjs:84:11)
    at /home/ayush/Desktop/RS-Monolith/agent/src/components/ui/dialog.tsx:45:59
    at Provider (file:///home/ayush/Desktop/RS-Monolith/agent/node_modules/@radix-ui/react-context/dist/index.mjs:27:15)
    at Dialog (file:///home/ayush/Desktop/RS-Monolith/agent/node_modules/@radix-ui/react-dialog/dist/index.mjs:25:5)
    at BookingDialog (/home/ayush/Desktop/RS-Monolith/agent/src/components/BookingDialoge.tsx:26:3)
Warning: An update to SelectItem inside a test was not wrapped in act(...).

When testing, code that causes React state updates should be wrapped into act(...):

act(() => {
  /* fire events that update state */
});
/* assert on the output */

This ensures that you're testing the behavior the user would see in the browser. Learn more at https://reactjs.org/link/wrap-tests-with-act
    at file:///home/ayush/Desktop/RS-Monolith/agent/node_modules/@radix-ui/react-select/dist/index.mjs:797:7
    at /home/ayush/Desktop/RS-Monolith/agent/src/components/ui/select.tsx:179:56
    at div
    at file:///home/ayush/Desktop/RS-Monolith/agent/node_modules/@radix-ui/react-primitive/dist/index.mjs:26:13
    at file:///home/ayush/Desktop/RS-Monolith/agent/node_modules/@radix-ui/react-slot/dist/index.mjs:25:11
    at file:///home/ayush/Desktop/RS-Monolith/agent/node_modules/@radix-ui/react-slot/dist/index.mjs:6:11
    at file:///home/ayush/Desktop/RS-Monolith/agent/node_modules/@radix-ui/react-collection/dist/index.mjs:26:15
    at file:///home/ayush/Desktop/RS-Monolith/agent/node_modules/@radix-ui/react-select/dist/index.mjs:708:13
    at div
    at file:///home/ayush/Desktop/RS-Monolith/agent/node_modules/@radix-ui/react-slot/dist/index.mjs:25:11
    at file:///home/ayush/Desktop/RS-Monolith/agent/node_modules/@radix-ui/react-slot/dist/index.mjs:6:11
    at file:///home/ayush/Desktop/RS-Monolith/agent/node_modules/@radix-ui/react-collection/dist/index.mjs:26:15
    at Provider (file:///home/ayush/Desktop/RS-Monolith/agent/node_modules/@radix-ui/react-context/dist/index.mjs:27:15)
    at file:///home/ayush/Desktop/RS-Monolith/agent/node_modules/@radix-ui/react-select/dist/index.mjs:254:58
    at file:///home/ayush/Desktop/RS-Monolith/agent/node_modules/@radix-ui/react-slot/dist/index.mjs:25:11
    at file:///home/ayush/Desktop/RS-Monolith/agent/node_modules/@radix-ui/react-slot/dist/index.mjs:6:11
    at file:///home/ayush/Desktop/RS-Monolith/agent/node_modules/@radix-ui/react-primitive/dist/index.mjs:26:13
    at file:///home/ayush/Desktop/RS-Monolith/agent/node_modules/@radix-ui/react-portal/dist/index.mjs:11:22
    at SelectPortal
    at /home/ayush/Desktop/RS-Monolith/agent/src/components/ui/select.tsx:106:59
    at Provider (file:///home/ayush/Desktop/RS-Monolith/agent/node_modules/@radix-ui/react-context/dist/index.mjs:27:15)
    at Provider (file:///home/ayush/Desktop/RS-Monolith/agent/node_modules/@radix-ui/react-collection/node_modules/@radix-ui/react-context/dist/index.mjs:27:15)
    at CollectionProvider (file:///home/ayush/Desktop/RS-Monolith/agent/node_modules/@radix-ui/react-collection/dist/index.mjs:17:13)
    at Provider (file:///home/ayush/Desktop/RS-Monolith/agent/node_modules/@radix-ui/react-context/dist/index.mjs:27:15)
    at Provider (file:///home/ayush/Desktop/RS-Monolith/agent/node_modules/@radix-ui/react-popper/node_modules/@radix-ui/react-context/dist/index.mjs:27:15)
    at Popper (file:///home/ayush/Desktop/RS-Monolith/agent/node_modules/@radix-ui/react-popper/dist/index.mjs:30:11)
    at Select (file:///home/ayush/Desktop/RS-Monolith/agent/node_modules/@radix-ui/react-select/dist/index.mjs:42:5)
    at div
    at div
    at div
    at div
    at file:///home/ayush/Desktop/RS-Monolith/agent/node_modules/@radix-ui/react-primitive/dist/index.mjs:26:13
    at file:///home/ayush/Desktop/RS-Monolith/agent/node_modules/@radix-ui/react-dismissable-layer/dist/index.mjs:24:7
    at file:///home/ayush/Desktop/RS-Monolith/agent/node_modules/@radix-ui/react-slot/dist/index.mjs:25:11
    at file:///home/ayush/Desktop/RS-Monolith/agent/node_modules/@radix-ui/react-slot/dist/index.mjs:6:11
    at file:///home/ayush/Desktop/RS-Monolith/agent/node_modules/@radix-ui/react-primitive/dist/index.mjs:26:13
    at file:///home/ayush/Desktop/RS-Monolith/agent/node_modules/@radix-ui/react-focus-scope/dist/index.mjs:15:5
    at file:///home/ayush/Desktop/RS-Monolith/agent/node_modules/@radix-ui/react-dialog/dist/index.mjs:204:13
    at file:///home/ayush/Desktop/RS-Monolith/agent/node_modules/@radix-ui/react-dialog/dist/index.mjs:130:58
    at Presence (file:///home/ayush/Desktop/RS-Monolith/agent/node_modules/@radix-ui/react-presence/dist/index.mjs:19:11)
    at file:///home/ayush/Desktop/RS-Monolith/agent/node_modules/@radix-ui/react-dialog/dist/index.mjs:121:64
    at file:///home/ayush/Desktop/RS-Monolith/agent/node_modules/@radix-ui/react-slot/dist/index.mjs:25:11
    at file:///home/ayush/Desktop/RS-Monolith/agent/node_modules/@radix-ui/react-slot/dist/index.mjs:6:11
    at file:///home/ayush/Desktop/RS-Monolith/agent/node_modules/@radix-ui/react-primitive/dist/index.mjs:26:13
    at file:///home/ayush/Desktop/RS-Monolith/agent/node_modules/@radix-ui/react-portal/dist/index.mjs:11:22
    at Presence (file:///home/ayush/Desktop/RS-Monolith/agent/node_modules/@radix-ui/react-presence/dist/index.mjs:19:11)
    at Provider (file:///home/ayush/Desktop/RS-Monolith/agent/node_modules/@radix-ui/react-context/dist/index.mjs:27:15)
    at DialogPortal (file:///home/ayush/Desktop/RS-Monolith/agent/node_modules/@radix-ui/react-dialog/dist/index.mjs:84:11)
    at /home/ayush/Desktop/RS-Monolith/agent/src/components/ui/dialog.tsx:45:59
    at Provider (file:///home/ayush/Desktop/RS-Monolith/agent/node_modules/@radix-ui/react-context/dist/index.mjs:27:15)
    at Dialog (file:///home/ayush/Desktop/RS-Monolith/agent/node_modules/@radix-ui/react-dialog/dist/index.mjs:25:5)
    at BookingDialog (/home/ayush/Desktop/RS-Monolith/agent/src/components/BookingDialoge.tsx:26:3)
Warning: An update to SelectItemText inside a test was not wrapped in act(...).

When testing, code that causes React state updates should be wrapped into act(...):

act(() => {
  /* fire events that update state */
});
/* assert on the output */

This ensures that you're testing the behavior the user would see in the browser. Learn more at https://reactjs.org/link/wrap-tests-with-act
    at file:///home/ayush/Desktop/RS-Monolith/agent/node_modules/@radix-ui/react-select/dist/index.mjs:898:13
    at div
    at file:///home/ayush/Desktop/RS-Monolith/agent/node_modules/@radix-ui/react-primitive/dist/index.mjs:26:13
    at file:///home/ayush/Desktop/RS-Monolith/agent/node_modules/@radix-ui/react-slot/dist/index.mjs:25:11
    at file:///home/ayush/Desktop/RS-Monolith/agent/node_modules/@radix-ui/react-slot/dist/index.mjs:6:11
    at file:///home/ayush/Desktop/RS-Monolith/agent/node_modules/@radix-ui/react-collection/dist/index.mjs:37:15
    at Provider (file:///home/ayush/Desktop/RS-Monolith/agent/node_modules/@radix-ui/react-context/dist/index.mjs:27:15)
    at file:///home/ayush/Desktop/RS-Monolith/agent/node_modules/@radix-ui/react-select/dist/index.mjs:797:7
    at /home/ayush/Desktop/RS-Monolith/agent/src/components/ui/select.tsx:179:56
    at div
    at file:///home/ayush/Desktop/RS-Monolith/agent/node_modules/@radix-ui/react-primitive/dist/index.mjs:26:13
    at file:///home/ayush/Desktop/RS-Monolith/agent/node_modules/@radix-ui/react-slot/dist/index.mjs:25:11
    at file:///home/ayush/Desktop/RS-Monolith/agent/node_modules/@radix-ui/react-slot/dist/index.mjs:6:11
    at file:///home/ayush/Desktop/RS-Monolith/agent/node_modules/@radix-ui/react-collection/dist/index.mjs:26:15
    at file:///home/ayush/Desktop/RS-Monolith/agent/node_modules/@radix-ui/react-select/dist/index.mjs:708:13
    at div
    at file:///home/ayush/Desktop/RS-Monolith/agent/node_modules/@radix-ui/react-slot/dist/index.mjs:25:11
    at file:///home/ayush/Desktop/RS-Monolith/agent/node_modules/@radix-ui/react-slot/dist/index.mjs:6:11
    at file:///home/ayush/Desktop/RS-Monolith/agent/node_modules/@radix-ui/react-collection/dist/index.mjs:26:15
    at Provider (file:///home/ayush/Desktop/RS-Monolith/agent/node_modules/@radix-ui/react-context/dist/index.mjs:27:15)
    at file:///home/ayush/Desktop/RS-Monolith/agent/node_modules/@radix-ui/react-select/dist/index.mjs:254:58
    at file:///home/ayush/Desktop/RS-Monolith/agent/node_modules/@radix-ui/react-slot/dist/index.mjs:25:11
    at file:///home/ayush/Desktop/RS-Monolith/agent/node_modules/@radix-ui/react-slot/dist/index.mjs:6:11
    at file:///home/ayush/Desktop/RS-Monolith/agent/node_modules/@radix-ui/react-primitive/dist/index.mjs:26:13
    at file:///home/ayush/Desktop/RS-Monolith/agent/node_modules/@radix-ui/react-portal/dist/index.mjs:11:22
    at SelectPortal
    at /home/ayush/Desktop/RS-Monolith/agent/src/components/ui/select.tsx:106:59
    at Provider (file:///home/ayush/Desktop/RS-Monolith/agent/node_modules/@radix-ui/react-context/dist/index.mjs:27:15)
    at Provider (file:///home/ayush/Desktop/RS-Monolith/agent/node_modules/@radix-ui/react-collection/node_modules/@radix-ui/react-context/dist/index.mjs:27:15)
    at CollectionProvider (file:///home/ayush/Desktop/RS-Monolith/agent/node_modules/@radix-ui/react-collection/dist/index.mjs:17:13)
    at Provider (file:///home/ayush/Desktop/RS-Monolith/agent/node_modules/@radix-ui/react-context/dist/index.mjs:27:15)
    at Provider (file:///home/ayush/Desktop/RS-Monolith/agent/node_modules/@radix-ui/react-popper/node_modules/@radix-ui/react-context/dist/index.mjs:27:15)
    at Popper (file:///home/ayush/Desktop/RS-Monolith/agent/node_modules/@radix-ui/react-popper/dist/index.mjs:30:11)
    at Select (file:///home/ayush/Desktop/RS-Monolith/agent/node_modules/@radix-ui/react-select/dist/index.mjs:42:5)
    at div
    at div
    at div
    at div
    at file:///home/ayush/Desktop/RS-Monolith/agent/node_modules/@radix-ui/react-primitive/dist/index.mjs:26:13
    at file:///home/ayush/Desktop/RS-Monolith/agent/node_modules/@radix-ui/react-dismissable-layer/dist/index.mjs:24:7
    at file:///home/ayush/Desktop/RS-Monolith/agent/node_modules/@radix-ui/react-slot/dist/index.mjs:25:11
    at file:///home/ayush/Desktop/RS-Monolith/agent/node_modules/@radix-ui/react-slot/dist/index.mjs:6:11
    at file:///home/ayush/Desktop/RS-Monolith/agent/node_modules/@radix-ui/react-primitive/dist/index.mjs:26:13
    at file:///home/ayush/Desktop/RS-Monolith/agent/node_modules/@radix-ui/react-focus-scope/dist/index.mjs:15:5
    at file:///home/ayush/Desktop/RS-Monolith/agent/node_modules/@radix-ui/react-dialog/dist/index.mjs:204:13
    at file:///home/ayush/Desktop/RS-Monolith/agent/node_modules/@radix-ui/react-dialog/dist/index.mjs:130:58
    at Presence (file:///home/ayush/Desktop/RS-Monolith/agent/node_modules/@radix-ui/react-presence/dist/index.mjs:19:11)
    at file:///home/ayush/Desktop/RS-Monolith/agent/node_modules/@radix-ui/react-dialog/dist/index.mjs:121:64
    at file:///home/ayush/Desktop/RS-Monolith/agent/node_modules/@radix-ui/react-slot/dist/index.mjs:25:11
    at file:///home/ayush/Desktop/RS-Monolith/agent/node_modules/@radix-ui/react-slot/dist/index.mjs:6:11
    at file:///home/ayush/Desktop/RS-Monolith/agent/node_modules/@radix-ui/react-primitive/dist/index.mjs:26:13
    at file:///home/ayush/Desktop/RS-Monolith/agent/node_modules/@radix-ui/react-portal/dist/index.mjs:11:22
    at Presence (file:///home/ayush/Desktop/RS-Monolith/agent/node_modules/@radix-ui/react-presence/dist/index.mjs:19:11)
    at Provider (file:///home/ayush/Desktop/RS-Monolith/agent/node_modules/@radix-ui/react-context/dist/index.mjs:27:15)
    at DialogPortal (file:///home/ayush/Desktop/RS-Monolith/agent/node_modules/@radix-ui/react-dialog/dist/index.mjs:84:11)
    at /home/ayush/Desktop/RS-Monolith/agent/src/components/ui/dialog.tsx:45:59
    at Provider (file:///home/ayush/Desktop/RS-Monolith/agent/node_modules/@radix-ui/react-context/dist/index.mjs:27:15)
    at Dialog (file:///home/ayush/Desktop/RS-Monolith/agent/node_modules/@radix-ui/react-dialog/dist/index.mjs:25:5)
    at BookingDialog (/home/ayush/Desktop/RS-Monolith/agent/src/components/BookingDialoge.tsx:26:3)
Warning: An update to SelectItem inside a test was not wrapped in act(...).

When testing, code that causes React state updates should be wrapped into act(...):

act(() => {
  /* fire events that update state */
});
/* assert on the output */

This ensures that you're testing the behavior the user would see in the browser. Learn more at https://reactjs.org/link/wrap-tests-with-act
    at file:///home/ayush/Desktop/RS-Monolith/agent/node_modules/@radix-ui/react-select/dist/index.mjs:797:7
    at /home/ayush/Desktop/RS-Monolith/agent/src/components/ui/select.tsx:179:56
    at div
    at file:///home/ayush/Desktop/RS-Monolith/agent/node_modules/@radix-ui/react-primitive/dist/index.mjs:26:13
    at file:///home/ayush/Desktop/RS-Monolith/agent/node_modules/@radix-ui/react-slot/dist/index.mjs:25:11
    at file:///home/ayush/Desktop/RS-Monolith/agent/node_modules/@radix-ui/react-slot/dist/index.mjs:6:11
    at file:///home/ayush/Desktop/RS-Monolith/agent/node_modules/@radix-ui/react-collection/dist/index.mjs:26:15
    at file:///home/ayush/Desktop/RS-Monolith/agent/node_modules/@radix-ui/react-select/dist/index.mjs:708:13
    at div
    at file:///home/ayush/Desktop/RS-Monolith/agent/node_modules/@radix-ui/react-slot/dist/index.mjs:25:11
    at file:///home/ayush/Desktop/RS-Monolith/agent/node_modules/@radix-ui/react-slot/dist/index.mjs:6:11
    at file:///home/ayush/Desktop/RS-Monolith/agent/node_modules/@radix-ui/react-collection/dist/index.mjs:26:15
    at Provider (file:///home/ayush/Desktop/RS-Monolith/agent/node_modules/@radix-ui/react-context/dist/index.mjs:27:15)
    at file:///home/ayush/Desktop/RS-Monolith/agent/node_modules/@radix-ui/react-select/dist/index.mjs:254:58
    at file:///home/ayush/Desktop/RS-Monolith/agent/node_modules/@radix-ui/react-slot/dist/index.mjs:25:11
    at file:///home/ayush/Desktop/RS-Monolith/agent/node_modules/@radix-ui/react-slot/dist/index.mjs:6:11
    at file:///home/ayush/Desktop/RS-Monolith/agent/node_modules/@radix-ui/react-primitive/dist/index.mjs:26:13
    at file:///home/ayush/Desktop/RS-Monolith/agent/node_modules/@radix-ui/react-portal/dist/index.mjs:11:22
    at SelectPortal
    at /home/ayush/Desktop/RS-Monolith/agent/src/components/ui/select.tsx:106:59
    at Provider (file:///home/ayush/Desktop/RS-Monolith/agent/node_modules/@radix-ui/react-context/dist/index.mjs:27:15)
    at Provider (file:///home/ayush/Desktop/RS-Monolith/agent/node_modules/@radix-ui/react-collection/node_modules/@radix-ui/react-context/dist/index.mjs:27:15)
    at CollectionProvider (file:///home/ayush/Desktop/RS-Monolith/agent/node_modules/@radix-ui/react-collection/dist/index.mjs:17:13)
    at Provider (file:///home/ayush/Desktop/RS-Monolith/agent/node_modules/@radix-ui/react-context/dist/index.mjs:27:15)
    at Provider (file:///home/ayush/Desktop/RS-Monolith/agent/node_modules/@radix-ui/react-popper/node_modules/@radix-ui/react-context/dist/index.mjs:27:15)
    at Popper (file:///home/ayush/Desktop/RS-Monolith/agent/node_modules/@radix-ui/react-popper/dist/index.mjs:30:11)
    at Select (file:///home/ayush/Desktop/RS-Monolith/agent/node_modules/@radix-ui/react-select/dist/index.mjs:42:5)
    at div
    at div
    at div
    at div
    at file:///home/ayush/Desktop/RS-Monolith/agent/node_modules/@radix-ui/react-primitive/dist/index.mjs:26:13
    at file:///home/ayush/Desktop/RS-Monolith/agent/node_modules/@radix-ui/react-dismissable-layer/dist/index.mjs:24:7
    at file:///home/ayush/Desktop/RS-Monolith/agent/node_modules/@radix-ui/react-slot/dist/index.mjs:25:11
    at file:///home/ayush/Desktop/RS-Monolith/agent/node_modules/@radix-ui/react-slot/dist/index.mjs:6:11
    at file:///home/ayush/Desktop/RS-Monolith/agent/node_modules/@radix-ui/react-primitive/dist/index.mjs:26:13
    at file:///home/ayush/Desktop/RS-Monolith/agent/node_modules/@radix-ui/react-focus-scope/dist/index.mjs:15:5
    at file:///home/ayush/Desktop/RS-Monolith/agent/node_modules/@radix-ui/react-dialog/dist/index.mjs:204:13
    at file:///home/ayush/Desktop/RS-Monolith/agent/node_modules/@radix-ui/react-dialog/dist/index.mjs:130:58
    at Presence (file:///home/ayush/Desktop/RS-Monolith/agent/node_modules/@radix-ui/react-presence/dist/index.mjs:19:11)
    at file:///home/ayush/Desktop/RS-Monolith/agent/node_modules/@radix-ui/react-dialog/dist/index.mjs:121:64
    at file:///home/ayush/Desktop/RS-Monolith/agent/node_modules/@radix-ui/react-slot/dist/index.mjs:25:11
    at file:///home/ayush/Desktop/RS-Monolith/agent/node_modules/@radix-ui/react-slot/dist/index.mjs:6:11
    at file:///home/ayush/Desktop/RS-Monolith/agent/node_modules/@radix-ui/react-primitive/dist/index.mjs:26:13
    at file:///home/ayush/Desktop/RS-Monolith/agent/node_modules/@radix-ui/react-portal/dist/index.mjs:11:22
    at Presence (file:///home/ayush/Desktop/RS-Monolith/agent/node_modules/@radix-ui/react-presence/dist/index.mjs:19:11)
    at Provider (file:///home/ayush/Desktop/RS-Monolith/agent/node_modules/@radix-ui/react-context/dist/index.mjs:27:15)
    at DialogPortal (file:///home/ayush/Desktop/RS-Monolith/agent/node_modules/@radix-ui/react-dialog/dist/index.mjs:84:11)
    at /home/ayush/Desktop/RS-Monolith/agent/src/components/ui/dialog.tsx:45:59
    at Provider (file:///home/ayush/Desktop/RS-Monolith/agent/node_modules/@radix-ui/react-context/dist/index.mjs:27:15)
    at Dialog (file:///home/ayush/Desktop/RS-Monolith/agent/node_modules/@radix-ui/react-dialog/dist/index.mjs:25:5)
    at BookingDialog (/home/ayush/Desktop/RS-Monolith/agent/src/components/BookingDialoge.tsx:26:3)
Warning: An update to Select inside a test was not wrapped in act(...).

When testing, code that causes React state updates should be wrapped into act(...):

act(() => {
  /* fire events that update state */
});
/* assert on the output */

This ensures that you're testing the behavior the user would see in the browser. Learn more at https://reactjs.org/link/wrap-tests-with-act
    at Select (file:///home/ayush/Desktop/RS-Monolith/agent/node_modules/@radix-ui/react-select/dist/index.mjs:42:5)
    at div
    at div
    at div
    at div
    at file:///home/ayush/Desktop/RS-Monolith/agent/node_modules/@radix-ui/react-primitive/dist/index.mjs:26:13
    at file:///home/ayush/Desktop/RS-Monolith/agent/node_modules/@radix-ui/react-dismissable-layer/dist/index.mjs:24:7
    at file:///home/ayush/Desktop/RS-Monolith/agent/node_modules/@radix-ui/react-slot/dist/index.mjs:25:11
    at file:///home/ayush/Desktop/RS-Monolith/agent/node_modules/@radix-ui/react-slot/dist/index.mjs:6:11
    at file:///home/ayush/Desktop/RS-Monolith/agent/node_modules/@radix-ui/react-primitive/dist/index.mjs:26:13
    at file:///home/ayush/Desktop/RS-Monolith/agent/node_modules/@radix-ui/react-focus-scope/dist/index.mjs:15:5
    at file:///home/ayush/Desktop/RS-Monolith/agent/node_modules/@radix-ui/react-dialog/dist/index.mjs:204:13
    at file:///home/ayush/Desktop/RS-Monolith/agent/node_modules/@radix-ui/react-dialog/dist/index.mjs:130:58
    at Presence (file:///home/ayush/Desktop/RS-Monolith/agent/node_modules/@radix-ui/react-presence/dist/index.mjs:19:11)
    at file:///home/ayush/Desktop/RS-Monolith/agent/node_modules/@radix-ui/react-dialog/dist/index.mjs:121:64
    at file:///home/ayush/Desktop/RS-Monolith/agent/node_modules/@radix-ui/react-slot/dist/index.mjs:25:11
    at file:///home/ayush/Desktop/RS-Monolith/agent/node_modules/@radix-ui/react-slot/dist/index.mjs:6:11
    at file:///home/ayush/Desktop/RS-Monolith/agent/node_modules/@radix-ui/react-primitive/dist/index.mjs:26:13
    at file:///home/ayush/Desktop/RS-Monolith/agent/node_modules/@radix-ui/react-portal/dist/index.mjs:11:22
    at Presence (file:///home/ayush/Desktop/RS-Monolith/agent/node_modules/@radix-ui/react-presence/dist/index.mjs:19:11)
    at Provider (file:///home/ayush/Desktop/RS-Monolith/agent/node_modules/@radix-ui/react-context/dist/index.mjs:27:15)
    at DialogPortal (file:///home/ayush/Desktop/RS-Monolith/agent/node_modules/@radix-ui/react-dialog/dist/index.mjs:84:11)
    at /home/ayush/Desktop/RS-Monolith/agent/src/components/ui/dialog.tsx:45:59
    at Provider (file:///home/ayush/Desktop/RS-Monolith/agent/node_modules/@radix-ui/react-context/dist/index.mjs:27:15)
    at Dialog (file:///home/ayush/Desktop/RS-Monolith/agent/node_modules/@radix-ui/react-dialog/dist/index.mjs:25:5)
    at BookingDialog (/home/ayush/Desktop/RS-Monolith/agent/src/components/BookingDialoge.tsx:26:3)
Warning: An update to SelectItem inside a test was not wrapped in act(...).

When testing, code that causes React state updates should be wrapped into act(...):

act(() => {
  /* fire events that update state */
});
/* assert on the output */

This ensures that you're testing the behavior the user would see in the browser. Learn more at https://reactjs.org/link/wrap-tests-with-act
    at file:///home/ayush/Desktop/RS-Monolith/agent/node_modules/@radix-ui/react-select/dist/index.mjs:797:7
    at /home/ayush/Desktop/RS-Monolith/agent/src/components/ui/select.tsx:179:56
    at div
    at file:///home/ayush/Desktop/RS-Monolith/agent/node_modules/@radix-ui/react-primitive/dist/index.mjs:26:13
    at file:///home/ayush/Desktop/RS-Monolith/agent/node_modules/@radix-ui/react-slot/dist/index.mjs:25:11
    at file:///home/ayush/Desktop/RS-Monolith/agent/node_modules/@radix-ui/react-slot/dist/index.mjs:6:11
    at file:///home/ayush/Desktop/RS-Monolith/agent/node_modules/@radix-ui/react-collection/dist/index.mjs:26:15
    at file:///home/ayush/Desktop/RS-Monolith/agent/node_modules/@radix-ui/react-select/dist/index.mjs:708:13
    at div
    at file:///home/ayush/Desktop/RS-Monolith/agent/node_modules/@radix-ui/react-slot/dist/index.mjs:25:11
    at file:///home/ayush/Desktop/RS-Monolith/agent/node_modules/@radix-ui/react-slot/dist/index.mjs:6:11
    at file:///home/ayush/Desktop/RS-Monolith/agent/node_modules/@radix-ui/react-collection/dist/index.mjs:26:15
    at Provider (file:///home/ayush/Desktop/RS-Monolith/agent/node_modules/@radix-ui/react-context/dist/index.mjs:27:15)
    at file:///home/ayush/Desktop/RS-Monolith/agent/node_modules/@radix-ui/react-select/dist/index.mjs:254:58
    at file:///home/ayush/Desktop/RS-Monolith/agent/node_modules/@radix-ui/react-slot/dist/index.mjs:25:11
    at file:///home/ayush/Desktop/RS-Monolith/agent/node_modules/@radix-ui/react-slot/dist/index.mjs:6:11
    at file:///home/ayush/Desktop/RS-Monolith/agent/node_modules/@radix-ui/react-primitive/dist/index.mjs:26:13
    at file:///home/ayush/Desktop/RS-Monolith/agent/node_modules/@radix-ui/react-portal/dist/index.mjs:11:22
    at SelectPortal
    at /home/ayush/Desktop/RS-Monolith/agent/src/components/ui/select.tsx:106:59
    at Provider (file:///home/ayush/Desktop/RS-Monolith/agent/node_modules/@radix-ui/react-context/dist/index.mjs:27:15)
    at Provider (file:///home/ayush/Desktop/RS-Monolith/agent/node_modules/@radix-ui/react-collection/node_modules/@radix-ui/react-context/dist/index.mjs:27:15)
    at CollectionProvider (file:///home/ayush/Desktop/RS-Monolith/agent/node_modules/@radix-ui/react-collection/dist/index.mjs:17:13)
    at Provider (file:///home/ayush/Desktop/RS-Monolith/agent/node_modules/@radix-ui/react-context/dist/index.mjs:27:15)
    at Provider (file:///home/ayush/Desktop/RS-Monolith/agent/node_modules/@radix-ui/react-popper/node_modules/@radix-ui/react-context/dist/index.mjs:27:15)
    at Popper (file:///home/ayush/Desktop/RS-Monolith/agent/node_modules/@radix-ui/react-popper/dist/index.mjs:30:11)
    at Select (file:///home/ayush/Desktop/RS-Monolith/agent/node_modules/@radix-ui/react-select/dist/index.mjs:42:5)
    at div
    at div
    at div
    at div
    at file:///home/ayush/Desktop/RS-Monolith/agent/node_modules/@radix-ui/react-primitive/dist/index.mjs:26:13
    at file:///home/ayush/Desktop/RS-Monolith/agent/node_modules/@radix-ui/react-dismissable-layer/dist/index.mjs:24:7
    at file:///home/ayush/Desktop/RS-Monolith/agent/node_modules/@radix-ui/react-slot/dist/index.mjs:25:11
    at file:///home/ayush/Desktop/RS-Monolith/agent/node_modules/@radix-ui/react-slot/dist/index.mjs:6:11
    at file:///home/ayush/Desktop/RS-Monolith/agent/node_modules/@radix-ui/react-primitive/dist/index.mjs:26:13
    at file:///home/ayush/Desktop/RS-Monolith/agent/node_modules/@radix-ui/react-focus-scope/dist/index.mjs:15:5
    at file:///home/ayush/Desktop/RS-Monolith/agent/node_modules/@radix-ui/react-dialog/dist/index.mjs:204:13
    at file:///home/ayush/Desktop/RS-Monolith/agent/node_modules/@radix-ui/react-dialog/dist/index.mjs:130:58
    at Presence (file:///home/ayush/Desktop/RS-Monolith/agent/node_modules/@radix-ui/react-presence/dist/index.mjs:19:11)
    at file:///home/ayush/Desktop/RS-Monolith/agent/node_modules/@radix-ui/react-dialog/dist/index.mjs:121:64
    at file:///home/ayush/Desktop/RS-Monolith/agent/node_modules/@radix-ui/react-slot/dist/index.mjs:25:11
    at file:///home/ayush/Desktop/RS-Monolith/agent/node_modules/@radix-ui/react-slot/dist/index.mjs:6:11
    at file:///home/ayush/Desktop/RS-Monolith/agent/node_modules/@radix-ui/react-primitive/dist/index.mjs:26:13
    at file:///home/ayush/Desktop/RS-Monolith/agent/node_modules/@radix-ui/react-portal/dist/index.mjs:11:22
    at Presence (file:///home/ayush/Desktop/RS-Monolith/agent/node_modules/@radix-ui/react-presence/dist/index.mjs:19:11)
    at Provider (file:///home/ayush/Desktop/RS-Monolith/agent/node_modules/@radix-ui/react-context/dist/index.mjs:27:15)
    at DialogPortal (file:///home/ayush/Desktop/RS-Monolith/agent/node_modules/@radix-ui/react-dialog/dist/index.mjs:84:11)
    at /home/ayush/Desktop/RS-Monolith/agent/src/components/ui/dialog.tsx:45:59
    at Provider (file:///home/ayush/Desktop/RS-Monolith/agent/node_modules/@radix-ui/react-context/dist/index.mjs:27:15)
    at Dialog (file:///home/ayush/Desktop/RS-Monolith/agent/node_modules/@radix-ui/react-dialog/dist/index.mjs:25:5)
    at BookingDialog (/home/ayush/Desktop/RS-Monolith/agent/src/components/BookingDialoge.tsx:26:3)
Warning: An update to SelectItemText inside a test was not wrapped in act(...).

When testing, code that causes React state updates should be wrapped into act(...):

act(() => {
  /* fire events that update state */
});
/* assert on the output */

This ensures that you're testing the behavior the user would see in the browser. Learn more at https://reactjs.org/link/wrap-tests-with-act
    at file:///home/ayush/Desktop/RS-Monolith/agent/node_modules/@radix-ui/react-select/dist/index.mjs:898:13
    at div
    at file:///home/ayush/Desktop/RS-Monolith/agent/node_modules/@radix-ui/react-primitive/dist/index.mjs:26:13
    at file:///home/ayush/Desktop/RS-Monolith/agent/node_modules/@radix-ui/react-slot/dist/index.mjs:25:11
    at file:///home/ayush/Desktop/RS-Monolith/agent/node_modules/@radix-ui/react-slot/dist/index.mjs:6:11
    at file:///home/ayush/Desktop/RS-Monolith/agent/node_modules/@radix-ui/react-collection/dist/index.mjs:37:15
    at Provider (file:///home/ayush/Desktop/RS-Monolith/agent/node_modules/@radix-ui/react-context/dist/index.mjs:27:15)
    at file:///home/ayush/Desktop/RS-Monolith/agent/node_modules/@radix-ui/react-select/dist/index.mjs:797:7
    at /home/ayush/Desktop/RS-Monolith/agent/src/components/ui/select.tsx:179:56
    at div
    at file:///home/ayush/Desktop/RS-Monolith/agent/node_modules/@radix-ui/react-primitive/dist/index.mjs:26:13
    at file:///home/ayush/Desktop/RS-Monolith/agent/node_modules/@radix-ui/react-slot/dist/index.mjs:25:11
    at file:///home/ayush/Desktop/RS-Monolith/agent/node_modules/@radix-ui/react-slot/dist/index.mjs:6:11
    at file:///home/ayush/Desktop/RS-Monolith/agent/node_modules/@radix-ui/react-collection/dist/index.mjs:26:15
    at file:///home/ayush/Desktop/RS-Monolith/agent/node_modules/@radix-ui/react-select/dist/index.mjs:708:13
    at div
    at file:///home/ayush/Desktop/RS-Monolith/agent/node_modules/@radix-ui/react-slot/dist/index.mjs:25:11
    at file:///home/ayush/Desktop/RS-Monolith/agent/node_modules/@radix-ui/react-slot/dist/index.mjs:6:11
    at file:///home/ayush/Desktop/RS-Monolith/agent/node_modules/@radix-ui/react-collection/dist/index.mjs:26:15
    at Provider (file:///home/ayush/Desktop/RS-Monolith/agent/node_modules/@radix-ui/react-context/dist/index.mjs:27:15)
    at file:///home/ayush/Desktop/RS-Monolith/agent/node_modules/@radix-ui/react-select/dist/index.mjs:254:58
    at file:///home/ayush/Desktop/RS-Monolith/agent/node_modules/@radix-ui/react-slot/dist/index.mjs:25:11
    at file:///home/ayush/Desktop/RS-Monolith/agent/node_modules/@radix-ui/react-slot/dist/index.mjs:6:11
    at file:///home/ayush/Desktop/RS-Monolith/agent/node_modules/@radix-ui/react-primitive/dist/index.mjs:26:13
    at file:///home/ayush/Desktop/RS-Monolith/agent/node_modules/@radix-ui/react-portal/dist/index.mjs:11:22
    at SelectPortal
    at /home/ayush/Desktop/RS-Monolith/agent/src/components/ui/select.tsx:106:59
    at Provider (file:///home/ayush/Desktop/RS-Monolith/agent/node_modules/@radix-ui/react-context/dist/index.mjs:27:15)
    at Provider (file:///home/ayush/Desktop/RS-Monolith/agent/node_modules/@radix-ui/react-collection/node_modules/@radix-ui/react-context/dist/index.mjs:27:15)
    at CollectionProvider (file:///home/ayush/Desktop/RS-Monolith/agent/node_modules/@radix-ui/react-collection/dist/index.mjs:17:13)
    at Provider (file:///home/ayush/Desktop/RS-Monolith/agent/node_modules/@radix-ui/react-context/dist/index.mjs:27:15)
    at Provider (file:///home/ayush/Desktop/RS-Monolith/agent/node_modules/@radix-ui/react-popper/node_modules/@radix-ui/react-context/dist/index.mjs:27:15)
    at Popper (file:///home/ayush/Desktop/RS-Monolith/agent/node_modules/@radix-ui/react-popper/dist/index.mjs:30:11)
    at Select (file:///home/ayush/Desktop/RS-Monolith/agent/node_modules/@radix-ui/react-select/dist/index.mjs:42:5)
    at div
    at div
    at div
    at div
    at file:///home/ayush/Desktop/RS-Monolith/agent/node_modules/@radix-ui/react-primitive/dist/index.mjs:26:13
    at file:///home/ayush/Desktop/RS-Monolith/agent/node_modules/@radix-ui/react-dismissable-layer/dist/index.mjs:24:7
    at file:///home/ayush/Desktop/RS-Monolith/agent/node_modules/@radix-ui/react-slot/dist/index.mjs:25:11
    at file:///home/ayush/Desktop/RS-Monolith/agent/node_modules/@radix-ui/react-slot/dist/index.mjs:6:11
    at file:///home/ayush/Desktop/RS-Monolith/agent/node_modules/@radix-ui/react-primitive/dist/index.mjs:26:13
    at file:///home/ayush/Desktop/RS-Monolith/agent/node_modules/@radix-ui/react-focus-scope/dist/index.mjs:15:5
    at file:///home/ayush/Desktop/RS-Monolith/agent/node_modules/@radix-ui/react-dialog/dist/index.mjs:204:13
    at file:///home/ayush/Desktop/RS-Monolith/agent/node_modules/@radix-ui/react-dialog/dist/index.mjs:130:58
    at Presence (file:///home/ayush/Desktop/RS-Monolith/agent/node_modules/@radix-ui/react-presence/dist/index.mjs:19:11)
    at file:///home/ayush/Desktop/RS-Monolith/agent/node_modules/@radix-ui/react-dialog/dist/index.mjs:121:64
    at file:///home/ayush/Desktop/RS-Monolith/agent/node_modules/@radix-ui/react-slot/dist/index.mjs:25:11
    at file:///home/ayush/Desktop/RS-Monolith/agent/node_modules/@radix-ui/react-slot/dist/index.mjs:6:11
    at file:///home/ayush/Desktop/RS-Monolith/agent/node_modules/@radix-ui/react-primitive/dist/index.mjs:26:13
    at file:///home/ayush/Desktop/RS-Monolith/agent/node_modules/@radix-ui/react-portal/dist/index.mjs:11:22
    at Presence (file:///home/ayush/Desktop/RS-Monolith/agent/node_modules/@radix-ui/react-presence/dist/index.mjs:19:11)
    at Provider (file:///home/ayush/Desktop/RS-Monolith/agent/node_modules/@radix-ui/react-context/dist/index.mjs:27:15)
    at DialogPortal (file:///home/ayush/Desktop/RS-Monolith/agent/node_modules/@radix-ui/react-dialog/dist/index.mjs:84:11)
    at /home/ayush/Desktop/RS-Monolith/agent/src/components/ui/dialog.tsx:45:59
    at Provider (file:///home/ayush/Desktop/RS-Monolith/agent/node_modules/@radix-ui/react-context/dist/index.mjs:27:15)
    at Dialog (file:///home/ayush/Desktop/RS-Monolith/agent/node_modules/@radix-ui/react-dialog/dist/index.mjs:25:5)
    at BookingDialog (/home/ayush/Desktop/RS-Monolith/agent/src/components/BookingDialoge.tsx:26:3)
Warning: An update to SelectItem inside a test was not wrapped in act(...).

When testing, code that causes React state updates should be wrapped into act(...):

act(() => {
  /* fire events that update state */
});
/* assert on the output */

This ensures that you're testing the behavior the user would see in the browser. Learn more at https://reactjs.org/link/wrap-tests-with-act
    at file:///home/ayush/Desktop/RS-Monolith/agent/node_modules/@radix-ui/react-select/dist/index.mjs:797:7
    at /home/ayush/Desktop/RS-Monolith/agent/src/components/ui/select.tsx:179:56
    at div
    at file:///home/ayush/Desktop/RS-Monolith/agent/node_modules/@radix-ui/react-primitive/dist/index.mjs:26:13
    at file:///home/ayush/Desktop/RS-Monolith/agent/node_modules/@radix-ui/react-slot/dist/index.mjs:25:11
    at file:///home/ayush/Desktop/RS-Monolith/agent/node_modules/@radix-ui/react-slot/dist/index.mjs:6:11
    at file:///home/ayush/Desktop/RS-Monolith/agent/node_modules/@radix-ui/react-collection/dist/index.mjs:26:15
    at file:///home/ayush/Desktop/RS-Monolith/agent/node_modules/@radix-ui/react-select/dist/index.mjs:708:13
    at div
    at file:///home/ayush/Desktop/RS-Monolith/agent/node_modules/@radix-ui/react-slot/dist/index.mjs:25:11
    at file:///home/ayush/Desktop/RS-Monolith/agent/node_modules/@radix-ui/react-slot/dist/index.mjs:6:11
    at file:///home/ayush/Desktop/RS-Monolith/agent/node_modules/@radix-ui/react-collection/dist/index.mjs:26:15
    at Provider (file:///home/ayush/Desktop/RS-Monolith/agent/node_modules/@radix-ui/react-context/dist/index.mjs:27:15)
    at file:///home/ayush/Desktop/RS-Monolith/agent/node_modules/@radix-ui/react-select/dist/index.mjs:254:58
    at file:///home/ayush/Desktop/RS-Monolith/agent/node_modules/@radix-ui/react-slot/dist/index.mjs:25:11
    at file:///home/ayush/Desktop/RS-Monolith/agent/node_modules/@radix-ui/react-slot/dist/index.mjs:6:11
    at file:///home/ayush/Desktop/RS-Monolith/agent/node_modules/@radix-ui/react-primitive/dist/index.mjs:26:13
    at file:///home/ayush/Desktop/RS-Monolith/agent/node_modules/@radix-ui/react-portal/dist/index.mjs:11:22
    at SelectPortal
    at /home/ayush/Desktop/RS-Monolith/agent/src/components/ui/select.tsx:106:59
    at Provider (file:///home/ayush/Desktop/RS-Monolith/agent/node_modules/@radix-ui/react-context/dist/index.mjs:27:15)
    at Provider (file:///home/ayush/Desktop/RS-Monolith/agent/node_modules/@radix-ui/react-collection/node_modules/@radix-ui/react-context/dist/index.mjs:27:15)
    at CollectionProvider (file:///home/ayush/Desktop/RS-Monolith/agent/node_modules/@radix-ui/react-collection/dist/index.mjs:17:13)
    at Provider (file:///home/ayush/Desktop/RS-Monolith/agent/node_modules/@radix-ui/react-context/dist/index.mjs:27:15)
    at Provider (file:///home/ayush/Desktop/RS-Monolith/agent/node_modules/@radix-ui/react-popper/node_modules/@radix-ui/react-context/dist/index.mjs:27:15)
    at Popper (file:///home/ayush/Desktop/RS-Monolith/agent/node_modules/@radix-ui/react-popper/dist/index.mjs:30:11)
    at Select (file:///home/ayush/Desktop/RS-Monolith/agent/node_modules/@radix-ui/react-select/dist/index.mjs:42:5)
    at div
    at div
    at div
    at div
    at file:///home/ayush/Desktop/RS-Monolith/agent/node_modules/@radix-ui/react-primitive/dist/index.mjs:26:13
    at file:///home/ayush/Desktop/RS-Monolith/agent/node_modules/@radix-ui/react-dismissable-layer/dist/index.mjs:24:7
    at file:///home/ayush/Desktop/RS-Monolith/agent/node_modules/@radix-ui/react-slot/dist/index.mjs:25:11
    at file:///home/ayush/Desktop/RS-Monolith/agent/node_modules/@radix-ui/react-slot/dist/index.mjs:6:11
    at file:///home/ayush/Desktop/RS-Monolith/agent/node_modules/@radix-ui/react-primitive/dist/index.mjs:26:13
    at file:///home/ayush/Desktop/RS-Monolith/agent/node_modules/@radix-ui/react-focus-scope/dist/index.mjs:15:5
    at file:///home/ayush/Desktop/RS-Monolith/agent/node_modules/@radix-ui/react-dialog/dist/index.mjs:204:13
    at file:///home/ayush/Desktop/RS-Monolith/agent/node_modules/@radix-ui/react-dialog/dist/index.mjs:130:58
    at Presence (file:///home/ayush/Desktop/RS-Monolith/agent/node_modules/@radix-ui/react-presence/dist/index.mjs:19:11)
    at file:///home/ayush/Desktop/RS-Monolith/agent/node_modules/@radix-ui/react-dialog/dist/index.mjs:121:64
    at file:///home/ayush/Desktop/RS-Monolith/agent/node_modules/@radix-ui/react-slot/dist/index.mjs:25:11
    at file:///home/ayush/Desktop/RS-Monolith/agent/node_modules/@radix-ui/react-slot/dist/index.mjs:6:11
    at file:///home/ayush/Desktop/RS-Monolith/agent/node_modules/@radix-ui/react-primitive/dist/index.mjs:26:13
    at file:///home/ayush/Desktop/RS-Monolith/agent/node_modules/@radix-ui/react-portal/dist/index.mjs:11:22
    at Presence (file:///home/ayush/Desktop/RS-Monolith/agent/node_modules/@radix-ui/react-presence/dist/index.mjs:19:11)
    at Provider (file:///home/ayush/Desktop/RS-Monolith/agent/node_modules/@radix-ui/react-context/dist/index.mjs:27:15)
    at DialogPortal (file:///home/ayush/Desktop/RS-Monolith/agent/node_modules/@radix-ui/react-dialog/dist/index.mjs:84:11)
    at /home/ayush/Desktop/RS-Monolith/agent/src/components/ui/dialog.tsx:45:59
    at Provider (file:///home/ayush/Desktop/RS-Monolith/agent/node_modules/@radix-ui/react-context/dist/index.mjs:27:15)
    at Dialog (file:///home/ayush/Desktop/RS-Monolith/agent/node_modules/@radix-ui/react-dialog/dist/index.mjs:25:5)
    at BookingDialog (/home/ayush/Desktop/RS-Monolith/agent/src/components/BookingDialoge.tsx:26:3)
Warning: An update to Select inside a test was not wrapped in act(...).

When testing, code that causes React state updates should be wrapped into act(...):

act(() => {
  /* fire events that update state */
});
/* assert on the output */

This ensures that you're testing the behavior the user would see in the browser. Learn more at https://reactjs.org/link/wrap-tests-with-act
    at Select (file:///home/ayush/Desktop/RS-Monolith/agent/node_modules/@radix-ui/react-select/dist/index.mjs:42:5)
    at div
    at div
    at div
    at div
    at file:///home/ayush/Desktop/RS-Monolith/agent/node_modules/@radix-ui/react-primitive/dist/index.mjs:26:13
    at file:///home/ayush/Desktop/RS-Monolith/agent/node_modules/@radix-ui/react-dismissable-layer/dist/index.mjs:24:7
    at file:///home/ayush/Desktop/RS-Monolith/agent/node_modules/@radix-ui/react-slot/dist/index.mjs:25:11
    at file:///home/ayush/Desktop/RS-Monolith/agent/node_modules/@radix-ui/react-slot/dist/index.mjs:6:11
    at file:///home/ayush/Desktop/RS-Monolith/agent/node_modules/@radix-ui/react-primitive/dist/index.mjs:26:13
    at file:///home/ayush/Desktop/RS-Monolith/agent/node_modules/@radix-ui/react-focus-scope/dist/index.mjs:15:5
    at file:///home/ayush/Desktop/RS-Monolith/agent/node_modules/@radix-ui/react-dialog/dist/index.mjs:204:13
    at file:///home/ayush/Desktop/RS-Monolith/agent/node_modules/@radix-ui/react-dialog/dist/index.mjs:130:58
    at Presence (file:///home/ayush/Desktop/RS-Monolith/agent/node_modules/@radix-ui/react-presence/dist/index.mjs:19:11)
    at file:///home/ayush/Desktop/RS-Monolith/agent/node_modules/@radix-ui/react-dialog/dist/index.mjs:121:64
    at file:///home/ayush/Desktop/RS-Monolith/agent/node_modules/@radix-ui/react-slot/dist/index.mjs:25:11
    at file:///home/ayush/Desktop/RS-Monolith/agent/node_modules/@radix-ui/react-slot/dist/index.mjs:6:11
    at file:///home/ayush/Desktop/RS-Monolith/agent/node_modules/@radix-ui/react-primitive/dist/index.mjs:26:13
    at file:///home/ayush/Desktop/RS-Monolith/agent/node_modules/@radix-ui/react-portal/dist/index.mjs:11:22
    at Presence (file:///home/ayush/Desktop/RS-Monolith/agent/node_modules/@radix-ui/react-presence/dist/index.mjs:19:11)
    at Provider (file:///home/ayush/Desktop/RS-Monolith/agent/node_modules/@radix-ui/react-context/dist/index.mjs:27:15)
    at DialogPortal (file:///home/ayush/Desktop/RS-Monolith/agent/node_modules/@radix-ui/react-dialog/dist/index.mjs:84:11)
    at /home/ayush/Desktop/RS-Monolith/agent/src/components/ui/dialog.tsx:45:59
    at Provider (file:///home/ayush/Desktop/RS-Monolith/agent/node_modules/@radix-ui/react-context/dist/index.mjs:27:15)
    at Dialog (file:///home/ayush/Desktop/RS-Monolith/agent/node_modules/@radix-ui/react-dialog/dist/index.mjs:25:5)
    at BookingDialog (/home/ayush/Desktop/RS-Monolith/agent/src/components/BookingDialoge.tsx:26:3)
Warning: An update to SelectItem inside a test was not wrapped in act(...).

When testing, code that causes React state updates should be wrapped into act(...):

act(() => {
  /* fire events that update state */
});
/* assert on the output */

This ensures that you're testing the behavior the user would see in the browser. Learn more at https://reactjs.org/link/wrap-tests-with-act
    at file:///home/ayush/Desktop/RS-Monolith/agent/node_modules/@radix-ui/react-select/dist/index.mjs:797:7
    at /home/ayush/Desktop/RS-Monolith/agent/src/components/ui/select.tsx:179:56
    at div
    at file:///home/ayush/Desktop/RS-Monolith/agent/node_modules/@radix-ui/react-primitive/dist/index.mjs:26:13
    at file:///home/ayush/Desktop/RS-Monolith/agent/node_modules/@radix-ui/react-slot/dist/index.mjs:25:11
    at file:///home/ayush/Desktop/RS-Monolith/agent/node_modules/@radix-ui/react-slot/dist/index.mjs:6:11
    at file:///home/ayush/Desktop/RS-Monolith/agent/node_modules/@radix-ui/react-collection/dist/index.mjs:26:15
    at file:///home/ayush/Desktop/RS-Monolith/agent/node_modules/@radix-ui/react-select/dist/index.mjs:708:13
    at div
    at file:///home/ayush/Desktop/RS-Monolith/agent/node_modules/@radix-ui/react-slot/dist/index.mjs:25:11
    at file:///home/ayush/Desktop/RS-Monolith/agent/node_modules/@radix-ui/react-slot/dist/index.mjs:6:11
    at file:///home/ayush/Desktop/RS-Monolith/agent/node_modules/@radix-ui/react-collection/dist/index.mjs:26:15
    at Provider (file:///home/ayush/Desktop/RS-Monolith/agent/node_modules/@radix-ui/react-context/dist/index.mjs:27:15)
    at file:///home/ayush/Desktop/RS-Monolith/agent/node_modules/@radix-ui/react-select/dist/index.mjs:254:58
    at file:///home/ayush/Desktop/RS-Monolith/agent/node_modules/@radix-ui/react-slot/dist/index.mjs:25:11
    at file:///home/ayush/Desktop/RS-Monolith/agent/node_modules/@radix-ui/react-slot/dist/index.mjs:6:11
    at file:///home/ayush/Desktop/RS-Monolith/agent/node_modules/@radix-ui/react-primitive/dist/index.mjs:26:13
    at file:///home/ayush/Desktop/RS-Monolith/agent/node_modules/@radix-ui/react-portal/dist/index.mjs:11:22
    at SelectPortal
    at /home/ayush/Desktop/RS-Monolith/agent/src/components/ui/select.tsx:106:59
    at Provider (file:///home/ayush/Desktop/RS-Monolith/agent/node_modules/@radix-ui/react-context/dist/index.mjs:27:15)
    at Provider (file:///home/ayush/Desktop/RS-Monolith/agent/node_modules/@radix-ui/react-collection/node_modules/@radix-ui/react-context/dist/index.mjs:27:15)
    at CollectionProvider (file:///home/ayush/Desktop/RS-Monolith/agent/node_modules/@radix-ui/react-collection/dist/index.mjs:17:13)
    at Provider (file:///home/ayush/Desktop/RS-Monolith/agent/node_modules/@radix-ui/react-context/dist/index.mjs:27:15)
    at Provider (file:///home/ayush/Desktop/RS-Monolith/agent/node_modules/@radix-ui/react-popper/node_modules/@radix-ui/react-context/dist/index.mjs:27:15)
    at Popper (file:///home/ayush/Desktop/RS-Monolith/agent/node_modules/@radix-ui/react-popper/dist/index.mjs:30:11)
    at Select (file:///home/ayush/Desktop/RS-Monolith/agent/node_modules/@radix-ui/react-select/dist/index.mjs:42:5)
    at div
    at div
    at div
    at div
    at file:///home/ayush/Desktop/RS-Monolith/agent/node_modules/@radix-ui/react-primitive/dist/index.mjs:26:13
    at file:///home/ayush/Desktop/RS-Monolith/agent/node_modules/@radix-ui/react-dismissable-layer/dist/index.mjs:24:7
    at file:///home/ayush/Desktop/RS-Monolith/agent/node_modules/@radix-ui/react-slot/dist/index.mjs:25:11
    at file:///home/ayush/Desktop/RS-Monolith/agent/node_modules/@radix-ui/react-slot/dist/index.mjs:6:11
    at file:///home/ayush/Desktop/RS-Monolith/agent/node_modules/@radix-ui/react-primitive/dist/index.mjs:26:13
    at file:///home/ayush/Desktop/RS-Monolith/agent/node_modules/@radix-ui/react-focus-scope/dist/index.mjs:15:5
    at file:///home/ayush/Desktop/RS-Monolith/agent/node_modules/@radix-ui/react-dialog/dist/index.mjs:204:13
    at file:///home/ayush/Desktop/RS-Monolith/agent/node_modules/@radix-ui/react-dialog/dist/index.mjs:130:58
    at Presence (file:///home/ayush/Desktop/RS-Monolith/agent/node_modules/@radix-ui/react-presence/dist/index.mjs:19:11)
    at file:///home/ayush/Desktop/RS-Monolith/agent/node_modules/@radix-ui/react-dialog/dist/index.mjs:121:64
    at file:///home/ayush/Desktop/RS-Monolith/agent/node_modules/@radix-ui/react-slot/dist/index.mjs:25:11
    at file:///home/ayush/Desktop/RS-Monolith/agent/node_modules/@radix-ui/react-slot/dist/index.mjs:6:11
    at file:///home/ayush/Desktop/RS-Monolith/agent/node_modules/@radix-ui/react-primitive/dist/index.mjs:26:13
    at file:///home/ayush/Desktop/RS-Monolith/agent/node_modules/@radix-ui/react-portal/dist/index.mjs:11:22
    at Presence (file:///home/ayush/Desktop/RS-Monolith/agent/node_modules/@radix-ui/react-presence/dist/index.mjs:19:11)
    at Provider (file:///home/ayush/Desktop/RS-Monolith/agent/node_modules/@radix-ui/react-context/dist/index.mjs:27:15)
    at DialogPortal (file:///home/ayush/Desktop/RS-Monolith/agent/node_modules/@radix-ui/react-dialog/dist/index.mjs:84:11)
    at /home/ayush/Desktop/RS-Monolith/agent/src/components/ui/dialog.tsx:45:59
    at Provider (file:///home/ayush/Desktop/RS-Monolith/agent/node_modules/@radix-ui/react-context/dist/index.mjs:27:15)
    at Dialog (file:///home/ayush/Desktop/RS-Monolith/agent/node_modules/@radix-ui/react-dialog/dist/index.mjs:25:5)
    at BookingDialog (/home/ayush/Desktop/RS-Monolith/agent/src/components/BookingDialoge.tsx:26:3)
Warning: An update to SelectItemText inside a test was not wrapped in act(...).

When testing, code that causes React state updates should be wrapped into act(...):

act(() => {
  /* fire events that update state */
});
/* assert on the output */

This ensures that you're testing the behavior the user would see in the browser. Learn more at https://reactjs.org/link/wrap-tests-with-act
    at file:///home/ayush/Desktop/RS-Monolith/agent/node_modules/@radix-ui/react-select/dist/index.mjs:898:13
    at div
    at file:///home/ayush/Desktop/RS-Monolith/agent/node_modules/@radix-ui/react-primitive/dist/index.mjs:26:13
    at file:///home/ayush/Desktop/RS-Monolith/agent/node_modules/@radix-ui/react-slot/dist/index.mjs:25:11
    at file:///home/ayush/Desktop/RS-Monolith/agent/node_modules/@radix-ui/react-slot/dist/index.mjs:6:11
    at file:///home/ayush/Desktop/RS-Monolith/agent/node_modules/@radix-ui/react-collection/dist/index.mjs:37:15
    at Provider (file:///home/ayush/Desktop/RS-Monolith/agent/node_modules/@radix-ui/react-context/dist/index.mjs:27:15)
    at file:///home/ayush/Desktop/RS-Monolith/agent/node_modules/@radix-ui/react-select/dist/index.mjs:797:7
    at /home/ayush/Desktop/RS-Monolith/agent/src/components/ui/select.tsx:179:56
    at div
    at file:///home/ayush/Desktop/RS-Monolith/agent/node_modules/@radix-ui/react-primitive/dist/index.mjs:26:13
    at file:///home/ayush/Desktop/RS-Monolith/agent/node_modules/@radix-ui/react-slot/dist/index.mjs:25:11
    at file:///home/ayush/Desktop/RS-Monolith/agent/node_modules/@radix-ui/react-slot/dist/index.mjs:6:11
    at file:///home/ayush/Desktop/RS-Monolith/agent/node_modules/@radix-ui/react-collection/dist/index.mjs:26:15
    at file:///home/ayush/Desktop/RS-Monolith/agent/node_modules/@radix-ui/react-select/dist/index.mjs:708:13
    at div
    at file:///home/ayush/Desktop/RS-Monolith/agent/node_modules/@radix-ui/react-slot/dist/index.mjs:25:11
    at file:///home/ayush/Desktop/RS-Monolith/agent/node_modules/@radix-ui/react-slot/dist/index.mjs:6:11
    at file:///home/ayush/Desktop/RS-Monolith/agent/node_modules/@radix-ui/react-collection/dist/index.mjs:26:15
    at Provider (file:///home/ayush/Desktop/RS-Monolith/agent/node_modules/@radix-ui/react-context/dist/index.mjs:27:15)
    at file:///home/ayush/Desktop/RS-Monolith/agent/node_modules/@radix-ui/react-select/dist/index.mjs:254:58
    at file:///home/ayush/Desktop/RS-Monolith/agent/node_modules/@radix-ui/react-slot/dist/index.mjs:25:11
    at file:///home/ayush/Desktop/RS-Monolith/agent/node_modules/@radix-ui/react-slot/dist/index.mjs:6:11
    at file:///home/ayush/Desktop/RS-Monolith/agent/node_modules/@radix-ui/react-primitive/dist/index.mjs:26:13
    at file:///home/ayush/Desktop/RS-Monolith/agent/node_modules/@radix-ui/react-portal/dist/index.mjs:11:22
    at SelectPortal
    at /home/ayush/Desktop/RS-Monolith/agent/src/components/ui/select.tsx:106:59
    at Provider (file:///home/ayush/Desktop/RS-Monolith/agent/node_modules/@radix-ui/react-context/dist/index.mjs:27:15)
    at Provider (file:///home/ayush/Desktop/RS-Monolith/agent/node_modules/@radix-ui/react-collection/node_modules/@radix-ui/react-context/dist/index.mjs:27:15)
    at CollectionProvider (file:///home/ayush/Desktop/RS-Monolith/agent/node_modules/@radix-ui/react-collection/dist/index.mjs:17:13)
    at Provider (file:///home/ayush/Desktop/RS-Monolith/agent/node_modules/@radix-ui/react-context/dist/index.mjs:27:15)
    at Provider (file:///home/ayush/Desktop/RS-Monolith/agent/node_modules/@radix-ui/react-popper/node_modules/@radix-ui/react-context/dist/index.mjs:27:15)
    at Popper (file:///home/ayush/Desktop/RS-Monolith/agent/node_modules/@radix-ui/react-popper/dist/index.mjs:30:11)
    at Select (file:///home/ayush/Desktop/RS-Monolith/agent/node_modules/@radix-ui/react-select/dist/index.mjs:42:5)
    at div
    at div
    at div
    at div
    at file:///home/ayush/Desktop/RS-Monolith/agent/node_modules/@radix-ui/react-primitive/dist/index.mjs:26:13
    at file:///home/ayush/Desktop/RS-Monolith/agent/node_modules/@radix-ui/react-dismissable-layer/dist/index.mjs:24:7
    at file:///home/ayush/Desktop/RS-Monolith/agent/node_modules/@radix-ui/react-slot/dist/index.mjs:25:11
    at file:///home/ayush/Desktop/RS-Monolith/agent/node_modules/@radix-ui/react-slot/dist/index.mjs:6:11
    at file:///home/ayush/Desktop/RS-Monolith/agent/node_modules/@radix-ui/react-primitive/dist/index.mjs:26:13
    at file:///home/ayush/Desktop/RS-Monolith/agent/node_modules/@radix-ui/react-focus-scope/dist/index.mjs:15:5
    at file:///home/ayush/Desktop/RS-Monolith/agent/node_modules/@radix-ui/react-dialog/dist/index.mjs:204:13
    at file:///home/ayush/Desktop/RS-Monolith/agent/node_modules/@radix-ui/react-dialog/dist/index.mjs:130:58
    at Presence (file:///home/ayush/Desktop/RS-Monolith/agent/node_modules/@radix-ui/react-presence/dist/index.mjs:19:11)
    at file:///home/ayush/Desktop/RS-Monolith/agent/node_modules/@radix-ui/react-dialog/dist/index.mjs:121:64
    at file:///home/ayush/Desktop/RS-Monolith/agent/node_modules/@radix-ui/react-slot/dist/index.mjs:25:11
    at file:///home/ayush/Desktop/RS-Monolith/agent/node_modules/@radix-ui/react-slot/dist/index.mjs:6:11
    at file:///home/ayush/Desktop/RS-Monolith/agent/node_modules/@radix-ui/react-primitive/dist/index.mjs:26:13
    at file:///home/ayush/Desktop/RS-Monolith/agent/node_modules/@radix-ui/react-portal/dist/index.mjs:11:22
    at Presence (file:///home/ayush/Desktop/RS-Monolith/agent/node_modules/@radix-ui/react-presence/dist/index.mjs:19:11)
    at Provider (file:///home/ayush/Desktop/RS-Monolith/agent/node_modules/@radix-ui/react-context/dist/index.mjs:27:15)
    at DialogPortal (file:///home/ayush/Desktop/RS-Monolith/agent/node_modules/@radix-ui/react-dialog/dist/index.mjs:84:11)
    at /home/ayush/Desktop/RS-Monolith/agent/src/components/ui/dialog.tsx:45:59
    at Provider (file:///home/ayush/Desktop/RS-Monolith/agent/node_modules/@radix-ui/react-context/dist/index.mjs:27:15)
    at Dialog (file:///home/ayush/Desktop/RS-Monolith/agent/node_modules/@radix-ui/react-dialog/dist/index.mjs:25:5)
    at BookingDialog (/home/ayush/Desktop/RS-Monolith/agent/src/components/BookingDialoge.tsx:26:3)
Warning: An update to SelectItem inside a test was not wrapped in act(...).

When testing, code that causes React state updates should be wrapped into act(...):

act(() => {
  /* fire events that update state */
});
/* assert on the output */

This ensures that you're testing the behavior the user would see in the browser. Learn more at https://reactjs.org/link/wrap-tests-with-act
    at file:///home/ayush/Desktop/RS-Monolith/agent/node_modules/@radix-ui/react-select/dist/index.mjs:797:7
    at /home/ayush/Desktop/RS-Monolith/agent/src/components/ui/select.tsx:179:56
    at div
    at file:///home/ayush/Desktop/RS-Monolith/agent/node_modules/@radix-ui/react-primitive/dist/index.mjs:26:13
    at file:///home/ayush/Desktop/RS-Monolith/agent/node_modules/@radix-ui/react-slot/dist/index.mjs:25:11
    at file:///home/ayush/Desktop/RS-Monolith/agent/node_modules/@radix-ui/react-slot/dist/index.mjs:6:11
    at file:///home/ayush/Desktop/RS-Monolith/agent/node_modules/@radix-ui/react-collection/dist/index.mjs:26:15
    at file:///home/ayush/Desktop/RS-Monolith/agent/node_modules/@radix-ui/react-select/dist/index.mjs:708:13
    at div
    at file:///home/ayush/Desktop/RS-Monolith/agent/node_modules/@radix-ui/react-slot/dist/index.mjs:25:11
    at file:///home/ayush/Desktop/RS-Monolith/agent/node_modules/@radix-ui/react-slot/dist/index.mjs:6:11
    at file:///home/ayush/Desktop/RS-Monolith/agent/node_modules/@radix-ui/react-collection/dist/index.mjs:26:15
    at Provider (file:///home/ayush/Desktop/RS-Monolith/agent/node_modules/@radix-ui/react-context/dist/index.mjs:27:15)
    at file:///home/ayush/Desktop/RS-Monolith/agent/node_modules/@radix-ui/react-select/dist/index.mjs:254:58
    at file:///home/ayush/Desktop/RS-Monolith/agent/node_modules/@radix-ui/react-slot/dist/index.mjs:25:11
    at file:///home/ayush/Desktop/RS-Monolith/agent/node_modules/@radix-ui/react-slot/dist/index.mjs:6:11
    at file:///home/ayush/Desktop/RS-Monolith/agent/node_modules/@radix-ui/react-primitive/dist/index.mjs:26:13
    at file:///home/ayush/Desktop/RS-Monolith/agent/node_modules/@radix-ui/react-portal/dist/index.mjs:11:22
    at SelectPortal
    at /home/ayush/Desktop/RS-Monolith/agent/src/components/ui/select.tsx:106:59
    at Provider (file:///home/ayush/Desktop/RS-Monolith/agent/node_modules/@radix-ui/react-context/dist/index.mjs:27:15)
    at Provider (file:///home/ayush/Desktop/RS-Monolith/agent/node_modules/@radix-ui/react-collection/node_modules/@radix-ui/react-context/dist/index.mjs:27:15)
    at CollectionProvider (file:///home/ayush/Desktop/RS-Monolith/agent/node_modules/@radix-ui/react-collection/dist/index.mjs:17:13)
    at Provider (file:///home/ayush/Desktop/RS-Monolith/agent/node_modules/@radix-ui/react-context/dist/index.mjs:27:15)
    at Provider (file:///home/ayush/Desktop/RS-Monolith/agent/node_modules/@radix-ui/react-popper/node_modules/@radix-ui/react-context/dist/index.mjs:27:15)
    at Popper (file:///home/ayush/Desktop/RS-Monolith/agent/node_modules/@radix-ui/react-popper/dist/index.mjs:30:11)
    at Select (file:///home/ayush/Desktop/RS-Monolith/agent/node_modules/@radix-ui/react-select/dist/index.mjs:42:5)
    at div
    at div
    at div
    at div
    at file:///home/ayush/Desktop/RS-Monolith/agent/node_modules/@radix-ui/react-primitive/dist/index.mjs:26:13
    at file:///home/ayush/Desktop/RS-Monolith/agent/node_modules/@radix-ui/react-dismissable-layer/dist/index.mjs:24:7
    at file:///home/ayush/Desktop/RS-Monolith/agent/node_modules/@radix-ui/react-slot/dist/index.mjs:25:11
    at file:///home/ayush/Desktop/RS-Monolith/agent/node_modules/@radix-ui/react-slot/dist/index.mjs:6:11
    at file:///home/ayush/Desktop/RS-Monolith/agent/node_modules/@radix-ui/react-primitive/dist/index.mjs:26:13
    at file:///home/ayush/Desktop/RS-Monolith/agent/node_modules/@radix-ui/react-focus-scope/dist/index.mjs:15:5
    at file:///home/ayush/Desktop/RS-Monolith/agent/node_modules/@radix-ui/react-dialog/dist/index.mjs:204:13
    at file:///home/ayush/Desktop/RS-Monolith/agent/node_modules/@radix-ui/react-dialog/dist/index.mjs:130:58
    at Presence (file:///home/ayush/Desktop/RS-Monolith/agent/node_modules/@radix-ui/react-presence/dist/index.mjs:19:11)
    at file:///home/ayush/Desktop/RS-Monolith/agent/node_modules/@radix-ui/react-dialog/dist/index.mjs:121:64
    at file:///home/ayush/Desktop/RS-Monolith/agent/node_modules/@radix-ui/react-slot/dist/index.mjs:25:11
    at file:///home/ayush/Desktop/RS-Monolith/agent/node_modules/@radix-ui/react-slot/dist/index.mjs:6:11
    at file:///home/ayush/Desktop/RS-Monolith/agent/node_modules/@radix-ui/react-primitive/dist/index.mjs:26:13
    at file:///home/ayush/Desktop/RS-Monolith/agent/node_modules/@radix-ui/react-portal/dist/index.mjs:11:22
    at Presence (file:///home/ayush/Desktop/RS-Monolith/agent/node_modules/@radix-ui/react-presence/dist/index.mjs:19:11)
    at Provider (file:///home/ayush/Desktop/RS-Monolith/agent/node_modules/@radix-ui/react-context/dist/index.mjs:27:15)
    at DialogPortal (file:///home/ayush/Desktop/RS-Monolith/agent/node_modules/@radix-ui/react-dialog/dist/index.mjs:84:11)
    at /home/ayush/Desktop/RS-Monolith/agent/src/components/ui/dialog.tsx:45:59
    at Provider (file:///home/ayush/Desktop/RS-Monolith/agent/node_modules/@radix-ui/react-context/dist/index.mjs:27:15)
    at Dialog (file:///home/ayush/Desktop/RS-Monolith/agent/node_modules/@radix-ui/react-dialog/dist/index.mjs:25:5)
    at BookingDialog (/home/ayush/Desktop/RS-Monolith/agent/src/components/BookingDialoge.tsx:26:3)
Warning: An update to Select inside a test was not wrapped in act(...).

When testing, code that causes React state updates should be wrapped into act(...):

act(() => {
  /* fire events that update state */
});
/* assert on the output */

This ensures that you're testing the behavior the user would see in the browser. Learn more at https://reactjs.org/link/wrap-tests-with-act
    at Select (file:///home/ayush/Desktop/RS-Monolith/agent/node_modules/@radix-ui/react-select/dist/index.mjs:42:5)
    at div
    at div
    at div
    at div
    at file:///home/ayush/Desktop/RS-Monolith/agent/node_modules/@radix-ui/react-primitive/dist/index.mjs:26:13
    at file:///home/ayush/Desktop/RS-Monolith/agent/node_modules/@radix-ui/react-dismissable-layer/dist/index.mjs:24:7
    at file:///home/ayush/Desktop/RS-Monolith/agent/node_modules/@radix-ui/react-slot/dist/index.mjs:25:11
    at file:///home/ayush/Desktop/RS-Monolith/agent/node_modules/@radix-ui/react-slot/dist/index.mjs:6:11
    at file:///home/ayush/Desktop/RS-Monolith/agent/node_modules/@radix-ui/react-primitive/dist/index.mjs:26:13
    at file:///home/ayush/Desktop/RS-Monolith/agent/node_modules/@radix-ui/react-focus-scope/dist/index.mjs:15:5
    at file:///home/ayush/Desktop/RS-Monolith/agent/node_modules/@radix-ui/react-dialog/dist/index.mjs:204:13
    at file:///home/ayush/Desktop/RS-Monolith/agent/node_modules/@radix-ui/react-dialog/dist/index.mjs:130:58
    at Presence (file:///home/ayush/Desktop/RS-Monolith/agent/node_modules/@radix-ui/react-presence/dist/index.mjs:19:11)
    at file:///home/ayush/Desktop/RS-Monolith/agent/node_modules/@radix-ui/react-dialog/dist/index.mjs:121:64
    at file:///home/ayush/Desktop/RS-Monolith/agent/node_modules/@radix-ui/react-slot/dist/index.mjs:25:11
    at file:///home/ayush/Desktop/RS-Monolith/agent/node_modules/@radix-ui/react-slot/dist/index.mjs:6:11
    at file:///home/ayush/Desktop/RS-Monolith/agent/node_modules/@radix-ui/react-primitive/dist/index.mjs:26:13
    at file:///home/ayush/Desktop/RS-Monolith/agent/node_modules/@radix-ui/react-portal/dist/index.mjs:11:22
    at Presence (file:///home/ayush/Desktop/RS-Monolith/agent/node_modules/@radix-ui/react-presence/dist/index.mjs:19:11)
    at Provider (file:///home/ayush/Desktop/RS-Monolith/agent/node_modules/@radix-ui/react-context/dist/index.mjs:27:15)
    at DialogPortal (file:///home/ayush/Desktop/RS-Monolith/agent/node_modules/@radix-ui/react-dialog/dist/index.mjs:84:11)
    at /home/ayush/Desktop/RS-Monolith/agent/src/components/ui/dialog.tsx:45:59
    at Provider (file:///home/ayush/Desktop/RS-Monolith/agent/node_modules/@radix-ui/react-context/dist/index.mjs:27:15)
    at Dialog (file:///home/ayush/Desktop/RS-Monolith/agent/node_modules/@radix-ui/react-dialog/dist/index.mjs:25:5)
    at BookingDialog (/home/ayush/Desktop/RS-Monolith/agent/src/components/BookingDialoge.tsx:26:3)
Warning: An update to SelectItemText inside a test was not wrapped in act(...).

When testing, code that causes React state updates should be wrapped into act(...):

act(() => {
  /* fire events that update state */
});
/* assert on the output */

This ensures that you're testing the behavior the user would see in the browser. Learn more at https://reactjs.org/link/wrap-tests-with-act
    at file:///home/ayush/Desktop/RS-Monolith/agent/node_modules/@radix-ui/react-select/dist/index.mjs:898:13
    at div
    at file:///home/ayush/Desktop/RS-Monolith/agent/node_modules/@radix-ui/react-primitive/dist/index.mjs:26:13
    at file:///home/ayush/Desktop/RS-Monolith/agent/node_modules/@radix-ui/react-slot/dist/index.mjs:25:11
    at file:///home/ayush/Desktop/RS-Monolith/agent/node_modules/@radix-ui/react-slot/dist/index.mjs:6:11
    at file:///home/ayush/Desktop/RS-Monolith/agent/node_modules/@radix-ui/react-collection/dist/index.mjs:37:15
    at Provider (file:///home/ayush/Desktop/RS-Monolith/agent/node_modules/@radix-ui/react-context/dist/index.mjs:27:15)
    at file:///home/ayush/Desktop/RS-Monolith/agent/node_modules/@radix-ui/react-select/dist/index.mjs:797:7
    at /home/ayush/Desktop/RS-Monolith/agent/src/components/ui/select.tsx:179:56
    at div
    at file:///home/ayush/Desktop/RS-Monolith/agent/node_modules/@radix-ui/react-primitive/dist/index.mjs:26:13
    at file:///home/ayush/Desktop/RS-Monolith/agent/node_modules/@radix-ui/react-slot/dist/index.mjs:25:11
    at file:///home/ayush/Desktop/RS-Monolith/agent/node_modules/@radix-ui/react-slot/dist/index.mjs:6:11
    at file:///home/ayush/Desktop/RS-Monolith/agent/node_modules/@radix-ui/react-collection/dist/index.mjs:26:15
    at file:///home/ayush/Desktop/RS-Monolith/agent/node_modules/@radix-ui/react-select/dist/index.mjs:708:13
    at div
    at file:///home/ayush/Desktop/RS-Monolith/agent/node_modules/@radix-ui/react-slot/dist/index.mjs:25:11
    at file:///home/ayush/Desktop/RS-Monolith/agent/node_modules/@radix-ui/react-slot/dist/index.mjs:6:11
    at file:///home/ayush/Desktop/RS-Monolith/agent/node_modules/@radix-ui/react-collection/dist/index.mjs:26:15
    at Provider (file:///home/ayush/Desktop/RS-Monolith/agent/node_modules/@radix-ui/react-context/dist/index.mjs:27:15)
    at file:///home/ayush/Desktop/RS-Monolith/agent/node_modules/@radix-ui/react-select/dist/index.mjs:254:58
    at file:///home/ayush/Desktop/RS-Monolith/agent/node_modules/@radix-ui/react-slot/dist/index.mjs:25:11
    at file:///home/ayush/Desktop/RS-Monolith/agent/node_modules/@radix-ui/react-slot/dist/index.mjs:6:11
    at file:///home/ayush/Desktop/RS-Monolith/agent/node_modules/@radix-ui/react-primitive/dist/index.mjs:26:13
    at file:///home/ayush/Desktop/RS-Monolith/agent/node_modules/@radix-ui/react-portal/dist/index.mjs:11:22
    at SelectPortal
    at /home/ayush/Desktop/RS-Monolith/agent/src/components/ui/select.tsx:106:59
    at Provider (file:///home/ayush/Desktop/RS-Monolith/agent/node_modules/@radix-ui/react-context/dist/index.mjs:27:15)
    at Provider (file:///home/ayush/Desktop/RS-Monolith/agent/node_modules/@radix-ui/react-collection/node_modules/@radix-ui/react-context/dist/index.mjs:27:15)
    at CollectionProvider (file:///home/ayush/Desktop/RS-Monolith/agent/node_modules/@radix-ui/react-collection/dist/index.mjs:17:13)
    at Provider (file:///home/ayush/Desktop/RS-Monolith/agent/node_modules/@radix-ui/react-context/dist/index.mjs:27:15)
    at Provider (file:///home/ayush/Desktop/RS-Monolith/agent/node_modules/@radix-ui/react-popper/node_modules/@radix-ui/react-context/dist/index.mjs:27:15)
    at Popper (file:///home/ayush/Desktop/RS-Monolith/agent/node_modules/@radix-ui/react-popper/dist/index.mjs:30:11)
    at Select (file:///home/ayush/Desktop/RS-Monolith/agent/node_modules/@radix-ui/react-select/dist/index.mjs:42:5)
    at div
    at div
    at div
    at div
    at file:///home/ayush/Desktop/RS-Monolith/agent/node_modules/@radix-ui/react-primitive/dist/index.mjs:26:13
    at file:///home/ayush/Desktop/RS-Monolith/agent/node_modules/@radix-ui/react-dismissable-layer/dist/index.mjs:24:7
    at file:///home/ayush/Desktop/RS-Monolith/agent/node_modules/@radix-ui/react-slot/dist/index.mjs:25:11
    at file:///home/ayush/Desktop/RS-Monolith/agent/node_modules/@radix-ui/react-slot/dist/index.mjs:6:11
    at file:///home/ayush/Desktop/RS-Monolith/agent/node_modules/@radix-ui/react-primitive/dist/index.mjs:26:13
    at file:///home/ayush/Desktop/RS-Monolith/agent/node_modules/@radix-ui/react-focus-scope/dist/index.mjs:15:5
    at file:///home/ayush/Desktop/RS-Monolith/agent/node_modules/@radix-ui/react-dialog/dist/index.mjs:204:13
    at file:///home/ayush/Desktop/RS-Monolith/agent/node_modules/@radix-ui/react-dialog/dist/index.mjs:130:58
    at Presence (file:///home/ayush/Desktop/RS-Monolith/agent/node_modules/@radix-ui/react-presence/dist/index.mjs:19:11)
    at file:///home/ayush/Desktop/RS-Monolith/agent/node_modules/@radix-ui/react-dialog/dist/index.mjs:121:64
    at file:///home/ayush/Desktop/RS-Monolith/agent/node_modules/@radix-ui/react-slot/dist/index.mjs:25:11
    at file:///home/ayush/Desktop/RS-Monolith/agent/node_modules/@radix-ui/react-slot/dist/index.mjs:6:11
    at file:///home/ayush/Desktop/RS-Monolith/agent/node_modules/@radix-ui/react-primitive/dist/index.mjs:26:13
    at file:///home/ayush/Desktop/RS-Monolith/agent/node_modules/@radix-ui/react-portal/dist/index.mjs:11:22
    at Presence (file:///home/ayush/Desktop/RS-Monolith/agent/node_modules/@radix-ui/react-presence/dist/index.mjs:19:11)
    at Provider (file:///home/ayush/Desktop/RS-Monolith/agent/node_modules/@radix-ui/react-context/dist/index.mjs:27:15)
    at DialogPortal (file:///home/ayush/Desktop/RS-Monolith/agent/node_modules/@radix-ui/react-dialog/dist/index.mjs:84:11)
    at /home/ayush/Desktop/RS-Monolith/agent/src/components/ui/dialog.tsx:45:59
    at Provider (file:///home/ayush/Desktop/RS-Monolith/agent/node_modules/@radix-ui/react-context/dist/index.mjs:27:15)
    at Dialog (file:///home/ayush/Desktop/RS-Monolith/agent/node_modules/@radix-ui/react-dialog/dist/index.mjs:25:5)
    at BookingDialog (/home/ayush/Desktop/RS-Monolith/agent/src/components/BookingDialoge.tsx:26:3)
Warning: An update to SelectItem inside a test was not wrapped in act(...).

When testing, code that causes React state updates should be wrapped into act(...):

act(() => {
  /* fire events that update state */
});
/* assert on the output */

This ensures that you're testing the behavior the user would see in the browser. Learn more at https://reactjs.org/link/wrap-tests-with-act
    at file:///home/ayush/Desktop/RS-Monolith/agent/node_modules/@radix-ui/react-select/dist/index.mjs:797:7
    at /home/ayush/Desktop/RS-Monolith/agent/src/components/ui/select.tsx:179:56
    at div
    at file:///home/ayush/Desktop/RS-Monolith/agent/node_modules/@radix-ui/react-primitive/dist/index.mjs:26:13
    at file:///home/ayush/Desktop/RS-Monolith/agent/node_modules/@radix-ui/react-slot/dist/index.mjs:25:11
    at file:///home/ayush/Desktop/RS-Monolith/agent/node_modules/@radix-ui/react-slot/dist/index.mjs:6:11
    at file:///home/ayush/Desktop/RS-Monolith/agent/node_modules/@radix-ui/react-collection/dist/index.mjs:26:15
    at file:///home/ayush/Desktop/RS-Monolith/agent/node_modules/@radix-ui/react-select/dist/index.mjs:708:13
    at div
    at file:///home/ayush/Desktop/RS-Monolith/agent/node_modules/@radix-ui/react-slot/dist/index.mjs:25:11
    at file:///home/ayush/Desktop/RS-Monolith/agent/node_modules/@radix-ui/react-slot/dist/index.mjs:6:11
    at file:///home/ayush/Desktop/RS-Monolith/agent/node_modules/@radix-ui/react-collection/dist/index.mjs:26:15
    at Provider (file:///home/ayush/Desktop/RS-Monolith/agent/node_modules/@radix-ui/react-context/dist/index.mjs:27:15)
    at file:///home/ayush/Desktop/RS-Monolith/agent/node_modules/@radix-ui/react-select/dist/index.mjs:254:58
    at file:///home/ayush/Desktop/RS-Monolith/agent/node_modules/@radix-ui/react-slot/dist/index.mjs:25:11
    at file:///home/ayush/Desktop/RS-Monolith/agent/node_modules/@radix-ui/react-slot/dist/index.mjs:6:11
    at file:///home/ayush/Desktop/RS-Monolith/agent/node_modules/@radix-ui/react-primitive/dist/index.mjs:26:13
    at file:///home/ayush/Desktop/RS-Monolith/agent/node_modules/@radix-ui/react-portal/dist/index.mjs:11:22
    at SelectPortal
    at /home/ayush/Desktop/RS-Monolith/agent/src/components/ui/select.tsx:106:59
    at Provider (file:///home/ayush/Desktop/RS-Monolith/agent/node_modules/@radix-ui/react-context/dist/index.mjs:27:15)
    at Provider (file:///home/ayush/Desktop/RS-Monolith/agent/node_modules/@radix-ui/react-collection/node_modules/@radix-ui/react-context/dist/index.mjs:27:15)
    at CollectionProvider (file:///home/ayush/Desktop/RS-Monolith/agent/node_modules/@radix-ui/react-collection/dist/index.mjs:17:13)
    at Provider (file:///home/ayush/Desktop/RS-Monolith/agent/node_modules/@radix-ui/react-context/dist/index.mjs:27:15)
    at Provider (file:///home/ayush/Desktop/RS-Monolith/agent/node_modules/@radix-ui/react-popper/node_modules/@radix-ui/react-context/dist/index.mjs:27:15)
    at Popper (file:///home/ayush/Desktop/RS-Monolith/agent/node_modules/@radix-ui/react-popper/dist/index.mjs:30:11)
    at Select (file:///home/ayush/Desktop/RS-Monolith/agent/node_modules/@radix-ui/react-select/dist/index.mjs:42:5)
    at div
    at div
    at div
    at div
    at file:///home/ayush/Desktop/RS-Monolith/agent/node_modules/@radix-ui/react-primitive/dist/index.mjs:26:13
    at file:///home/ayush/Desktop/RS-Monolith/agent/node_modules/@radix-ui/react-dismissable-layer/dist/index.mjs:24:7
    at file:///home/ayush/Desktop/RS-Monolith/agent/node_modules/@radix-ui/react-slot/dist/index.mjs:25:11
    at file:///home/ayush/Desktop/RS-Monolith/agent/node_modules/@radix-ui/react-slot/dist/index.mjs:6:11
    at file:///home/ayush/Desktop/RS-Monolith/agent/node_modules/@radix-ui/react-primitive/dist/index.mjs:26:13
    at file:///home/ayush/Desktop/RS-Monolith/agent/node_modules/@radix-ui/react-focus-scope/dist/index.mjs:15:5
    at file:///home/ayush/Desktop/RS-Monolith/agent/node_modules/@radix-ui/react-dialog/dist/index.mjs:204:13
    at file:///home/ayush/Desktop/RS-Monolith/agent/node_modules/@radix-ui/react-dialog/dist/index.mjs:130:58
    at Presence (file:///home/ayush/Desktop/RS-Monolith/agent/node_modules/@radix-ui/react-presence/dist/index.mjs:19:11)
    at file:///home/ayush/Desktop/RS-Monolith/agent/node_modules/@radix-ui/react-dialog/dist/index.mjs:121:64
    at file:///home/ayush/Desktop/RS-Monolith/agent/node_modules/@radix-ui/react-slot/dist/index.mjs:25:11
    at file:///home/ayush/Desktop/RS-Monolith/agent/node_modules/@radix-ui/react-slot/dist/index.mjs:6:11
    at file:///home/ayush/Desktop/RS-Monolith/agent/node_modules/@radix-ui/react-primitive/dist/index.mjs:26:13
    at file:///home/ayush/Desktop/RS-Monolith/agent/node_modules/@radix-ui/react-portal/dist/index.mjs:11:22
    at Presence (file:///home/ayush/Desktop/RS-Monolith/agent/node_modules/@radix-ui/react-presence/dist/index.mjs:19:11)
    at Provider (file:///home/ayush/Desktop/RS-Monolith/agent/node_modules/@radix-ui/react-context/dist/index.mjs:27:15)
    at DialogPortal (file:///home/ayush/Desktop/RS-Monolith/agent/node_modules/@radix-ui/react-dialog/dist/index.mjs:84:11)
    at /home/ayush/Desktop/RS-Monolith/agent/src/components/ui/dialog.tsx:45:59
    at Provider (file:///home/ayush/Desktop/RS-Monolith/agent/node_modules/@radix-ui/react-context/dist/index.mjs:27:15)
    at Dialog (file:///home/ayush/Desktop/RS-Monolith/agent/node_modules/@radix-ui/react-dialog/dist/index.mjs:25:5)
    at BookingDialog (/home/ayush/Desktop/RS-Monolith/agent/src/components/BookingDialoge.tsx:26:3)
Warning: An update to Select inside a test was not wrapped in act(...).

When testing, code that causes React state updates should be wrapped into act(...):

act(() => {
  /* fire events that update state */
});
/* assert on the output */

This ensures that you're testing the behavior the user would see in the browser. Learn more at https://reactjs.org/link/wrap-tests-with-act
    at Select (file:///home/ayush/Desktop/RS-Monolith/agent/node_modules/@radix-ui/react-select/dist/index.mjs:42:5)
    at div
    at div
    at div
    at div
    at file:///home/ayush/Desktop/RS-Monolith/agent/node_modules/@radix-ui/react-primitive/dist/index.mjs:26:13
    at file:///home/ayush/Desktop/RS-Monolith/agent/node_modules/@radix-ui/react-dismissable-layer/dist/index.mjs:24:7
    at file:///home/ayush/Desktop/RS-Monolith/agent/node_modules/@radix-ui/react-slot/dist/index.mjs:25:11
    at file:///home/ayush/Desktop/RS-Monolith/agent/node_modules/@radix-ui/react-slot/dist/index.mjs:6:11
    at file:///home/ayush/Desktop/RS-Monolith/agent/node_modules/@radix-ui/react-primitive/dist/index.mjs:26:13
    at file:///home/ayush/Desktop/RS-Monolith/agent/node_modules/@radix-ui/react-focus-scope/dist/index.mjs:15:5
    at file:///home/ayush/Desktop/RS-Monolith/agent/node_modules/@radix-ui/react-dialog/dist/index.mjs:204:13
    at file:///home/ayush/Desktop/RS-Monolith/agent/node_modules/@radix-ui/react-dialog/dist/index.mjs:130:58
    at Presence (file:///home/ayush/Desktop/RS-Monolith/agent/node_modules/@radix-ui/react-presence/dist/index.mjs:19:11)
    at file:///home/ayush/Desktop/RS-Monolith/agent/node_modules/@radix-ui/react-dialog/dist/index.mjs:121:64
    at file:///home/ayush/Desktop/RS-Monolith/agent/node_modules/@radix-ui/react-slot/dist/index.mjs:25:11
    at file:///home/ayush/Desktop/RS-Monolith/agent/node_modules/@radix-ui/react-slot/dist/index.mjs:6:11
    at file:///home/ayush/Desktop/RS-Monolith/agent/node_modules/@radix-ui/react-primitive/dist/index.mjs:26:13
    at file:///home/ayush/Desktop/RS-Monolith/agent/node_modules/@radix-ui/react-portal/dist/index.mjs:11:22
    at Presence (file:///home/ayush/Desktop/RS-Monolith/agent/node_modules/@radix-ui/react-presence/dist/index.mjs:19:11)
    at Provider (file:///home/ayush/Desktop/RS-Monolith/agent/node_modules/@radix-ui/react-context/dist/index.mjs:27:15)
    at DialogPortal (file:///home/ayush/Desktop/RS-Monolith/agent/node_modules/@radix-ui/react-dialog/dist/index.mjs:84:11)
    at /home/ayush/Desktop/RS-Monolith/agent/src/components/ui/dialog.tsx:45:59
    at Provider (file:///home/ayush/Desktop/RS-Monolith/agent/node_modules/@radix-ui/react-context/dist/index.mjs:27:15)
    at Dialog (file:///home/ayush/Desktop/RS-Monolith/agent/node_modules/@radix-ui/react-dialog/dist/index.mjs:25:5)
    at BookingDialog (/home/ayush/Desktop/RS-Monolith/agent/src/components/BookingDialoge.tsx:26:3)
Warning: An update to SelectItemText inside a test was not wrapped in act(...).

When testing, code that causes React state updates should be wrapped into act(...):

act(() => {
  /* fire events that update state */
});
/* assert on the output */

This ensures that you're testing the behavior the user would see in the browser. Learn more at https://reactjs.org/link/wrap-tests-with-act
    at file:///home/ayush/Desktop/RS-Monolith/agent/node_modules/@radix-ui/react-select/dist/index.mjs:898:13
    at div
    at file:///home/ayush/Desktop/RS-Monolith/agent/node_modules/@radix-ui/react-primitive/dist/index.mjs:26:13
    at file:///home/ayush/Desktop/RS-Monolith/agent/node_modules/@radix-ui/react-slot/dist/index.mjs:25:11
    at file:///home/ayush/Desktop/RS-Monolith/agent/node_modules/@radix-ui/react-slot/dist/index.mjs:6:11
    at file:///home/ayush/Desktop/RS-Monolith/agent/node_modules/@radix-ui/react-collection/dist/index.mjs:37:15
    at Provider (file:///home/ayush/Desktop/RS-Monolith/agent/node_modules/@radix-ui/react-context/dist/index.mjs:27:15)
    at file:///home/ayush/Desktop/RS-Monolith/agent/node_modules/@radix-ui/react-select/dist/index.mjs:797:7
    at /home/ayush/Desktop/RS-Monolith/agent/src/components/ui/select.tsx:179:56
    at div
    at file:///home/ayush/Desktop/RS-Monolith/agent/node_modules/@radix-ui/react-primitive/dist/index.mjs:26:13
    at file:///home/ayush/Desktop/RS-Monolith/agent/node_modules/@radix-ui/react-slot/dist/index.mjs:25:11
    at file:///home/ayush/Desktop/RS-Monolith/agent/node_modules/@radix-ui/react-slot/dist/index.mjs:6:11
    at file:///home/ayush/Desktop/RS-Monolith/agent/node_modules/@radix-ui/react-collection/dist/index.mjs:26:15
    at file:///home/ayush/Desktop/RS-Monolith/agent/node_modules/@radix-ui/react-select/dist/index.mjs:708:13
    at div
    at file:///home/ayush/Desktop/RS-Monolith/agent/node_modules/@radix-ui/react-slot/dist/index.mjs:25:11
    at file:///home/ayush/Desktop/RS-Monolith/agent/node_modules/@radix-ui/react-slot/dist/index.mjs:6:11
    at file:///home/ayush/Desktop/RS-Monolith/agent/node_modules/@radix-ui/react-collection/dist/index.mjs:26:15
    at Provider (file:///home/ayush/Desktop/RS-Monolith/agent/node_modules/@radix-ui/react-context/dist/index.mjs:27:15)
    at file:///home/ayush/Desktop/RS-Monolith/agent/node_modules/@radix-ui/react-select/dist/index.mjs:254:58
    at file:///home/ayush/Desktop/RS-Monolith/agent/node_modules/@radix-ui/react-slot/dist/index.mjs:25:11
    at file:///home/ayush/Desktop/RS-Monolith/agent/node_modules/@radix-ui/react-slot/dist/index.mjs:6:11
    at file:///home/ayush/Desktop/RS-Monolith/agent/node_modules/@radix-ui/react-primitive/dist/index.mjs:26:13
    at file:///home/ayush/Desktop/RS-Monolith/agent/node_modules/@radix-ui/react-portal/dist/index.mjs:11:22
    at SelectPortal
    at /home/ayush/Desktop/RS-Monolith/agent/src/components/ui/select.tsx:106:59
    at Provider (file:///home/ayush/Desktop/RS-Monolith/agent/node_modules/@radix-ui/react-context/dist/index.mjs:27:15)
    at Provider (file:///home/ayush/Desktop/RS-Monolith/agent/node_modules/@radix-ui/react-collection/node_modules/@radix-ui/react-context/dist/index.mjs:27:15)
    at CollectionProvider (file:///home/ayush/Desktop/RS-Monolith/agent/node_modules/@radix-ui/react-collection/dist/index.mjs:17:13)
    at Provider (file:///home/ayush/Desktop/RS-Monolith/agent/node_modules/@radix-ui/react-context/dist/index.mjs:27:15)
    at Provider (file:///home/ayush/Desktop/RS-Monolith/agent/node_modules/@radix-ui/react-popper/node_modules/@radix-ui/react-context/dist/index.mjs:27:15)
    at Popper (file:///home/ayush/Desktop/RS-Monolith/agent/node_modules/@radix-ui/react-popper/dist/index.mjs:30:11)
    at Select (file:///home/ayush/Desktop/RS-Monolith/agent/node_modules/@radix-ui/react-select/dist/index.mjs:42:5)
    at div
    at div
    at div
    at div
    at file:///home/ayush/Desktop/RS-Monolith/agent/node_modules/@radix-ui/react-primitive/dist/index.mjs:26:13
    at file:///home/ayush/Desktop/RS-Monolith/agent/node_modules/@radix-ui/react-dismissable-layer/dist/index.mjs:24:7
    at file:///home/ayush/Desktop/RS-Monolith/agent/node_modules/@radix-ui/react-slot/dist/index.mjs:25:11
    at file:///home/ayush/Desktop/RS-Monolith/agent/node_modules/@radix-ui/react-slot/dist/index.mjs:6:11
    at file:///home/ayush/Desktop/RS-Monolith/agent/node_modules/@radix-ui/react-primitive/dist/index.mjs:26:13
    at file:///home/ayush/Desktop/RS-Monolith/agent/node_modules/@radix-ui/react-focus-scope/dist/index.mjs:15:5
    at file:///home/ayush/Desktop/RS-Monolith/agent/node_modules/@radix-ui/react-dialog/dist/index.mjs:204:13
    at file:///home/ayush/Desktop/RS-Monolith/agent/node_modules/@radix-ui/react-dialog/dist/index.mjs:130:58
    at Presence (file:///home/ayush/Desktop/RS-Monolith/agent/node_modules/@radix-ui/react-presence/dist/index.mjs:19:11)
    at file:///home/ayush/Desktop/RS-Monolith/agent/node_modules/@radix-ui/react-dialog/dist/index.mjs:121:64
    at file:///home/ayush/Desktop/RS-Monolith/agent/node_modules/@radix-ui/react-slot/dist/index.mjs:25:11
    at file:///home/ayush/Desktop/RS-Monolith/agent/node_modules/@radix-ui/react-slot/dist/index.mjs:6:11
    at file:///home/ayush/Desktop/RS-Monolith/agent/node_modules/@radix-ui/react-primitive/dist/index.mjs:26:13
    at file:///home/ayush/Desktop/RS-Monolith/agent/node_modules/@radix-ui/react-portal/dist/index.mjs:11:22
    at Presence (file:///home/ayush/Desktop/RS-Monolith/agent/node_modules/@radix-ui/react-presence/dist/index.mjs:19:11)
    at Provider (file:///home/ayush/Desktop/RS-Monolith/agent/node_modules/@radix-ui/react-context/dist/index.mjs:27:15)
    at DialogPortal (file:///home/ayush/Desktop/RS-Monolith/agent/node_modules/@radix-ui/react-dialog/dist/index.mjs:84:11)
    at /home/ayush/Desktop/RS-Monolith/agent/src/components/ui/dialog.tsx:45:59
    at Provider (file:///home/ayush/Desktop/RS-Monolith/agent/node_modules/@radix-ui/react-context/dist/index.mjs:27:15)
    at Dialog (file:///home/ayush/Desktop/RS-Monolith/agent/node_modules/@radix-ui/react-dialog/dist/index.mjs:25:5)
    at BookingDialog (/home/ayush/Desktop/RS-Monolith/agent/src/components/BookingDialoge.tsx:26:3)
Warning: An update to SelectItem inside a test was not wrapped in act(...).

When testing, code that causes React state updates should be wrapped into act(...):

act(() => {
  /* fire events that update state */
});
/* assert on the output */

This ensures that you're testing the behavior the user would see in the browser. Learn more at https://reactjs.org/link/wrap-tests-with-act
    at file:///home/ayush/Desktop/RS-Monolith/agent/node_modules/@radix-ui/react-select/dist/index.mjs:797:7
    at /home/ayush/Desktop/RS-Monolith/agent/src/components/ui/select.tsx:179:56
    at div
    at file:///home/ayush/Desktop/RS-Monolith/agent/node_modules/@radix-ui/react-primitive/dist/index.mjs:26:13
    at file:///home/ayush/Desktop/RS-Monolith/agent/node_modules/@radix-ui/react-slot/dist/index.mjs:25:11
    at file:///home/ayush/Desktop/RS-Monolith/agent/node_modules/@radix-ui/react-slot/dist/index.mjs:6:11
    at file:///home/ayush/Desktop/RS-Monolith/agent/node_modules/@radix-ui/react-collection/dist/index.mjs:26:15
    at file:///home/ayush/Desktop/RS-Monolith/agent/node_modules/@radix-ui/react-select/dist/index.mjs:708:13
    at div
    at file:///home/ayush/Desktop/RS-Monolith/agent/node_modules/@radix-ui/react-slot/dist/index.mjs:25:11
    at file:///home/ayush/Desktop/RS-Monolith/agent/node_modules/@radix-ui/react-slot/dist/index.mjs:6:11
    at file:///home/ayush/Desktop/RS-Monolith/agent/node_modules/@radix-ui/react-collection/dist/index.mjs:26:15
    at Provider (file:///home/ayush/Desktop/RS-Monolith/agent/node_modules/@radix-ui/react-context/dist/index.mjs:27:15)
    at file:///home/ayush/Desktop/RS-Monolith/agent/node_modules/@radix-ui/react-select/dist/index.mjs:254:58
    at file:///home/ayush/Desktop/RS-Monolith/agent/node_modules/@radix-ui/react-slot/dist/index.mjs:25:11
    at file:///home/ayush/Desktop/RS-Monolith/agent/node_modules/@radix-ui/react-slot/dist/index.mjs:6:11
    at file:///home/ayush/Desktop/RS-Monolith/agent/node_modules/@radix-ui/react-primitive/dist/index.mjs:26:13
    at file:///home/ayush/Desktop/RS-Monolith/agent/node_modules/@radix-ui/react-portal/dist/index.mjs:11:22
    at SelectPortal
    at /home/ayush/Desktop/RS-Monolith/agent/src/components/ui/select.tsx:106:59
    at Provider (file:///home/ayush/Desktop/RS-Monolith/agent/node_modules/@radix-ui/react-context/dist/index.mjs:27:15)
    at Provider (file:///home/ayush/Desktop/RS-Monolith/agent/node_modules/@radix-ui/react-collection/node_modules/@radix-ui/react-context/dist/index.mjs:27:15)
    at CollectionProvider (file:///home/ayush/Desktop/RS-Monolith/agent/node_modules/@radix-ui/react-collection/dist/index.mjs:17:13)
    at Provider (file:///home/ayush/Desktop/RS-Monolith/agent/node_modules/@radix-ui/react-context/dist/index.mjs:27:15)
    at Provider (file:///home/ayush/Desktop/RS-Monolith/agent/node_modules/@radix-ui/react-popper/node_modules/@radix-ui/react-context/dist/index.mjs:27:15)
    at Popper (file:///home/ayush/Desktop/RS-Monolith/agent/node_modules/@radix-ui/react-popper/dist/index.mjs:30:11)
    at Select (file:///home/ayush/Desktop/RS-Monolith/agent/node_modules/@radix-ui/react-select/dist/index.mjs:42:5)
    at div
    at div
    at div
    at div
    at file:///home/ayush/Desktop/RS-Monolith/agent/node_modules/@radix-ui/react-primitive/dist/index.mjs:26:13
    at file:///home/ayush/Desktop/RS-Monolith/agent/node_modules/@radix-ui/react-dismissable-layer/dist/index.mjs:24:7
    at file:///home/ayush/Desktop/RS-Monolith/agent/node_modules/@radix-ui/react-slot/dist/index.mjs:25:11
    at file:///home/ayush/Desktop/RS-Monolith/agent/node_modules/@radix-ui/react-slot/dist/index.mjs:6:11
    at file:///home/ayush/Desktop/RS-Monolith/agent/node_modules/@radix-ui/react-primitive/dist/index.mjs:26:13
    at file:///home/ayush/Desktop/RS-Monolith/agent/node_modules/@radix-ui/react-focus-scope/dist/index.mjs:15:5
    at file:///home/ayush/Desktop/RS-Monolith/agent/node_modules/@radix-ui/react-dialog/dist/index.mjs:204:13
    at file:///home/ayush/Desktop/RS-Monolith/agent/node_modules/@radix-ui/react-dialog/dist/index.mjs:130:58
    at Presence (file:///home/ayush/Desktop/RS-Monolith/agent/node_modules/@radix-ui/react-presence/dist/index.mjs:19:11)
    at file:///home/ayush/Desktop/RS-Monolith/agent/node_modules/@radix-ui/react-dialog/dist/index.mjs:121:64
    at file:///home/ayush/Desktop/RS-Monolith/agent/node_modules/@radix-ui/react-slot/dist/index.mjs:25:11
    at file:///home/ayush/Desktop/RS-Monolith/agent/node_modules/@radix-ui/react-slot/dist/index.mjs:6:11
    at file:///home/ayush/Desktop/RS-Monolith/agent/node_modules/@radix-ui/react-primitive/dist/index.mjs:26:13
    at file:///home/ayush/Desktop/RS-Monolith/agent/node_modules/@radix-ui/react-portal/dist/index.mjs:11:22
    at Presence (file:///home/ayush/Desktop/RS-Monolith/agent/node_modules/@radix-ui/react-presence/dist/index.mjs:19:11)
    at Provider (file:///home/ayush/Desktop/RS-Monolith/agent/node_modules/@radix-ui/react-context/dist/index.mjs:27:15)
    at DialogPortal (file:///home/ayush/Desktop/RS-Monolith/agent/node_modules/@radix-ui/react-dialog/dist/index.mjs:84:11)
    at /home/ayush/Desktop/RS-Monolith/agent/src/components/ui/dialog.tsx:45:59
    at Provider (file:///home/ayush/Desktop/RS-Monolith/agent/node_modules/@radix-ui/react-context/dist/index.mjs:27:15)
    at Dialog (file:///home/ayush/Desktop/RS-Monolith/agent/node_modules/@radix-ui/react-dialog/dist/index.mjs:25:5)
    at BookingDialog (/home/ayush/Desktop/RS-Monolith/agent/src/components/BookingDialoge.tsx:26:3)
Warning: An update to Select inside a test was not wrapped in act(...).

When testing, code that causes React state updates should be wrapped into act(...):

act(() => {
  /* fire events that update state */
});
/* assert on the output */

This ensures that you're testing the behavior the user would see in the browser. Learn more at https://reactjs.org/link/wrap-tests-with-act
    at Select (file:///home/ayush/Desktop/RS-Monolith/agent/node_modules/@radix-ui/react-select/dist/index.mjs:42:5)
    at div
    at div
    at div
    at div
    at file:///home/ayush/Desktop/RS-Monolith/agent/node_modules/@radix-ui/react-primitive/dist/index.mjs:26:13
    at file:///home/ayush/Desktop/RS-Monolith/agent/node_modules/@radix-ui/react-dismissable-layer/dist/index.mjs:24:7
    at file:///home/ayush/Desktop/RS-Monolith/agent/node_modules/@radix-ui/react-slot/dist/index.mjs:25:11
    at file:///home/ayush/Desktop/RS-Monolith/agent/node_modules/@radix-ui/react-slot/dist/index.mjs:6:11
    at file:///home/ayush/Desktop/RS-Monolith/agent/node_modules/@radix-ui/react-primitive/dist/index.mjs:26:13
    at file:///home/ayush/Desktop/RS-Monolith/agent/node_modules/@radix-ui/react-focus-scope/dist/index.mjs:15:5
    at file:///home/ayush/Desktop/RS-Monolith/agent/node_modules/@radix-ui/react-dialog/dist/index.mjs:204:13
    at file:///home/ayush/Desktop/RS-Monolith/agent/node_modules/@radix-ui/react-dialog/dist/index.mjs:130:58
    at Presence (file:///home/ayush/Desktop/RS-Monolith/agent/node_modules/@radix-ui/react-presence/dist/index.mjs:19:11)
    at file:///home/ayush/Desktop/RS-Monolith/agent/node_modules/@radix-ui/react-dialog/dist/index.mjs:121:64
    at file:///home/ayush/Desktop/RS-Monolith/agent/node_modules/@radix-ui/react-slot/dist/index.mjs:25:11
    at file:///home/ayush/Desktop/RS-Monolith/agent/node_modules/@radix-ui/react-slot/dist/index.mjs:6:11
    at file:///home/ayush/Desktop/RS-Monolith/agent/node_modules/@radix-ui/react-primitive/dist/index.mjs:26:13
    at file:///home/ayush/Desktop/RS-Monolith/agent/node_modules/@radix-ui/react-portal/dist/index.mjs:11:22
    at Presence (file:///home/ayush/Desktop/RS-Monolith/agent/node_modules/@radix-ui/react-presence/dist/index.mjs:19:11)
    at Provider (file:///home/ayush/Desktop/RS-Monolith/agent/node_modules/@radix-ui/react-context/dist/index.mjs:27:15)
    at DialogPortal (file:///home/ayush/Desktop/RS-Monolith/agent/node_modules/@radix-ui/react-dialog/dist/index.mjs:84:11)
    at /home/ayush/Desktop/RS-Monolith/agent/src/components/ui/dialog.tsx:45:59
    at Provider (file:///home/ayush/Desktop/RS-Monolith/agent/node_modules/@radix-ui/react-context/dist/index.mjs:27:15)
    at Dialog (file:///home/ayush/Desktop/RS-Monolith/agent/node_modules/@radix-ui/react-dialog/dist/index.mjs:25:5)
    at BookingDialog (/home/ayush/Desktop/RS-Monolith/agent/src/components/BookingDialoge.tsx:26:3)
Warning: An update to SelectItemText inside a test was not wrapped in act(...).

When testing, code that causes React state updates should be wrapped into act(...):

act(() => {
  /* fire events that update state */
});
/* assert on the output */

This ensures that you're testing the behavior the user would see in the browser. Learn more at https://reactjs.org/link/wrap-tests-with-act
    at file:///home/ayush/Desktop/RS-Monolith/agent/node_modules/@radix-ui/react-select/dist/index.mjs:898:13
    at div
    at file:///home/ayush/Desktop/RS-Monolith/agent/node_modules/@radix-ui/react-primitive/dist/index.mjs:26:13
    at file:///home/ayush/Desktop/RS-Monolith/agent/node_modules/@radix-ui/react-slot/dist/index.mjs:25:11
    at file:///home/ayush/Desktop/RS-Monolith/agent/node_modules/@radix-ui/react-slot/dist/index.mjs:6:11
    at file:///home/ayush/Desktop/RS-Monolith/agent/node_modules/@radix-ui/react-collection/dist/index.mjs:37:15
    at Provider (file:///home/ayush/Desktop/RS-Monolith/agent/node_modules/@radix-ui/react-context/dist/index.mjs:27:15)
    at file:///home/ayush/Desktop/RS-Monolith/agent/node_modules/@radix-ui/react-select/dist/index.mjs:797:7
    at /home/ayush/Desktop/RS-Monolith/agent/src/components/ui/select.tsx:179:56
    at div
    at file:///home/ayush/Desktop/RS-Monolith/agent/node_modules/@radix-ui/react-primitive/dist/index.mjs:26:13
    at file:///home/ayush/Desktop/RS-Monolith/agent/node_modules/@radix-ui/react-slot/dist/index.mjs:25:11
    at file:///home/ayush/Desktop/RS-Monolith/agent/node_modules/@radix-ui/react-slot/dist/index.mjs:6:11
    at file:///home/ayush/Desktop/RS-Monolith/agent/node_modules/@radix-ui/react-collection/dist/index.mjs:26:15
    at file:///home/ayush/Desktop/RS-Monolith/agent/node_modules/@radix-ui/react-select/dist/index.mjs:708:13
    at div
    at file:///home/ayush/Desktop/RS-Monolith/agent/node_modules/@radix-ui/react-slot/dist/index.mjs:25:11
    at file:///home/ayush/Desktop/RS-Monolith/agent/node_modules/@radix-ui/react-slot/dist/index.mjs:6:11
    at file:///home/ayush/Desktop/RS-Monolith/agent/node_modules/@radix-ui/react-collection/dist/index.mjs:26:15
    at Provider (file:///home/ayush/Desktop/RS-Monolith/agent/node_modules/@radix-ui/react-context/dist/index.mjs:27:15)
    at file:///home/ayush/Desktop/RS-Monolith/agent/node_modules/@radix-ui/react-select/dist/index.mjs:254:58
    at file:///home/ayush/Desktop/RS-Monolith/agent/node_modules/@radix-ui/react-slot/dist/index.mjs:25:11
    at file:///home/ayush/Desktop/RS-Monolith/agent/node_modules/@radix-ui/react-slot/dist/index.mjs:6:11
    at file:///home/ayush/Desktop/RS-Monolith/agent/node_modules/@radix-ui/react-primitive/dist/index.mjs:26:13
    at file:///home/ayush/Desktop/RS-Monolith/agent/node_modules/@radix-ui/react-portal/dist/index.mjs:11:22
    at SelectPortal
    at /home/ayush/Desktop/RS-Monolith/agent/src/components/ui/select.tsx:106:59
    at Provider (file:///home/ayush/Desktop/RS-Monolith/agent/node_modules/@radix-ui/react-context/dist/index.mjs:27:15)
    at Provider (file:///home/ayush/Desktop/RS-Monolith/agent/node_modules/@radix-ui/react-collection/node_modules/@radix-ui/react-context/dist/index.mjs:27:15)
    at CollectionProvider (file:///home/ayush/Desktop/RS-Monolith/agent/node_modules/@radix-ui/react-collection/dist/index.mjs:17:13)
    at Provider (file:///home/ayush/Desktop/RS-Monolith/agent/node_modules/@radix-ui/react-context/dist/index.mjs:27:15)
    at Provider (file:///home/ayush/Desktop/RS-Monolith/agent/node_modules/@radix-ui/react-popper/node_modules/@radix-ui/react-context/dist/index.mjs:27:15)
    at Popper (file:///home/ayush/Desktop/RS-Monolith/agent/node_modules/@radix-ui/react-popper/dist/index.mjs:30:11)
    at Select (file:///home/ayush/Desktop/RS-Monolith/agent/node_modules/@radix-ui/react-select/dist/index.mjs:42:5)
    at div
    at div
    at div
    at div
    at file:///home/ayush/Desktop/RS-Monolith/agent/node_modules/@radix-ui/react-primitive/dist/index.mjs:26:13
    at file:///home/ayush/Desktop/RS-Monolith/agent/node_modules/@radix-ui/react-dismissable-layer/dist/index.mjs:24:7
    at file:///home/ayush/Desktop/RS-Monolith/agent/node_modules/@radix-ui/react-slot/dist/index.mjs:25:11
    at file:///home/ayush/Desktop/RS-Monolith/agent/node_modules/@radix-ui/react-slot/dist/index.mjs:6:11
    at file:///home/ayush/Desktop/RS-Monolith/agent/node_modules/@radix-ui/react-primitive/dist/index.mjs:26:13
    at file:///home/ayush/Desktop/RS-Monolith/agent/node_modules/@radix-ui/react-focus-scope/dist/index.mjs:15:5
    at file:///home/ayush/Desktop/RS-Monolith/agent/node_modules/@radix-ui/react-dialog/dist/index.mjs:204:13
    at file:///home/ayush/Desktop/RS-Monolith/agent/node_modules/@radix-ui/react-dialog/dist/index.mjs:130:58
    at Presence (file:///home/ayush/Desktop/RS-Monolith/agent/node_modules/@radix-ui/react-presence/dist/index.mjs:19:11)
    at file:///home/ayush/Desktop/RS-Monolith/agent/node_modules/@radix-ui/react-dialog/dist/index.mjs:121:64
    at file:///home/ayush/Desktop/RS-Monolith/agent/node_modules/@radix-ui/react-slot/dist/index.mjs:25:11
    at file:///home/ayush/Desktop/RS-Monolith/agent/node_modules/@radix-ui/react-slot/dist/index.mjs:6:11
    at file:///home/ayush/Desktop/RS-Monolith/agent/node_modules/@radix-ui/react-primitive/dist/index.mjs:26:13
    at file:///home/ayush/Desktop/RS-Monolith/agent/node_modules/@radix-ui/react-portal/dist/index.mjs:11:22
    at Presence (file:///home/ayush/Desktop/RS-Monolith/agent/node_modules/@radix-ui/react-presence/dist/index.mjs:19:11)
    at Provider (file:///home/ayush/Desktop/RS-Monolith/agent/node_modules/@radix-ui/react-context/dist/index.mjs:27:15)
    at DialogPortal (file:///home/ayush/Desktop/RS-Monolith/agent/node_modules/@radix-ui/react-dialog/dist/index.mjs:84:11)
    at /home/ayush/Desktop/RS-Monolith/agent/src/components/ui/dialog.tsx:45:59
    at Provider (file:///home/ayush/Desktop/RS-Monolith/agent/node_modules/@radix-ui/react-context/dist/index.mjs:27:15)
    at Dialog (file:///home/ayush/Desktop/RS-Monolith/agent/node_modules/@radix-ui/react-dialog/dist/index.mjs:25:5)
    at BookingDialog (/home/ayush/Desktop/RS-Monolith/agent/src/components/BookingDialoge.tsx:26:3)
Warning: An update to SelectItem inside a test was not wrapped in act(...).

When testing, code that causes React state updates should be wrapped into act(...):

act(() => {
  /* fire events that update state */
});
/* assert on the output */

This ensures that you're testing the behavior the user would see in the browser. Learn more at https://reactjs.org/link/wrap-tests-with-act
    at file:///home/ayush/Desktop/RS-Monolith/agent/node_modules/@radix-ui/react-select/dist/index.mjs:797:7
    at /home/ayush/Desktop/RS-Monolith/agent/src/components/ui/select.tsx:179:56
    at div
    at file:///home/ayush/Desktop/RS-Monolith/agent/node_modules/@radix-ui/react-primitive/dist/index.mjs:26:13
    at file:///home/ayush/Desktop/RS-Monolith/agent/node_modules/@radix-ui/react-slot/dist/index.mjs:25:11
    at file:///home/ayush/Desktop/RS-Monolith/agent/node_modules/@radix-ui/react-slot/dist/index.mjs:6:11
    at file:///home/ayush/Desktop/RS-Monolith/agent/node_modules/@radix-ui/react-collection/dist/index.mjs:26:15
    at file:///home/ayush/Desktop/RS-Monolith/agent/node_modules/@radix-ui/react-select/dist/index.mjs:708:13
    at div
    at file:///home/ayush/Desktop/RS-Monolith/agent/node_modules/@radix-ui/react-slot/dist/index.mjs:25:11
    at file:///home/ayush/Desktop/RS-Monolith/agent/node_modules/@radix-ui/react-slot/dist/index.mjs:6:11
    at file:///home/ayush/Desktop/RS-Monolith/agent/node_modules/@radix-ui/react-collection/dist/index.mjs:26:15
    at Provider (file:///home/ayush/Desktop/RS-Monolith/agent/node_modules/@radix-ui/react-context/dist/index.mjs:27:15)
    at file:///home/ayush/Desktop/RS-Monolith/agent/node_modules/@radix-ui/react-select/dist/index.mjs:254:58
    at file:///home/ayush/Desktop/RS-Monolith/agent/node_modules/@radix-ui/react-slot/dist/index.mjs:25:11
    at file:///home/ayush/Desktop/RS-Monolith/agent/node_modules/@radix-ui/react-slot/dist/index.mjs:6:11
    at file:///home/ayush/Desktop/RS-Monolith/agent/node_modules/@radix-ui/react-primitive/dist/index.mjs:26:13
    at file:///home/ayush/Desktop/RS-Monolith/agent/node_modules/@radix-ui/react-portal/dist/index.mjs:11:22
    at SelectPortal
    at /home/ayush/Desktop/RS-Monolith/agent/src/components/ui/select.tsx:106:59
    at Provider (file:///home/ayush/Desktop/RS-Monolith/agent/node_modules/@radix-ui/react-context/dist/index.mjs:27:15)
    at Provider (file:///home/ayush/Desktop/RS-Monolith/agent/node_modules/@radix-ui/react-collection/node_modules/@radix-ui/react-context/dist/index.mjs:27:15)
    at CollectionProvider (file:///home/ayush/Desktop/RS-Monolith/agent/node_modules/@radix-ui/react-collection/dist/index.mjs:17:13)
    at Provider (file:///home/ayush/Desktop/RS-Monolith/agent/node_modules/@radix-ui/react-context/dist/index.mjs:27:15)
    at Provider (file:///home/ayush/Desktop/RS-Monolith/agent/node_modules/@radix-ui/react-popper/node_modules/@radix-ui/react-context/dist/index.mjs:27:15)
    at Popper (file:///home/ayush/Desktop/RS-Monolith/agent/node_modules/@radix-ui/react-popper/dist/index.mjs:30:11)
    at Select (file:///home/ayush/Desktop/RS-Monolith/agent/node_modules/@radix-ui/react-select/dist/index.mjs:42:5)
    at div
    at div
    at div
    at div
    at file:///home/ayush/Desktop/RS-Monolith/agent/node_modules/@radix-ui/react-primitive/dist/index.mjs:26:13
    at file:///home/ayush/Desktop/RS-Monolith/agent/node_modules/@radix-ui/react-dismissable-layer/dist/index.mjs:24:7
    at file:///home/ayush/Desktop/RS-Monolith/agent/node_modules/@radix-ui/react-slot/dist/index.mjs:25:11
    at file:///home/ayush/Desktop/RS-Monolith/agent/node_modules/@radix-ui/react-slot/dist/index.mjs:6:11
    at file:///home/ayush/Desktop/RS-Monolith/agent/node_modules/@radix-ui/react-primitive/dist/index.mjs:26:13
    at file:///home/ayush/Desktop/RS-Monolith/agent/node_modules/@radix-ui/react-focus-scope/dist/index.mjs:15:5
    at file:///home/ayush/Desktop/RS-Monolith/agent/node_modules/@radix-ui/react-dialog/dist/index.mjs:204:13
    at file:///home/ayush/Desktop/RS-Monolith/agent/node_modules/@radix-ui/react-dialog/dist/index.mjs:130:58
    at Presence (file:///home/ayush/Desktop/RS-Monolith/agent/node_modules/@radix-ui/react-presence/dist/index.mjs:19:11)
    at file:///home/ayush/Desktop/RS-Monolith/agent/node_modules/@radix-ui/react-dialog/dist/index.mjs:121:64
    at file:///home/ayush/Desktop/RS-Monolith/agent/node_modules/@radix-ui/react-slot/dist/index.mjs:25:11
    at file:///home/ayush/Desktop/RS-Monolith/agent/node_modules/@radix-ui/react-slot/dist/index.mjs:6:11
    at file:///home/ayush/Desktop/RS-Monolith/agent/node_modules/@radix-ui/react-primitive/dist/index.mjs:26:13
    at file:///home/ayush/Desktop/RS-Monolith/agent/node_modules/@radix-ui/react-portal/dist/index.mjs:11:22
    at Presence (file:///home/ayush/Desktop/RS-Monolith/agent/node_modules/@radix-ui/react-presence/dist/index.mjs:19:11)
    at Provider (file:///home/ayush/Desktop/RS-Monolith/agent/node_modules/@radix-ui/react-context/dist/index.mjs:27:15)
    at DialogPortal (file:///home/ayush/Desktop/RS-Monolith/agent/node_modules/@radix-ui/react-dialog/dist/index.mjs:84:11)
    at /home/ayush/Desktop/RS-Monolith/agent/src/components/ui/dialog.tsx:45:59
    at Provider (file:///home/ayush/Desktop/RS-Monolith/agent/node_modules/@radix-ui/react-context/dist/index.mjs:27:15)
    at Dialog (file:///home/ayush/Desktop/RS-Monolith/agent/node_modules/@radix-ui/react-dialog/dist/index.mjs:25:5)
    at BookingDialog (/home/ayush/Desktop/RS-Monolith/agent/src/components/BookingDialoge.tsx:26:3)
Warning: An update to Select inside a test was not wrapped in act(...).

When testing, code that causes React state updates should be wrapped into act(...):

act(() => {
  /* fire events that update state */
});
/* assert on the output */

This ensures that you're testing the behavior the user would see in the browser. Learn more at https://reactjs.org/link/wrap-tests-with-act
    at Select (file:///home/ayush/Desktop/RS-Monolith/agent/node_modules/@radix-ui/react-select/dist/index.mjs:42:5)
    at div
    at div
    at div
    at div
    at file:///home/ayush/Desktop/RS-Monolith/agent/node_modules/@radix-ui/react-primitive/dist/index.mjs:26:13
    at file:///home/ayush/Desktop/RS-Monolith/agent/node_modules/@radix-ui/react-dismissable-layer/dist/index.mjs:24:7
    at file:///home/ayush/Desktop/RS-Monolith/agent/node_modules/@radix-ui/react-slot/dist/index.mjs:25:11
    at file:///home/ayush/Desktop/RS-Monolith/agent/node_modules/@radix-ui/react-slot/dist/index.mjs:6:11
    at file:///home/ayush/Desktop/RS-Monolith/agent/node_modules/@radix-ui/react-primitive/dist/index.mjs:26:13
    at file:///home/ayush/Desktop/RS-Monolith/agent/node_modules/@radix-ui/react-focus-scope/dist/index.mjs:15:5
    at file:///home/ayush/Desktop/RS-Monolith/agent/node_modules/@radix-ui/react-dialog/dist/index.mjs:204:13
    at file:///home/ayush/Desktop/RS-Monolith/agent/node_modules/@radix-ui/react-dialog/dist/index.mjs:130:58
    at Presence (file:///home/ayush/Desktop/RS-Monolith/agent/node_modules/@radix-ui/react-presence/dist/index.mjs:19:11)
    at file:///home/ayush/Desktop/RS-Monolith/agent/node_modules/@radix-ui/react-dialog/dist/index.mjs:121:64
    at file:///home/ayush/Desktop/RS-Monolith/agent/node_modules/@radix-ui/react-slot/dist/index.mjs:25:11
    at file:///home/ayush/Desktop/RS-Monolith/agent/node_modules/@radix-ui/react-slot/dist/index.mjs:6:11
    at file:///home/ayush/Desktop/RS-Monolith/agent/node_modules/@radix-ui/react-primitive/dist/index.mjs:26:13
    at file:///home/ayush/Desktop/RS-Monolith/agent/node_modules/@radix-ui/react-portal/dist/index.mjs:11:22
    at Presence (file:///home/ayush/Desktop/RS-Monolith/agent/node_modules/@radix-ui/react-presence/dist/index.mjs:19:11)
    at Provider (file:///home/ayush/Desktop/RS-Monolith/agent/node_modules/@radix-ui/react-context/dist/index.mjs:27:15)
    at DialogPortal (file:///home/ayush/Desktop/RS-Monolith/agent/node_modules/@radix-ui/react-dialog/dist/index.mjs:84:11)
    at /home/ayush/Desktop/RS-Monolith/agent/src/components/ui/dialog.tsx:45:59
    at Provider (file:///home/ayush/Desktop/RS-Monolith/agent/node_modules/@radix-ui/react-context/dist/index.mjs:27:15)
    at Dialog (file:///home/ayush/Desktop/RS-Monolith/agent/node_modules/@radix-ui/react-dialog/dist/index.mjs:25:5)
    at BookingDialog (/home/ayush/Desktop/RS-Monolith/agent/src/components/BookingDialoge.tsx:26:3)
Warning: An update to SelectItemText inside a test was not wrapped in act(...).

When testing, code that causes React state updates should be wrapped into act(...):

act(() => {
  /* fire events that update state */
});
/* assert on the output */

This ensures that you're testing the behavior the user would see in the browser. Learn more at https://reactjs.org/link/wrap-tests-with-act
    at file:///home/ayush/Desktop/RS-Monolith/agent/node_modules/@radix-ui/react-select/dist/index.mjs:898:13
    at div
    at file:///home/ayush/Desktop/RS-Monolith/agent/node_modules/@radix-ui/react-primitive/dist/index.mjs:26:13
    at file:///home/ayush/Desktop/RS-Monolith/agent/node_modules/@radix-ui/react-slot/dist/index.mjs:25:11
    at file:///home/ayush/Desktop/RS-Monolith/agent/node_modules/@radix-ui/react-slot/dist/index.mjs:6:11
    at file:///home/ayush/Desktop/RS-Monolith/agent/node_modules/@radix-ui/react-collection/dist/index.mjs:37:15
    at Provider (file:///home/ayush/Desktop/RS-Monolith/agent/node_modules/@radix-ui/react-context/dist/index.mjs:27:15)
    at file:///home/ayush/Desktop/RS-Monolith/agent/node_modules/@radix-ui/react-select/dist/index.mjs:797:7
    at /home/ayush/Desktop/RS-Monolith/agent/src/components/ui/select.tsx:179:56
    at div
    at file:///home/ayush/Desktop/RS-Monolith/agent/node_modules/@radix-ui/react-primitive/dist/index.mjs:26:13
    at file:///home/ayush/Desktop/RS-Monolith/agent/node_modules/@radix-ui/react-slot/dist/index.mjs:25:11
    at file:///home/ayush/Desktop/RS-Monolith/agent/node_modules/@radix-ui/react-slot/dist/index.mjs:6:11
    at file:///home/ayush/Desktop/RS-Monolith/agent/node_modules/@radix-ui/react-collection/dist/index.mjs:26:15
    at file:///home/ayush/Desktop/RS-Monolith/agent/node_modules/@radix-ui/react-select/dist/index.mjs:708:13
    at div
    at file:///home/ayush/Desktop/RS-Monolith/agent/node_modules/@radix-ui/react-slot/dist/index.mjs:25:11
    at file:///home/ayush/Desktop/RS-Monolith/agent/node_modules/@radix-ui/react-slot/dist/index.mjs:6:11
    at file:///home/ayush/Desktop/RS-Monolith/agent/node_modules/@radix-ui/react-collection/dist/index.mjs:26:15
    at Provider (file:///home/ayush/Desktop/RS-Monolith/agent/node_modules/@radix-ui/react-context/dist/index.mjs:27:15)
    at file:///home/ayush/Desktop/RS-Monolith/agent/node_modules/@radix-ui/react-select/dist/index.mjs:254:58
    at file:///home/ayush/Desktop/RS-Monolith/agent/node_modules/@radix-ui/react-slot/dist/index.mjs:25:11
    at file:///home/ayush/Desktop/RS-Monolith/agent/node_modules/@radix-ui/react-slot/dist/index.mjs:6:11
    at file:///home/ayush/Desktop/RS-Monolith/agent/node_modules/@radix-ui/react-primitive/dist/index.mjs:26:13
    at file:///home/ayush/Desktop/RS-Monolith/agent/node_modules/@radix-ui/react-portal/dist/index.mjs:11:22
    at SelectPortal
    at /home/ayush/Desktop/RS-Monolith/agent/src/components/ui/select.tsx:106:59
    at Provider (file:///home/ayush/Desktop/RS-Monolith/agent/node_modules/@radix-ui/react-context/dist/index.mjs:27:15)
    at Provider (file:///home/ayush/Desktop/RS-Monolith/agent/node_modules/@radix-ui/react-collection/node_modules/@radix-ui/react-context/dist/index.mjs:27:15)
    at CollectionProvider (file:///home/ayush/Desktop/RS-Monolith/agent/node_modules/@radix-ui/react-collection/dist/index.mjs:17:13)
    at Provider (file:///home/ayush/Desktop/RS-Monolith/agent/node_modules/@radix-ui/react-context/dist/index.mjs:27:15)
    at Provider (file:///home/ayush/Desktop/RS-Monolith/agent/node_modules/@radix-ui/react-popper/node_modules/@radix-ui/react-context/dist/index.mjs:27:15)
    at Popper (file:///home/ayush/Desktop/RS-Monolith/agent/node_modules/@radix-ui/react-popper/dist/index.mjs:30:11)
    at Select (file:///home/ayush/Desktop/RS-Monolith/agent/node_modules/@radix-ui/react-select/dist/index.mjs:42:5)
    at div
    at div
    at div
    at div
    at file:///home/ayush/Desktop/RS-Monolith/agent/node_modules/@radix-ui/react-primitive/dist/index.mjs:26:13
    at file:///home/ayush/Desktop/RS-Monolith/agent/node_modules/@radix-ui/react-dismissable-layer/dist/index.mjs:24:7
    at file:///home/ayush/Desktop/RS-Monolith/agent/node_modules/@radix-ui/react-slot/dist/index.mjs:25:11
    at file:///home/ayush/Desktop/RS-Monolith/agent/node_modules/@radix-ui/react-slot/dist/index.mjs:6:11
    at file:///home/ayush/Desktop/RS-Monolith/agent/node_modules/@radix-ui/react-primitive/dist/index.mjs:26:13
    at file:///home/ayush/Desktop/RS-Monolith/agent/node_modules/@radix-ui/react-focus-scope/dist/index.mjs:15:5
    at file:///home/ayush/Desktop/RS-Monolith/agent/node_modules/@radix-ui/react-dialog/dist/index.mjs:204:13
    at file:///home/ayush/Desktop/RS-Monolith/agent/node_modules/@radix-ui/react-dialog/dist/index.mjs:130:58
    at Presence (file:///home/ayush/Desktop/RS-Monolith/agent/node_modules/@radix-ui/react-presence/dist/index.mjs:19:11)
    at file:///home/ayush/Desktop/RS-Monolith/agent/node_modules/@radix-ui/react-dialog/dist/index.mjs:121:64
    at file:///home/ayush/Desktop/RS-Monolith/agent/node_modules/@radix-ui/react-slot/dist/index.mjs:25:11
    at file:///home/ayush/Desktop/RS-Monolith/agent/node_modules/@radix-ui/react-slot/dist/index.mjs:6:11
    at file:///home/ayush/Desktop/RS-Monolith/agent/node_modules/@radix-ui/react-primitive/dist/index.mjs:26:13
    at file:///home/ayush/Desktop/RS-Monolith/agent/node_modules/@radix-ui/react-portal/dist/index.mjs:11:22
    at Presence (file:///home/ayush/Desktop/RS-Monolith/agent/node_modules/@radix-ui/react-presence/dist/index.mjs:19:11)
    at Provider (file:///home/ayush/Desktop/RS-Monolith/agent/node_modules/@radix-ui/react-context/dist/index.mjs:27:15)
    at DialogPortal (file:///home/ayush/Desktop/RS-Monolith/agent/node_modules/@radix-ui/react-dialog/dist/index.mjs:84:11)
    at /home/ayush/Desktop/RS-Monolith/agent/src/components/ui/dialog.tsx:45:59
    at Provider (file:///home/ayush/Desktop/RS-Monolith/agent/node_modules/@radix-ui/react-context/dist/index.mjs:27:15)
    at Dialog (file:///home/ayush/Desktop/RS-Monolith/agent/node_modules/@radix-ui/react-dialog/dist/index.mjs:25:5)
    at BookingDialog (/home/ayush/Desktop/RS-Monolith/agent/src/components/BookingDialoge.tsx:26:3)
Warning: An update to SelectItem inside a test was not wrapped in act(...).

When testing, code that causes React state updates should be wrapped into act(...):

act(() => {
  /* fire events that update state */
});
/* assert on the output */

This ensures that you're testing the behavior the user would see in the browser. Learn more at https://reactjs.org/link/wrap-tests-with-act
    at file:///home/ayush/Desktop/RS-Monolith/agent/node_modules/@radix-ui/react-select/dist/index.mjs:797:7
    at /home/ayush/Desktop/RS-Monolith/agent/src/components/ui/select.tsx:179:56
    at div
    at file:///home/ayush/Desktop/RS-Monolith/agent/node_modules/@radix-ui/react-primitive/dist/index.mjs:26:13
    at file:///home/ayush/Desktop/RS-Monolith/agent/node_modules/@radix-ui/react-slot/dist/index.mjs:25:11
    at file:///home/ayush/Desktop/RS-Monolith/agent/node_modules/@radix-ui/react-slot/dist/index.mjs:6:11
    at file:///home/ayush/Desktop/RS-Monolith/agent/node_modules/@radix-ui/react-collection/dist/index.mjs:26:15
    at file:///home/ayush/Desktop/RS-Monolith/agent/node_modules/@radix-ui/react-select/dist/index.mjs:708:13
    at div
    at file:///home/ayush/Desktop/RS-Monolith/agent/node_modules/@radix-ui/react-slot/dist/index.mjs:25:11
    at file:///home/ayush/Desktop/RS-Monolith/agent/node_modules/@radix-ui/react-slot/dist/index.mjs:6:11
    at file:///home/ayush/Desktop/RS-Monolith/agent/node_modules/@radix-ui/react-collection/dist/index.mjs:26:15
    at Provider (file:///home/ayush/Desktop/RS-Monolith/agent/node_modules/@radix-ui/react-context/dist/index.mjs:27:15)
    at file:///home/ayush/Desktop/RS-Monolith/agent/node_modules/@radix-ui/react-select/dist/index.mjs:254:58
    at file:///home/ayush/Desktop/RS-Monolith/agent/node_modules/@radix-ui/react-slot/dist/index.mjs:25:11
    at file:///home/ayush/Desktop/RS-Monolith/agent/node_modules/@radix-ui/react-slot/dist/index.mjs:6:11
    at file:///home/ayush/Desktop/RS-Monolith/agent/node_modules/@radix-ui/react-primitive/dist/index.mjs:26:13
    at file:///home/ayush/Desktop/RS-Monolith/agent/node_modules/@radix-ui/react-portal/dist/index.mjs:11:22
    at SelectPortal
    at /home/ayush/Desktop/RS-Monolith/agent/src/components/ui/select.tsx:106:59
    at Provider (file:///home/ayush/Desktop/RS-Monolith/agent/node_modules/@radix-ui/react-context/dist/index.mjs:27:15)
    at Provider (file:///home/ayush/Desktop/RS-Monolith/agent/node_modules/@radix-ui/react-collection/node_modules/@radix-ui/react-context/dist/index.mjs:27:15)
    at CollectionProvider (file:///home/ayush/Desktop/RS-Monolith/agent/node_modules/@radix-ui/react-collection/dist/index.mjs:17:13)
    at Provider (file:///home/ayush/Desktop/RS-Monolith/agent/node_modules/@radix-ui/react-context/dist/index.mjs:27:15)
    at Provider (file:///home/ayush/Desktop/RS-Monolith/agent/node_modules/@radix-ui/react-popper/node_modules/@radix-ui/react-context/dist/index.mjs:27:15)
    at Popper (file:///home/ayush/Desktop/RS-Monolith/agent/node_modules/@radix-ui/react-popper/dist/index.mjs:30:11)
    at Select (file:///home/ayush/Desktop/RS-Monolith/agent/node_modules/@radix-ui/react-select/dist/index.mjs:42:5)
    at div
    at div
    at div
    at div
    at file:///home/ayush/Desktop/RS-Monolith/agent/node_modules/@radix-ui/react-primitive/dist/index.mjs:26:13
    at file:///home/ayush/Desktop/RS-Monolith/agent/node_modules/@radix-ui/react-dismissable-layer/dist/index.mjs:24:7
    at file:///home/ayush/Desktop/RS-Monolith/agent/node_modules/@radix-ui/react-slot/dist/index.mjs:25:11
    at file:///home/ayush/Desktop/RS-Monolith/agent/node_modules/@radix-ui/react-slot/dist/index.mjs:6:11
    at file:///home/ayush/Desktop/RS-Monolith/agent/node_modules/@radix-ui/react-primitive/dist/index.mjs:26:13
    at file:///home/ayush/Desktop/RS-Monolith/agent/node_modules/@radix-ui/react-focus-scope/dist/index.mjs:15:5
    at file:///home/ayush/Desktop/RS-Monolith/agent/node_modules/@radix-ui/react-dialog/dist/index.mjs:204:13
    at file:///home/ayush/Desktop/RS-Monolith/agent/node_modules/@radix-ui/react-dialog/dist/index.mjs:130:58
    at Presence (file:///home/ayush/Desktop/RS-Monolith/agent/node_modules/@radix-ui/react-presence/dist/index.mjs:19:11)
    at file:///home/ayush/Desktop/RS-Monolith/agent/node_modules/@radix-ui/react-dialog/dist/index.mjs:121:64
    at file:///home/ayush/Desktop/RS-Monolith/agent/node_modules/@radix-ui/react-slot/dist/index.mjs:25:11
    at file:///home/ayush/Desktop/RS-Monolith/agent/node_modules/@radix-ui/react-slot/dist/index.mjs:6:11
    at file:///home/ayush/Desktop/RS-Monolith/agent/node_modules/@radix-ui/react-primitive/dist/index.mjs:26:13
    at file:///home/ayush/Desktop/RS-Monolith/agent/node_modules/@radix-ui/react-portal/dist/index.mjs:11:22
    at Presence (file:///home/ayush/Desktop/RS-Monolith/agent/node_modules/@radix-ui/react-presence/dist/index.mjs:19:11)
    at Provider (file:///home/ayush/Desktop/RS-Monolith/agent/node_modules/@radix-ui/react-context/dist/index.mjs:27:15)
    at DialogPortal (file:///home/ayush/Desktop/RS-Monolith/agent/node_modules/@radix-ui/react-dialog/dist/index.mjs:84:11)
    at /home/ayush/Desktop/RS-Monolith/agent/src/components/ui/dialog.tsx:45:59
    at Provider (file:///home/ayush/Desktop/RS-Monolith/agent/node_modules/@radix-ui/react-context/dist/index.mjs:27:15)
    at Dialog (file:///home/ayush/Desktop/RS-Monolith/agent/node_modules/@radix-ui/react-dialog/dist/index.mjs:25:5)
    at BookingDialog (/home/ayush/Desktop/RS-Monolith/agent/src/components/BookingDialoge.tsx:26:3)
Warning: An update to Select inside a test was not wrapped in act(...).

When testing, code that causes React state updates should be wrapped into act(...):

act(() => {
  /* fire events that update state */
});
/* assert on the output */

This ensures that you're testing the behavior the user would see in the browser. Learn more at https://reactjs.org/link/wrap-tests-with-act
    at Select (file:///home/ayush/Desktop/RS-Monolith/agent/node_modules/@radix-ui/react-select/dist/index.mjs:42:5)
    at div
    at div
    at div
    at div
    at file:///home/ayush/Desktop/RS-Monolith/agent/node_modules/@radix-ui/react-primitive/dist/index.mjs:26:13
    at file:///home/ayush/Desktop/RS-Monolith/agent/node_modules/@radix-ui/react-dismissable-layer/dist/index.mjs:24:7
    at file:///home/ayush/Desktop/RS-Monolith/agent/node_modules/@radix-ui/react-slot/dist/index.mjs:25:11
    at file:///home/ayush/Desktop/RS-Monolith/agent/node_modules/@radix-ui/react-slot/dist/index.mjs:6:11
    at file:///home/ayush/Desktop/RS-Monolith/agent/node_modules/@radix-ui/react-primitive/dist/index.mjs:26:13
    at file:///home/ayush/Desktop/RS-Monolith/agent/node_modules/@radix-ui/react-focus-scope/dist/index.mjs:15:5
    at file:///home/ayush/Desktop/RS-Monolith/agent/node_modules/@radix-ui/react-dialog/dist/index.mjs:204:13
    at file:///home/ayush/Desktop/RS-Monolith/agent/node_modules/@radix-ui/react-dialog/dist/index.mjs:130:58
    at Presence (file:///home/ayush/Desktop/RS-Monolith/agent/node_modules/@radix-ui/react-presence/dist/index.mjs:19:11)
    at file:///home/ayush/Desktop/RS-Monolith/agent/node_modules/@radix-ui/react-dialog/dist/index.mjs:121:64
    at file:///home/ayush/Desktop/RS-Monolith/agent/node_modules/@radix-ui/react-slot/dist/index.mjs:25:11
    at file:///home/ayush/Desktop/RS-Monolith/agent/node_modules/@radix-ui/react-slot/dist/index.mjs:6:11
    at file:///home/ayush/Desktop/RS-Monolith/agent/node_modules/@radix-ui/react-primitive/dist/index.mjs:26:13
    at file:///home/ayush/Desktop/RS-Monolith/agent/node_modules/@radix-ui/react-portal/dist/index.mjs:11:22
    at Presence (file:///home/ayush/Desktop/RS-Monolith/agent/node_modules/@radix-ui/react-presence/dist/index.mjs:19:11)
    at Provider (file:///home/ayush/Desktop/RS-Monolith/agent/node_modules/@radix-ui/react-context/dist/index.mjs:27:15)
    at DialogPortal (file:///home/ayush/Desktop/RS-Monolith/agent/node_modules/@radix-ui/react-dialog/dist/index.mjs:84:11)
    at /home/ayush/Desktop/RS-Monolith/agent/src/components/ui/dialog.tsx:45:59
    at Provider (file:///home/ayush/Desktop/RS-Monolith/agent/node_modules/@radix-ui/react-context/dist/index.mjs:27:15)
    at Dialog (file:///home/ayush/Desktop/RS-Monolith/agent/node_modules/@radix-ui/react-dialog/dist/index.mjs:25:5)
    at BookingDialog (/home/ayush/Desktop/RS-Monolith/agent/src/components/BookingDialoge.tsx:26:3)
Warning: An update to SelectItemText inside a test was not wrapped in act(...).

When testing, code that causes React state updates should be wrapped into act(...):

act(() => {
  /* fire events that update state */
});
/* assert on the output */

This ensures that you're testing the behavior the user would see in the browser. Learn more at https://reactjs.org/link/wrap-tests-with-act
    at file:///home/ayush/Desktop/RS-Monolith/agent/node_modules/@radix-ui/react-select/dist/index.mjs:898:13
    at div
    at file:///home/ayush/Desktop/RS-Monolith/agent/node_modules/@radix-ui/react-primitive/dist/index.mjs:26:13
    at file:///home/ayush/Desktop/RS-Monolith/agent/node_modules/@radix-ui/react-slot/dist/index.mjs:25:11
    at file:///home/ayush/Desktop/RS-Monolith/agent/node_modules/@radix-ui/react-slot/dist/index.mjs:6:11
    at file:///home/ayush/Desktop/RS-Monolith/agent/node_modules/@radix-ui/react-collection/dist/index.mjs:37:15
    at Provider (file:///home/ayush/Desktop/RS-Monolith/agent/node_modules/@radix-ui/react-context/dist/index.mjs:27:15)
    at file:///home/ayush/Desktop/RS-Monolith/agent/node_modules/@radix-ui/react-select/dist/index.mjs:797:7
    at /home/ayush/Desktop/RS-Monolith/agent/src/components/ui/select.tsx:179:56
    at div
    at file:///home/ayush/Desktop/RS-Monolith/agent/node_modules/@radix-ui/react-primitive/dist/index.mjs:26:13
    at file:///home/ayush/Desktop/RS-Monolith/agent/node_modules/@radix-ui/react-slot/dist/index.mjs:25:11
    at file:///home/ayush/Desktop/RS-Monolith/agent/node_modules/@radix-ui/react-slot/dist/index.mjs:6:11
    at file:///home/ayush/Desktop/RS-Monolith/agent/node_modules/@radix-ui/react-collection/dist/index.mjs:26:15
    at file:///home/ayush/Desktop/RS-Monolith/agent/node_modules/@radix-ui/react-select/dist/index.mjs:708:13
    at div
    at file:///home/ayush/Desktop/RS-Monolith/agent/node_modules/@radix-ui/react-slot/dist/index.mjs:25:11
    at file:///home/ayush/Desktop/RS-Monolith/agent/node_modules/@radix-ui/react-slot/dist/index.mjs:6:11
    at file:///home/ayush/Desktop/RS-Monolith/agent/node_modules/@radix-ui/react-collection/dist/index.mjs:26:15
    at Provider (file:///home/ayush/Desktop/RS-Monolith/agent/node_modules/@radix-ui/react-context/dist/index.mjs:27:15)
    at file:///home/ayush/Desktop/RS-Monolith/agent/node_modules/@radix-ui/react-select/dist/index.mjs:254:58
    at file:///home/ayush/Desktop/RS-Monolith/agent/node_modules/@radix-ui/react-slot/dist/index.mjs:25:11
    at file:///home/ayush/Desktop/RS-Monolith/agent/node_modules/@radix-ui/react-slot/dist/index.mjs:6:11
    at file:///home/ayush/Desktop/RS-Monolith/agent/node_modules/@radix-ui/react-primitive/dist/index.mjs:26:13
    at file:///home/ayush/Desktop/RS-Monolith/agent/node_modules/@radix-ui/react-portal/dist/index.mjs:11:22
    at SelectPortal
    at /home/ayush/Desktop/RS-Monolith/agent/src/components/ui/select.tsx:106:59
    at Provider (file:///home/ayush/Desktop/RS-Monolith/agent/node_modules/@radix-ui/react-context/dist/index.mjs:27:15)
    at Provider (file:///home/ayush/Desktop/RS-Monolith/agent/node_modules/@radix-ui/react-collection/node_modules/@radix-ui/react-context/dist/index.mjs:27:15)
    at CollectionProvider (file:///home/ayush/Desktop/RS-Monolith/agent/node_modules/@radix-ui/react-collection/dist/index.mjs:17:13)
    at Provider (file:///home/ayush/Desktop/RS-Monolith/agent/node_modules/@radix-ui/react-context/dist/index.mjs:27:15)
    at Provider (file:///home/ayush/Desktop/RS-Monolith/agent/node_modules/@radix-ui/react-popper/node_modules/@radix-ui/react-context/dist/index.mjs:27:15)
    at Popper (file:///home/ayush/Desktop/RS-Monolith/agent/node_modules/@radix-ui/react-popper/dist/index.mjs:30:11)
    at Select (file:///home/ayush/Desktop/RS-Monolith/agent/node_modules/@radix-ui/react-select/dist/index.mjs:42:5)
    at div
    at div
    at div
    at div
    at file:///home/ayush/Desktop/RS-Monolith/agent/node_modules/@radix-ui/react-primitive/dist/index.mjs:26:13
    at file:///home/ayush/Desktop/RS-Monolith/agent/node_modules/@radix-ui/react-dismissable-layer/dist/index.mjs:24:7
    at file:///home/ayush/Desktop/RS-Monolith/agent/node_modules/@radix-ui/react-slot/dist/index.mjs:25:11
    at file:///home/ayush/Desktop/RS-Monolith/agent/node_modules/@radix-ui/react-slot/dist/index.mjs:6:11
    at file:///home/ayush/Desktop/RS-Monolith/agent/node_modules/@radix-ui/react-primitive/dist/index.mjs:26:13
    at file:///home/ayush/Desktop/RS-Monolith/agent/node_modules/@radix-ui/react-focus-scope/dist/index.mjs:15:5
    at file:///home/ayush/Desktop/RS-Monolith/agent/node_modules/@radix-ui/react-dialog/dist/index.mjs:204:13
    at file:///home/ayush/Desktop/RS-Monolith/agent/node_modules/@radix-ui/react-dialog/dist/index.mjs:130:58
    at Presence (file:///home/ayush/Desktop/RS-Monolith/agent/node_modules/@radix-ui/react-presence/dist/index.mjs:19:11)
    at file:///home/ayush/Desktop/RS-Monolith/agent/node_modules/@radix-ui/react-dialog/dist/index.mjs:121:64
    at file:///home/ayush/Desktop/RS-Monolith/agent/node_modules/@radix-ui/react-slot/dist/index.mjs:25:11
    at file:///home/ayush/Desktop/RS-Monolith/agent/node_modules/@radix-ui/react-slot/dist/index.mjs:6:11
    at file:///home/ayush/Desktop/RS-Monolith/agent/node_modules/@radix-ui/react-primitive/dist/index.mjs:26:13
    at file:///home/ayush/Desktop/RS-Monolith/agent/node_modules/@radix-ui/react-portal/dist/index.mjs:11:22
    at Presence (file:///home/ayush/Desktop/RS-Monolith/agent/node_modules/@radix-ui/react-presence/dist/index.mjs:19:11)
    at Provider (file:///home/ayush/Desktop/RS-Monolith/agent/node_modules/@radix-ui/react-context/dist/index.mjs:27:15)
    at DialogPortal (file:///home/ayush/Desktop/RS-Monolith/agent/node_modules/@radix-ui/react-dialog/dist/index.mjs:84:11)
    at /home/ayush/Desktop/RS-Monolith/agent/src/components/ui/dialog.tsx:45:59
    at Provider (file:///home/ayush/Desktop/RS-Monolith/agent/node_modules/@radix-ui/react-context/dist/index.mjs:27:15)
    at Dialog (file:///home/ayush/Desktop/RS-Monolith/agent/node_modules/@radix-ui/react-dialog/dist/index.mjs:25:5)
    at BookingDialog (/home/ayush/Desktop/RS-Monolith/agent/src/components/BookingDialoge.tsx:26:3)
Warning: An update to SelectItem inside a test was not wrapped in act(...).

When testing, code that causes React state updates should be wrapped into act(...):

act(() => {
  /* fire events that update state */
});
/* assert on the output */

This ensures that you're testing the behavior the user would see in the browser. Learn more at https://reactjs.org/link/wrap-tests-with-act
    at file:///home/ayush/Desktop/RS-Monolith/agent/node_modules/@radix-ui/react-select/dist/index.mjs:797:7
    at /home/ayush/Desktop/RS-Monolith/agent/src/components/ui/select.tsx:179:56
    at div
    at file:///home/ayush/Desktop/RS-Monolith/agent/node_modules/@radix-ui/react-primitive/dist/index.mjs:26:13
    at file:///home/ayush/Desktop/RS-Monolith/agent/node_modules/@radix-ui/react-slot/dist/index.mjs:25:11
    at file:///home/ayush/Desktop/RS-Monolith/agent/node_modules/@radix-ui/react-slot/dist/index.mjs:6:11
    at file:///home/ayush/Desktop/RS-Monolith/agent/node_modules/@radix-ui/react-collection/dist/index.mjs:26:15
    at file:///home/ayush/Desktop/RS-Monolith/agent/node_modules/@radix-ui/react-select/dist/index.mjs:708:13
    at div
    at file:///home/ayush/Desktop/RS-Monolith/agent/node_modules/@radix-ui/react-slot/dist/index.mjs:25:11
    at file:///home/ayush/Desktop/RS-Monolith/agent/node_modules/@radix-ui/react-slot/dist/index.mjs:6:11
    at file:///home/ayush/Desktop/RS-Monolith/agent/node_modules/@radix-ui/react-collection/dist/index.mjs:26:15
    at Provider (file:///home/ayush/Desktop/RS-Monolith/agent/node_modules/@radix-ui/react-context/dist/index.mjs:27:15)
    at file:///home/ayush/Desktop/RS-Monolith/agent/node_modules/@radix-ui/react-select/dist/index.mjs:254:58
    at file:///home/ayush/Desktop/RS-Monolith/agent/node_modules/@radix-ui/react-slot/dist/index.mjs:25:11
    at file:///home/ayush/Desktop/RS-Monolith/agent/node_modules/@radix-ui/react-slot/dist/index.mjs:6:11
    at file:///home/ayush/Desktop/RS-Monolith/agent/node_modules/@radix-ui/react-primitive/dist/index.mjs:26:13
    at file:///home/ayush/Desktop/RS-Monolith/agent/node_modules/@radix-ui/react-portal/dist/index.mjs:11:22
    at SelectPortal
    at /home/ayush/Desktop/RS-Monolith/agent/src/components/ui/select.tsx:106:59
    at Provider (file:///home/ayush/Desktop/RS-Monolith/agent/node_modules/@radix-ui/react-context/dist/index.mjs:27:15)
    at Provider (file:///home/ayush/Desktop/RS-Monolith/agent/node_modules/@radix-ui/react-collection/node_modules/@radix-ui/react-context/dist/index.mjs:27:15)
    at CollectionProvider (file:///home/ayush/Desktop/RS-Monolith/agent/node_modules/@radix-ui/react-collection/dist/index.mjs:17:13)
    at Provider (file:///home/ayush/Desktop/RS-Monolith/agent/node_modules/@radix-ui/react-context/dist/index.mjs:27:15)
    at Provider (file:///home/ayush/Desktop/RS-Monolith/agent/node_modules/@radix-ui/react-popper/node_modules/@radix-ui/react-context/dist/index.mjs:27:15)
    at Popper (file:///home/ayush/Desktop/RS-Monolith/agent/node_modules/@radix-ui/react-popper/dist/index.mjs:30:11)
    at Select (file:///home/ayush/Desktop/RS-Monolith/agent/node_modules/@radix-ui/react-select/dist/index.mjs:42:5)
    at div
    at div
    at div
    at div
    at file:///home/ayush/Desktop/RS-Monolith/agent/node_modules/@radix-ui/react-primitive/dist/index.mjs:26:13
    at file:///home/ayush/Desktop/RS-Monolith/agent/node_modules/@radix-ui/react-dismissable-layer/dist/index.mjs:24:7
    at file:///home/ayush/Desktop/RS-Monolith/agent/node_modules/@radix-ui/react-slot/dist/index.mjs:25:11
    at file:///home/ayush/Desktop/RS-Monolith/agent/node_modules/@radix-ui/react-slot/dist/index.mjs:6:11
    at file:///home/ayush/Desktop/RS-Monolith/agent/node_modules/@radix-ui/react-primitive/dist/index.mjs:26:13
    at file:///home/ayush/Desktop/RS-Monolith/agent/node_modules/@radix-ui/react-focus-scope/dist/index.mjs:15:5
    at file:///home/ayush/Desktop/RS-Monolith/agent/node_modules/@radix-ui/react-dialog/dist/index.mjs:204:13
    at file:///home/ayush/Desktop/RS-Monolith/agent/node_modules/@radix-ui/react-dialog/dist/index.mjs:130:58
    at Presence (file:///home/ayush/Desktop/RS-Monolith/agent/node_modules/@radix-ui/react-presence/dist/index.mjs:19:11)
    at file:///home/ayush/Desktop/RS-Monolith/agent/node_modules/@radix-ui/react-dialog/dist/index.mjs:121:64
    at file:///home/ayush/Desktop/RS-Monolith/agent/node_modules/@radix-ui/react-slot/dist/index.mjs:25:11
    at file:///home/ayush/Desktop/RS-Monolith/agent/node_modules/@radix-ui/react-slot/dist/index.mjs:6:11
    at file:///home/ayush/Desktop/RS-Monolith/agent/node_modules/@radix-ui/react-primitive/dist/index.mjs:26:13
    at file:///home/ayush/Desktop/RS-Monolith/agent/node_modules/@radix-ui/react-portal/dist/index.mjs:11:22
    at Presence (file:///home/ayush/Desktop/RS-Monolith/agent/node_modules/@radix-ui/react-presence/dist/index.mjs:19:11)
    at Provider (file:///home/ayush/Desktop/RS-Monolith/agent/node_modules/@radix-ui/react-context/dist/index.mjs:27:15)
    at DialogPortal (file:///home/ayush/Desktop/RS-Monolith/agent/node_modules/@radix-ui/react-dialog/dist/index.mjs:84:11)
    at /home/ayush/Desktop/RS-Monolith/agent/src/components/ui/dialog.tsx:45:59
    at Provider (file:///home/ayush/Desktop/RS-Monolith/agent/node_modules/@radix-ui/react-context/dist/index.mjs:27:15)
    at Dialog (file:///home/ayush/Desktop/RS-Monolith/agent/node_modules/@radix-ui/react-dialog/dist/index.mjs:25:5)
    at BookingDialog (/home/ayush/Desktop/RS-Monolith/agent/src/components/BookingDialoge.tsx:26:3)
Warning: An update to Select inside a test was not wrapped in act(...).

When testing, code that causes React state updates should be wrapped into act(...):

act(() => {
  /* fire events that update state */
});
/* assert on the output */

This ensures that you're testing the behavior the user would see in the browser. Learn more at https://reactjs.org/link/wrap-tests-with-act
    at Select (file:///home/ayush/Desktop/RS-Monolith/agent/node_modules/@radix-ui/react-select/dist/index.mjs:42:5)
    at div
    at div
    at div
    at div
    at file:///home/ayush/Desktop/RS-Monolith/agent/node_modules/@radix-ui/react-primitive/dist/index.mjs:26:13
    at file:///home/ayush/Desktop/RS-Monolith/agent/node_modules/@radix-ui/react-dismissable-layer/dist/index.mjs:24:7
    at file:///home/ayush/Desktop/RS-Monolith/agent/node_modules/@radix-ui/react-slot/dist/index.mjs:25:11
    at file:///home/ayush/Desktop/RS-Monolith/agent/node_modules/@radix-ui/react-slot/dist/index.mjs:6:11
    at file:///home/ayush/Desktop/RS-Monolith/agent/node_modules/@radix-ui/react-primitive/dist/index.mjs:26:13
    at file:///home/ayush/Desktop/RS-Monolith/agent/node_modules/@radix-ui/react-focus-scope/dist/index.mjs:15:5
    at file:///home/ayush/Desktop/RS-Monolith/agent/node_modules/@radix-ui/react-dialog/dist/index.mjs:204:13
    at file:///home/ayush/Desktop/RS-Monolith/agent/node_modules/@radix-ui/react-dialog/dist/index.mjs:130:58
    at Presence (file:///home/ayush/Desktop/RS-Monolith/agent/node_modules/@radix-ui/react-presence/dist/index.mjs:19:11)
    at file:///home/ayush/Desktop/RS-Monolith/agent/node_modules/@radix-ui/react-dialog/dist/index.mjs:121:64
    at file:///home/ayush/Desktop/RS-Monolith/agent/node_modules/@radix-ui/react-slot/dist/index.mjs:25:11
    at file:///home/ayush/Desktop/RS-Monolith/agent/node_modules/@radix-ui/react-slot/dist/index.mjs:6:11
    at file:///home/ayush/Desktop/RS-Monolith/agent/node_modules/@radix-ui/react-primitive/dist/index.mjs:26:13
    at file:///home/ayush/Desktop/RS-Monolith/agent/node_modules/@radix-ui/react-portal/dist/index.mjs:11:22
    at Presence (file:///home/ayush/Desktop/RS-Monolith/agent/node_modules/@radix-ui/react-presence/dist/index.mjs:19:11)
    at Provider (file:///home/ayush/Desktop/RS-Monolith/agent/node_modules/@radix-ui/react-context/dist/index.mjs:27:15)
    at DialogPortal (file:///home/ayush/Desktop/RS-Monolith/agent/node_modules/@radix-ui/react-dialog/dist/index.mjs:84:11)
    at /home/ayush/Desktop/RS-Monolith/agent/src/components/ui/dialog.tsx:45:59
    at Provider (file:///home/ayush/Desktop/RS-Monolith/agent/node_modules/@radix-ui/react-context/dist/index.mjs:27:15)
    at Dialog (file:///home/ayush/Desktop/RS-Monolith/agent/node_modules/@radix-ui/react-dialog/dist/index.mjs:25:5)
    at BookingDialog (/home/ayush/Desktop/RS-Monolith/agent/src/components/BookingDialoge.tsx:26:3)
Warning: An update to SelectItemText inside a test was not wrapped in act(...).

When testing, code that causes React state updates should be wrapped into act(...):

act(() => {
  /* fire events that update state */
});
/* assert on the output */

This ensures that you're testing the behavior the user would see in the browser. Learn more at https://reactjs.org/link/wrap-tests-with-act
    at file:///home/ayush/Desktop/RS-Monolith/agent/node_modules/@radix-ui/react-select/dist/index.mjs:898:13
    at div
    at file:///home/ayush/Desktop/RS-Monolith/agent/node_modules/@radix-ui/react-primitive/dist/index.mjs:26:13
    at file:///home/ayush/Desktop/RS-Monolith/agent/node_modules/@radix-ui/react-slot/dist/index.mjs:25:11
    at file:///home/ayush/Desktop/RS-Monolith/agent/node_modules/@radix-ui/react-slot/dist/index.mjs:6:11
    at file:///home/ayush/Desktop/RS-Monolith/agent/node_modules/@radix-ui/react-collection/dist/index.mjs:37:15
    at Provider (file:///home/ayush/Desktop/RS-Monolith/agent/node_modules/@radix-ui/react-context/dist/index.mjs:27:15)
    at file:///home/ayush/Desktop/RS-Monolith/agent/node_modules/@radix-ui/react-select/dist/index.mjs:797:7
    at /home/ayush/Desktop/RS-Monolith/agent/src/components/ui/select.tsx:179:56
    at div
    at file:///home/ayush/Desktop/RS-Monolith/agent/node_modules/@radix-ui/react-primitive/dist/index.mjs:26:13
    at file:///home/ayush/Desktop/RS-Monolith/agent/node_modules/@radix-ui/react-slot/dist/index.mjs:25:11
    at file:///home/ayush/Desktop/RS-Monolith/agent/node_modules/@radix-ui/react-slot/dist/index.mjs:6:11
    at file:///home/ayush/Desktop/RS-Monolith/agent/node_modules/@radix-ui/react-collection/dist/index.mjs:26:15
    at file:///home/ayush/Desktop/RS-Monolith/agent/node_modules/@radix-ui/react-select/dist/index.mjs:708:13
    at div
    at file:///home/ayush/Desktop/RS-Monolith/agent/node_modules/@radix-ui/react-slot/dist/index.mjs:25:11
    at file:///home/ayush/Desktop/RS-Monolith/agent/node_modules/@radix-ui/react-slot/dist/index.mjs:6:11
    at file:///home/ayush/Desktop/RS-Monolith/agent/node_modules/@radix-ui/react-collection/dist/index.mjs:26:15
    at Provider (file:///home/ayush/Desktop/RS-Monolith/agent/node_modules/@radix-ui/react-context/dist/index.mjs:27:15)
    at file:///home/ayush/Desktop/RS-Monolith/agent/node_modules/@radix-ui/react-select/dist/index.mjs:254:58
    at file:///home/ayush/Desktop/RS-Monolith/agent/node_modules/@radix-ui/react-slot/dist/index.mjs:25:11
    at file:///home/ayush/Desktop/RS-Monolith/agent/node_modules/@radix-ui/react-slot/dist/index.mjs:6:11
    at file:///home/ayush/Desktop/RS-Monolith/agent/node_modules/@radix-ui/react-primitive/dist/index.mjs:26:13
    at file:///home/ayush/Desktop/RS-Monolith/agent/node_modules/@radix-ui/react-portal/dist/index.mjs:11:22
    at SelectPortal
    at /home/ayush/Desktop/RS-Monolith/agent/src/components/ui/select.tsx:106:59
    at Provider (file:///home/ayush/Desktop/RS-Monolith/agent/node_modules/@radix-ui/react-context/dist/index.mjs:27:15)
    at Provider (file:///home/ayush/Desktop/RS-Monolith/agent/node_modules/@radix-ui/react-collection/node_modules/@radix-ui/react-context/dist/index.mjs:27:15)
    at CollectionProvider (file:///home/ayush/Desktop/RS-Monolith/agent/node_modules/@radix-ui/react-collection/dist/index.mjs:17:13)
    at Provider (file:///home/ayush/Desktop/RS-Monolith/agent/node_modules/@radix-ui/react-context/dist/index.mjs:27:15)
    at Provider (file:///home/ayush/Desktop/RS-Monolith/agent/node_modules/@radix-ui/react-popper/node_modules/@radix-ui/react-context/dist/index.mjs:27:15)
    at Popper (file:///home/ayush/Desktop/RS-Monolith/agent/node_modules/@radix-ui/react-popper/dist/index.mjs:30:11)
    at Select (file:///home/ayush/Desktop/RS-Monolith/agent/node_modules/@radix-ui/react-select/dist/index.mjs:42:5)
    at div
    at div
    at div
    at div
    at file:///home/ayush/Desktop/RS-Monolith/agent/node_modules/@radix-ui/react-primitive/dist/index.mjs:26:13
    at file:///home/ayush/Desktop/RS-Monolith/agent/node_modules/@radix-ui/react-dismissable-layer/dist/index.mjs:24:7
    at file:///home/ayush/Desktop/RS-Monolith/agent/node_modules/@radix-ui/react-slot/dist/index.mjs:25:11
    at file:///home/ayush/Desktop/RS-Monolith/agent/node_modules/@radix-ui/react-slot/dist/index.mjs:6:11
    at file:///home/ayush/Desktop/RS-Monolith/agent/node_modules/@radix-ui/react-primitive/dist/index.mjs:26:13
    at file:///home/ayush/Desktop/RS-Monolith/agent/node_modules/@radix-ui/react-focus-scope/dist/index.mjs:15:5
    at file:///home/ayush/Desktop/RS-Monolith/agent/node_modules/@radix-ui/react-dialog/dist/index.mjs:204:13
    at file:///home/ayush/Desktop/RS-Monolith/agent/node_modules/@radix-ui/react-dialog/dist/index.mjs:130:58
    at Presence (file:///home/ayush/Desktop/RS-Monolith/agent/node_modules/@radix-ui/react-presence/dist/index.mjs:19:11)
    at file:///home/ayush/Desktop/RS-Monolith/agent/node_modules/@radix-ui/react-dialog/dist/index.mjs:121:64
    at file:///home/ayush/Desktop/RS-Monolith/agent/node_modules/@radix-ui/react-slot/dist/index.mjs:25:11
    at file:///home/ayush/Desktop/RS-Monolith/agent/node_modules/@radix-ui/react-slot/dist/index.mjs:6:11
    at file:///home/ayush/Desktop/RS-Monolith/agent/node_modules/@radix-ui/react-primitive/dist/index.mjs:26:13
    at file:///home/ayush/Desktop/RS-Monolith/agent/node_modules/@radix-ui/react-portal/dist/index.mjs:11:22
    at Presence (file:///home/ayush/Desktop/RS-Monolith/agent/node_modules/@radix-ui/react-presence/dist/index.mjs:19:11)
    at Provider (file:///home/ayush/Desktop/RS-Monolith/agent/node_modules/@radix-ui/react-context/dist/index.mjs:27:15)
    at DialogPortal (file:///home/ayush/Desktop/RS-Monolith/agent/node_modules/@radix-ui/react-dialog/dist/index.mjs:84:11)
    at /home/ayush/Desktop/RS-Monolith/agent/src/components/ui/dialog.tsx:45:59
    at Provider (file:///home/ayush/Desktop/RS-Monolith/agent/node_modules/@radix-ui/react-context/dist/index.mjs:27:15)
    at Dialog (file:///home/ayush/Desktop/RS-Monolith/agent/node_modules/@radix-ui/react-dialog/dist/index.mjs:25:5)
    at BookingDialog (/home/ayush/Desktop/RS-Monolith/agent/src/components/BookingDialoge.tsx:26:3)
Warning: An update to SelectItem inside a test was not wrapped in act(...).

When testing, code that causes React state updates should be wrapped into act(...):

act(() => {
  /* fire events that update state */
});
/* assert on the output */

This ensures that you're testing the behavior the user would see in the browser. Learn more at https://reactjs.org/link/wrap-tests-with-act
    at file:///home/ayush/Desktop/RS-Monolith/agent/node_modules/@radix-ui/react-select/dist/index.mjs:797:7
    at /home/ayush/Desktop/RS-Monolith/agent/src/components/ui/select.tsx:179:56
    at div
    at file:///home/ayush/Desktop/RS-Monolith/agent/node_modules/@radix-ui/react-primitive/dist/index.mjs:26:13
    at file:///home/ayush/Desktop/RS-Monolith/agent/node_modules/@radix-ui/react-slot/dist/index.mjs:25:11
    at file:///home/ayush/Desktop/RS-Monolith/agent/node_modules/@radix-ui/react-slot/dist/index.mjs:6:11
    at file:///home/ayush/Desktop/RS-Monolith/agent/node_modules/@radix-ui/react-collection/dist/index.mjs:26:15
    at file:///home/ayush/Desktop/RS-Monolith/agent/node_modules/@radix-ui/react-select/dist/index.mjs:708:13
    at div
    at file:///home/ayush/Desktop/RS-Monolith/agent/node_modules/@radix-ui/react-slot/dist/index.mjs:25:11
    at file:///home/ayush/Desktop/RS-Monolith/agent/node_modules/@radix-ui/react-slot/dist/index.mjs:6:11
    at file:///home/ayush/Desktop/RS-Monolith/agent/node_modules/@radix-ui/react-collection/dist/index.mjs:26:15
    at Provider (file:///home/ayush/Desktop/RS-Monolith/agent/node_modules/@radix-ui/react-context/dist/index.mjs:27:15)
    at file:///home/ayush/Desktop/RS-Monolith/agent/node_modules/@radix-ui/react-select/dist/index.mjs:254:58
    at file:///home/ayush/Desktop/RS-Monolith/agent/node_modules/@radix-ui/react-slot/dist/index.mjs:25:11
    at file:///home/ayush/Desktop/RS-Monolith/agent/node_modules/@radix-ui/react-slot/dist/index.mjs:6:11
    at file:///home/ayush/Desktop/RS-Monolith/agent/node_modules/@radix-ui/react-primitive/dist/index.mjs:26:13
    at file:///home/ayush/Desktop/RS-Monolith/agent/node_modules/@radix-ui/react-portal/dist/index.mjs:11:22
    at SelectPortal
    at /home/ayush/Desktop/RS-Monolith/agent/src/components/ui/select.tsx:106:59
    at Provider (file:///home/ayush/Desktop/RS-Monolith/agent/node_modules/@radix-ui/react-context/dist/index.mjs:27:15)
    at Provider (file:///home/ayush/Desktop/RS-Monolith/agent/node_modules/@radix-ui/react-collection/node_modules/@radix-ui/react-context/dist/index.mjs:27:15)
    at CollectionProvider (file:///home/ayush/Desktop/RS-Monolith/agent/node_modules/@radix-ui/react-collection/dist/index.mjs:17:13)
    at Provider (file:///home/ayush/Desktop/RS-Monolith/agent/node_modules/@radix-ui/react-context/dist/index.mjs:27:15)
    at Provider (file:///home/ayush/Desktop/RS-Monolith/agent/node_modules/@radix-ui/react-popper/node_modules/@radix-ui/react-context/dist/index.mjs:27:15)
    at Popper (file:///home/ayush/Desktop/RS-Monolith/agent/node_modules/@radix-ui/react-popper/dist/index.mjs:30:11)
    at Select (file:///home/ayush/Desktop/RS-Monolith/agent/node_modules/@radix-ui/react-select/dist/index.mjs:42:5)
    at div
    at div
    at div
    at div
    at file:///home/ayush/Desktop/RS-Monolith/agent/node_modules/@radix-ui/react-primitive/dist/index.mjs:26:13
    at file:///home/ayush/Desktop/RS-Monolith/agent/node_modules/@radix-ui/react-dismissable-layer/dist/index.mjs:24:7
    at file:///home/ayush/Desktop/RS-Monolith/agent/node_modules/@radix-ui/react-slot/dist/index.mjs:25:11
    at file:///home/ayush/Desktop/RS-Monolith/agent/node_modules/@radix-ui/react-slot/dist/index.mjs:6:11
    at file:///home/ayush/Desktop/RS-Monolith/agent/node_modules/@radix-ui/react-primitive/dist/index.mjs:26:13
    at file:///home/ayush/Desktop/RS-Monolith/agent/node_modules/@radix-ui/react-focus-scope/dist/index.mjs:15:5
    at file:///home/ayush/Desktop/RS-Monolith/agent/node_modules/@radix-ui/react-dialog/dist/index.mjs:204:13
    at file:///home/ayush/Desktop/RS-Monolith/agent/node_modules/@radix-ui/react-dialog/dist/index.mjs:130:58
    at Presence (file:///home/ayush/Desktop/RS-Monolith/agent/node_modules/@radix-ui/react-presence/dist/index.mjs:19:11)
    at file:///home/ayush/Desktop/RS-Monolith/agent/node_modules/@radix-ui/react-dialog/dist/index.mjs:121:64
    at file:///home/ayush/Desktop/RS-Monolith/agent/node_modules/@radix-ui/react-slot/dist/index.mjs:25:11
    at file:///home/ayush/Desktop/RS-Monolith/agent/node_modules/@radix-ui/react-slot/dist/index.mjs:6:11
    at file:///home/ayush/Desktop/RS-Monolith/agent/node_modules/@radix-ui/react-primitive/dist/index.mjs:26:13
    at file:///home/ayush/Desktop/RS-Monolith/agent/node_modules/@radix-ui/react-portal/dist/index.mjs:11:22
    at Presence (file:///home/ayush/Desktop/RS-Monolith/agent/node_modules/@radix-ui/react-presence/dist/index.mjs:19:11)
    at Provider (file:///home/ayush/Desktop/RS-Monolith/agent/node_modules/@radix-ui/react-context/dist/index.mjs:27:15)
    at DialogPortal (file:///home/ayush/Desktop/RS-Monolith/agent/node_modules/@radix-ui/react-dialog/dist/index.mjs:84:11)
    at /home/ayush/Desktop/RS-Monolith/agent/src/components/ui/dialog.tsx:45:59
    at Provider (file:///home/ayush/Desktop/RS-Monolith/agent/node_modules/@radix-ui/react-context/dist/index.mjs:27:15)
    at Dialog (file:///home/ayush/Desktop/RS-Monolith/agent/node_modules/@radix-ui/react-dialog/dist/index.mjs:25:5)
    at BookingDialog (/home/ayush/Desktop/RS-Monolith/agent/src/components/BookingDialoge.tsx:26:3)
Warning: An update to Select inside a test was not wrapped in act(...).

When testing, code that causes React state updates should be wrapped into act(...):

act(() => {
  /* fire events that update state */
});
/* assert on the output */

This ensures that you're testing the behavior the user would see in the browser. Learn more at https://reactjs.org/link/wrap-tests-with-act
    at Select (file:///home/ayush/Desktop/RS-Monolith/agent/node_modules/@radix-ui/react-select/dist/index.mjs:42:5)
    at div
    at div
    at div
    at div
    at file:///home/ayush/Desktop/RS-Monolith/agent/node_modules/@radix-ui/react-primitive/dist/index.mjs:26:13
    at file:///home/ayush/Desktop/RS-Monolith/agent/node_modules/@radix-ui/react-dismissable-layer/dist/index.mjs:24:7
    at file:///home/ayush/Desktop/RS-Monolith/agent/node_modules/@radix-ui/react-slot/dist/index.mjs:25:11
    at file:///home/ayush/Desktop/RS-Monolith/agent/node_modules/@radix-ui/react-slot/dist/index.mjs:6:11
    at file:///home/ayush/Desktop/RS-Monolith/agent/node_modules/@radix-ui/react-primitive/dist/index.mjs:26:13
    at file:///home/ayush/Desktop/RS-Monolith/agent/node_modules/@radix-ui/react-focus-scope/dist/index.mjs:15:5
    at file:///home/ayush/Desktop/RS-Monolith/agent/node_modules/@radix-ui/react-dialog/dist/index.mjs:204:13
    at file:///home/ayush/Desktop/RS-Monolith/agent/node_modules/@radix-ui/react-dialog/dist/index.mjs:130:58
    at Presence (file:///home/ayush/Desktop/RS-Monolith/agent/node_modules/@radix-ui/react-presence/dist/index.mjs:19:11)
    at file:///home/ayush/Desktop/RS-Monolith/agent/node_modules/@radix-ui/react-dialog/dist/index.mjs:121:64
    at file:///home/ayush/Desktop/RS-Monolith/agent/node_modules/@radix-ui/react-slot/dist/index.mjs:25:11
    at file:///home/ayush/Desktop/RS-Monolith/agent/node_modules/@radix-ui/react-slot/dist/index.mjs:6:11
    at file:///home/ayush/Desktop/RS-Monolith/agent/node_modules/@radix-ui/react-primitive/dist/index.mjs:26:13
    at file:///home/ayush/Desktop/RS-Monolith/agent/node_modules/@radix-ui/react-portal/dist/index.mjs:11:22
    at Presence (file:///home/ayush/Desktop/RS-Monolith/agent/node_modules/@radix-ui/react-presence/dist/index.mjs:19:11)
    at Provider (file:///home/ayush/Desktop/RS-Monolith/agent/node_modules/@radix-ui/react-context/dist/index.mjs:27:15)
    at DialogPortal (file:///home/ayush/Desktop/RS-Monolith/agent/node_modules/@radix-ui/react-dialog/dist/index.mjs:84:11)
    at /home/ayush/Desktop/RS-Monolith/agent/src/components/ui/dialog.tsx:45:59
    at Provider (file:///home/ayush/Desktop/RS-Monolith/agent/node_modules/@radix-ui/react-context/dist/index.mjs:27:15)
    at Dialog (file:///home/ayush/Desktop/RS-Monolith/agent/node_modules/@radix-ui/react-dialog/dist/index.mjs:25:5)
    at BookingDialog (/home/ayush/Desktop/RS-Monolith/agent/src/components/BookingDialoge.tsx:26:3)
Warning: An update to SelectItemText inside a test was not wrapped in act(...).

When testing, code that causes React state updates should be wrapped into act(...):

act(() => {
  /* fire events that update state */
});
/* assert on the output */

This ensures that you're testing the behavior the user would see in the browser. Learn more at https://reactjs.org/link/wrap-tests-with-act
    at file:///home/ayush/Desktop/RS-Monolith/agent/node_modules/@radix-ui/react-select/dist/index.mjs:898:13
    at div
    at file:///home/ayush/Desktop/RS-Monolith/agent/node_modules/@radix-ui/react-primitive/dist/index.mjs:26:13
    at file:///home/ayush/Desktop/RS-Monolith/agent/node_modules/@radix-ui/react-slot/dist/index.mjs:25:11
    at file:///home/ayush/Desktop/RS-Monolith/agent/node_modules/@radix-ui/react-slot/dist/index.mjs:6:11
    at file:///home/ayush/Desktop/RS-Monolith/agent/node_modules/@radix-ui/react-collection/dist/index.mjs:37:15
    at Provider (file:///home/ayush/Desktop/RS-Monolith/agent/node_modules/@radix-ui/react-context/dist/index.mjs:27:15)
    at file:///home/ayush/Desktop/RS-Monolith/agent/node_modules/@radix-ui/react-select/dist/index.mjs:797:7
    at /home/ayush/Desktop/RS-Monolith/agent/src/components/ui/select.tsx:179:56
    at div
    at file:///home/ayush/Desktop/RS-Monolith/agent/node_modules/@radix-ui/react-primitive/dist/index.mjs:26:13
    at file:///home/ayush/Desktop/RS-Monolith/agent/node_modules/@radix-ui/react-slot/dist/index.mjs:25:11
    at file:///home/ayush/Desktop/RS-Monolith/agent/node_modules/@radix-ui/react-slot/dist/index.mjs:6:11
    at file:///home/ayush/Desktop/RS-Monolith/agent/node_modules/@radix-ui/react-collection/dist/index.mjs:26:15
    at file:///home/ayush/Desktop/RS-Monolith/agent/node_modules/@radix-ui/react-select/dist/index.mjs:708:13
    at div
    at file:///home/ayush/Desktop/RS-Monolith/agent/node_modules/@radix-ui/react-slot/dist/index.mjs:25:11
    at file:///home/ayush/Desktop/RS-Monolith/agent/node_modules/@radix-ui/react-slot/dist/index.mjs:6:11
    at file:///home/ayush/Desktop/RS-Monolith/agent/node_modules/@radix-ui/react-collection/dist/index.mjs:26:15
    at Provider (file:///home/ayush/Desktop/RS-Monolith/agent/node_modules/@radix-ui/react-context/dist/index.mjs:27:15)
    at file:///home/ayush/Desktop/RS-Monolith/agent/node_modules/@radix-ui/react-select/dist/index.mjs:254:58
    at file:///home/ayush/Desktop/RS-Monolith/agent/node_modules/@radix-ui/react-slot/dist/index.mjs:25:11
    at file:///home/ayush/Desktop/RS-Monolith/agent/node_modules/@radix-ui/react-slot/dist/index.mjs:6:11
    at file:///home/ayush/Desktop/RS-Monolith/agent/node_modules/@radix-ui/react-primitive/dist/index.mjs:26:13
    at file:///home/ayush/Desktop/RS-Monolith/agent/node_modules/@radix-ui/react-portal/dist/index.mjs:11:22
    at SelectPortal
    at /home/ayush/Desktop/RS-Monolith/agent/src/components/ui/select.tsx:106:59
    at Provider (file:///home/ayush/Desktop/RS-Monolith/agent/node_modules/@radix-ui/react-context/dist/index.mjs:27:15)
    at Provider (file:///home/ayush/Desktop/RS-Monolith/agent/node_modules/@radix-ui/react-collection/node_modules/@radix-ui/react-context/dist/index.mjs:27:15)
    at CollectionProvider (file:///home/ayush/Desktop/RS-Monolith/agent/node_modules/@radix-ui/react-collection/dist/index.mjs:17:13)
    at Provider (file:///home/ayush/Desktop/RS-Monolith/agent/node_modules/@radix-ui/react-context/dist/index.mjs:27:15)
    at Provider (file:///home/ayush/Desktop/RS-Monolith/agent/node_modules/@radix-ui/react-popper/node_modules/@radix-ui/react-context/dist/index.mjs:27:15)
    at Popper (file:///home/ayush/Desktop/RS-Monolith/agent/node_modules/@radix-ui/react-popper/dist/index.mjs:30:11)
    at Select (file:///home/ayush/Desktop/RS-Monolith/agent/node_modules/@radix-ui/react-select/dist/index.mjs:42:5)
    at div
    at div
    at div
    at div
    at file:///home/ayush/Desktop/RS-Monolith/agent/node_modules/@radix-ui/react-primitive/dist/index.mjs:26:13
    at file:///home/ayush/Desktop/RS-Monolith/agent/node_modules/@radix-ui/react-dismissable-layer/dist/index.mjs:24:7
    at file:///home/ayush/Desktop/RS-Monolith/agent/node_modules/@radix-ui/react-slot/dist/index.mjs:25:11
    at file:///home/ayush/Desktop/RS-Monolith/agent/node_modules/@radix-ui/react-slot/dist/index.mjs:6:11
    at file:///home/ayush/Desktop/RS-Monolith/agent/node_modules/@radix-ui/react-primitive/dist/index.mjs:26:13
    at file:///home/ayush/Desktop/RS-Monolith/agent/node_modules/@radix-ui/react-focus-scope/dist/index.mjs:15:5
    at file:///home/ayush/Desktop/RS-Monolith/agent/node_modules/@radix-ui/react-dialog/dist/index.mjs:204:13
    at file:///home/ayush/Desktop/RS-Monolith/agent/node_modules/@radix-ui/react-dialog/dist/index.mjs:130:58
    at Presence (file:///home/ayush/Desktop/RS-Monolith/agent/node_modules/@radix-ui/react-presence/dist/index.mjs:19:11)
    at file:///home/ayush/Desktop/RS-Monolith/agent/node_modules/@radix-ui/react-dialog/dist/index.mjs:121:64
    at file:///home/ayush/Desktop/RS-Monolith/agent/node_modules/@radix-ui/react-slot/dist/index.mjs:25:11
    at file:///home/ayush/Desktop/RS-Monolith/agent/node_modules/@radix-ui/react-slot/dist/index.mjs:6:11
    at file:///home/ayush/Desktop/RS-Monolith/agent/node_modules/@radix-ui/react-primitive/dist/index.mjs:26:13
    at file:///home/ayush/Desktop/RS-Monolith/agent/node_modules/@radix-ui/react-portal/dist/index.mjs:11:22
    at Presence (file:///home/ayush/Desktop/RS-Monolith/agent/node_modules/@radix-ui/react-presence/dist/index.mjs:19:11)
    at Provider (file:///home/ayush/Desktop/RS-Monolith/agent/node_modules/@radix-ui/react-context/dist/index.mjs:27:15)
    at DialogPortal (file:///home/ayush/Desktop/RS-Monolith/agent/node_modules/@radix-ui/react-dialog/dist/index.mjs:84:11)
    at /home/ayush/Desktop/RS-Monolith/agent/src/components/ui/dialog.tsx:45:59
    at Provider (file:///home/ayush/Desktop/RS-Monolith/agent/node_modules/@radix-ui/react-context/dist/index.mjs:27:15)
    at Dialog (file:///home/ayush/Desktop/RS-Monolith/agent/node_modules/@radix-ui/react-dialog/dist/index.mjs:25:5)
    at BookingDialog (/home/ayush/Desktop/RS-Monolith/agent/src/components/BookingDialoge.tsx:26:3)
Warning: An update to SelectItem inside a test was not wrapped in act(...).

When testing, code that causes React state updates should be wrapped into act(...):

act(() => {
  /* fire events that update state */
});
/* assert on the output */

This ensures that you're testing the behavior the user would see in the browser. Learn more at https://reactjs.org/link/wrap-tests-with-act
    at file:///home/ayush/Desktop/RS-Monolith/agent/node_modules/@radix-ui/react-select/dist/index.mjs:797:7
    at /home/ayush/Desktop/RS-Monolith/agent/src/components/ui/select.tsx:179:56
    at div
    at file:///home/ayush/Desktop/RS-Monolith/agent/node_modules/@radix-ui/react-primitive/dist/index.mjs:26:13
    at file:///home/ayush/Desktop/RS-Monolith/agent/node_modules/@radix-ui/react-slot/dist/index.mjs:25:11
    at file:///home/ayush/Desktop/RS-Monolith/agent/node_modules/@radix-ui/react-slot/dist/index.mjs:6:11
    at file:///home/ayush/Desktop/RS-Monolith/agent/node_modules/@radix-ui/react-collection/dist/index.mjs:26:15
    at file:///home/ayush/Desktop/RS-Monolith/agent/node_modules/@radix-ui/react-select/dist/index.mjs:708:13
    at div
    at file:///home/ayush/Desktop/RS-Monolith/agent/node_modules/@radix-ui/react-slot/dist/index.mjs:25:11
    at file:///home/ayush/Desktop/RS-Monolith/agent/node_modules/@radix-ui/react-slot/dist/index.mjs:6:11
    at file:///home/ayush/Desktop/RS-Monolith/agent/node_modules/@radix-ui/react-collection/dist/index.mjs:26:15
    at Provider (file:///home/ayush/Desktop/RS-Monolith/agent/node_modules/@radix-ui/react-context/dist/index.mjs:27:15)
    at file:///home/ayush/Desktop/RS-Monolith/agent/node_modules/@radix-ui/react-select/dist/index.mjs:254:58
    at file:///home/ayush/Desktop/RS-Monolith/agent/node_modules/@radix-ui/react-slot/dist/index.mjs:25:11
    at file:///home/ayush/Desktop/RS-Monolith/agent/node_modules/@radix-ui/react-slot/dist/index.mjs:6:11
    at file:///home/ayush/Desktop/RS-Monolith/agent/node_modules/@radix-ui/react-primitive/dist/index.mjs:26:13
    at file:///home/ayush/Desktop/RS-Monolith/agent/node_modules/@radix-ui/react-portal/dist/index.mjs:11:22
    at SelectPortal
    at /home/ayush/Desktop/RS-Monolith/agent/src/components/ui/select.tsx:106:59
    at Provider (file:///home/ayush/Desktop/RS-Monolith/agent/node_modules/@radix-ui/react-context/dist/index.mjs:27:15)
    at Provider (file:///home/ayush/Desktop/RS-Monolith/agent/node_modules/@radix-ui/react-collection/node_modules/@radix-ui/react-context/dist/index.mjs:27:15)
    at CollectionProvider (file:///home/ayush/Desktop/RS-Monolith/agent/node_modules/@radix-ui/react-collection/dist/index.mjs:17:13)
    at Provider (file:///home/ayush/Desktop/RS-Monolith/agent/node_modules/@radix-ui/react-context/dist/index.mjs:27:15)
    at Provider (file:///home/ayush/Desktop/RS-Monolith/agent/node_modules/@radix-ui/react-popper/node_modules/@radix-ui/react-context/dist/index.mjs:27:15)
    at Popper (file:///home/ayush/Desktop/RS-Monolith/agent/node_modules/@radix-ui/react-popper/dist/index.mjs:30:11)
    at Select (file:///home/ayush/Desktop/RS-Monolith/agent/node_modules/@radix-ui/react-select/dist/index.mjs:42:5)
    at div
    at div
    at div
    at div
    at file:///home/ayush/Desktop/RS-Monolith/agent/node_modules/@radix-ui/react-primitive/dist/index.mjs:26:13
    at file:///home/ayush/Desktop/RS-Monolith/agent/node_modules/@radix-ui/react-dismissable-layer/dist/index.mjs:24:7
    at file:///home/ayush/Desktop/RS-Monolith/agent/node_modules/@radix-ui/react-slot/dist/index.mjs:25:11
    at file:///home/ayush/Desktop/RS-Monolith/agent/node_modules/@radix-ui/react-slot/dist/index.mjs:6:11
    at file:///home/ayush/Desktop/RS-Monolith/agent/node_modules/@radix-ui/react-primitive/dist/index.mjs:26:13
    at file:///home/ayush/Desktop/RS-Monolith/agent/node_modules/@radix-ui/react-focus-scope/dist/index.mjs:15:5
    at file:///home/ayush/Desktop/RS-Monolith/agent/node_modules/@radix-ui/react-dialog/dist/index.mjs:204:13
    at file:///home/ayush/Desktop/RS-Monolith/agent/node_modules/@radix-ui/react-dialog/dist/index.mjs:130:58
    at Presence (file:///home/ayush/Desktop/RS-Monolith/agent/node_modules/@radix-ui/react-presence/dist/index.mjs:19:11)
    at file:///home/ayush/Desktop/RS-Monolith/agent/node_modules/@radix-ui/react-dialog/dist/index.mjs:121:64
    at file:///home/ayush/Desktop/RS-Monolith/agent/node_modules/@radix-ui/react-slot/dist/index.mjs:25:11
    at file:///home/ayush/Desktop/RS-Monolith/agent/node_modules/@radix-ui/react-slot/dist/index.mjs:6:11
    at file:///home/ayush/Desktop/RS-Monolith/agent/node_modules/@radix-ui/react-primitive/dist/index.mjs:26:13
    at file:///home/ayush/Desktop/RS-Monolith/agent/node_modules/@radix-ui/react-portal/dist/index.mjs:11:22
    at Presence (file:///home/ayush/Desktop/RS-Monolith/agent/node_modules/@radix-ui/react-presence/dist/index.mjs:19:11)
    at Provider (file:///home/ayush/Desktop/RS-Monolith/agent/node_modules/@radix-ui/react-context/dist/index.mjs:27:15)
    at DialogPortal (file:///home/ayush/Desktop/RS-Monolith/agent/node_modules/@radix-ui/react-dialog/dist/index.mjs:84:11)
    at /home/ayush/Desktop/RS-Monolith/agent/src/components/ui/dialog.tsx:45:59
    at Provider (file:///home/ayush/Desktop/RS-Monolith/agent/node_modules/@radix-ui/react-context/dist/index.mjs:27:15)
    at Dialog (file:///home/ayush/Desktop/RS-Monolith/agent/node_modules/@radix-ui/react-dialog/dist/index.mjs:25:5)
    at BookingDialog (/home/ayush/Desktop/RS-Monolith/agent/src/components/BookingDialoge.tsx:26:3)
Warning: An update to Select inside a test was not wrapped in act(...).

When testing, code that causes React state updates should be wrapped into act(...):

act(() => {
  /* fire events that update state */
});
/* assert on the output */

This ensures that you're testing the behavior the user would see in the browser. Learn more at https://reactjs.org/link/wrap-tests-with-act
    at Select (file:///home/ayush/Desktop/RS-Monolith/agent/node_modules/@radix-ui/react-select/dist/index.mjs:42:5)
    at div
    at div
    at div
    at div
    at file:///home/ayush/Desktop/RS-Monolith/agent/node_modules/@radix-ui/react-primitive/dist/index.mjs:26:13
    at file:///home/ayush/Desktop/RS-Monolith/agent/node_modules/@radix-ui/react-dismissable-layer/dist/index.mjs:24:7
    at file:///home/ayush/Desktop/RS-Monolith/agent/node_modules/@radix-ui/react-slot/dist/index.mjs:25:11
    at file:///home/ayush/Desktop/RS-Monolith/agent/node_modules/@radix-ui/react-slot/dist/index.mjs:6:11
    at file:///home/ayush/Desktop/RS-Monolith/agent/node_modules/@radix-ui/react-primitive/dist/index.mjs:26:13
    at file:///home/ayush/Desktop/RS-Monolith/agent/node_modules/@radix-ui/react-focus-scope/dist/index.mjs:15:5
    at file:///home/ayush/Desktop/RS-Monolith/agent/node_modules/@radix-ui/react-dialog/dist/index.mjs:204:13
    at file:///home/ayush/Desktop/RS-Monolith/agent/node_modules/@radix-ui/react-dialog/dist/index.mjs:130:58
    at Presence (file:///home/ayush/Desktop/RS-Monolith/agent/node_modules/@radix-ui/react-presence/dist/index.mjs:19:11)
    at file:///home/ayush/Desktop/RS-Monolith/agent/node_modules/@radix-ui/react-dialog/dist/index.mjs:121:64
    at file:///home/ayush/Desktop/RS-Monolith/agent/node_modules/@radix-ui/react-slot/dist/index.mjs:25:11
    at file:///home/ayush/Desktop/RS-Monolith/agent/node_modules/@radix-ui/react-slot/dist/index.mjs:6:11
    at file:///home/ayush/Desktop/RS-Monolith/agent/node_modules/@radix-ui/react-primitive/dist/index.mjs:26:13
    at file:///home/ayush/Desktop/RS-Monolith/agent/node_modules/@radix-ui/react-portal/dist/index.mjs:11:22
    at Presence (file:///home/ayush/Desktop/RS-Monolith/agent/node_modules/@radix-ui/react-presence/dist/index.mjs:19:11)
    at Provider (file:///home/ayush/Desktop/RS-Monolith/agent/node_modules/@radix-ui/react-context/dist/index.mjs:27:15)
    at DialogPortal (file:///home/ayush/Desktop/RS-Monolith/agent/node_modules/@radix-ui/react-dialog/dist/index.mjs:84:11)
    at /home/ayush/Desktop/RS-Monolith/agent/src/components/ui/dialog.tsx:45:59
    at Provider (file:///home/ayush/Desktop/RS-Monolith/agent/node_modules/@radix-ui/react-context/dist/index.mjs:27:15)
    at Dialog (file:///home/ayush/Desktop/RS-Monolith/agent/node_modules/@radix-ui/react-dialog/dist/index.mjs:25:5)
    at BookingDialog (/home/ayush/Desktop/RS-Monolith/agent/src/components/BookingDialoge.tsx:26:3)

 ✓ src/components/__tests__/BookingDialoge.test.tsx (4 tests) 882ms
   ✓ BookingDialog > should fetch booking details on mount  513ms
 ✓ src/hooks/__tests__/use-mobile.test.tsx (2 tests) 80ms
stderr | src/components/booking/__tests__/BookingDetailsSheet.test.tsx > BookingDetailsSheet > should fetch details on mount
Warning: An update to Presence inside a test was not wrapped in act(...).

When testing, code that causes React state updates should be wrapped into act(...):

act(() => {
  /* fire events that update state */
});
/* assert on the output */

This ensures that you're testing the behavior the user would see in the browser. Learn more at https://reactjs.org/link/wrap-tests-with-act
    at Presence (file:///home/ayush/Desktop/RS-Monolith/agent/node_modules/@radix-ui/react-presence/dist/index.mjs:19:11)
    at file:///home/ayush/Desktop/RS-Monolith/agent/node_modules/@radix-ui/react-dialog/dist/index.mjs:92:64
    at /home/ayush/Desktop/RS-Monolith/agent/src/components/ui/sheet.tsx:27:58
    at file:///home/ayush/Desktop/RS-Monolith/agent/node_modules/@radix-ui/react-slot/dist/index.mjs:25:11
    at file:///home/ayush/Desktop/RS-Monolith/agent/node_modules/@radix-ui/react-slot/dist/index.mjs:6:11
    at file:///home/ayush/Desktop/RS-Monolith/agent/node_modules/@radix-ui/react-primitive/dist/index.mjs:26:13
    at file:///home/ayush/Desktop/RS-Monolith/agent/node_modules/@radix-ui/react-portal/dist/index.mjs:11:22
    at Presence (file:///home/ayush/Desktop/RS-Monolith/agent/node_modules/@radix-ui/react-presence/dist/index.mjs:19:11)
    at Provider (file:///home/ayush/Desktop/RS-Monolith/agent/node_modules/@radix-ui/react-context/dist/index.mjs:27:15)
    at DialogPortal (file:///home/ayush/Desktop/RS-Monolith/agent/node_modules/@radix-ui/react-dialog/dist/index.mjs:84:11)
    at /home/ayush/Desktop/RS-Monolith/agent/src/components/ui/sheet.tsx:63:58
    at Provider (file:///home/ayush/Desktop/RS-Monolith/agent/node_modules/@radix-ui/react-context/dist/index.mjs:27:15)
    at Dialog (file:///home/ayush/Desktop/RS-Monolith/agent/node_modules/@radix-ui/react-dialog/dist/index.mjs:25:5)
    at BookingDetailsSheet (/home/ayush/Desktop/RS-Monolith/agent/src/components/booking/BookingDetailsSheet.tsx:38:32)
Warning: An update to Presence inside a test was not wrapped in act(...).

When testing, code that causes React state updates should be wrapped into act(...):

act(() => {
  /* fire events that update state */
});
/* assert on the output */

This ensures that you're testing the behavior the user would see in the browser. Learn more at https://reactjs.org/link/wrap-tests-with-act
    at Presence (file:///home/ayush/Desktop/RS-Monolith/agent/node_modules/@radix-ui/react-presence/dist/index.mjs:19:11)
    at Provider (file:///home/ayush/Desktop/RS-Monolith/agent/node_modules/@radix-ui/react-context/dist/index.mjs:27:15)
    at DialogPortal (file:///home/ayush/Desktop/RS-Monolith/agent/node_modules/@radix-ui/react-dialog/dist/index.mjs:84:11)
    at /home/ayush/Desktop/RS-Monolith/agent/src/components/ui/sheet.tsx:63:58
    at Provider (file:///home/ayush/Desktop/RS-Monolith/agent/node_modules/@radix-ui/react-context/dist/index.mjs:27:15)
    at Dialog (file:///home/ayush/Desktop/RS-Monolith/agent/node_modules/@radix-ui/react-dialog/dist/index.mjs:25:5)
    at BookingDetailsSheet (/home/ayush/Desktop/RS-Monolith/agent/src/components/booking/BookingDetailsSheet.tsx:38:32)
Warning: An update to ScrollArea inside a test was not wrapped in act(...).

When testing, code that causes React state updates should be wrapped into act(...):

act(() => {
  /* fire events that update state */
});
/* assert on the output */

This ensures that you're testing the behavior the user would see in the browser. Learn more at https://reactjs.org/link/wrap-tests-with-act
    at file:///home/ayush/Desktop/RS-Monolith/agent/node_modules/@radix-ui/react-scroll-area/dist/index.mjs:32:7
    at /home/ayush/Desktop/RS-Monolith/agent/src/components/ui/scroll-area.tsx:11:56
    at div
    at file:///home/ayush/Desktop/RS-Monolith/agent/node_modules/@radix-ui/react-primitive/dist/index.mjs:26:13
    at file:///home/ayush/Desktop/RS-Monolith/agent/node_modules/@radix-ui/react-dismissable-layer/dist/index.mjs:24:7
    at file:///home/ayush/Desktop/RS-Monolith/agent/node_modules/@radix-ui/react-slot/dist/index.mjs:25:11
    at file:///home/ayush/Desktop/RS-Monolith/agent/node_modules/@radix-ui/react-slot/dist/index.mjs:6:11
    at file:///home/ayush/Desktop/RS-Monolith/agent/node_modules/@radix-ui/react-primitive/dist/index.mjs:26:13
    at file:///home/ayush/Desktop/RS-Monolith/agent/node_modules/@radix-ui/react-focus-scope/dist/index.mjs:15:5
    at file:///home/ayush/Desktop/RS-Monolith/agent/node_modules/@radix-ui/react-dialog/dist/index.mjs:204:13
    at file:///home/ayush/Desktop/RS-Monolith/agent/node_modules/@radix-ui/react-dialog/dist/index.mjs:130:58
    at Presence (file:///home/ayush/Desktop/RS-Monolith/agent/node_modules/@radix-ui/react-presence/dist/index.mjs:19:11)
    at file:///home/ayush/Desktop/RS-Monolith/agent/node_modules/@radix-ui/react-dialog/dist/index.mjs:121:64
    at file:///home/ayush/Desktop/RS-Monolith/agent/node_modules/@radix-ui/react-slot/dist/index.mjs:25:11
    at file:///home/ayush/Desktop/RS-Monolith/agent/node_modules/@radix-ui/react-slot/dist/index.mjs:6:11
    at file:///home/ayush/Desktop/RS-Monolith/agent/node_modules/@radix-ui/react-primitive/dist/index.mjs:26:13
    at file:///home/ayush/Desktop/RS-Monolith/agent/node_modules/@radix-ui/react-portal/dist/index.mjs:11:22
    at Presence (file:///home/ayush/Desktop/RS-Monolith/agent/node_modules/@radix-ui/react-presence/dist/index.mjs:19:11)
    at Provider (file:///home/ayush/Desktop/RS-Monolith/agent/node_modules/@radix-ui/react-context/dist/index.mjs:27:15)
    at DialogPortal (file:///home/ayush/Desktop/RS-Monolith/agent/node_modules/@radix-ui/react-dialog/dist/index.mjs:84:11)
    at /home/ayush/Desktop/RS-Monolith/agent/src/components/ui/sheet.tsx:63:58
    at Provider (file:///home/ayush/Desktop/RS-Monolith/agent/node_modules/@radix-ui/react-context/dist/index.mjs:27:15)
    at Dialog (file:///home/ayush/Desktop/RS-Monolith/agent/node_modules/@radix-ui/react-dialog/dist/index.mjs:25:5)
    at BookingDetailsSheet (/home/ayush/Desktop/RS-Monolith/agent/src/components/booking/BookingDetailsSheet.tsx:38:32)
Warning: An update to FocusScope inside a test was not wrapped in act(...).

When testing, code that causes React state updates should be wrapped into act(...):

act(() => {
  /* fire events that update state */
});
/* assert on the output */

This ensures that you're testing the behavior the user would see in the browser. Learn more at https://reactjs.org/link/wrap-tests-with-act
    at file:///home/ayush/Desktop/RS-Monolith/agent/node_modules/@radix-ui/react-focus-scope/dist/index.mjs:15:5
    at file:///home/ayush/Desktop/RS-Monolith/agent/node_modules/@radix-ui/react-dialog/dist/index.mjs:204:13
    at file:///home/ayush/Desktop/RS-Monolith/agent/node_modules/@radix-ui/react-dialog/dist/index.mjs:130:58
    at Presence (file:///home/ayush/Desktop/RS-Monolith/agent/node_modules/@radix-ui/react-presence/dist/index.mjs:19:11)
    at file:///home/ayush/Desktop/RS-Monolith/agent/node_modules/@radix-ui/react-dialog/dist/index.mjs:121:64
    at file:///home/ayush/Desktop/RS-Monolith/agent/node_modules/@radix-ui/react-slot/dist/index.mjs:25:11
    at file:///home/ayush/Desktop/RS-Monolith/agent/node_modules/@radix-ui/react-slot/dist/index.mjs:6:11
    at file:///home/ayush/Desktop/RS-Monolith/agent/node_modules/@radix-ui/react-primitive/dist/index.mjs:26:13
    at file:///home/ayush/Desktop/RS-Monolith/agent/node_modules/@radix-ui/react-portal/dist/index.mjs:11:22
    at Presence (file:///home/ayush/Desktop/RS-Monolith/agent/node_modules/@radix-ui/react-presence/dist/index.mjs:19:11)
    at Provider (file:///home/ayush/Desktop/RS-Monolith/agent/node_modules/@radix-ui/react-context/dist/index.mjs:27:15)
    at DialogPortal (file:///home/ayush/Desktop/RS-Monolith/agent/node_modules/@radix-ui/react-dialog/dist/index.mjs:84:11)
    at /home/ayush/Desktop/RS-Monolith/agent/src/components/ui/sheet.tsx:63:58
    at Provider (file:///home/ayush/Desktop/RS-Monolith/agent/node_modules/@radix-ui/react-context/dist/index.mjs:27:15)
    at Dialog (file:///home/ayush/Desktop/RS-Monolith/agent/node_modules/@radix-ui/react-dialog/dist/index.mjs:25:5)
    at BookingDetailsSheet (/home/ayush/Desktop/RS-Monolith/agent/src/components/booking/BookingDetailsSheet.tsx:38:32)
Warning: An update to Presence inside a test was not wrapped in act(...).

When testing, code that causes React state updates should be wrapped into act(...):

act(() => {
  /* fire events that update state */
});
/* assert on the output */

This ensures that you're testing the behavior the user would see in the browser. Learn more at https://reactjs.org/link/wrap-tests-with-act
    at Presence (file:///home/ayush/Desktop/RS-Monolith/agent/node_modules/@radix-ui/react-presence/dist/index.mjs:19:11)
    at file:///home/ayush/Desktop/RS-Monolith/agent/node_modules/@radix-ui/react-dialog/dist/index.mjs:121:64
    at file:///home/ayush/Desktop/RS-Monolith/agent/node_modules/@radix-ui/react-slot/dist/index.mjs:25:11
    at file:///home/ayush/Desktop/RS-Monolith/agent/node_modules/@radix-ui/react-slot/dist/index.mjs:6:11
    at file:///home/ayush/Desktop/RS-Monolith/agent/node_modules/@radix-ui/react-primitive/dist/index.mjs:26:13
    at file:///home/ayush/Desktop/RS-Monolith/agent/node_modules/@radix-ui/react-portal/dist/index.mjs:11:22
    at Presence (file:///home/ayush/Desktop/RS-Monolith/agent/node_modules/@radix-ui/react-presence/dist/index.mjs:19:11)
    at Provider (file:///home/ayush/Desktop/RS-Monolith/agent/node_modules/@radix-ui/react-context/dist/index.mjs:27:15)
    at DialogPortal (file:///home/ayush/Desktop/RS-Monolith/agent/node_modules/@radix-ui/react-dialog/dist/index.mjs:84:11)
    at /home/ayush/Desktop/RS-Monolith/agent/src/components/ui/sheet.tsx:63:58
    at Provider (file:///home/ayush/Desktop/RS-Monolith/agent/node_modules/@radix-ui/react-context/dist/index.mjs:27:15)
    at Dialog (file:///home/ayush/Desktop/RS-Monolith/agent/node_modules/@radix-ui/react-dialog/dist/index.mjs:25:5)
    at BookingDetailsSheet (/home/ayush/Desktop/RS-Monolith/agent/src/components/booking/BookingDetailsSheet.tsx:38:32)
Warning: An update to Presence inside a test was not wrapped in act(...).

When testing, code that causes React state updates should be wrapped into act(...):

act(() => {
  /* fire events that update state */
});
/* assert on the output */

This ensures that you're testing the behavior the user would see in the browser. Learn more at https://reactjs.org/link/wrap-tests-with-act
    at Presence (file:///home/ayush/Desktop/RS-Monolith/agent/node_modules/@radix-ui/react-presence/dist/index.mjs:19:11)
    at Provider (file:///home/ayush/Desktop/RS-Monolith/agent/node_modules/@radix-ui/react-context/dist/index.mjs:27:15)
    at DialogPortal (file:///home/ayush/Desktop/RS-Monolith/agent/node_modules/@radix-ui/react-dialog/dist/index.mjs:84:11)
    at /home/ayush/Desktop/RS-Monolith/agent/src/components/ui/sheet.tsx:63:58
    at Provider (file:///home/ayush/Desktop/RS-Monolith/agent/node_modules/@radix-ui/react-context/dist/index.mjs:27:15)
    at Dialog (file:///home/ayush/Desktop/RS-Monolith/agent/node_modules/@radix-ui/react-dialog/dist/index.mjs:25:5)
    at BookingDetailsSheet (/home/ayush/Desktop/RS-Monolith/agent/src/components/booking/BookingDetailsSheet.tsx:38:32)
Warning: An update to DismissableLayer inside a test was not wrapped in act(...).

When testing, code that causes React state updates should be wrapped into act(...):

act(() => {
  /* fire events that update state */
});
/* assert on the output */

This ensures that you're testing the behavior the user would see in the browser. Learn more at https://reactjs.org/link/wrap-tests-with-act
    at file:///home/ayush/Desktop/RS-Monolith/agent/node_modules/@radix-ui/react-dismissable-layer/dist/index.mjs:24:7
    at file:///home/ayush/Desktop/RS-Monolith/agent/node_modules/@radix-ui/react-slot/dist/index.mjs:25:11
    at file:///home/ayush/Desktop/RS-Monolith/agent/node_modules/@radix-ui/react-slot/dist/index.mjs:6:11
    at file:///home/ayush/Desktop/RS-Monolith/agent/node_modules/@radix-ui/react-primitive/dist/index.mjs:26:13
    at file:///home/ayush/Desktop/RS-Monolith/agent/node_modules/@radix-ui/react-focus-scope/dist/index.mjs:15:5
    at file:///home/ayush/Desktop/RS-Monolith/agent/node_modules/@radix-ui/react-dialog/dist/index.mjs:204:13
    at file:///home/ayush/Desktop/RS-Monolith/agent/node_modules/@radix-ui/react-dialog/dist/index.mjs:130:58
    at Presence (file:///home/ayush/Desktop/RS-Monolith/agent/node_modules/@radix-ui/react-presence/dist/index.mjs:19:11)
    at file:///home/ayush/Desktop/RS-Monolith/agent/node_modules/@radix-ui/react-dialog/dist/index.mjs:121:64
    at file:///home/ayush/Desktop/RS-Monolith/agent/node_modules/@radix-ui/react-slot/dist/index.mjs:25:11
    at file:///home/ayush/Desktop/RS-Monolith/agent/node_modules/@radix-ui/react-slot/dist/index.mjs:6:11
    at file:///home/ayush/Desktop/RS-Monolith/agent/node_modules/@radix-ui/react-primitive/dist/index.mjs:26:13
    at file:///home/ayush/Desktop/RS-Monolith/agent/node_modules/@radix-ui/react-portal/dist/index.mjs:11:22
    at Presence (file:///home/ayush/Desktop/RS-Monolith/agent/node_modules/@radix-ui/react-presence/dist/index.mjs:19:11)
    at Provider (file:///home/ayush/Desktop/RS-Monolith/agent/node_modules/@radix-ui/react-context/dist/index.mjs:27:15)
    at DialogPortal (file:///home/ayush/Desktop/RS-Monolith/agent/node_modules/@radix-ui/react-dialog/dist/index.mjs:84:11)
    at /home/ayush/Desktop/RS-Monolith/agent/src/components/ui/sheet.tsx:63:58
    at Provider (file:///home/ayush/Desktop/RS-Monolith/agent/node_modules/@radix-ui/react-context/dist/index.mjs:27:15)
    at Dialog (file:///home/ayush/Desktop/RS-Monolith/agent/node_modules/@radix-ui/react-dialog/dist/index.mjs:25:5)
    at BookingDetailsSheet (/home/ayush/Desktop/RS-Monolith/agent/src/components/booking/BookingDetailsSheet.tsx:38:32)
Warning: An update to Presence inside a test was not wrapped in act(...).

When testing, code that causes React state updates should be wrapped into act(...):

act(() => {
  /* fire events that update state */
});
/* assert on the output */

This ensures that you're testing the behavior the user would see in the browser. Learn more at https://reactjs.org/link/wrap-tests-with-act
    at Presence (file:///home/ayush/Desktop/RS-Monolith/agent/node_modules/@radix-ui/react-presence/dist/index.mjs:19:11)
    at file:///home/ayush/Desktop/RS-Monolith/agent/node_modules/@radix-ui/react-dialog/dist/index.mjs:92:64
    at /home/ayush/Desktop/RS-Monolith/agent/src/components/ui/sheet.tsx:27:58
    at file:///home/ayush/Desktop/RS-Monolith/agent/node_modules/@radix-ui/react-slot/dist/index.mjs:25:11
    at file:///home/ayush/Desktop/RS-Monolith/agent/node_modules/@radix-ui/react-slot/dist/index.mjs:6:11
    at file:///home/ayush/Desktop/RS-Monolith/agent/node_modules/@radix-ui/react-primitive/dist/index.mjs:26:13
    at file:///home/ayush/Desktop/RS-Monolith/agent/node_modules/@radix-ui/react-portal/dist/index.mjs:11:22
    at Presence (file:///home/ayush/Desktop/RS-Monolith/agent/node_modules/@radix-ui/react-presence/dist/index.mjs:19:11)
    at Provider (file:///home/ayush/Desktop/RS-Monolith/agent/node_modules/@radix-ui/react-context/dist/index.mjs:27:15)
    at DialogPortal (file:///home/ayush/Desktop/RS-Monolith/agent/node_modules/@radix-ui/react-dialog/dist/index.mjs:84:11)
    at /home/ayush/Desktop/RS-Monolith/agent/src/components/ui/sheet.tsx:63:58
    at Provider (file:///home/ayush/Desktop/RS-Monolith/agent/node_modules/@radix-ui/react-context/dist/index.mjs:27:15)
    at Dialog (file:///home/ayush/Desktop/RS-Monolith/agent/node_modules/@radix-ui/react-dialog/dist/index.mjs:25:5)
    at BookingDetailsSheet (/home/ayush/Desktop/RS-Monolith/agent/src/components/booking/BookingDetailsSheet.tsx:38:32)
Warning: An update to Presence inside a test was not wrapped in act(...).

When testing, code that causes React state updates should be wrapped into act(...):

act(() => {
  /* fire events that update state */
});
/* assert on the output */

This ensures that you're testing the behavior the user would see in the browser. Learn more at https://reactjs.org/link/wrap-tests-with-act
    at Presence (file:///home/ayush/Desktop/RS-Monolith/agent/node_modules/@radix-ui/react-presence/dist/index.mjs:19:11)
    at Provider (file:///home/ayush/Desktop/RS-Monolith/agent/node_modules/@radix-ui/react-context/dist/index.mjs:27:15)
    at DialogPortal (file:///home/ayush/Desktop/RS-Monolith/agent/node_modules/@radix-ui/react-dialog/dist/index.mjs:84:11)
    at /home/ayush/Desktop/RS-Monolith/agent/src/components/ui/sheet.tsx:63:58
    at Provider (file:///home/ayush/Desktop/RS-Monolith/agent/node_modules/@radix-ui/react-context/dist/index.mjs:27:15)
    at Dialog (file:///home/ayush/Desktop/RS-Monolith/agent/node_modules/@radix-ui/react-dialog/dist/index.mjs:25:5)
    at BookingDetailsSheet (/home/ayush/Desktop/RS-Monolith/agent/src/components/booking/BookingDetailsSheet.tsx:38:32)
Warning: An update to Select inside a test was not wrapped in act(...).

When testing, code that causes React state updates should be wrapped into act(...):

act(() => {
  /* fire events that update state */
});
/* assert on the output */

This ensures that you're testing the behavior the user would see in the browser. Learn more at https://reactjs.org/link/wrap-tests-with-act
    at Select (file:///home/ayush/Desktop/RS-Monolith/agent/node_modules/@radix-ui/react-select/dist/index.mjs:42:5)
    at div
    at section
    at div
    at div
    at div
    at file:///home/ayush/Desktop/RS-Monolith/agent/node_modules/@radix-ui/react-primitive/dist/index.mjs:26:13
    at file:///home/ayush/Desktop/RS-Monolith/agent/node_modules/@radix-ui/react-scroll-area/dist/index.mjs:94:13
    at div
    at file:///home/ayush/Desktop/RS-Monolith/agent/node_modules/@radix-ui/react-primitive/dist/index.mjs:26:13
    at Provider (file:///home/ayush/Desktop/RS-Monolith/agent/node_modules/@radix-ui/react-context/dist/index.mjs:27:15)
    at file:///home/ayush/Desktop/RS-Monolith/agent/node_modules/@radix-ui/react-scroll-area/dist/index.mjs:32:7
    at /home/ayush/Desktop/RS-Monolith/agent/src/components/ui/scroll-area.tsx:11:56
    at div
    at file:///home/ayush/Desktop/RS-Monolith/agent/node_modules/@radix-ui/react-primitive/dist/index.mjs:26:13
    at file:///home/ayush/Desktop/RS-Monolith/agent/node_modules/@radix-ui/react-dismissable-layer/dist/index.mjs:24:7
    at file:///home/ayush/Desktop/RS-Monolith/agent/node_modules/@radix-ui/react-slot/dist/index.mjs:25:11
    at file:///home/ayush/Desktop/RS-Monolith/agent/node_modules/@radix-ui/react-slot/dist/index.mjs:6:11
    at file:///home/ayush/Desktop/RS-Monolith/agent/node_modules/@radix-ui/react-primitive/dist/index.mjs:26:13
    at file:///home/ayush/Desktop/RS-Monolith/agent/node_modules/@radix-ui/react-focus-scope/dist/index.mjs:15:5
    at file:///home/ayush/Desktop/RS-Monolith/agent/node_modules/@radix-ui/react-dialog/dist/index.mjs:204:13
    at file:///home/ayush/Desktop/RS-Monolith/agent/node_modules/@radix-ui/react-dialog/dist/index.mjs:130:58
    at Presence (file:///home/ayush/Desktop/RS-Monolith/agent/node_modules/@radix-ui/react-presence/dist/index.mjs:19:11)
    at file:///home/ayush/Desktop/RS-Monolith/agent/node_modules/@radix-ui/react-dialog/dist/index.mjs:121:64
    at file:///home/ayush/Desktop/RS-Monolith/agent/node_modules/@radix-ui/react-slot/dist/index.mjs:25:11
    at file:///home/ayush/Desktop/RS-Monolith/agent/node_modules/@radix-ui/react-slot/dist/index.mjs:6:11
    at file:///home/ayush/Desktop/RS-Monolith/agent/node_modules/@radix-ui/react-primitive/dist/index.mjs:26:13
    at file:///home/ayush/Desktop/RS-Monolith/agent/node_modules/@radix-ui/react-portal/dist/index.mjs:11:22
    at Presence (file:///home/ayush/Desktop/RS-Monolith/agent/node_modules/@radix-ui/react-presence/dist/index.mjs:19:11)
    at Provider (file:///home/ayush/Desktop/RS-Monolith/agent/node_modules/@radix-ui/react-context/dist/index.mjs:27:15)
    at DialogPortal (file:///home/ayush/Desktop/RS-Monolith/agent/node_modules/@radix-ui/react-dialog/dist/index.mjs:84:11)
    at /home/ayush/Desktop/RS-Monolith/agent/src/components/ui/sheet.tsx:63:58
    at Provider (file:///home/ayush/Desktop/RS-Monolith/agent/node_modules/@radix-ui/react-context/dist/index.mjs:27:15)
    at Dialog (file:///home/ayush/Desktop/RS-Monolith/agent/node_modules/@radix-ui/react-dialog/dist/index.mjs:25:5)
    at BookingDetailsSheet (/home/ayush/Desktop/RS-Monolith/agent/src/components/booking/BookingDetailsSheet.tsx:38:32)
Warning: An update to Select inside a test was not wrapped in act(...).

When testing, code that causes React state updates should be wrapped into act(...):

act(() => {
  /* fire events that update state */
});
/* assert on the output */

This ensures that you're testing the behavior the user would see in the browser. Learn more at https://reactjs.org/link/wrap-tests-with-act
    at Select (file:///home/ayush/Desktop/RS-Monolith/agent/node_modules/@radix-ui/react-select/dist/index.mjs:42:5)
    at div
    at section
    at div
    at div
    at div
    at file:///home/ayush/Desktop/RS-Monolith/agent/node_modules/@radix-ui/react-primitive/dist/index.mjs:26:13
    at file:///home/ayush/Desktop/RS-Monolith/agent/node_modules/@radix-ui/react-scroll-area/dist/index.mjs:94:13
    at div
    at file:///home/ayush/Desktop/RS-Monolith/agent/node_modules/@radix-ui/react-primitive/dist/index.mjs:26:13
    at Provider (file:///home/ayush/Desktop/RS-Monolith/agent/node_modules/@radix-ui/react-context/dist/index.mjs:27:15)
    at file:///home/ayush/Desktop/RS-Monolith/agent/node_modules/@radix-ui/react-scroll-area/dist/index.mjs:32:7
    at /home/ayush/Desktop/RS-Monolith/agent/src/components/ui/scroll-area.tsx:11:56
    at div
    at file:///home/ayush/Desktop/RS-Monolith/agent/node_modules/@radix-ui/react-primitive/dist/index.mjs:26:13
    at file:///home/ayush/Desktop/RS-Monolith/agent/node_modules/@radix-ui/react-dismissable-layer/dist/index.mjs:24:7
    at file:///home/ayush/Desktop/RS-Monolith/agent/node_modules/@radix-ui/react-slot/dist/index.mjs:25:11
    at file:///home/ayush/Desktop/RS-Monolith/agent/node_modules/@radix-ui/react-slot/dist/index.mjs:6:11
    at file:///home/ayush/Desktop/RS-Monolith/agent/node_modules/@radix-ui/react-primitive/dist/index.mjs:26:13
    at file:///home/ayush/Desktop/RS-Monolith/agent/node_modules/@radix-ui/react-focus-scope/dist/index.mjs:15:5
    at file:///home/ayush/Desktop/RS-Monolith/agent/node_modules/@radix-ui/react-dialog/dist/index.mjs:204:13
    at file:///home/ayush/Desktop/RS-Monolith/agent/node_modules/@radix-ui/react-dialog/dist/index.mjs:130:58
    at Presence (file:///home/ayush/Desktop/RS-Monolith/agent/node_modules/@radix-ui/react-presence/dist/index.mjs:19:11)
    at file:///home/ayush/Desktop/RS-Monolith/agent/node_modules/@radix-ui/react-dialog/dist/index.mjs:121:64
    at file:///home/ayush/Desktop/RS-Monolith/agent/node_modules/@radix-ui/react-slot/dist/index.mjs:25:11
    at file:///home/ayush/Desktop/RS-Monolith/agent/node_modules/@radix-ui/react-slot/dist/index.mjs:6:11
    at file:///home/ayush/Desktop/RS-Monolith/agent/node_modules/@radix-ui/react-primitive/dist/index.mjs:26:13
    at file:///home/ayush/Desktop/RS-Monolith/agent/node_modules/@radix-ui/react-portal/dist/index.mjs:11:22
    at Presence (file:///home/ayush/Desktop/RS-Monolith/agent/node_modules/@radix-ui/react-presence/dist/index.mjs:19:11)
    at Provider (file:///home/ayush/Desktop/RS-Monolith/agent/node_modules/@radix-ui/react-context/dist/index.mjs:27:15)
    at DialogPortal (file:///home/ayush/Desktop/RS-Monolith/agent/node_modules/@radix-ui/react-dialog/dist/index.mjs:84:11)
    at /home/ayush/Desktop/RS-Monolith/agent/src/components/ui/sheet.tsx:63:58
    at Provider (file:///home/ayush/Desktop/RS-Monolith/agent/node_modules/@radix-ui/react-context/dist/index.mjs:27:15)
    at Dialog (file:///home/ayush/Desktop/RS-Monolith/agent/node_modules/@radix-ui/react-dialog/dist/index.mjs:25:5)
    at BookingDetailsSheet (/home/ayush/Desktop/RS-Monolith/agent/src/components/booking/BookingDetailsSheet.tsx:38:32)
Warning: An update to Select inside a test was not wrapped in act(...).

When testing, code that causes React state updates should be wrapped into act(...):

act(() => {
  /* fire events that update state */
});
/* assert on the output */

This ensures that you're testing the behavior the user would see in the browser. Learn more at https://reactjs.org/link/wrap-tests-with-act
    at Select (file:///home/ayush/Desktop/RS-Monolith/agent/node_modules/@radix-ui/react-select/dist/index.mjs:42:5)
    at div
    at section
    at div
    at div
    at div
    at file:///home/ayush/Desktop/RS-Monolith/agent/node_modules/@radix-ui/react-primitive/dist/index.mjs:26:13
    at file:///home/ayush/Desktop/RS-Monolith/agent/node_modules/@radix-ui/react-scroll-area/dist/index.mjs:94:13
    at div
    at file:///home/ayush/Desktop/RS-Monolith/agent/node_modules/@radix-ui/react-primitive/dist/index.mjs:26:13
    at Provider (file:///home/ayush/Desktop/RS-Monolith/agent/node_modules/@radix-ui/react-context/dist/index.mjs:27:15)
    at file:///home/ayush/Desktop/RS-Monolith/agent/node_modules/@radix-ui/react-scroll-area/dist/index.mjs:32:7
    at /home/ayush/Desktop/RS-Monolith/agent/src/components/ui/scroll-area.tsx:11:56
    at div
    at file:///home/ayush/Desktop/RS-Monolith/agent/node_modules/@radix-ui/react-primitive/dist/index.mjs:26:13
    at file:///home/ayush/Desktop/RS-Monolith/agent/node_modules/@radix-ui/react-dismissable-layer/dist/index.mjs:24:7
    at file:///home/ayush/Desktop/RS-Monolith/agent/node_modules/@radix-ui/react-slot/dist/index.mjs:25:11
    at file:///home/ayush/Desktop/RS-Monolith/agent/node_modules/@radix-ui/react-slot/dist/index.mjs:6:11
    at file:///home/ayush/Desktop/RS-Monolith/agent/node_modules/@radix-ui/react-primitive/dist/index.mjs:26:13
    at file:///home/ayush/Desktop/RS-Monolith/agent/node_modules/@radix-ui/react-focus-scope/dist/index.mjs:15:5
    at file:///home/ayush/Desktop/RS-Monolith/agent/node_modules/@radix-ui/react-dialog/dist/index.mjs:204:13
    at file:///home/ayush/Desktop/RS-Monolith/agent/node_modules/@radix-ui/react-dialog/dist/index.mjs:130:58
    at Presence (file:///home/ayush/Desktop/RS-Monolith/agent/node_modules/@radix-ui/react-presence/dist/index.mjs:19:11)
    at file:///home/ayush/Desktop/RS-Monolith/agent/node_modules/@radix-ui/react-dialog/dist/index.mjs:121:64
    at file:///home/ayush/Desktop/RS-Monolith/agent/node_modules/@radix-ui/react-slot/dist/index.mjs:25:11
    at file:///home/ayush/Desktop/RS-Monolith/agent/node_modules/@radix-ui/react-slot/dist/index.mjs:6:11
    at file:///home/ayush/Desktop/RS-Monolith/agent/node_modules/@radix-ui/react-primitive/dist/index.mjs:26:13
    at file:///home/ayush/Desktop/RS-Monolith/agent/node_modules/@radix-ui/react-portal/dist/index.mjs:11:22
    at Presence (file:///home/ayush/Desktop/RS-Monolith/agent/node_modules/@radix-ui/react-presence/dist/index.mjs:19:11)
    at Provider (file:///home/ayush/Desktop/RS-Monolith/agent/node_modules/@radix-ui/react-context/dist/index.mjs:27:15)
    at DialogPortal (file:///home/ayush/Desktop/RS-Monolith/agent/node_modules/@radix-ui/react-dialog/dist/index.mjs:84:11)
    at /home/ayush/Desktop/RS-Monolith/agent/src/components/ui/sheet.tsx:63:58
    at Provider (file:///home/ayush/Desktop/RS-Monolith/agent/node_modules/@radix-ui/react-context/dist/index.mjs:27:15)
    at Dialog (file:///home/ayush/Desktop/RS-Monolith/agent/node_modules/@radix-ui/react-dialog/dist/index.mjs:25:5)
    at BookingDetailsSheet (/home/ayush/Desktop/RS-Monolith/agent/src/components/booking/BookingDetailsSheet.tsx:38:32)
Warning: An update to Portal inside a test was not wrapped in act(...).

When testing, code that causes React state updates should be wrapped into act(...):

act(() => {
  /* fire events that update state */
});
/* assert on the output */

This ensures that you're testing the behavior the user would see in the browser. Learn more at https://reactjs.org/link/wrap-tests-with-act
    at file:///home/ayush/Desktop/RS-Monolith/agent/node_modules/@radix-ui/react-portal/dist/index.mjs:11:22
    at SelectPortal
    at /home/ayush/Desktop/RS-Monolith/agent/src/components/ui/select.tsx:106:59
    at Provider (file:///home/ayush/Desktop/RS-Monolith/agent/node_modules/@radix-ui/react-context/dist/index.mjs:27:15)
    at Provider (file:///home/ayush/Desktop/RS-Monolith/agent/node_modules/@radix-ui/react-collection/node_modules/@radix-ui/react-context/dist/index.mjs:27:15)
    at CollectionProvider (file:///home/ayush/Desktop/RS-Monolith/agent/node_modules/@radix-ui/react-collection/dist/index.mjs:17:13)
    at Provider (file:///home/ayush/Desktop/RS-Monolith/agent/node_modules/@radix-ui/react-context/dist/index.mjs:27:15)
    at Provider (file:///home/ayush/Desktop/RS-Monolith/agent/node_modules/@radix-ui/react-popper/node_modules/@radix-ui/react-context/dist/index.mjs:27:15)
    at Popper (file:///home/ayush/Desktop/RS-Monolith/agent/node_modules/@radix-ui/react-popper/dist/index.mjs:30:11)
    at Select (file:///home/ayush/Desktop/RS-Monolith/agent/node_modules/@radix-ui/react-select/dist/index.mjs:42:5)
    at div
    at section
    at div
    at div
    at div
    at file:///home/ayush/Desktop/RS-Monolith/agent/node_modules/@radix-ui/react-primitive/dist/index.mjs:26:13
    at file:///home/ayush/Desktop/RS-Monolith/agent/node_modules/@radix-ui/react-scroll-area/dist/index.mjs:94:13
    at div
    at file:///home/ayush/Desktop/RS-Monolith/agent/node_modules/@radix-ui/react-primitive/dist/index.mjs:26:13
    at Provider (file:///home/ayush/Desktop/RS-Monolith/agent/node_modules/@radix-ui/react-context/dist/index.mjs:27:15)
    at file:///home/ayush/Desktop/RS-Monolith/agent/node_modules/@radix-ui/react-scroll-area/dist/index.mjs:32:7
    at /home/ayush/Desktop/RS-Monolith/agent/src/components/ui/scroll-area.tsx:11:56
    at div
    at file:///home/ayush/Desktop/RS-Monolith/agent/node_modules/@radix-ui/react-primitive/dist/index.mjs:26:13
    at file:///home/ayush/Desktop/RS-Monolith/agent/node_modules/@radix-ui/react-dismissable-layer/dist/index.mjs:24:7
    at file:///home/ayush/Desktop/RS-Monolith/agent/node_modules/@radix-ui/react-slot/dist/index.mjs:25:11
    at file:///home/ayush/Desktop/RS-Monolith/agent/node_modules/@radix-ui/react-slot/dist/index.mjs:6:11
    at file:///home/ayush/Desktop/RS-Monolith/agent/node_modules/@radix-ui/react-primitive/dist/index.mjs:26:13
    at file:///home/ayush/Desktop/RS-Monolith/agent/node_modules/@radix-ui/react-focus-scope/dist/index.mjs:15:5
    at file:///home/ayush/Desktop/RS-Monolith/agent/node_modules/@radix-ui/react-dialog/dist/index.mjs:204:13
    at file:///home/ayush/Desktop/RS-Monolith/agent/node_modules/@radix-ui/react-dialog/dist/index.mjs:130:58
    at Presence (file:///home/ayush/Desktop/RS-Monolith/agent/node_modules/@radix-ui/react-presence/dist/index.mjs:19:11)
    at file:///home/ayush/Desktop/RS-Monolith/agent/node_modules/@radix-ui/react-dialog/dist/index.mjs:121:64
    at file:///home/ayush/Desktop/RS-Monolith/agent/node_modules/@radix-ui/react-slot/dist/index.mjs:25:11
    at file:///home/ayush/Desktop/RS-Monolith/agent/node_modules/@radix-ui/react-slot/dist/index.mjs:6:11
    at file:///home/ayush/Desktop/RS-Monolith/agent/node_modules/@radix-ui/react-primitive/dist/index.mjs:26:13
    at file:///home/ayush/Desktop/RS-Monolith/agent/node_modules/@radix-ui/react-portal/dist/index.mjs:11:22
    at Presence (file:///home/ayush/Desktop/RS-Monolith/agent/node_modules/@radix-ui/react-presence/dist/index.mjs:19:11)
    at Provider (file:///home/ayush/Desktop/RS-Monolith/agent/node_modules/@radix-ui/react-context/dist/index.mjs:27:15)
    at DialogPortal (file:///home/ayush/Desktop/RS-Monolith/agent/node_modules/@radix-ui/react-dialog/dist/index.mjs:84:11)
    at /home/ayush/Desktop/RS-Monolith/agent/src/components/ui/sheet.tsx:63:58
    at Provider (file:///home/ayush/Desktop/RS-Monolith/agent/node_modules/@radix-ui/react-context/dist/index.mjs:27:15)
    at Dialog (file:///home/ayush/Desktop/RS-Monolith/agent/node_modules/@radix-ui/react-dialog/dist/index.mjs:25:5)
    at BookingDetailsSheet (/home/ayush/Desktop/RS-Monolith/agent/src/components/booking/BookingDetailsSheet.tsx:38:32)
Warning: An update to Select inside a test was not wrapped in act(...).

When testing, code that causes React state updates should be wrapped into act(...):

act(() => {
  /* fire events that update state */
});
/* assert on the output */

This ensures that you're testing the behavior the user would see in the browser. Learn more at https://reactjs.org/link/wrap-tests-with-act
    at Select (file:///home/ayush/Desktop/RS-Monolith/agent/node_modules/@radix-ui/react-select/dist/index.mjs:42:5)
    at div
    at section
    at div
    at div
    at div
    at file:///home/ayush/Desktop/RS-Monolith/agent/node_modules/@radix-ui/react-primitive/dist/index.mjs:26:13
    at file:///home/ayush/Desktop/RS-Monolith/agent/node_modules/@radix-ui/react-scroll-area/dist/index.mjs:94:13
    at div
    at file:///home/ayush/Desktop/RS-Monolith/agent/node_modules/@radix-ui/react-primitive/dist/index.mjs:26:13
    at Provider (file:///home/ayush/Desktop/RS-Monolith/agent/node_modules/@radix-ui/react-context/dist/index.mjs:27:15)
    at file:///home/ayush/Desktop/RS-Monolith/agent/node_modules/@radix-ui/react-scroll-area/dist/index.mjs:32:7
    at /home/ayush/Desktop/RS-Monolith/agent/src/components/ui/scroll-area.tsx:11:56
    at div
    at file:///home/ayush/Desktop/RS-Monolith/agent/node_modules/@radix-ui/react-primitive/dist/index.mjs:26:13
    at file:///home/ayush/Desktop/RS-Monolith/agent/node_modules/@radix-ui/react-dismissable-layer/dist/index.mjs:24:7
    at file:///home/ayush/Desktop/RS-Monolith/agent/node_modules/@radix-ui/react-slot/dist/index.mjs:25:11
    at file:///home/ayush/Desktop/RS-Monolith/agent/node_modules/@radix-ui/react-slot/dist/index.mjs:6:11
    at file:///home/ayush/Desktop/RS-Monolith/agent/node_modules/@radix-ui/react-primitive/dist/index.mjs:26:13
    at file:///home/ayush/Desktop/RS-Monolith/agent/node_modules/@radix-ui/react-focus-scope/dist/index.mjs:15:5
    at file:///home/ayush/Desktop/RS-Monolith/agent/node_modules/@radix-ui/react-dialog/dist/index.mjs:204:13
    at file:///home/ayush/Desktop/RS-Monolith/agent/node_modules/@radix-ui/react-dialog/dist/index.mjs:130:58
    at Presence (file:///home/ayush/Desktop/RS-Monolith/agent/node_modules/@radix-ui/react-presence/dist/index.mjs:19:11)
    at file:///home/ayush/Desktop/RS-Monolith/agent/node_modules/@radix-ui/react-dialog/dist/index.mjs:121:64
    at file:///home/ayush/Desktop/RS-Monolith/agent/node_modules/@radix-ui/react-slot/dist/index.mjs:25:11
    at file:///home/ayush/Desktop/RS-Monolith/agent/node_modules/@radix-ui/react-slot/dist/index.mjs:6:11
    at file:///home/ayush/Desktop/RS-Monolith/agent/node_modules/@radix-ui/react-primitive/dist/index.mjs:26:13
    at file:///home/ayush/Desktop/RS-Monolith/agent/node_modules/@radix-ui/react-portal/dist/index.mjs:11:22
    at Presence (file:///home/ayush/Desktop/RS-Monolith/agent/node_modules/@radix-ui/react-presence/dist/index.mjs:19:11)
    at Provider (file:///home/ayush/Desktop/RS-Monolith/agent/node_modules/@radix-ui/react-context/dist/index.mjs:27:15)
    at DialogPortal (file:///home/ayush/Desktop/RS-Monolith/agent/node_modules/@radix-ui/react-dialog/dist/index.mjs:84:11)
    at /home/ayush/Desktop/RS-Monolith/agent/src/components/ui/sheet.tsx:63:58
    at Provider (file:///home/ayush/Desktop/RS-Monolith/agent/node_modules/@radix-ui/react-context/dist/index.mjs:27:15)
    at Dialog (file:///home/ayush/Desktop/RS-Monolith/agent/node_modules/@radix-ui/react-dialog/dist/index.mjs:25:5)
    at BookingDetailsSheet (/home/ayush/Desktop/RS-Monolith/agent/src/components/booking/BookingDetailsSheet.tsx:38:32)
Warning: An update to ScrollArea inside a test was not wrapped in act(...).

When testing, code that causes React state updates should be wrapped into act(...):

act(() => {
  /* fire events that update state */
});
/* assert on the output */

This ensures that you're testing the behavior the user would see in the browser. Learn more at https://reactjs.org/link/wrap-tests-with-act
    at file:///home/ayush/Desktop/RS-Monolith/agent/node_modules/@radix-ui/react-scroll-area/dist/index.mjs:32:7
    at /home/ayush/Desktop/RS-Monolith/agent/src/components/ui/scroll-area.tsx:11:56
    at div
    at file:///home/ayush/Desktop/RS-Monolith/agent/node_modules/@radix-ui/react-primitive/dist/index.mjs:26:13
    at file:///home/ayush/Desktop/RS-Monolith/agent/node_modules/@radix-ui/react-dismissable-layer/dist/index.mjs:24:7
    at file:///home/ayush/Desktop/RS-Monolith/agent/node_modules/@radix-ui/react-slot/dist/index.mjs:25:11
    at file:///home/ayush/Desktop/RS-Monolith/agent/node_modules/@radix-ui/react-slot/dist/index.mjs:6:11
    at file:///home/ayush/Desktop/RS-Monolith/agent/node_modules/@radix-ui/react-primitive/dist/index.mjs:26:13
    at file:///home/ayush/Desktop/RS-Monolith/agent/node_modules/@radix-ui/react-focus-scope/dist/index.mjs:15:5
    at file:///home/ayush/Desktop/RS-Monolith/agent/node_modules/@radix-ui/react-dialog/dist/index.mjs:204:13
    at file:///home/ayush/Desktop/RS-Monolith/agent/node_modules/@radix-ui/react-dialog/dist/index.mjs:130:58
    at Presence (file:///home/ayush/Desktop/RS-Monolith/agent/node_modules/@radix-ui/react-presence/dist/index.mjs:19:11)
    at file:///home/ayush/Desktop/RS-Monolith/agent/node_modules/@radix-ui/react-dialog/dist/index.mjs:121:64
    at file:///home/ayush/Desktop/RS-Monolith/agent/node_modules/@radix-ui/react-slot/dist/index.mjs:25:11
    at file:///home/ayush/Desktop/RS-Monolith/agent/node_modules/@radix-ui/react-slot/dist/index.mjs:6:11
    at file:///home/ayush/Desktop/RS-Monolith/agent/node_modules/@radix-ui/react-primitive/dist/index.mjs:26:13
    at file:///home/ayush/Desktop/RS-Monolith/agent/node_modules/@radix-ui/react-portal/dist/index.mjs:11:22
    at Presence (file:///home/ayush/Desktop/RS-Monolith/agent/node_modules/@radix-ui/react-presence/dist/index.mjs:19:11)
    at Provider (file:///home/ayush/Desktop/RS-Monolith/agent/node_modules/@radix-ui/react-context/dist/index.mjs:27:15)
    at DialogPortal (file:///home/ayush/Desktop/RS-Monolith/agent/node_modules/@radix-ui/react-dialog/dist/index.mjs:84:11)
    at /home/ayush/Desktop/RS-Monolith/agent/src/components/ui/sheet.tsx:63:58
    at Provider (file:///home/ayush/Desktop/RS-Monolith/agent/node_modules/@radix-ui/react-context/dist/index.mjs:27:15)
    at Dialog (file:///home/ayush/Desktop/RS-Monolith/agent/node_modules/@radix-ui/react-dialog/dist/index.mjs:25:5)
    at BookingDetailsSheet (/home/ayush/Desktop/RS-Monolith/agent/src/components/booking/BookingDetailsSheet.tsx:38:32)
Warning: An update to FocusScope inside a test was not wrapped in act(...).

When testing, code that causes React state updates should be wrapped into act(...):

act(() => {
  /* fire events that update state */
});
/* assert on the output */

This ensures that you're testing the behavior the user would see in the browser. Learn more at https://reactjs.org/link/wrap-tests-with-act
    at file:///home/ayush/Desktop/RS-Monolith/agent/node_modules/@radix-ui/react-focus-scope/dist/index.mjs:15:5
    at file:///home/ayush/Desktop/RS-Monolith/agent/node_modules/@radix-ui/react-dialog/dist/index.mjs:204:13
    at file:///home/ayush/Desktop/RS-Monolith/agent/node_modules/@radix-ui/react-dialog/dist/index.mjs:130:58
    at Presence (file:///home/ayush/Desktop/RS-Monolith/agent/node_modules/@radix-ui/react-presence/dist/index.mjs:19:11)
    at file:///home/ayush/Desktop/RS-Monolith/agent/node_modules/@radix-ui/react-dialog/dist/index.mjs:121:64
    at file:///home/ayush/Desktop/RS-Monolith/agent/node_modules/@radix-ui/react-slot/dist/index.mjs:25:11
    at file:///home/ayush/Desktop/RS-Monolith/agent/node_modules/@radix-ui/react-slot/dist/index.mjs:6:11
    at file:///home/ayush/Desktop/RS-Monolith/agent/node_modules/@radix-ui/react-primitive/dist/index.mjs:26:13
    at file:///home/ayush/Desktop/RS-Monolith/agent/node_modules/@radix-ui/react-portal/dist/index.mjs:11:22
    at Presence (file:///home/ayush/Desktop/RS-Monolith/agent/node_modules/@radix-ui/react-presence/dist/index.mjs:19:11)
    at Provider (file:///home/ayush/Desktop/RS-Monolith/agent/node_modules/@radix-ui/react-context/dist/index.mjs:27:15)
    at DialogPortal (file:///home/ayush/Desktop/RS-Monolith/agent/node_modules/@radix-ui/react-dialog/dist/index.mjs:84:11)
    at /home/ayush/Desktop/RS-Monolith/agent/src/components/ui/sheet.tsx:63:58
    at Provider (file:///home/ayush/Desktop/RS-Monolith/agent/node_modules/@radix-ui/react-context/dist/index.mjs:27:15)
    at Dialog (file:///home/ayush/Desktop/RS-Monolith/agent/node_modules/@radix-ui/react-dialog/dist/index.mjs:25:5)
    at BookingDetailsSheet (/home/ayush/Desktop/RS-Monolith/agent/src/components/booking/BookingDetailsSheet.tsx:38:32)
Warning: An update to Presence inside a test was not wrapped in act(...).

When testing, code that causes React state updates should be wrapped into act(...):

act(() => {
  /* fire events that update state */
});
/* assert on the output */

This ensures that you're testing the behavior the user would see in the browser. Learn more at https://reactjs.org/link/wrap-tests-with-act
    at Presence (file:///home/ayush/Desktop/RS-Monolith/agent/node_modules/@radix-ui/react-presence/dist/index.mjs:19:11)
    at file:///home/ayush/Desktop/RS-Monolith/agent/node_modules/@radix-ui/react-dialog/dist/index.mjs:121:64
    at file:///home/ayush/Desktop/RS-Monolith/agent/node_modules/@radix-ui/react-slot/dist/index.mjs:25:11
    at file:///home/ayush/Desktop/RS-Monolith/agent/node_modules/@radix-ui/react-slot/dist/index.mjs:6:11
    at file:///home/ayush/Desktop/RS-Monolith/agent/node_modules/@radix-ui/react-primitive/dist/index.mjs:26:13
    at file:///home/ayush/Desktop/RS-Monolith/agent/node_modules/@radix-ui/react-portal/dist/index.mjs:11:22
    at Presence (file:///home/ayush/Desktop/RS-Monolith/agent/node_modules/@radix-ui/react-presence/dist/index.mjs:19:11)
    at Provider (file:///home/ayush/Desktop/RS-Monolith/agent/node_modules/@radix-ui/react-context/dist/index.mjs:27:15)
    at DialogPortal (file:///home/ayush/Desktop/RS-Monolith/agent/node_modules/@radix-ui/react-dialog/dist/index.mjs:84:11)
    at /home/ayush/Desktop/RS-Monolith/agent/src/components/ui/sheet.tsx:63:58
    at Provider (file:///home/ayush/Desktop/RS-Monolith/agent/node_modules/@radix-ui/react-context/dist/index.mjs:27:15)
    at Dialog (file:///home/ayush/Desktop/RS-Monolith/agent/node_modules/@radix-ui/react-dialog/dist/index.mjs:25:5)
    at BookingDetailsSheet (/home/ayush/Desktop/RS-Monolith/agent/src/components/booking/BookingDetailsSheet.tsx:38:32)
Warning: An update to Presence inside a test was not wrapped in act(...).

When testing, code that causes React state updates should be wrapped into act(...):

act(() => {
  /* fire events that update state */
});
/* assert on the output */

This ensures that you're testing the behavior the user would see in the browser. Learn more at https://reactjs.org/link/wrap-tests-with-act
    at Presence (file:///home/ayush/Desktop/RS-Monolith/agent/node_modules/@radix-ui/react-presence/dist/index.mjs:19:11)
    at Provider (file:///home/ayush/Desktop/RS-Monolith/agent/node_modules/@radix-ui/react-context/dist/index.mjs:27:15)
    at DialogPortal (file:///home/ayush/Desktop/RS-Monolith/agent/node_modules/@radix-ui/react-dialog/dist/index.mjs:84:11)
    at /home/ayush/Desktop/RS-Monolith/agent/src/components/ui/sheet.tsx:63:58
    at Provider (file:///home/ayush/Desktop/RS-Monolith/agent/node_modules/@radix-ui/react-context/dist/index.mjs:27:15)
    at Dialog (file:///home/ayush/Desktop/RS-Monolith/agent/node_modules/@radix-ui/react-dialog/dist/index.mjs:25:5)
    at BookingDetailsSheet (/home/ayush/Desktop/RS-Monolith/agent/src/components/booking/BookingDetailsSheet.tsx:38:32)
Warning: An update to DismissableLayer inside a test was not wrapped in act(...).

When testing, code that causes React state updates should be wrapped into act(...):

act(() => {
  /* fire events that update state */
});
/* assert on the output */

This ensures that you're testing the behavior the user would see in the browser. Learn more at https://reactjs.org/link/wrap-tests-with-act
    at file:///home/ayush/Desktop/RS-Monolith/agent/node_modules/@radix-ui/react-dismissable-layer/dist/index.mjs:24:7
    at file:///home/ayush/Desktop/RS-Monolith/agent/node_modules/@radix-ui/react-slot/dist/index.mjs:25:11
    at file:///home/ayush/Desktop/RS-Monolith/agent/node_modules/@radix-ui/react-slot/dist/index.mjs:6:11
    at file:///home/ayush/Desktop/RS-Monolith/agent/node_modules/@radix-ui/react-primitive/dist/index.mjs:26:13
    at file:///home/ayush/Desktop/RS-Monolith/agent/node_modules/@radix-ui/react-focus-scope/dist/index.mjs:15:5
    at file:///home/ayush/Desktop/RS-Monolith/agent/node_modules/@radix-ui/react-dialog/dist/index.mjs:204:13
    at file:///home/ayush/Desktop/RS-Monolith/agent/node_modules/@radix-ui/react-dialog/dist/index.mjs:130:58
    at Presence (file:///home/ayush/Desktop/RS-Monolith/agent/node_modules/@radix-ui/react-presence/dist/index.mjs:19:11)
    at file:///home/ayush/Desktop/RS-Monolith/agent/node_modules/@radix-ui/react-dialog/dist/index.mjs:121:64
    at file:///home/ayush/Desktop/RS-Monolith/agent/node_modules/@radix-ui/react-slot/dist/index.mjs:25:11
    at file:///home/ayush/Desktop/RS-Monolith/agent/node_modules/@radix-ui/react-slot/dist/index.mjs:6:11
    at file:///home/ayush/Desktop/RS-Monolith/agent/node_modules/@radix-ui/react-primitive/dist/index.mjs:26:13
    at file:///home/ayush/Desktop/RS-Monolith/agent/node_modules/@radix-ui/react-portal/dist/index.mjs:11:22
    at Presence (file:///home/ayush/Desktop/RS-Monolith/agent/node_modules/@radix-ui/react-presence/dist/index.mjs:19:11)
    at Provider (file:///home/ayush/Desktop/RS-Monolith/agent/node_modules/@radix-ui/react-context/dist/index.mjs:27:15)
    at DialogPortal (file:///home/ayush/Desktop/RS-Monolith/agent/node_modules/@radix-ui/react-dialog/dist/index.mjs:84:11)
    at /home/ayush/Desktop/RS-Monolith/agent/src/components/ui/sheet.tsx:63:58
    at Provider (file:///home/ayush/Desktop/RS-Monolith/agent/node_modules/@radix-ui/react-context/dist/index.mjs:27:15)
    at Dialog (file:///home/ayush/Desktop/RS-Monolith/agent/node_modules/@radix-ui/react-dialog/dist/index.mjs:25:5)
    at BookingDetailsSheet (/home/ayush/Desktop/RS-Monolith/agent/src/components/booking/BookingDetailsSheet.tsx:38:32)
Warning: An update to Popper inside a test was not wrapped in act(...).

When testing, code that causes React state updates should be wrapped into act(...):

act(() => {
  /* fire events that update state */
});
/* assert on the output */

This ensures that you're testing the behavior the user would see in the browser. Learn more at https://reactjs.org/link/wrap-tests-with-act
    at Popper (file:///home/ayush/Desktop/RS-Monolith/agent/node_modules/@radix-ui/react-popper/dist/index.mjs:30:11)
    at Select (file:///home/ayush/Desktop/RS-Monolith/agent/node_modules/@radix-ui/react-select/dist/index.mjs:42:5)
    at div
    at section
    at div
    at div
    at div
    at file:///home/ayush/Desktop/RS-Monolith/agent/node_modules/@radix-ui/react-primitive/dist/index.mjs:26:13
    at file:///home/ayush/Desktop/RS-Monolith/agent/node_modules/@radix-ui/react-scroll-area/dist/index.mjs:94:13
    at div
    at file:///home/ayush/Desktop/RS-Monolith/agent/node_modules/@radix-ui/react-primitive/dist/index.mjs:26:13
    at Provider (file:///home/ayush/Desktop/RS-Monolith/agent/node_modules/@radix-ui/react-context/dist/index.mjs:27:15)
    at file:///home/ayush/Desktop/RS-Monolith/agent/node_modules/@radix-ui/react-scroll-area/dist/index.mjs:32:7
    at /home/ayush/Desktop/RS-Monolith/agent/src/components/ui/scroll-area.tsx:11:56
    at div
    at file:///home/ayush/Desktop/RS-Monolith/agent/node_modules/@radix-ui/react-primitive/dist/index.mjs:26:13
    at file:///home/ayush/Desktop/RS-Monolith/agent/node_modules/@radix-ui/react-dismissable-layer/dist/index.mjs:24:7
    at file:///home/ayush/Desktop/RS-Monolith/agent/node_modules/@radix-ui/react-slot/dist/index.mjs:25:11
    at file:///home/ayush/Desktop/RS-Monolith/agent/node_modules/@radix-ui/react-slot/dist/index.mjs:6:11
    at file:///home/ayush/Desktop/RS-Monolith/agent/node_modules/@radix-ui/react-primitive/dist/index.mjs:26:13
    at file:///home/ayush/Desktop/RS-Monolith/agent/node_modules/@radix-ui/react-focus-scope/dist/index.mjs:15:5
    at file:///home/ayush/Desktop/RS-Monolith/agent/node_modules/@radix-ui/react-dialog/dist/index.mjs:204:13
    at file:///home/ayush/Desktop/RS-Monolith/agent/node_modules/@radix-ui/react-dialog/dist/index.mjs:130:58
    at Presence (file:///home/ayush/Desktop/RS-Monolith/agent/node_modules/@radix-ui/react-presence/dist/index.mjs:19:11)
    at file:///home/ayush/Desktop/RS-Monolith/agent/node_modules/@radix-ui/react-dialog/dist/index.mjs:121:64
    at file:///home/ayush/Desktop/RS-Monolith/agent/node_modules/@radix-ui/react-slot/dist/index.mjs:25:11
    at file:///home/ayush/Desktop/RS-Monolith/agent/node_modules/@radix-ui/react-slot/dist/index.mjs:6:11
    at file:///home/ayush/Desktop/RS-Monolith/agent/node_modules/@radix-ui/react-primitive/dist/index.mjs:26:13
    at file:///home/ayush/Desktop/RS-Monolith/agent/node_modules/@radix-ui/react-portal/dist/index.mjs:11:22
    at Presence (file:///home/ayush/Desktop/RS-Monolith/agent/node_modules/@radix-ui/react-presence/dist/index.mjs:19:11)
    at Provider (file:///home/ayush/Desktop/RS-Monolith/agent/node_modules/@radix-ui/react-context/dist/index.mjs:27:15)
    at DialogPortal (file:///home/ayush/Desktop/RS-Monolith/agent/node_modules/@radix-ui/react-dialog/dist/index.mjs:84:11)
    at /home/ayush/Desktop/RS-Monolith/agent/src/components/ui/sheet.tsx:63:58
    at Provider (file:///home/ayush/Desktop/RS-Monolith/agent/node_modules/@radix-ui/react-context/dist/index.mjs:27:15)
    at Dialog (file:///home/ayush/Desktop/RS-Monolith/agent/node_modules/@radix-ui/react-dialog/dist/index.mjs:25:5)
    at BookingDetailsSheet (/home/ayush/Desktop/RS-Monolith/agent/src/components/booking/BookingDetailsSheet.tsx:38:32)
Warning: An update to Select inside a test was not wrapped in act(...).

When testing, code that causes React state updates should be wrapped into act(...):

act(() => {
  /* fire events that update state */
});
/* assert on the output */

This ensures that you're testing the behavior the user would see in the browser. Learn more at https://reactjs.org/link/wrap-tests-with-act
    at Select (file:///home/ayush/Desktop/RS-Monolith/agent/node_modules/@radix-ui/react-select/dist/index.mjs:42:5)
    at div
    at section
    at div
    at div
    at div
    at file:///home/ayush/Desktop/RS-Monolith/agent/node_modules/@radix-ui/react-primitive/dist/index.mjs:26:13
    at file:///home/ayush/Desktop/RS-Monolith/agent/node_modules/@radix-ui/react-scroll-area/dist/index.mjs:94:13
    at div
    at file:///home/ayush/Desktop/RS-Monolith/agent/node_modules/@radix-ui/react-primitive/dist/index.mjs:26:13
    at Provider (file:///home/ayush/Desktop/RS-Monolith/agent/node_modules/@radix-ui/react-context/dist/index.mjs:27:15)
    at file:///home/ayush/Desktop/RS-Monolith/agent/node_modules/@radix-ui/react-scroll-area/dist/index.mjs:32:7
    at /home/ayush/Desktop/RS-Monolith/agent/src/components/ui/scroll-area.tsx:11:56
    at div
    at file:///home/ayush/Desktop/RS-Monolith/agent/node_modules/@radix-ui/react-primitive/dist/index.mjs:26:13
    at file:///home/ayush/Desktop/RS-Monolith/agent/node_modules/@radix-ui/react-dismissable-layer/dist/index.mjs:24:7
    at file:///home/ayush/Desktop/RS-Monolith/agent/node_modules/@radix-ui/react-slot/dist/index.mjs:25:11
    at file:///home/ayush/Desktop/RS-Monolith/agent/node_modules/@radix-ui/react-slot/dist/index.mjs:6:11
    at file:///home/ayush/Desktop/RS-Monolith/agent/node_modules/@radix-ui/react-primitive/dist/index.mjs:26:13
    at file:///home/ayush/Desktop/RS-Monolith/agent/node_modules/@radix-ui/react-focus-scope/dist/index.mjs:15:5
    at file:///home/ayush/Desktop/RS-Monolith/agent/node_modules/@radix-ui/react-dialog/dist/index.mjs:204:13
    at file:///home/ayush/Desktop/RS-Monolith/agent/node_modules/@radix-ui/react-dialog/dist/index.mjs:130:58
    at Presence (file:///home/ayush/Desktop/RS-Monolith/agent/node_modules/@radix-ui/react-presence/dist/index.mjs:19:11)
    at file:///home/ayush/Desktop/RS-Monolith/agent/node_modules/@radix-ui/react-dialog/dist/index.mjs:121:64
    at file:///home/ayush/Desktop/RS-Monolith/agent/node_modules/@radix-ui/react-slot/dist/index.mjs:25:11
    at file:///home/ayush/Desktop/RS-Monolith/agent/node_modules/@radix-ui/react-slot/dist/index.mjs:6:11
    at file:///home/ayush/Desktop/RS-Monolith/agent/node_modules/@radix-ui/react-primitive/dist/index.mjs:26:13
    at file:///home/ayush/Desktop/RS-Monolith/agent/node_modules/@radix-ui/react-portal/dist/index.mjs:11:22
    at Presence (file:///home/ayush/Desktop/RS-Monolith/agent/node_modules/@radix-ui/react-presence/dist/index.mjs:19:11)
    at Provider (file:///home/ayush/Desktop/RS-Monolith/agent/node_modules/@radix-ui/react-context/dist/index.mjs:27:15)
    at DialogPortal (file:///home/ayush/Desktop/RS-Monolith/agent/node_modules/@radix-ui/react-dialog/dist/index.mjs:84:11)
    at /home/ayush/Desktop/RS-Monolith/agent/src/components/ui/sheet.tsx:63:58
    at Provider (file:///home/ayush/Desktop/RS-Monolith/agent/node_modules/@radix-ui/react-context/dist/index.mjs:27:15)
    at Dialog (file:///home/ayush/Desktop/RS-Monolith/agent/node_modules/@radix-ui/react-dialog/dist/index.mjs:25:5)
    at BookingDetailsSheet (/home/ayush/Desktop/RS-Monolith/agent/src/components/booking/BookingDetailsSheet.tsx:38:32)
Warning: An update to Select inside a test was not wrapped in act(...).

When testing, code that causes React state updates should be wrapped into act(...):

act(() => {
  /* fire events that update state */
});
/* assert on the output */

This ensures that you're testing the behavior the user would see in the browser. Learn more at https://reactjs.org/link/wrap-tests-with-act
    at Select (file:///home/ayush/Desktop/RS-Monolith/agent/node_modules/@radix-ui/react-select/dist/index.mjs:42:5)
    at div
    at section
    at div
    at div
    at div
    at file:///home/ayush/Desktop/RS-Monolith/agent/node_modules/@radix-ui/react-primitive/dist/index.mjs:26:13
    at file:///home/ayush/Desktop/RS-Monolith/agent/node_modules/@radix-ui/react-scroll-area/dist/index.mjs:94:13
    at div
    at file:///home/ayush/Desktop/RS-Monolith/agent/node_modules/@radix-ui/react-primitive/dist/index.mjs:26:13
    at Provider (file:///home/ayush/Desktop/RS-Monolith/agent/node_modules/@radix-ui/react-context/dist/index.mjs:27:15)
    at file:///home/ayush/Desktop/RS-Monolith/agent/node_modules/@radix-ui/react-scroll-area/dist/index.mjs:32:7
    at /home/ayush/Desktop/RS-Monolith/agent/src/components/ui/scroll-area.tsx:11:56
    at div
    at file:///home/ayush/Desktop/RS-Monolith/agent/node_modules/@radix-ui/react-primitive/dist/index.mjs:26:13
    at file:///home/ayush/Desktop/RS-Monolith/agent/node_modules/@radix-ui/react-dismissable-layer/dist/index.mjs:24:7
    at file:///home/ayush/Desktop/RS-Monolith/agent/node_modules/@radix-ui/react-slot/dist/index.mjs:25:11
    at file:///home/ayush/Desktop/RS-Monolith/agent/node_modules/@radix-ui/react-slot/dist/index.mjs:6:11
    at file:///home/ayush/Desktop/RS-Monolith/agent/node_modules/@radix-ui/react-primitive/dist/index.mjs:26:13
    at file:///home/ayush/Desktop/RS-Monolith/agent/node_modules/@radix-ui/react-focus-scope/dist/index.mjs:15:5
    at file:///home/ayush/Desktop/RS-Monolith/agent/node_modules/@radix-ui/react-dialog/dist/index.mjs:204:13
    at file:///home/ayush/Desktop/RS-Monolith/agent/node_modules/@radix-ui/react-dialog/dist/index.mjs:130:58
    at Presence (file:///home/ayush/Desktop/RS-Monolith/agent/node_modules/@radix-ui/react-presence/dist/index.mjs:19:11)
    at file:///home/ayush/Desktop/RS-Monolith/agent/node_modules/@radix-ui/react-dialog/dist/index.mjs:121:64
    at file:///home/ayush/Desktop/RS-Monolith/agent/node_modules/@radix-ui/react-slot/dist/index.mjs:25:11
    at file:///home/ayush/Desktop/RS-Monolith/agent/node_modules/@radix-ui/react-slot/dist/index.mjs:6:11
    at file:///home/ayush/Desktop/RS-Monolith/agent/node_modules/@radix-ui/react-primitive/dist/index.mjs:26:13
    at file:///home/ayush/Desktop/RS-Monolith/agent/node_modules/@radix-ui/react-portal/dist/index.mjs:11:22
    at Presence (file:///home/ayush/Desktop/RS-Monolith/agent/node_modules/@radix-ui/react-presence/dist/index.mjs:19:11)
    at Provider (file:///home/ayush/Desktop/RS-Monolith/agent/node_modules/@radix-ui/react-context/dist/index.mjs:27:15)
    at DialogPortal (file:///home/ayush/Desktop/RS-Monolith/agent/node_modules/@radix-ui/react-dialog/dist/index.mjs:84:11)
    at /home/ayush/Desktop/RS-Monolith/agent/src/components/ui/sheet.tsx:63:58
    at Provider (file:///home/ayush/Desktop/RS-Monolith/agent/node_modules/@radix-ui/react-context/dist/index.mjs:27:15)
    at Dialog (file:///home/ayush/Desktop/RS-Monolith/agent/node_modules/@radix-ui/react-dialog/dist/index.mjs:25:5)
    at BookingDetailsSheet (/home/ayush/Desktop/RS-Monolith/agent/src/components/booking/BookingDetailsSheet.tsx:38:32)
Warning: An update to SelectContent inside a test was not wrapped in act(...).

When testing, code that causes React state updates should be wrapped into act(...):

act(() => {
  /* fire events that update state */
});
/* assert on the output */

This ensures that you're testing the behavior the user would see in the browser. Learn more at https://reactjs.org/link/wrap-tests-with-act
    at file:///home/ayush/Desktop/RS-Monolith/agent/node_modules/@radix-ui/react-select/dist/index.mjs:254:58
    at file:///home/ayush/Desktop/RS-Monolith/agent/node_modules/@radix-ui/react-slot/dist/index.mjs:25:11
    at file:///home/ayush/Desktop/RS-Monolith/agent/node_modules/@radix-ui/react-slot/dist/index.mjs:6:11
    at file:///home/ayush/Desktop/RS-Monolith/agent/node_modules/@radix-ui/react-primitive/dist/index.mjs:26:13
    at file:///home/ayush/Desktop/RS-Monolith/agent/node_modules/@radix-ui/react-portal/dist/index.mjs:11:22
    at SelectPortal
    at /home/ayush/Desktop/RS-Monolith/agent/src/components/ui/select.tsx:106:59
    at Provider (file:///home/ayush/Desktop/RS-Monolith/agent/node_modules/@radix-ui/react-context/dist/index.mjs:27:15)
    at Provider (file:///home/ayush/Desktop/RS-Monolith/agent/node_modules/@radix-ui/react-collection/node_modules/@radix-ui/react-context/dist/index.mjs:27:15)
    at CollectionProvider (file:///home/ayush/Desktop/RS-Monolith/agent/node_modules/@radix-ui/react-collection/dist/index.mjs:17:13)
    at Provider (file:///home/ayush/Desktop/RS-Monolith/agent/node_modules/@radix-ui/react-context/dist/index.mjs:27:15)
    at Provider (file:///home/ayush/Desktop/RS-Monolith/agent/node_modules/@radix-ui/react-popper/node_modules/@radix-ui/react-context/dist/index.mjs:27:15)
    at Popper (file:///home/ayush/Desktop/RS-Monolith/agent/node_modules/@radix-ui/react-popper/dist/index.mjs:30:11)
    at Select (file:///home/ayush/Desktop/RS-Monolith/agent/node_modules/@radix-ui/react-select/dist/index.mjs:42:5)
    at div
    at section
    at div
    at div
    at div
    at file:///home/ayush/Desktop/RS-Monolith/agent/node_modules/@radix-ui/react-primitive/dist/index.mjs:26:13
    at file:///home/ayush/Desktop/RS-Monolith/agent/node_modules/@radix-ui/react-scroll-area/dist/index.mjs:94:13
    at div
    at file:///home/ayush/Desktop/RS-Monolith/agent/node_modules/@radix-ui/react-primitive/dist/index.mjs:26:13
    at Provider (file:///home/ayush/Desktop/RS-Monolith/agent/node_modules/@radix-ui/react-context/dist/index.mjs:27:15)
    at file:///home/ayush/Desktop/RS-Monolith/agent/node_modules/@radix-ui/react-scroll-area/dist/index.mjs:32:7
    at /home/ayush/Desktop/RS-Monolith/agent/src/components/ui/scroll-area.tsx:11:56
    at div
    at file:///home/ayush/Desktop/RS-Monolith/agent/node_modules/@radix-ui/react-primitive/dist/index.mjs:26:13
    at file:///home/ayush/Desktop/RS-Monolith/agent/node_modules/@radix-ui/react-dismissable-layer/dist/index.mjs:24:7
    at file:///home/ayush/Desktop/RS-Monolith/agent/node_modules/@radix-ui/react-slot/dist/index.mjs:25:11
    at file:///home/ayush/Desktop/RS-Monolith/agent/node_modules/@radix-ui/react-slot/dist/index.mjs:6:11
    at file:///home/ayush/Desktop/RS-Monolith/agent/node_modules/@radix-ui/react-primitive/dist/index.mjs:26:13
    at file:///home/ayush/Desktop/RS-Monolith/agent/node_modules/@radix-ui/react-focus-scope/dist/index.mjs:15:5
    at file:///home/ayush/Desktop/RS-Monolith/agent/node_modules/@radix-ui/react-dialog/dist/index.mjs:204:13
    at file:///home/ayush/Desktop/RS-Monolith/agent/node_modules/@radix-ui/react-dialog/dist/index.mjs:130:58
    at Presence (file:///home/ayush/Desktop/RS-Monolith/agent/node_modules/@radix-ui/react-presence/dist/index.mjs:19:11)
    at file:///home/ayush/Desktop/RS-Monolith/agent/node_modules/@radix-ui/react-dialog/dist/index.mjs:121:64
    at file:///home/ayush/Desktop/RS-Monolith/agent/node_modules/@radix-ui/react-slot/dist/index.mjs:25:11
    at file:///home/ayush/Desktop/RS-Monolith/agent/node_modules/@radix-ui/react-slot/dist/index.mjs:6:11
    at file:///home/ayush/Desktop/RS-Monolith/agent/node_modules/@radix-ui/react-primitive/dist/index.mjs:26:13
    at file:///home/ayush/Desktop/RS-Monolith/agent/node_modules/@radix-ui/react-portal/dist/index.mjs:11:22
    at Presence (file:///home/ayush/Desktop/RS-Monolith/agent/node_modules/@radix-ui/react-presence/dist/index.mjs:19:11)
    at Provider (file:///home/ayush/Desktop/RS-Monolith/agent/node_modules/@radix-ui/react-context/dist/index.mjs:27:15)
    at DialogPortal (file:///home/ayush/Desktop/RS-Monolith/agent/node_modules/@radix-ui/react-dialog/dist/index.mjs:84:11)
    at /home/ayush/Desktop/RS-Monolith/agent/src/components/ui/sheet.tsx:63:58
    at Provider (file:///home/ayush/Desktop/RS-Monolith/agent/node_modules/@radix-ui/react-context/dist/index.mjs:27:15)
    at Dialog (file:///home/ayush/Desktop/RS-Monolith/agent/node_modules/@radix-ui/react-dialog/dist/index.mjs:25:5)
    at BookingDetailsSheet (/home/ayush/Desktop/RS-Monolith/agent/src/components/booking/BookingDetailsSheet.tsx:38:32)
Warning: An update to Popper inside a test was not wrapped in act(...).

When testing, code that causes React state updates should be wrapped into act(...):

act(() => {
  /* fire events that update state */
});
/* assert on the output */

This ensures that you're testing the behavior the user would see in the browser. Learn more at https://reactjs.org/link/wrap-tests-with-act
    at Popper (file:///home/ayush/Desktop/RS-Monolith/agent/node_modules/@radix-ui/react-popper/dist/index.mjs:30:11)
    at Select (file:///home/ayush/Desktop/RS-Monolith/agent/node_modules/@radix-ui/react-select/dist/index.mjs:42:5)
    at div
    at section
    at div
    at div
    at div
    at file:///home/ayush/Desktop/RS-Monolith/agent/node_modules/@radix-ui/react-primitive/dist/index.mjs:26:13
    at file:///home/ayush/Desktop/RS-Monolith/agent/node_modules/@radix-ui/react-scroll-area/dist/index.mjs:94:13
    at div
    at file:///home/ayush/Desktop/RS-Monolith/agent/node_modules/@radix-ui/react-primitive/dist/index.mjs:26:13
    at Provider (file:///home/ayush/Desktop/RS-Monolith/agent/node_modules/@radix-ui/react-context/dist/index.mjs:27:15)
    at file:///home/ayush/Desktop/RS-Monolith/agent/node_modules/@radix-ui/react-scroll-area/dist/index.mjs:32:7
    at /home/ayush/Desktop/RS-Monolith/agent/src/components/ui/scroll-area.tsx:11:56
    at div
    at file:///home/ayush/Desktop/RS-Monolith/agent/node_modules/@radix-ui/react-primitive/dist/index.mjs:26:13
    at file:///home/ayush/Desktop/RS-Monolith/agent/node_modules/@radix-ui/react-dismissable-layer/dist/index.mjs:24:7
    at file:///home/ayush/Desktop/RS-Monolith/agent/node_modules/@radix-ui/react-slot/dist/index.mjs:25:11
    at file:///home/ayush/Desktop/RS-Monolith/agent/node_modules/@radix-ui/react-slot/dist/index.mjs:6:11
    at file:///home/ayush/Desktop/RS-Monolith/agent/node_modules/@radix-ui/react-primitive/dist/index.mjs:26:13
    at file:///home/ayush/Desktop/RS-Monolith/agent/node_modules/@radix-ui/react-focus-scope/dist/index.mjs:15:5
    at file:///home/ayush/Desktop/RS-Monolith/agent/node_modules/@radix-ui/react-dialog/dist/index.mjs:204:13
    at file:///home/ayush/Desktop/RS-Monolith/agent/node_modules/@radix-ui/react-dialog/dist/index.mjs:130:58
    at Presence (file:///home/ayush/Desktop/RS-Monolith/agent/node_modules/@radix-ui/react-presence/dist/index.mjs:19:11)
    at file:///home/ayush/Desktop/RS-Monolith/agent/node_modules/@radix-ui/react-dialog/dist/index.mjs:121:64
    at file:///home/ayush/Desktop/RS-Monolith/agent/node_modules/@radix-ui/react-slot/dist/index.mjs:25:11
    at file:///home/ayush/Desktop/RS-Monolith/agent/node_modules/@radix-ui/react-slot/dist/index.mjs:6:11
    at file:///home/ayush/Desktop/RS-Monolith/agent/node_modules/@radix-ui/react-primitive/dist/index.mjs:26:13
    at file:///home/ayush/Desktop/RS-Monolith/agent/node_modules/@radix-ui/react-portal/dist/index.mjs:11:22
    at Presence (file:///home/ayush/Desktop/RS-Monolith/agent/node_modules/@radix-ui/react-presence/dist/index.mjs:19:11)
    at Provider (file:///home/ayush/Desktop/RS-Monolith/agent/node_modules/@radix-ui/react-context/dist/index.mjs:27:15)
    at DialogPortal (file:///home/ayush/Desktop/RS-Monolith/agent/node_modules/@radix-ui/react-dialog/dist/index.mjs:84:11)
    at /home/ayush/Desktop/RS-Monolith/agent/src/components/ui/sheet.tsx:63:58
    at Provider (file:///home/ayush/Desktop/RS-Monolith/agent/node_modules/@radix-ui/react-context/dist/index.mjs:27:15)
    at Dialog (file:///home/ayush/Desktop/RS-Monolith/agent/node_modules/@radix-ui/react-dialog/dist/index.mjs:25:5)
    at BookingDetailsSheet (/home/ayush/Desktop/RS-Monolith/agent/src/components/booking/BookingDetailsSheet.tsx:38:32)
Warning: An update to SelectItemText inside a test was not wrapped in act(...).

When testing, code that causes React state updates should be wrapped into act(...):

act(() => {
  /* fire events that update state */
});
/* assert on the output */

This ensures that you're testing the behavior the user would see in the browser. Learn more at https://reactjs.org/link/wrap-tests-with-act
    at file:///home/ayush/Desktop/RS-Monolith/agent/node_modules/@radix-ui/react-select/dist/index.mjs:898:13
    at div
    at file:///home/ayush/Desktop/RS-Monolith/agent/node_modules/@radix-ui/react-primitive/dist/index.mjs:26:13
    at file:///home/ayush/Desktop/RS-Monolith/agent/node_modules/@radix-ui/react-slot/dist/index.mjs:25:11
    at file:///home/ayush/Desktop/RS-Monolith/agent/node_modules/@radix-ui/react-slot/dist/index.mjs:6:11
    at file:///home/ayush/Desktop/RS-Monolith/agent/node_modules/@radix-ui/react-collection/dist/index.mjs:37:15
    at Provider (file:///home/ayush/Desktop/RS-Monolith/agent/node_modules/@radix-ui/react-context/dist/index.mjs:27:15)
    at file:///home/ayush/Desktop/RS-Monolith/agent/node_modules/@radix-ui/react-select/dist/index.mjs:797:7
    at /home/ayush/Desktop/RS-Monolith/agent/src/components/ui/select.tsx:179:56
    at div
    at file:///home/ayush/Desktop/RS-Monolith/agent/node_modules/@radix-ui/react-primitive/dist/index.mjs:26:13
    at file:///home/ayush/Desktop/RS-Monolith/agent/node_modules/@radix-ui/react-slot/dist/index.mjs:25:11
    at file:///home/ayush/Desktop/RS-Monolith/agent/node_modules/@radix-ui/react-slot/dist/index.mjs:6:11
    at file:///home/ayush/Desktop/RS-Monolith/agent/node_modules/@radix-ui/react-collection/dist/index.mjs:26:15
    at file:///home/ayush/Desktop/RS-Monolith/agent/node_modules/@radix-ui/react-select/dist/index.mjs:708:13
    at div
    at file:///home/ayush/Desktop/RS-Monolith/agent/node_modules/@radix-ui/react-slot/dist/index.mjs:25:11
    at file:///home/ayush/Desktop/RS-Monolith/agent/node_modules/@radix-ui/react-slot/dist/index.mjs:6:11
    at file:///home/ayush/Desktop/RS-Monolith/agent/node_modules/@radix-ui/react-collection/dist/index.mjs:26:15
    at Provider (file:///home/ayush/Desktop/RS-Monolith/agent/node_modules/@radix-ui/react-context/dist/index.mjs:27:15)
    at file:///home/ayush/Desktop/RS-Monolith/agent/node_modules/@radix-ui/react-select/dist/index.mjs:254:58
    at file:///home/ayush/Desktop/RS-Monolith/agent/node_modules/@radix-ui/react-slot/dist/index.mjs:25:11
    at file:///home/ayush/Desktop/RS-Monolith/agent/node_modules/@radix-ui/react-slot/dist/index.mjs:6:11
    at file:///home/ayush/Desktop/RS-Monolith/agent/node_modules/@radix-ui/react-primitive/dist/index.mjs:26:13
    at file:///home/ayush/Desktop/RS-Monolith/agent/node_modules/@radix-ui/react-portal/dist/index.mjs:11:22
    at SelectPortal
    at /home/ayush/Desktop/RS-Monolith/agent/src/components/ui/select.tsx:106:59
    at Provider (file:///home/ayush/Desktop/RS-Monolith/agent/node_modules/@radix-ui/react-context/dist/index.mjs:27:15)
    at Provider (file:///home/ayush/Desktop/RS-Monolith/agent/node_modules/@radix-ui/react-collection/node_modules/@radix-ui/react-context/dist/index.mjs:27:15)
    at CollectionProvider (file:///home/ayush/Desktop/RS-Monolith/agent/node_modules/@radix-ui/react-collection/dist/index.mjs:17:13)
    at Provider (file:///home/ayush/Desktop/RS-Monolith/agent/node_modules/@radix-ui/react-context/dist/index.mjs:27:15)
    at Provider (file:///home/ayush/Desktop/RS-Monolith/agent/node_modules/@radix-ui/react-popper/node_modules/@radix-ui/react-context/dist/index.mjs:27:15)
    at Popper (file:///home/ayush/Desktop/RS-Monolith/agent/node_modules/@radix-ui/react-popper/dist/index.mjs:30:11)
    at Select (file:///home/ayush/Desktop/RS-Monolith/agent/node_modules/@radix-ui/react-select/dist/index.mjs:42:5)
    at div
    at section
    at div
    at div
    at div
    at file:///home/ayush/Desktop/RS-Monolith/agent/node_modules/@radix-ui/react-primitive/dist/index.mjs:26:13
    at file:///home/ayush/Desktop/RS-Monolith/agent/node_modules/@radix-ui/react-scroll-area/dist/index.mjs:94:13
    at div
    at file:///home/ayush/Desktop/RS-Monolith/agent/node_modules/@radix-ui/react-primitive/dist/index.mjs:26:13
    at Provider (file:///home/ayush/Desktop/RS-Monolith/agent/node_modules/@radix-ui/react-context/dist/index.mjs:27:15)
    at file:///home/ayush/Desktop/RS-Monolith/agent/node_modules/@radix-ui/react-scroll-area/dist/index.mjs:32:7
    at /home/ayush/Desktop/RS-Monolith/agent/src/components/ui/scroll-area.tsx:11:56
    at div
    at file:///home/ayush/Desktop/RS-Monolith/agent/node_modules/@radix-ui/react-primitive/dist/index.mjs:26:13
    at file:///home/ayush/Desktop/RS-Monolith/agent/node_modules/@radix-ui/react-dismissable-layer/dist/index.mjs:24:7
    at file:///home/ayush/Desktop/RS-Monolith/agent/node_modules/@radix-ui/react-slot/dist/index.mjs:25:11
    at file:///home/ayush/Desktop/RS-Monolith/agent/node_modules/@radix-ui/react-slot/dist/index.mjs:6:11
    at file:///home/ayush/Desktop/RS-Monolith/agent/node_modules/@radix-ui/react-primitive/dist/index.mjs:26:13
    at file:///home/ayush/Desktop/RS-Monolith/agent/node_modules/@radix-ui/react-focus-scope/dist/index.mjs:15:5
    at file:///home/ayush/Desktop/RS-Monolith/agent/node_modules/@radix-ui/react-dialog/dist/index.mjs:204:13
    at file:///home/ayush/Desktop/RS-Monolith/agent/node_modules/@radix-ui/react-dialog/dist/index.mjs:130:58
    at Presence (file:///home/ayush/Desktop/RS-Monolith/agent/node_modules/@radix-ui/react-presence/dist/index.mjs:19:11)
    at file:///home/ayush/Desktop/RS-Monolith/agent/node_modules/@radix-ui/react-dialog/dist/index.mjs:121:64
    at file:///home/ayush/Desktop/RS-Monolith/agent/node_modules/@radix-ui/react-slot/dist/index.mjs:25:11
    at file:///home/ayush/Desktop/RS-Monolith/agent/node_modules/@radix-ui/react-slot/dist/index.mjs:6:11
    at file:///home/ayush/Desktop/RS-Monolith/agent/node_modules/@radix-ui/react-primitive/dist/index.mjs:26:13
    at file:///home/ayush/Desktop/RS-Monolith/agent/node_modules/@radix-ui/react-portal/dist/index.mjs:11:22
    at Presence (file:///home/ayush/Desktop/RS-Monolith/agent/node_modules/@radix-ui/react-presence/dist/index.mjs:19:11)
    at Provider (file:///home/ayush/Desktop/RS-Monolith/agent/node_modules/@radix-ui/react-context/dist/index.mjs:27:15)
    at DialogPortal (file:///home/ayush/Desktop/RS-Monolith/agent/node_modules/@radix-ui/react-dialog/dist/index.mjs:84:11)
    at /home/ayush/Desktop/RS-Monolith/agent/src/components/ui/sheet.tsx:63:58
    at Provider (file:///home/ayush/Desktop/RS-Monolith/agent/node_modules/@radix-ui/react-context/dist/index.mjs:27:15)
    at Dialog (file:///home/ayush/Desktop/RS-Monolith/agent/node_modules/@radix-ui/react-dialog/dist/index.mjs:25:5)
    at BookingDetailsSheet (/home/ayush/Desktop/RS-Monolith/agent/src/components/booking/BookingDetailsSheet.tsx:38:32)
Warning: An update to SelectItem inside a test was not wrapped in act(...).

When testing, code that causes React state updates should be wrapped into act(...):

act(() => {
  /* fire events that update state */
});
/* assert on the output */

This ensures that you're testing the behavior the user would see in the browser. Learn more at https://reactjs.org/link/wrap-tests-with-act
    at file:///home/ayush/Desktop/RS-Monolith/agent/node_modules/@radix-ui/react-select/dist/index.mjs:797:7
    at /home/ayush/Desktop/RS-Monolith/agent/src/components/ui/select.tsx:179:56
    at div
    at file:///home/ayush/Desktop/RS-Monolith/agent/node_modules/@radix-ui/react-primitive/dist/index.mjs:26:13
    at file:///home/ayush/Desktop/RS-Monolith/agent/node_modules/@radix-ui/react-slot/dist/index.mjs:25:11
    at file:///home/ayush/Desktop/RS-Monolith/agent/node_modules/@radix-ui/react-slot/dist/index.mjs:6:11
    at file:///home/ayush/Desktop/RS-Monolith/agent/node_modules/@radix-ui/react-collection/dist/index.mjs:26:15
    at file:///home/ayush/Desktop/RS-Monolith/agent/node_modules/@radix-ui/react-select/dist/index.mjs:708:13
    at div
    at file:///home/ayush/Desktop/RS-Monolith/agent/node_modules/@radix-ui/react-slot/dist/index.mjs:25:11
    at file:///home/ayush/Desktop/RS-Monolith/agent/node_modules/@radix-ui/react-slot/dist/index.mjs:6:11
    at file:///home/ayush/Desktop/RS-Monolith/agent/node_modules/@radix-ui/react-collection/dist/index.mjs:26:15
    at Provider (file:///home/ayush/Desktop/RS-Monolith/agent/node_modules/@radix-ui/react-context/dist/index.mjs:27:15)
    at file:///home/ayush/Desktop/RS-Monolith/agent/node_modules/@radix-ui/react-select/dist/index.mjs:254:58
    at file:///home/ayush/Desktop/RS-Monolith/agent/node_modules/@radix-ui/react-slot/dist/index.mjs:25:11
    at file:///home/ayush/Desktop/RS-Monolith/agent/node_modules/@radix-ui/react-slot/dist/index.mjs:6:11
    at file:///home/ayush/Desktop/RS-Monolith/agent/node_modules/@radix-ui/react-primitive/dist/index.mjs:26:13
    at file:///home/ayush/Desktop/RS-Monolith/agent/node_modules/@radix-ui/react-portal/dist/index.mjs:11:22
    at SelectPortal
    at /home/ayush/Desktop/RS-Monolith/agent/src/components/ui/select.tsx:106:59
    at Provider (file:///home/ayush/Desktop/RS-Monolith/agent/node_modules/@radix-ui/react-context/dist/index.mjs:27:15)
    at Provider (file:///home/ayush/Desktop/RS-Monolith/agent/node_modules/@radix-ui/react-collection/node_modules/@radix-ui/react-context/dist/index.mjs:27:15)
    at CollectionProvider (file:///home/ayush/Desktop/RS-Monolith/agent/node_modules/@radix-ui/react-collection/dist/index.mjs:17:13)
    at Provider (file:///home/ayush/Desktop/RS-Monolith/agent/node_modules/@radix-ui/react-context/dist/index.mjs:27:15)
    at Provider (file:///home/ayush/Desktop/RS-Monolith/agent/node_modules/@radix-ui/react-popper/node_modules/@radix-ui/react-context/dist/index.mjs:27:15)
    at Popper (file:///home/ayush/Desktop/RS-Monolith/agent/node_modules/@radix-ui/react-popper/dist/index.mjs:30:11)
    at Select (file:///home/ayush/Desktop/RS-Monolith/agent/node_modules/@radix-ui/react-select/dist/index.mjs:42:5)
    at div
    at section
    at div
    at div
    at div
    at file:///home/ayush/Desktop/RS-Monolith/agent/node_modules/@radix-ui/react-primitive/dist/index.mjs:26:13
    at file:///home/ayush/Desktop/RS-Monolith/agent/node_modules/@radix-ui/react-scroll-area/dist/index.mjs:94:13
    at div
    at file:///home/ayush/Desktop/RS-Monolith/agent/node_modules/@radix-ui/react-primitive/dist/index.mjs:26:13
    at Provider (file:///home/ayush/Desktop/RS-Monolith/agent/node_modules/@radix-ui/react-context/dist/index.mjs:27:15)
    at file:///home/ayush/Desktop/RS-Monolith/agent/node_modules/@radix-ui/react-scroll-area/dist/index.mjs:32:7
    at /home/ayush/Desktop/RS-Monolith/agent/src/components/ui/scroll-area.tsx:11:56
    at div
    at file:///home/ayush/Desktop/RS-Monolith/agent/node_modules/@radix-ui/react-primitive/dist/index.mjs:26:13
    at file:///home/ayush/Desktop/RS-Monolith/agent/node_modules/@radix-ui/react-dismissable-layer/dist/index.mjs:24:7
    at file:///home/ayush/Desktop/RS-Monolith/agent/node_modules/@radix-ui/react-slot/dist/index.mjs:25:11
    at file:///home/ayush/Desktop/RS-Monolith/agent/node_modules/@radix-ui/react-slot/dist/index.mjs:6:11
    at file:///home/ayush/Desktop/RS-Monolith/agent/node_modules/@radix-ui/react-primitive/dist/index.mjs:26:13
    at file:///home/ayush/Desktop/RS-Monolith/agent/node_modules/@radix-ui/react-focus-scope/dist/index.mjs:15:5
    at file:///home/ayush/Desktop/RS-Monolith/agent/node_modules/@radix-ui/react-dialog/dist/index.mjs:204:13
    at file:///home/ayush/Desktop/RS-Monolith/agent/node_modules/@radix-ui/react-dialog/dist/index.mjs:130:58
    at Presence (file:///home/ayush/Desktop/RS-Monolith/agent/node_modules/@radix-ui/react-presence/dist/index.mjs:19:11)
    at file:///home/ayush/Desktop/RS-Monolith/agent/node_modules/@radix-ui/react-dialog/dist/index.mjs:121:64
    at file:///home/ayush/Desktop/RS-Monolith/agent/node_modules/@radix-ui/react-slot/dist/index.mjs:25:11
    at file:///home/ayush/Desktop/RS-Monolith/agent/node_modules/@radix-ui/react-slot/dist/index.mjs:6:11
    at file:///home/ayush/Desktop/RS-Monolith/agent/node_modules/@radix-ui/react-primitive/dist/index.mjs:26:13
    at file:///home/ayush/Desktop/RS-Monolith/agent/node_modules/@radix-ui/react-portal/dist/index.mjs:11:22
    at Presence (file:///home/ayush/Desktop/RS-Monolith/agent/node_modules/@radix-ui/react-presence/dist/index.mjs:19:11)
    at Provider (file:///home/ayush/Desktop/RS-Monolith/agent/node_modules/@radix-ui/react-context/dist/index.mjs:27:15)
    at DialogPortal (file:///home/ayush/Desktop/RS-Monolith/agent/node_modules/@radix-ui/react-dialog/dist/index.mjs:84:11)
    at /home/ayush/Desktop/RS-Monolith/agent/src/components/ui/sheet.tsx:63:58
    at Provider (file:///home/ayush/Desktop/RS-Monolith/agent/node_modules/@radix-ui/react-context/dist/index.mjs:27:15)
    at Dialog (file:///home/ayush/Desktop/RS-Monolith/agent/node_modules/@radix-ui/react-dialog/dist/index.mjs:25:5)
    at BookingDetailsSheet (/home/ayush/Desktop/RS-Monolith/agent/src/components/booking/BookingDetailsSheet.tsx:38:32)
Warning: An update to Select inside a test was not wrapped in act(...).

When testing, code that causes React state updates should be wrapped into act(...):

act(() => {
  /* fire events that update state */
});
/* assert on the output */

This ensures that you're testing the behavior the user would see in the browser. Learn more at https://reactjs.org/link/wrap-tests-with-act
    at Select (file:///home/ayush/Desktop/RS-Monolith/agent/node_modules/@radix-ui/react-select/dist/index.mjs:42:5)
    at div
    at section
    at div
    at div
    at div
    at file:///home/ayush/Desktop/RS-Monolith/agent/node_modules/@radix-ui/react-primitive/dist/index.mjs:26:13
    at file:///home/ayush/Desktop/RS-Monolith/agent/node_modules/@radix-ui/react-scroll-area/dist/index.mjs:94:13
    at div
    at file:///home/ayush/Desktop/RS-Monolith/agent/node_modules/@radix-ui/react-primitive/dist/index.mjs:26:13
    at Provider (file:///home/ayush/Desktop/RS-Monolith/agent/node_modules/@radix-ui/react-context/dist/index.mjs:27:15)
    at file:///home/ayush/Desktop/RS-Monolith/agent/node_modules/@radix-ui/react-scroll-area/dist/index.mjs:32:7
    at /home/ayush/Desktop/RS-Monolith/agent/src/components/ui/scroll-area.tsx:11:56
    at div
    at file:///home/ayush/Desktop/RS-Monolith/agent/node_modules/@radix-ui/react-primitive/dist/index.mjs:26:13
    at file:///home/ayush/Desktop/RS-Monolith/agent/node_modules/@radix-ui/react-dismissable-layer/dist/index.mjs:24:7
    at file:///home/ayush/Desktop/RS-Monolith/agent/node_modules/@radix-ui/react-slot/dist/index.mjs:25:11
    at file:///home/ayush/Desktop/RS-Monolith/agent/node_modules/@radix-ui/react-slot/dist/index.mjs:6:11
    at file:///home/ayush/Desktop/RS-Monolith/agent/node_modules/@radix-ui/react-primitive/dist/index.mjs:26:13
    at file:///home/ayush/Desktop/RS-Monolith/agent/node_modules/@radix-ui/react-focus-scope/dist/index.mjs:15:5
    at file:///home/ayush/Desktop/RS-Monolith/agent/node_modules/@radix-ui/react-dialog/dist/index.mjs:204:13
    at file:///home/ayush/Desktop/RS-Monolith/agent/node_modules/@radix-ui/react-dialog/dist/index.mjs:130:58
    at Presence (file:///home/ayush/Desktop/RS-Monolith/agent/node_modules/@radix-ui/react-presence/dist/index.mjs:19:11)
    at file:///home/ayush/Desktop/RS-Monolith/agent/node_modules/@radix-ui/react-dialog/dist/index.mjs:121:64
    at file:///home/ayush/Desktop/RS-Monolith/agent/node_modules/@radix-ui/react-slot/dist/index.mjs:25:11
    at file:///home/ayush/Desktop/RS-Monolith/agent/node_modules/@radix-ui/react-slot/dist/index.mjs:6:11
    at file:///home/ayush/Desktop/RS-Monolith/agent/node_modules/@radix-ui/react-primitive/dist/index.mjs:26:13
    at file:///home/ayush/Desktop/RS-Monolith/agent/node_modules/@radix-ui/react-portal/dist/index.mjs:11:22
    at Presence (file:///home/ayush/Desktop/RS-Monolith/agent/node_modules/@radix-ui/react-presence/dist/index.mjs:19:11)
    at Provider (file:///home/ayush/Desktop/RS-Monolith/agent/node_modules/@radix-ui/react-context/dist/index.mjs:27:15)
    at DialogPortal (file:///home/ayush/Desktop/RS-Monolith/agent/node_modules/@radix-ui/react-dialog/dist/index.mjs:84:11)
    at /home/ayush/Desktop/RS-Monolith/agent/src/components/ui/sheet.tsx:63:58
    at Provider (file:///home/ayush/Desktop/RS-Monolith/agent/node_modules/@radix-ui/react-context/dist/index.mjs:27:15)
    at Dialog (file:///home/ayush/Desktop/RS-Monolith/agent/node_modules/@radix-ui/react-dialog/dist/index.mjs:25:5)
    at BookingDetailsSheet (/home/ayush/Desktop/RS-Monolith/agent/src/components/booking/BookingDetailsSheet.tsx:38:32)
Warning: An update to SelectItem inside a test was not wrapped in act(...).

When testing, code that causes React state updates should be wrapped into act(...):

act(() => {
  /* fire events that update state */
});
/* assert on the output */

This ensures that you're testing the behavior the user would see in the browser. Learn more at https://reactjs.org/link/wrap-tests-with-act
    at file:///home/ayush/Desktop/RS-Monolith/agent/node_modules/@radix-ui/react-select/dist/index.mjs:797:7
    at /home/ayush/Desktop/RS-Monolith/agent/src/components/ui/select.tsx:179:56
    at div
    at file:///home/ayush/Desktop/RS-Monolith/agent/node_modules/@radix-ui/react-primitive/dist/index.mjs:26:13
    at file:///home/ayush/Desktop/RS-Monolith/agent/node_modules/@radix-ui/react-slot/dist/index.mjs:25:11
    at file:///home/ayush/Desktop/RS-Monolith/agent/node_modules/@radix-ui/react-slot/dist/index.mjs:6:11
    at file:///home/ayush/Desktop/RS-Monolith/agent/node_modules/@radix-ui/react-collection/dist/index.mjs:26:15
    at file:///home/ayush/Desktop/RS-Monolith/agent/node_modules/@radix-ui/react-select/dist/index.mjs:708:13
    at div
    at file:///home/ayush/Desktop/RS-Monolith/agent/node_modules/@radix-ui/react-slot/dist/index.mjs:25:11
    at file:///home/ayush/Desktop/RS-Monolith/agent/node_modules/@radix-ui/react-slot/dist/index.mjs:6:11
    at file:///home/ayush/Desktop/RS-Monolith/agent/node_modules/@radix-ui/react-collection/dist/index.mjs:26:15
    at Provider (file:///home/ayush/Desktop/RS-Monolith/agent/node_modules/@radix-ui/react-context/dist/index.mjs:27:15)
    at file:///home/ayush/Desktop/RS-Monolith/agent/node_modules/@radix-ui/react-select/dist/index.mjs:254:58
    at file:///home/ayush/Desktop/RS-Monolith/agent/node_modules/@radix-ui/react-slot/dist/index.mjs:25:11
    at file:///home/ayush/Desktop/RS-Monolith/agent/node_modules/@radix-ui/react-slot/dist/index.mjs:6:11
    at file:///home/ayush/Desktop/RS-Monolith/agent/node_modules/@radix-ui/react-primitive/dist/index.mjs:26:13
    at file:///home/ayush/Desktop/RS-Monolith/agent/node_modules/@radix-ui/react-portal/dist/index.mjs:11:22
    at SelectPortal
    at /home/ayush/Desktop/RS-Monolith/agent/src/components/ui/select.tsx:106:59
    at Provider (file:///home/ayush/Desktop/RS-Monolith/agent/node_modules/@radix-ui/react-context/dist/index.mjs:27:15)
    at Provider (file:///home/ayush/Desktop/RS-Monolith/agent/node_modules/@radix-ui/react-collection/node_modules/@radix-ui/react-context/dist/index.mjs:27:15)
    at CollectionProvider (file:///home/ayush/Desktop/RS-Monolith/agent/node_modules/@radix-ui/react-collection/dist/index.mjs:17:13)
    at Provider (file:///home/ayush/Desktop/RS-Monolith/agent/node_modules/@radix-ui/react-context/dist/index.mjs:27:15)
    at Provider (file:///home/ayush/Desktop/RS-Monolith/agent/node_modules/@radix-ui/react-popper/node_modules/@radix-ui/react-context/dist/index.mjs:27:15)
    at Popper (file:///home/ayush/Desktop/RS-Monolith/agent/node_modules/@radix-ui/react-popper/dist/index.mjs:30:11)
    at Select (file:///home/ayush/Desktop/RS-Monolith/agent/node_modules/@radix-ui/react-select/dist/index.mjs:42:5)
    at div
    at section
    at div
    at div
    at div
    at file:///home/ayush/Desktop/RS-Monolith/agent/node_modules/@radix-ui/react-primitive/dist/index.mjs:26:13
    at file:///home/ayush/Desktop/RS-Monolith/agent/node_modules/@radix-ui/react-scroll-area/dist/index.mjs:94:13
    at div
    at file:///home/ayush/Desktop/RS-Monolith/agent/node_modules/@radix-ui/react-primitive/dist/index.mjs:26:13
    at Provider (file:///home/ayush/Desktop/RS-Monolith/agent/node_modules/@radix-ui/react-context/dist/index.mjs:27:15)
    at file:///home/ayush/Desktop/RS-Monolith/agent/node_modules/@radix-ui/react-scroll-area/dist/index.mjs:32:7
    at /home/ayush/Desktop/RS-Monolith/agent/src/components/ui/scroll-area.tsx:11:56
    at div
    at file:///home/ayush/Desktop/RS-Monolith/agent/node_modules/@radix-ui/react-primitive/dist/index.mjs:26:13
    at file:///home/ayush/Desktop/RS-Monolith/agent/node_modules/@radix-ui/react-dismissable-layer/dist/index.mjs:24:7
    at file:///home/ayush/Desktop/RS-Monolith/agent/node_modules/@radix-ui/react-slot/dist/index.mjs:25:11
    at file:///home/ayush/Desktop/RS-Monolith/agent/node_modules/@radix-ui/react-slot/dist/index.mjs:6:11
    at file:///home/ayush/Desktop/RS-Monolith/agent/node_modules/@radix-ui/react-primitive/dist/index.mjs:26:13
    at file:///home/ayush/Desktop/RS-Monolith/agent/node_modules/@radix-ui/react-focus-scope/dist/index.mjs:15:5
    at file:///home/ayush/Desktop/RS-Monolith/agent/node_modules/@radix-ui/react-dialog/dist/index.mjs:204:13
    at file:///home/ayush/Desktop/RS-Monolith/agent/node_modules/@radix-ui/react-dialog/dist/index.mjs:130:58
    at Presence (file:///home/ayush/Desktop/RS-Monolith/agent/node_modules/@radix-ui/react-presence/dist/index.mjs:19:11)
    at file:///home/ayush/Desktop/RS-Monolith/agent/node_modules/@radix-ui/react-dialog/dist/index.mjs:121:64
    at file:///home/ayush/Desktop/RS-Monolith/agent/node_modules/@radix-ui/react-slot/dist/index.mjs:25:11
    at file:///home/ayush/Desktop/RS-Monolith/agent/node_modules/@radix-ui/react-slot/dist/index.mjs:6:11
    at file:///home/ayush/Desktop/RS-Monolith/agent/node_modules/@radix-ui/react-primitive/dist/index.mjs:26:13
    at file:///home/ayush/Desktop/RS-Monolith/agent/node_modules/@radix-ui/react-portal/dist/index.mjs:11:22
    at Presence (file:///home/ayush/Desktop/RS-Monolith/agent/node_modules/@radix-ui/react-presence/dist/index.mjs:19:11)
    at Provider (file:///home/ayush/Desktop/RS-Monolith/agent/node_modules/@radix-ui/react-context/dist/index.mjs:27:15)
    at DialogPortal (file:///home/ayush/Desktop/RS-Monolith/agent/node_modules/@radix-ui/react-dialog/dist/index.mjs:84:11)
    at /home/ayush/Desktop/RS-Monolith/agent/src/components/ui/sheet.tsx:63:58
    at Provider (file:///home/ayush/Desktop/RS-Monolith/agent/node_modules/@radix-ui/react-context/dist/index.mjs:27:15)
    at Dialog (file:///home/ayush/Desktop/RS-Monolith/agent/node_modules/@radix-ui/react-dialog/dist/index.mjs:25:5)
    at BookingDetailsSheet (/home/ayush/Desktop/RS-Monolith/agent/src/components/booking/BookingDetailsSheet.tsx:38:32)
Warning: An update to SelectItemText inside a test was not wrapped in act(...).

When testing, code that causes React state updates should be wrapped into act(...):

act(() => {
  /* fire events that update state */
});
/* assert on the output */

This ensures that you're testing the behavior the user would see in the browser. Learn more at https://reactjs.org/link/wrap-tests-with-act
    at file:///home/ayush/Desktop/RS-Monolith/agent/node_modules/@radix-ui/react-select/dist/index.mjs:898:13
    at div
    at file:///home/ayush/Desktop/RS-Monolith/agent/node_modules/@radix-ui/react-primitive/dist/index.mjs:26:13
    at file:///home/ayush/Desktop/RS-Monolith/agent/node_modules/@radix-ui/react-slot/dist/index.mjs:25:11
    at file:///home/ayush/Desktop/RS-Monolith/agent/node_modules/@radix-ui/react-slot/dist/index.mjs:6:11
    at file:///home/ayush/Desktop/RS-Monolith/agent/node_modules/@radix-ui/react-collection/dist/index.mjs:37:15
    at Provider (file:///home/ayush/Desktop/RS-Monolith/agent/node_modules/@radix-ui/react-context/dist/index.mjs:27:15)
    at file:///home/ayush/Desktop/RS-Monolith/agent/node_modules/@radix-ui/react-select/dist/index.mjs:797:7
    at /home/ayush/Desktop/RS-Monolith/agent/src/components/ui/select.tsx:179:56
    at div
    at file:///home/ayush/Desktop/RS-Monolith/agent/node_modules/@radix-ui/react-primitive/dist/index.mjs:26:13
    at file:///home/ayush/Desktop/RS-Monolith/agent/node_modules/@radix-ui/react-slot/dist/index.mjs:25:11
    at file:///home/ayush/Desktop/RS-Monolith/agent/node_modules/@radix-ui/react-slot/dist/index.mjs:6:11
    at file:///home/ayush/Desktop/RS-Monolith/agent/node_modules/@radix-ui/react-collection/dist/index.mjs:26:15
    at file:///home/ayush/Desktop/RS-Monolith/agent/node_modules/@radix-ui/react-select/dist/index.mjs:708:13
    at div
    at file:///home/ayush/Desktop/RS-Monolith/agent/node_modules/@radix-ui/react-slot/dist/index.mjs:25:11
    at file:///home/ayush/Desktop/RS-Monolith/agent/node_modules/@radix-ui/react-slot/dist/index.mjs:6:11
    at file:///home/ayush/Desktop/RS-Monolith/agent/node_modules/@radix-ui/react-collection/dist/index.mjs:26:15
    at Provider (file:///home/ayush/Desktop/RS-Monolith/agent/node_modules/@radix-ui/react-context/dist/index.mjs:27:15)
    at file:///home/ayush/Desktop/RS-Monolith/agent/node_modules/@radix-ui/react-select/dist/index.mjs:254:58
    at file:///home/ayush/Desktop/RS-Monolith/agent/node_modules/@radix-ui/react-slot/dist/index.mjs:25:11
    at file:///home/ayush/Desktop/RS-Monolith/agent/node_modules/@radix-ui/react-slot/dist/index.mjs:6:11
    at file:///home/ayush/Desktop/RS-Monolith/agent/node_modules/@radix-ui/react-primitive/dist/index.mjs:26:13
    at file:///home/ayush/Desktop/RS-Monolith/agent/node_modules/@radix-ui/react-portal/dist/index.mjs:11:22
    at SelectPortal
    at /home/ayush/Desktop/RS-Monolith/agent/src/components/ui/select.tsx:106:59
    at Provider (file:///home/ayush/Desktop/RS-Monolith/agent/node_modules/@radix-ui/react-context/dist/index.mjs:27:15)
    at Provider (file:///home/ayush/Desktop/RS-Monolith/agent/node_modules/@radix-ui/react-collection/node_modules/@radix-ui/react-context/dist/index.mjs:27:15)
    at CollectionProvider (file:///home/ayush/Desktop/RS-Monolith/agent/node_modules/@radix-ui/react-collection/dist/index.mjs:17:13)
    at Provider (file:///home/ayush/Desktop/RS-Monolith/agent/node_modules/@radix-ui/react-context/dist/index.mjs:27:15)
    at Provider (file:///home/ayush/Desktop/RS-Monolith/agent/node_modules/@radix-ui/react-popper/node_modules/@radix-ui/react-context/dist/index.mjs:27:15)
    at Popper (file:///home/ayush/Desktop/RS-Monolith/agent/node_modules/@radix-ui/react-popper/dist/index.mjs:30:11)
    at Select (file:///home/ayush/Desktop/RS-Monolith/agent/node_modules/@radix-ui/react-select/dist/index.mjs:42:5)
    at div
    at section
    at div
    at div
    at div
    at file:///home/ayush/Desktop/RS-Monolith/agent/node_modules/@radix-ui/react-primitive/dist/index.mjs:26:13
    at file:///home/ayush/Desktop/RS-Monolith/agent/node_modules/@radix-ui/react-scroll-area/dist/index.mjs:94:13
    at div
    at file:///home/ayush/Desktop/RS-Monolith/agent/node_modules/@radix-ui/react-primitive/dist/index.mjs:26:13
    at Provider (file:///home/ayush/Desktop/RS-Monolith/agent/node_modules/@radix-ui/react-context/dist/index.mjs:27:15)
    at file:///home/ayush/Desktop/RS-Monolith/agent/node_modules/@radix-ui/react-scroll-area/dist/index.mjs:32:7
    at /home/ayush/Desktop/RS-Monolith/agent/src/components/ui/scroll-area.tsx:11:56
    at div
    at file:///home/ayush/Desktop/RS-Monolith/agent/node_modules/@radix-ui/react-primitive/dist/index.mjs:26:13
    at file:///home/ayush/Desktop/RS-Monolith/agent/node_modules/@radix-ui/react-dismissable-layer/dist/index.mjs:24:7
    at file:///home/ayush/Desktop/RS-Monolith/agent/node_modules/@radix-ui/react-slot/dist/index.mjs:25:11
    at file:///home/ayush/Desktop/RS-Monolith/agent/node_modules/@radix-ui/react-slot/dist/index.mjs:6:11
    at file:///home/ayush/Desktop/RS-Monolith/agent/node_modules/@radix-ui/react-primitive/dist/index.mjs:26:13
    at file:///home/ayush/Desktop/RS-Monolith/agent/node_modules/@radix-ui/react-focus-scope/dist/index.mjs:15:5
    at file:///home/ayush/Desktop/RS-Monolith/agent/node_modules/@radix-ui/react-dialog/dist/index.mjs:204:13
    at file:///home/ayush/Desktop/RS-Monolith/agent/node_modules/@radix-ui/react-dialog/dist/index.mjs:130:58
    at Presence (file:///home/ayush/Desktop/RS-Monolith/agent/node_modules/@radix-ui/react-presence/dist/index.mjs:19:11)
    at file:///home/ayush/Desktop/RS-Monolith/agent/node_modules/@radix-ui/react-dialog/dist/index.mjs:121:64
    at file:///home/ayush/Desktop/RS-Monolith/agent/node_modules/@radix-ui/react-slot/dist/index.mjs:25:11
    at file:///home/ayush/Desktop/RS-Monolith/agent/node_modules/@radix-ui/react-slot/dist/index.mjs:6:11
    at file:///home/ayush/Desktop/RS-Monolith/agent/node_modules/@radix-ui/react-primitive/dist/index.mjs:26:13
    at file:///home/ayush/Desktop/RS-Monolith/agent/node_modules/@radix-ui/react-portal/dist/index.mjs:11:22
    at Presence (file:///home/ayush/Desktop/RS-Monolith/agent/node_modules/@radix-ui/react-presence/dist/index.mjs:19:11)
    at Provider (file:///home/ayush/Desktop/RS-Monolith/agent/node_modules/@radix-ui/react-context/dist/index.mjs:27:15)
    at DialogPortal (file:///home/ayush/Desktop/RS-Monolith/agent/node_modules/@radix-ui/react-dialog/dist/index.mjs:84:11)
    at /home/ayush/Desktop/RS-Monolith/agent/src/components/ui/sheet.tsx:63:58
    at Provider (file:///home/ayush/Desktop/RS-Monolith/agent/node_modules/@radix-ui/react-context/dist/index.mjs:27:15)
    at Dialog (file:///home/ayush/Desktop/RS-Monolith/agent/node_modules/@radix-ui/react-dialog/dist/index.mjs:25:5)
    at BookingDetailsSheet (/home/ayush/Desktop/RS-Monolith/agent/src/components/booking/BookingDetailsSheet.tsx:38:32)
Warning: An update to SelectItem inside a test was not wrapped in act(...).

When testing, code that causes React state updates should be wrapped into act(...):

act(() => {
  /* fire events that update state */
});
/* assert on the output */

This ensures that you're testing the behavior the user would see in the browser. Learn more at https://reactjs.org/link/wrap-tests-with-act
    at file:///home/ayush/Desktop/RS-Monolith/agent/node_modules/@radix-ui/react-select/dist/index.mjs:797:7
    at /home/ayush/Desktop/RS-Monolith/agent/src/components/ui/select.tsx:179:56
    at div
    at file:///home/ayush/Desktop/RS-Monolith/agent/node_modules/@radix-ui/react-primitive/dist/index.mjs:26:13
    at file:///home/ayush/Desktop/RS-Monolith/agent/node_modules/@radix-ui/react-slot/dist/index.mjs:25:11
    at file:///home/ayush/Desktop/RS-Monolith/agent/node_modules/@radix-ui/react-slot/dist/index.mjs:6:11
    at file:///home/ayush/Desktop/RS-Monolith/agent/node_modules/@radix-ui/react-collection/dist/index.mjs:26:15
    at file:///home/ayush/Desktop/RS-Monolith/agent/node_modules/@radix-ui/react-select/dist/index.mjs:708:13
    at div
    at file:///home/ayush/Desktop/RS-Monolith/agent/node_modules/@radix-ui/react-slot/dist/index.mjs:25:11
    at file:///home/ayush/Desktop/RS-Monolith/agent/node_modules/@radix-ui/react-slot/dist/index.mjs:6:11
    at file:///home/ayush/Desktop/RS-Monolith/agent/node_modules/@radix-ui/react-collection/dist/index.mjs:26:15
    at Provider (file:///home/ayush/Desktop/RS-Monolith/agent/node_modules/@radix-ui/react-context/dist/index.mjs:27:15)
    at file:///home/ayush/Desktop/RS-Monolith/agent/node_modules/@radix-ui/react-select/dist/index.mjs:254:58
    at file:///home/ayush/Desktop/RS-Monolith/agent/node_modules/@radix-ui/react-slot/dist/index.mjs:25:11
    at file:///home/ayush/Desktop/RS-Monolith/agent/node_modules/@radix-ui/react-slot/dist/index.mjs:6:11
    at file:///home/ayush/Desktop/RS-Monolith/agent/node_modules/@radix-ui/react-primitive/dist/index.mjs:26:13
    at file:///home/ayush/Desktop/RS-Monolith/agent/node_modules/@radix-ui/react-portal/dist/index.mjs:11:22
    at SelectPortal
    at /home/ayush/Desktop/RS-Monolith/agent/src/components/ui/select.tsx:106:59
    at Provider (file:///home/ayush/Desktop/RS-Monolith/agent/node_modules/@radix-ui/react-context/dist/index.mjs:27:15)
    at Provider (file:///home/ayush/Desktop/RS-Monolith/agent/node_modules/@radix-ui/react-collection/node_modules/@radix-ui/react-context/dist/index.mjs:27:15)
    at CollectionProvider (file:///home/ayush/Desktop/RS-Monolith/agent/node_modules/@radix-ui/react-collection/dist/index.mjs:17:13)
    at Provider (file:///home/ayush/Desktop/RS-Monolith/agent/node_modules/@radix-ui/react-context/dist/index.mjs:27:15)
    at Provider (file:///home/ayush/Desktop/RS-Monolith/agent/node_modules/@radix-ui/react-popper/node_modules/@radix-ui/react-context/dist/index.mjs:27:15)
    at Popper (file:///home/ayush/Desktop/RS-Monolith/agent/node_modules/@radix-ui/react-popper/dist/index.mjs:30:11)
    at Select (file:///home/ayush/Desktop/RS-Monolith/agent/node_modules/@radix-ui/react-select/dist/index.mjs:42:5)
    at div
    at section
    at div
    at div
    at div
    at file:///home/ayush/Desktop/RS-Monolith/agent/node_modules/@radix-ui/react-primitive/dist/index.mjs:26:13
    at file:///home/ayush/Desktop/RS-Monolith/agent/node_modules/@radix-ui/react-scroll-area/dist/index.mjs:94:13
    at div
    at file:///home/ayush/Desktop/RS-Monolith/agent/node_modules/@radix-ui/react-primitive/dist/index.mjs:26:13
    at Provider (file:///home/ayush/Desktop/RS-Monolith/agent/node_modules/@radix-ui/react-context/dist/index.mjs:27:15)
    at file:///home/ayush/Desktop/RS-Monolith/agent/node_modules/@radix-ui/react-scroll-area/dist/index.mjs:32:7
    at /home/ayush/Desktop/RS-Monolith/agent/src/components/ui/scroll-area.tsx:11:56
    at div
    at file:///home/ayush/Desktop/RS-Monolith/agent/node_modules/@radix-ui/react-primitive/dist/index.mjs:26:13
    at file:///home/ayush/Desktop/RS-Monolith/agent/node_modules/@radix-ui/react-dismissable-layer/dist/index.mjs:24:7
    at file:///home/ayush/Desktop/RS-Monolith/agent/node_modules/@radix-ui/react-slot/dist/index.mjs:25:11
    at file:///home/ayush/Desktop/RS-Monolith/agent/node_modules/@radix-ui/react-slot/dist/index.mjs:6:11
    at file:///home/ayush/Desktop/RS-Monolith/agent/node_modules/@radix-ui/react-primitive/dist/index.mjs:26:13
    at file:///home/ayush/Desktop/RS-Monolith/agent/node_modules/@radix-ui/react-focus-scope/dist/index.mjs:15:5
    at file:///home/ayush/Desktop/RS-Monolith/agent/node_modules/@radix-ui/react-dialog/dist/index.mjs:204:13
    at file:///home/ayush/Desktop/RS-Monolith/agent/node_modules/@radix-ui/react-dialog/dist/index.mjs:130:58
    at Presence (file:///home/ayush/Desktop/RS-Monolith/agent/node_modules/@radix-ui/react-presence/dist/index.mjs:19:11)
    at file:///home/ayush/Desktop/RS-Monolith/agent/node_modules/@radix-ui/react-dialog/dist/index.mjs:121:64
    at file:///home/ayush/Desktop/RS-Monolith/agent/node_modules/@radix-ui/react-slot/dist/index.mjs:25:11
    at file:///home/ayush/Desktop/RS-Monolith/agent/node_modules/@radix-ui/react-slot/dist/index.mjs:6:11
    at file:///home/ayush/Desktop/RS-Monolith/agent/node_modules/@radix-ui/react-primitive/dist/index.mjs:26:13
    at file:///home/ayush/Desktop/RS-Monolith/agent/node_modules/@radix-ui/react-portal/dist/index.mjs:11:22
    at Presence (file:///home/ayush/Desktop/RS-Monolith/agent/node_modules/@radix-ui/react-presence/dist/index.mjs:19:11)
    at Provider (file:///home/ayush/Desktop/RS-Monolith/agent/node_modules/@radix-ui/react-context/dist/index.mjs:27:15)
    at DialogPortal (file:///home/ayush/Desktop/RS-Monolith/agent/node_modules/@radix-ui/react-dialog/dist/index.mjs:84:11)
    at /home/ayush/Desktop/RS-Monolith/agent/src/components/ui/sheet.tsx:63:58
    at Provider (file:///home/ayush/Desktop/RS-Monolith/agent/node_modules/@radix-ui/react-context/dist/index.mjs:27:15)
    at Dialog (file:///home/ayush/Desktop/RS-Monolith/agent/node_modules/@radix-ui/react-dialog/dist/index.mjs:25:5)
    at BookingDetailsSheet (/home/ayush/Desktop/RS-Monolith/agent/src/components/booking/BookingDetailsSheet.tsx:38:32)
Warning: An update to Select inside a test was not wrapped in act(...).

When testing, code that causes React state updates should be wrapped into act(...):

act(() => {
  /* fire events that update state */
});
/* assert on the output */

This ensures that you're testing the behavior the user would see in the browser. Learn more at https://reactjs.org/link/wrap-tests-with-act
    at Select (file:///home/ayush/Desktop/RS-Monolith/agent/node_modules/@radix-ui/react-select/dist/index.mjs:42:5)
    at div
    at section
    at div
    at div
    at div
    at file:///home/ayush/Desktop/RS-Monolith/agent/node_modules/@radix-ui/react-primitive/dist/index.mjs:26:13
    at file:///home/ayush/Desktop/RS-Monolith/agent/node_modules/@radix-ui/react-scroll-area/dist/index.mjs:94:13
    at div
    at file:///home/ayush/Desktop/RS-Monolith/agent/node_modules/@radix-ui/react-primitive/dist/index.mjs:26:13
    at Provider (file:///home/ayush/Desktop/RS-Monolith/agent/node_modules/@radix-ui/react-context/dist/index.mjs:27:15)
    at file:///home/ayush/Desktop/RS-Monolith/agent/node_modules/@radix-ui/react-scroll-area/dist/index.mjs:32:7
    at /home/ayush/Desktop/RS-Monolith/agent/src/components/ui/scroll-area.tsx:11:56
    at div
    at file:///home/ayush/Desktop/RS-Monolith/agent/node_modules/@radix-ui/react-primitive/dist/index.mjs:26:13
    at file:///home/ayush/Desktop/RS-Monolith/agent/node_modules/@radix-ui/react-dismissable-layer/dist/index.mjs:24:7
    at file:///home/ayush/Desktop/RS-Monolith/agent/node_modules/@radix-ui/react-slot/dist/index.mjs:25:11
    at file:///home/ayush/Desktop/RS-Monolith/agent/node_modules/@radix-ui/react-slot/dist/index.mjs:6:11
    at file:///home/ayush/Desktop/RS-Monolith/agent/node_modules/@radix-ui/react-primitive/dist/index.mjs:26:13
    at file:///home/ayush/Desktop/RS-Monolith/agent/node_modules/@radix-ui/react-focus-scope/dist/index.mjs:15:5
    at file:///home/ayush/Desktop/RS-Monolith/agent/node_modules/@radix-ui/react-dialog/dist/index.mjs:204:13
    at file:///home/ayush/Desktop/RS-Monolith/agent/node_modules/@radix-ui/react-dialog/dist/index.mjs:130:58
    at Presence (file:///home/ayush/Desktop/RS-Monolith/agent/node_modules/@radix-ui/react-presence/dist/index.mjs:19:11)
    at file:///home/ayush/Desktop/RS-Monolith/agent/node_modules/@radix-ui/react-dialog/dist/index.mjs:121:64
    at file:///home/ayush/Desktop/RS-Monolith/agent/node_modules/@radix-ui/react-slot/dist/index.mjs:25:11
    at file:///home/ayush/Desktop/RS-Monolith/agent/node_modules/@radix-ui/react-slot/dist/index.mjs:6:11
    at file:///home/ayush/Desktop/RS-Monolith/agent/node_modules/@radix-ui/react-primitive/dist/index.mjs:26:13
    at file:///home/ayush/Desktop/RS-Monolith/agent/node_modules/@radix-ui/react-portal/dist/index.mjs:11:22
    at Presence (file:///home/ayush/Desktop/RS-Monolith/agent/node_modules/@radix-ui/react-presence/dist/index.mjs:19:11)
    at Provider (file:///home/ayush/Desktop/RS-Monolith/agent/node_modules/@radix-ui/react-context/dist/index.mjs:27:15)
    at DialogPortal (file:///home/ayush/Desktop/RS-Monolith/agent/node_modules/@radix-ui/react-dialog/dist/index.mjs:84:11)
    at /home/ayush/Desktop/RS-Monolith/agent/src/components/ui/sheet.tsx:63:58
    at Provider (file:///home/ayush/Desktop/RS-Monolith/agent/node_modules/@radix-ui/react-context/dist/index.mjs:27:15)
    at Dialog (file:///home/ayush/Desktop/RS-Monolith/agent/node_modules/@radix-ui/react-dialog/dist/index.mjs:25:5)
    at BookingDetailsSheet (/home/ayush/Desktop/RS-Monolith/agent/src/components/booking/BookingDetailsSheet.tsx:38:32)
Warning: An update to SelectItem inside a test was not wrapped in act(...).

When testing, code that causes React state updates should be wrapped into act(...):

act(() => {
  /* fire events that update state */
});
/* assert on the output */

This ensures that you're testing the behavior the user would see in the browser. Learn more at https://reactjs.org/link/wrap-tests-with-act
    at file:///home/ayush/Desktop/RS-Monolith/agent/node_modules/@radix-ui/react-select/dist/index.mjs:797:7
    at /home/ayush/Desktop/RS-Monolith/agent/src/components/ui/select.tsx:179:56
    at div
    at file:///home/ayush/Desktop/RS-Monolith/agent/node_modules/@radix-ui/react-primitive/dist/index.mjs:26:13
    at file:///home/ayush/Desktop/RS-Monolith/agent/node_modules/@radix-ui/react-slot/dist/index.mjs:25:11
    at file:///home/ayush/Desktop/RS-Monolith/agent/node_modules/@radix-ui/react-slot/dist/index.mjs:6:11
    at file:///home/ayush/Desktop/RS-Monolith/agent/node_modules/@radix-ui/react-collection/dist/index.mjs:26:15
    at file:///home/ayush/Desktop/RS-Monolith/agent/node_modules/@radix-ui/react-select/dist/index.mjs:708:13
    at div
    at file:///home/ayush/Desktop/RS-Monolith/agent/node_modules/@radix-ui/react-slot/dist/index.mjs:25:11
    at file:///home/ayush/Desktop/RS-Monolith/agent/node_modules/@radix-ui/react-slot/dist/index.mjs:6:11
    at file:///home/ayush/Desktop/RS-Monolith/agent/node_modules/@radix-ui/react-collection/dist/index.mjs:26:15
    at Provider (file:///home/ayush/Desktop/RS-Monolith/agent/node_modules/@radix-ui/react-context/dist/index.mjs:27:15)
    at file:///home/ayush/Desktop/RS-Monolith/agent/node_modules/@radix-ui/react-select/dist/index.mjs:254:58
    at file:///home/ayush/Desktop/RS-Monolith/agent/node_modules/@radix-ui/react-slot/dist/index.mjs:25:11
    at file:///home/ayush/Desktop/RS-Monolith/agent/node_modules/@radix-ui/react-slot/dist/index.mjs:6:11
    at file:///home/ayush/Desktop/RS-Monolith/agent/node_modules/@radix-ui/react-primitive/dist/index.mjs:26:13
    at file:///home/ayush/Desktop/RS-Monolith/agent/node_modules/@radix-ui/react-portal/dist/index.mjs:11:22
    at SelectPortal
    at /home/ayush/Desktop/RS-Monolith/agent/src/components/ui/select.tsx:106:59
    at Provider (file:///home/ayush/Desktop/RS-Monolith/agent/node_modules/@radix-ui/react-context/dist/index.mjs:27:15)
    at Provider (file:///home/ayush/Desktop/RS-Monolith/agent/node_modules/@radix-ui/react-collection/node_modules/@radix-ui/react-context/dist/index.mjs:27:15)
    at CollectionProvider (file:///home/ayush/Desktop/RS-Monolith/agent/node_modules/@radix-ui/react-collection/dist/index.mjs:17:13)
    at Provider (file:///home/ayush/Desktop/RS-Monolith/agent/node_modules/@radix-ui/react-context/dist/index.mjs:27:15)
    at Provider (file:///home/ayush/Desktop/RS-Monolith/agent/node_modules/@radix-ui/react-popper/node_modules/@radix-ui/react-context/dist/index.mjs:27:15)
    at Popper (file:///home/ayush/Desktop/RS-Monolith/agent/node_modules/@radix-ui/react-popper/dist/index.mjs:30:11)
    at Select (file:///home/ayush/Desktop/RS-Monolith/agent/node_modules/@radix-ui/react-select/dist/index.mjs:42:5)
    at div
    at section
    at div
    at div
    at div
    at file:///home/ayush/Desktop/RS-Monolith/agent/node_modules/@radix-ui/react-primitive/dist/index.mjs:26:13
    at file:///home/ayush/Desktop/RS-Monolith/agent/node_modules/@radix-ui/react-scroll-area/dist/index.mjs:94:13
    at div
    at file:///home/ayush/Desktop/RS-Monolith/agent/node_modules/@radix-ui/react-primitive/dist/index.mjs:26:13
    at Provider (file:///home/ayush/Desktop/RS-Monolith/agent/node_modules/@radix-ui/react-context/dist/index.mjs:27:15)
    at file:///home/ayush/Desktop/RS-Monolith/agent/node_modules/@radix-ui/react-scroll-area/dist/index.mjs:32:7
    at /home/ayush/Desktop/RS-Monolith/agent/src/components/ui/scroll-area.tsx:11:56
    at div
    at file:///home/ayush/Desktop/RS-Monolith/agent/node_modules/@radix-ui/react-primitive/dist/index.mjs:26:13
    at file:///home/ayush/Desktop/RS-Monolith/agent/node_modules/@radix-ui/react-dismissable-layer/dist/index.mjs:24:7
    at file:///home/ayush/Desktop/RS-Monolith/agent/node_modules/@radix-ui/react-slot/dist/index.mjs:25:11
    at file:///home/ayush/Desktop/RS-Monolith/agent/node_modules/@radix-ui/react-slot/dist/index.mjs:6:11
    at file:///home/ayush/Desktop/RS-Monolith/agent/node_modules/@radix-ui/react-primitive/dist/index.mjs:26:13
    at file:///home/ayush/Desktop/RS-Monolith/agent/node_modules/@radix-ui/react-focus-scope/dist/index.mjs:15:5
    at file:///home/ayush/Desktop/RS-Monolith/agent/node_modules/@radix-ui/react-dialog/dist/index.mjs:204:13
    at file:///home/ayush/Desktop/RS-Monolith/agent/node_modules/@radix-ui/react-dialog/dist/index.mjs:130:58
    at Presence (file:///home/ayush/Desktop/RS-Monolith/agent/node_modules/@radix-ui/react-presence/dist/index.mjs:19:11)
    at file:///home/ayush/Desktop/RS-Monolith/agent/node_modules/@radix-ui/react-dialog/dist/index.mjs:121:64
    at file:///home/ayush/Desktop/RS-Monolith/agent/node_modules/@radix-ui/react-slot/dist/index.mjs:25:11
    at file:///home/ayush/Desktop/RS-Monolith/agent/node_modules/@radix-ui/react-slot/dist/index.mjs:6:11
    at file:///home/ayush/Desktop/RS-Monolith/agent/node_modules/@radix-ui/react-primitive/dist/index.mjs:26:13
    at file:///home/ayush/Desktop/RS-Monolith/agent/node_modules/@radix-ui/react-portal/dist/index.mjs:11:22
    at Presence (file:///home/ayush/Desktop/RS-Monolith/agent/node_modules/@radix-ui/react-presence/dist/index.mjs:19:11)
    at Provider (file:///home/ayush/Desktop/RS-Monolith/agent/node_modules/@radix-ui/react-context/dist/index.mjs:27:15)
    at DialogPortal (file:///home/ayush/Desktop/RS-Monolith/agent/node_modules/@radix-ui/react-dialog/dist/index.mjs:84:11)
    at /home/ayush/Desktop/RS-Monolith/agent/src/components/ui/sheet.tsx:63:58
    at Provider (file:///home/ayush/Desktop/RS-Monolith/agent/node_modules/@radix-ui/react-context/dist/index.mjs:27:15)
    at Dialog (file:///home/ayush/Desktop/RS-Monolith/agent/node_modules/@radix-ui/react-dialog/dist/index.mjs:25:5)
    at BookingDetailsSheet (/home/ayush/Desktop/RS-Monolith/agent/src/components/booking/BookingDetailsSheet.tsx:38:32)
Warning: An update to SelectItemText inside a test was not wrapped in act(...).

When testing, code that causes React state updates should be wrapped into act(...):

act(() => {
  /* fire events that update state */
});
/* assert on the output */

This ensures that you're testing the behavior the user would see in the browser. Learn more at https://reactjs.org/link/wrap-tests-with-act
    at file:///home/ayush/Desktop/RS-Monolith/agent/node_modules/@radix-ui/react-select/dist/index.mjs:898:13
    at div
    at file:///home/ayush/Desktop/RS-Monolith/agent/node_modules/@radix-ui/react-primitive/dist/index.mjs:26:13
    at file:///home/ayush/Desktop/RS-Monolith/agent/node_modules/@radix-ui/react-slot/dist/index.mjs:25:11
    at file:///home/ayush/Desktop/RS-Monolith/agent/node_modules/@radix-ui/react-slot/dist/index.mjs:6:11
    at file:///home/ayush/Desktop/RS-Monolith/agent/node_modules/@radix-ui/react-collection/dist/index.mjs:37:15
    at Provider (file:///home/ayush/Desktop/RS-Monolith/agent/node_modules/@radix-ui/react-context/dist/index.mjs:27:15)
    at file:///home/ayush/Desktop/RS-Monolith/agent/node_modules/@radix-ui/react-select/dist/index.mjs:797:7
    at /home/ayush/Desktop/RS-Monolith/agent/src/components/ui/select.tsx:179:56
    at div
    at file:///home/ayush/Desktop/RS-Monolith/agent/node_modules/@radix-ui/react-primitive/dist/index.mjs:26:13
    at file:///home/ayush/Desktop/RS-Monolith/agent/node_modules/@radix-ui/react-slot/dist/index.mjs:25:11
    at file:///home/ayush/Desktop/RS-Monolith/agent/node_modules/@radix-ui/react-slot/dist/index.mjs:6:11
    at file:///home/ayush/Desktop/RS-Monolith/agent/node_modules/@radix-ui/react-collection/dist/index.mjs:26:15
    at file:///home/ayush/Desktop/RS-Monolith/agent/node_modules/@radix-ui/react-select/dist/index.mjs:708:13
    at div
    at file:///home/ayush/Desktop/RS-Monolith/agent/node_modules/@radix-ui/react-slot/dist/index.mjs:25:11
    at file:///home/ayush/Desktop/RS-Monolith/agent/node_modules/@radix-ui/react-slot/dist/index.mjs:6:11
    at file:///home/ayush/Desktop/RS-Monolith/agent/node_modules/@radix-ui/react-collection/dist/index.mjs:26:15
    at Provider (file:///home/ayush/Desktop/RS-Monolith/agent/node_modules/@radix-ui/react-context/dist/index.mjs:27:15)
    at file:///home/ayush/Desktop/RS-Monolith/agent/node_modules/@radix-ui/react-select/dist/index.mjs:254:58
    at file:///home/ayush/Desktop/RS-Monolith/agent/node_modules/@radix-ui/react-slot/dist/index.mjs:25:11
    at file:///home/ayush/Desktop/RS-Monolith/agent/node_modules/@radix-ui/react-slot/dist/index.mjs:6:11
    at file:///home/ayush/Desktop/RS-Monolith/agent/node_modules/@radix-ui/react-primitive/dist/index.mjs:26:13
    at file:///home/ayush/Desktop/RS-Monolith/agent/node_modules/@radix-ui/react-portal/dist/index.mjs:11:22
    at SelectPortal
    at /home/ayush/Desktop/RS-Monolith/agent/src/components/ui/select.tsx:106:59
    at Provider (file:///home/ayush/Desktop/RS-Monolith/agent/node_modules/@radix-ui/react-context/dist/index.mjs:27:15)
    at Provider (file:///home/ayush/Desktop/RS-Monolith/agent/node_modules/@radix-ui/react-collection/node_modules/@radix-ui/react-context/dist/index.mjs:27:15)
    at CollectionProvider (file:///home/ayush/Desktop/RS-Monolith/agent/node_modules/@radix-ui/react-collection/dist/index.mjs:17:13)
    at Provider (file:///home/ayush/Desktop/RS-Monolith/agent/node_modules/@radix-ui/react-context/dist/index.mjs:27:15)
    at Provider (file:///home/ayush/Desktop/RS-Monolith/agent/node_modules/@radix-ui/react-popper/node_modules/@radix-ui/react-context/dist/index.mjs:27:15)
    at Popper (file:///home/ayush/Desktop/RS-Monolith/agent/node_modules/@radix-ui/react-popper/dist/index.mjs:30:11)
    at Select (file:///home/ayush/Desktop/RS-Monolith/agent/node_modules/@radix-ui/react-select/dist/index.mjs:42:5)
    at div
    at section
    at div
    at div
    at div
    at file:///home/ayush/Desktop/RS-Monolith/agent/node_modules/@radix-ui/react-primitive/dist/index.mjs:26:13
    at file:///home/ayush/Desktop/RS-Monolith/agent/node_modules/@radix-ui/react-scroll-area/dist/index.mjs:94:13
    at div
    at file:///home/ayush/Desktop/RS-Monolith/agent/node_modules/@radix-ui/react-primitive/dist/index.mjs:26:13
    at Provider (file:///home/ayush/Desktop/RS-Monolith/agent/node_modules/@radix-ui/react-context/dist/index.mjs:27:15)
    at file:///home/ayush/Desktop/RS-Monolith/agent/node_modules/@radix-ui/react-scroll-area/dist/index.mjs:32:7
    at /home/ayush/Desktop/RS-Monolith/agent/src/components/ui/scroll-area.tsx:11:56
    at div
    at file:///home/ayush/Desktop/RS-Monolith/agent/node_modules/@radix-ui/react-primitive/dist/index.mjs:26:13
    at file:///home/ayush/Desktop/RS-Monolith/agent/node_modules/@radix-ui/react-dismissable-layer/dist/index.mjs:24:7
    at file:///home/ayush/Desktop/RS-Monolith/agent/node_modules/@radix-ui/react-slot/dist/index.mjs:25:11
    at file:///home/ayush/Desktop/RS-Monolith/agent/node_modules/@radix-ui/react-slot/dist/index.mjs:6:11
    at file:///home/ayush/Desktop/RS-Monolith/agent/node_modules/@radix-ui/react-primitive/dist/index.mjs:26:13
    at file:///home/ayush/Desktop/RS-Monolith/agent/node_modules/@radix-ui/react-focus-scope/dist/index.mjs:15:5
    at file:///home/ayush/Desktop/RS-Monolith/agent/node_modules/@radix-ui/react-dialog/dist/index.mjs:204:13
    at file:///home/ayush/Desktop/RS-Monolith/agent/node_modules/@radix-ui/react-dialog/dist/index.mjs:130:58
    at Presence (file:///home/ayush/Desktop/RS-Monolith/agent/node_modules/@radix-ui/react-presence/dist/index.mjs:19:11)
    at file:///home/ayush/Desktop/RS-Monolith/agent/node_modules/@radix-ui/react-dialog/dist/index.mjs:121:64
    at file:///home/ayush/Desktop/RS-Monolith/agent/node_modules/@radix-ui/react-slot/dist/index.mjs:25:11
    at file:///home/ayush/Desktop/RS-Monolith/agent/node_modules/@radix-ui/react-slot/dist/index.mjs:6:11
    at file:///home/ayush/Desktop/RS-Monolith/agent/node_modules/@radix-ui/react-primitive/dist/index.mjs:26:13
    at file:///home/ayush/Desktop/RS-Monolith/agent/node_modules/@radix-ui/react-portal/dist/index.mjs:11:22
    at Presence (file:///home/ayush/Desktop/RS-Monolith/agent/node_modules/@radix-ui/react-presence/dist/index.mjs:19:11)
    at Provider (file:///home/ayush/Desktop/RS-Monolith/agent/node_modules/@radix-ui/react-context/dist/index.mjs:27:15)
    at DialogPortal (file:///home/ayush/Desktop/RS-Monolith/agent/node_modules/@radix-ui/react-dialog/dist/index.mjs:84:11)
    at /home/ayush/Desktop/RS-Monolith/agent/src/components/ui/sheet.tsx:63:58
    at Provider (file:///home/ayush/Desktop/RS-Monolith/agent/node_modules/@radix-ui/react-context/dist/index.mjs:27:15)
    at Dialog (file:///home/ayush/Desktop/RS-Monolith/agent/node_modules/@radix-ui/react-dialog/dist/index.mjs:25:5)
    at BookingDetailsSheet (/home/ayush/Desktop/RS-Monolith/agent/src/components/booking/BookingDetailsSheet.tsx:38:32)
Warning: An update to SelectItem inside a test was not wrapped in act(...).

When testing, code that causes React state updates should be wrapped into act(...):

act(() => {
  /* fire events that update state */
});
/* assert on the output */

This ensures that you're testing the behavior the user would see in the browser. Learn more at https://reactjs.org/link/wrap-tests-with-act
    at file:///home/ayush/Desktop/RS-Monolith/agent/node_modules/@radix-ui/react-select/dist/index.mjs:797:7
    at /home/ayush/Desktop/RS-Monolith/agent/src/components/ui/select.tsx:179:56
    at div
    at file:///home/ayush/Desktop/RS-Monolith/agent/node_modules/@radix-ui/react-primitive/dist/index.mjs:26:13
    at file:///home/ayush/Desktop/RS-Monolith/agent/node_modules/@radix-ui/react-slot/dist/index.mjs:25:11
    at file:///home/ayush/Desktop/RS-Monolith/agent/node_modules/@radix-ui/react-slot/dist/index.mjs:6:11
    at file:///home/ayush/Desktop/RS-Monolith/agent/node_modules/@radix-ui/react-collection/dist/index.mjs:26:15
    at file:///home/ayush/Desktop/RS-Monolith/agent/node_modules/@radix-ui/react-select/dist/index.mjs:708:13
    at div
    at file:///home/ayush/Desktop/RS-Monolith/agent/node_modules/@radix-ui/react-slot/dist/index.mjs:25:11
    at file:///home/ayush/Desktop/RS-Monolith/agent/node_modules/@radix-ui/react-slot/dist/index.mjs:6:11
    at file:///home/ayush/Desktop/RS-Monolith/agent/node_modules/@radix-ui/react-collection/dist/index.mjs:26:15
    at Provider (file:///home/ayush/Desktop/RS-Monolith/agent/node_modules/@radix-ui/react-context/dist/index.mjs:27:15)
    at file:///home/ayush/Desktop/RS-Monolith/agent/node_modules/@radix-ui/react-select/dist/index.mjs:254:58
    at file:///home/ayush/Desktop/RS-Monolith/agent/node_modules/@radix-ui/react-slot/dist/index.mjs:25:11
    at file:///home/ayush/Desktop/RS-Monolith/agent/node_modules/@radix-ui/react-slot/dist/index.mjs:6:11
    at file:///home/ayush/Desktop/RS-Monolith/agent/node_modules/@radix-ui/react-primitive/dist/index.mjs:26:13
    at file:///home/ayush/Desktop/RS-Monolith/agent/node_modules/@radix-ui/react-portal/dist/index.mjs:11:22
    at SelectPortal
    at /home/ayush/Desktop/RS-Monolith/agent/src/components/ui/select.tsx:106:59
    at Provider (file:///home/ayush/Desktop/RS-Monolith/agent/node_modules/@radix-ui/react-context/dist/index.mjs:27:15)
    at Provider (file:///home/ayush/Desktop/RS-Monolith/agent/node_modules/@radix-ui/react-collection/node_modules/@radix-ui/react-context/dist/index.mjs:27:15)
    at CollectionProvider (file:///home/ayush/Desktop/RS-Monolith/agent/node_modules/@radix-ui/react-collection/dist/index.mjs:17:13)
    at Provider (file:///home/ayush/Desktop/RS-Monolith/agent/node_modules/@radix-ui/react-context/dist/index.mjs:27:15)
    at Provider (file:///home/ayush/Desktop/RS-Monolith/agent/node_modules/@radix-ui/react-popper/node_modules/@radix-ui/react-context/dist/index.mjs:27:15)
    at Popper (file:///home/ayush/Desktop/RS-Monolith/agent/node_modules/@radix-ui/react-popper/dist/index.mjs:30:11)
    at Select (file:///home/ayush/Desktop/RS-Monolith/agent/node_modules/@radix-ui/react-select/dist/index.mjs:42:5)
    at div
    at section
    at div
    at div
    at div
    at file:///home/ayush/Desktop/RS-Monolith/agent/node_modules/@radix-ui/react-primitive/dist/index.mjs:26:13
    at file:///home/ayush/Desktop/RS-Monolith/agent/node_modules/@radix-ui/react-scroll-area/dist/index.mjs:94:13
    at div
    at file:///home/ayush/Desktop/RS-Monolith/agent/node_modules/@radix-ui/react-primitive/dist/index.mjs:26:13
    at Provider (file:///home/ayush/Desktop/RS-Monolith/agent/node_modules/@radix-ui/react-context/dist/index.mjs:27:15)
    at file:///home/ayush/Desktop/RS-Monolith/agent/node_modules/@radix-ui/react-scroll-area/dist/index.mjs:32:7
    at /home/ayush/Desktop/RS-Monolith/agent/src/components/ui/scroll-area.tsx:11:56
    at div
    at file:///home/ayush/Desktop/RS-Monolith/agent/node_modules/@radix-ui/react-primitive/dist/index.mjs:26:13
    at file:///home/ayush/Desktop/RS-Monolith/agent/node_modules/@radix-ui/react-dismissable-layer/dist/index.mjs:24:7
    at file:///home/ayush/Desktop/RS-Monolith/agent/node_modules/@radix-ui/react-slot/dist/index.mjs:25:11
    at file:///home/ayush/Desktop/RS-Monolith/agent/node_modules/@radix-ui/react-slot/dist/index.mjs:6:11
    at file:///home/ayush/Desktop/RS-Monolith/agent/node_modules/@radix-ui/react-primitive/dist/index.mjs:26:13
    at file:///home/ayush/Desktop/RS-Monolith/agent/node_modules/@radix-ui/react-focus-scope/dist/index.mjs:15:5
    at file:///home/ayush/Desktop/RS-Monolith/agent/node_modules/@radix-ui/react-dialog/dist/index.mjs:204:13
    at file:///home/ayush/Desktop/RS-Monolith/agent/node_modules/@radix-ui/react-dialog/dist/index.mjs:130:58
    at Presence (file:///home/ayush/Desktop/RS-Monolith/agent/node_modules/@radix-ui/react-presence/dist/index.mjs:19:11)
    at file:///home/ayush/Desktop/RS-Monolith/agent/node_modules/@radix-ui/react-dialog/dist/index.mjs:121:64
    at file:///home/ayush/Desktop/RS-Monolith/agent/node_modules/@radix-ui/react-slot/dist/index.mjs:25:11
    at file:///home/ayush/Desktop/RS-Monolith/agent/node_modules/@radix-ui/react-slot/dist/index.mjs:6:11
    at file:///home/ayush/Desktop/RS-Monolith/agent/node_modules/@radix-ui/react-primitive/dist/index.mjs:26:13
    at file:///home/ayush/Desktop/RS-Monolith/agent/node_modules/@radix-ui/react-portal/dist/index.mjs:11:22
    at Presence (file:///home/ayush/Desktop/RS-Monolith/agent/node_modules/@radix-ui/react-presence/dist/index.mjs:19:11)
    at Provider (file:///home/ayush/Desktop/RS-Monolith/agent/node_modules/@radix-ui/react-context/dist/index.mjs:27:15)
    at DialogPortal (file:///home/ayush/Desktop/RS-Monolith/agent/node_modules/@radix-ui/react-dialog/dist/index.mjs:84:11)
    at /home/ayush/Desktop/RS-Monolith/agent/src/components/ui/sheet.tsx:63:58
    at Provider (file:///home/ayush/Desktop/RS-Monolith/agent/node_modules/@radix-ui/react-context/dist/index.mjs:27:15)
    at Dialog (file:///home/ayush/Desktop/RS-Monolith/agent/node_modules/@radix-ui/react-dialog/dist/index.mjs:25:5)
    at BookingDetailsSheet (/home/ayush/Desktop/RS-Monolith/agent/src/components/booking/BookingDetailsSheet.tsx:38:32)
Warning: An update to Select inside a test was not wrapped in act(...).

When testing, code that causes React state updates should be wrapped into act(...):

act(() => {
  /* fire events that update state */
});
/* assert on the output */

This ensures that you're testing the behavior the user would see in the browser. Learn more at https://reactjs.org/link/wrap-tests-with-act
    at Select (file:///home/ayush/Desktop/RS-Monolith/agent/node_modules/@radix-ui/react-select/dist/index.mjs:42:5)
    at div
    at section
    at div
    at div
    at div
    at file:///home/ayush/Desktop/RS-Monolith/agent/node_modules/@radix-ui/react-primitive/dist/index.mjs:26:13
    at file:///home/ayush/Desktop/RS-Monolith/agent/node_modules/@radix-ui/react-scroll-area/dist/index.mjs:94:13
    at div
    at file:///home/ayush/Desktop/RS-Monolith/agent/node_modules/@radix-ui/react-primitive/dist/index.mjs:26:13
    at Provider (file:///home/ayush/Desktop/RS-Monolith/agent/node_modules/@radix-ui/react-context/dist/index.mjs:27:15)
    at file:///home/ayush/Desktop/RS-Monolith/agent/node_modules/@radix-ui/react-scroll-area/dist/index.mjs:32:7
    at /home/ayush/Desktop/RS-Monolith/agent/src/components/ui/scroll-area.tsx:11:56
    at div
    at file:///home/ayush/Desktop/RS-Monolith/agent/node_modules/@radix-ui/react-primitive/dist/index.mjs:26:13
    at file:///home/ayush/Desktop/RS-Monolith/agent/node_modules/@radix-ui/react-dismissable-layer/dist/index.mjs:24:7
    at file:///home/ayush/Desktop/RS-Monolith/agent/node_modules/@radix-ui/react-slot/dist/index.mjs:25:11
    at file:///home/ayush/Desktop/RS-Monolith/agent/node_modules/@radix-ui/react-slot/dist/index.mjs:6:11
    at file:///home/ayush/Desktop/RS-Monolith/agent/node_modules/@radix-ui/react-primitive/dist/index.mjs:26:13
    at file:///home/ayush/Desktop/RS-Monolith/agent/node_modules/@radix-ui/react-focus-scope/dist/index.mjs:15:5
    at file:///home/ayush/Desktop/RS-Monolith/agent/node_modules/@radix-ui/react-dialog/dist/index.mjs:204:13
    at file:///home/ayush/Desktop/RS-Monolith/agent/node_modules/@radix-ui/react-dialog/dist/index.mjs:130:58
    at Presence (file:///home/ayush/Desktop/RS-Monolith/agent/node_modules/@radix-ui/react-presence/dist/index.mjs:19:11)
    at file:///home/ayush/Desktop/RS-Monolith/agent/node_modules/@radix-ui/react-dialog/dist/index.mjs:121:64
    at file:///home/ayush/Desktop/RS-Monolith/agent/node_modules/@radix-ui/react-slot/dist/index.mjs:25:11
    at file:///home/ayush/Desktop/RS-Monolith/agent/node_modules/@radix-ui/react-slot/dist/index.mjs:6:11
    at file:///home/ayush/Desktop/RS-Monolith/agent/node_modules/@radix-ui/react-primitive/dist/index.mjs:26:13
    at file:///home/ayush/Desktop/RS-Monolith/agent/node_modules/@radix-ui/react-portal/dist/index.mjs:11:22
    at Presence (file:///home/ayush/Desktop/RS-Monolith/agent/node_modules/@radix-ui/react-presence/dist/index.mjs:19:11)
    at Provider (file:///home/ayush/Desktop/RS-Monolith/agent/node_modules/@radix-ui/react-context/dist/index.mjs:27:15)
    at DialogPortal (file:///home/ayush/Desktop/RS-Monolith/agent/node_modules/@radix-ui/react-dialog/dist/index.mjs:84:11)
    at /home/ayush/Desktop/RS-Monolith/agent/src/components/ui/sheet.tsx:63:58
    at Provider (file:///home/ayush/Desktop/RS-Monolith/agent/node_modules/@radix-ui/react-context/dist/index.mjs:27:15)
    at Dialog (file:///home/ayush/Desktop/RS-Monolith/agent/node_modules/@radix-ui/react-dialog/dist/index.mjs:25:5)
    at BookingDetailsSheet (/home/ayush/Desktop/RS-Monolith/agent/src/components/booking/BookingDetailsSheet.tsx:38:32)
Warning: An update to SelectItem inside a test was not wrapped in act(...).

When testing, code that causes React state updates should be wrapped into act(...):

act(() => {
  /* fire events that update state */
});
/* assert on the output */

This ensures that you're testing the behavior the user would see in the browser. Learn more at https://reactjs.org/link/wrap-tests-with-act
    at file:///home/ayush/Desktop/RS-Monolith/agent/node_modules/@radix-ui/react-select/dist/index.mjs:797:7
    at /home/ayush/Desktop/RS-Monolith/agent/src/components/ui/select.tsx:179:56
    at div
    at file:///home/ayush/Desktop/RS-Monolith/agent/node_modules/@radix-ui/react-primitive/dist/index.mjs:26:13
    at file:///home/ayush/Desktop/RS-Monolith/agent/node_modules/@radix-ui/react-slot/dist/index.mjs:25:11
    at file:///home/ayush/Desktop/RS-Monolith/agent/node_modules/@radix-ui/react-slot/dist/index.mjs:6:11
    at file:///home/ayush/Desktop/RS-Monolith/agent/node_modules/@radix-ui/react-collection/dist/index.mjs:26:15
    at file:///home/ayush/Desktop/RS-Monolith/agent/node_modules/@radix-ui/react-select/dist/index.mjs:708:13
    at div
    at file:///home/ayush/Desktop/RS-Monolith/agent/node_modules/@radix-ui/react-slot/dist/index.mjs:25:11
    at file:///home/ayush/Desktop/RS-Monolith/agent/node_modules/@radix-ui/react-slot/dist/index.mjs:6:11
    at file:///home/ayush/Desktop/RS-Monolith/agent/node_modules/@radix-ui/react-collection/dist/index.mjs:26:15
    at Provider (file:///home/ayush/Desktop/RS-Monolith/agent/node_modules/@radix-ui/react-context/dist/index.mjs:27:15)
    at file:///home/ayush/Desktop/RS-Monolith/agent/node_modules/@radix-ui/react-select/dist/index.mjs:254:58
    at file:///home/ayush/Desktop/RS-Monolith/agent/node_modules/@radix-ui/react-slot/dist/index.mjs:25:11
    at file:///home/ayush/Desktop/RS-Monolith/agent/node_modules/@radix-ui/react-slot/dist/index.mjs:6:11
    at file:///home/ayush/Desktop/RS-Monolith/agent/node_modules/@radix-ui/react-primitive/dist/index.mjs:26:13
    at file:///home/ayush/Desktop/RS-Monolith/agent/node_modules/@radix-ui/react-portal/dist/index.mjs:11:22
    at SelectPortal
    at /home/ayush/Desktop/RS-Monolith/agent/src/components/ui/select.tsx:106:59
    at Provider (file:///home/ayush/Desktop/RS-Monolith/agent/node_modules/@radix-ui/react-context/dist/index.mjs:27:15)
    at Provider (file:///home/ayush/Desktop/RS-Monolith/agent/node_modules/@radix-ui/react-collection/node_modules/@radix-ui/react-context/dist/index.mjs:27:15)
    at CollectionProvider (file:///home/ayush/Desktop/RS-Monolith/agent/node_modules/@radix-ui/react-collection/dist/index.mjs:17:13)
    at Provider (file:///home/ayush/Desktop/RS-Monolith/agent/node_modules/@radix-ui/react-context/dist/index.mjs:27:15)
    at Provider (file:///home/ayush/Desktop/RS-Monolith/agent/node_modules/@radix-ui/react-popper/node_modules/@radix-ui/react-context/dist/index.mjs:27:15)
    at Popper (file:///home/ayush/Desktop/RS-Monolith/agent/node_modules/@radix-ui/react-popper/dist/index.mjs:30:11)
    at Select (file:///home/ayush/Desktop/RS-Monolith/agent/node_modules/@radix-ui/react-select/dist/index.mjs:42:5)
    at div
    at section
    at div
    at div
    at div
    at file:///home/ayush/Desktop/RS-Monolith/agent/node_modules/@radix-ui/react-primitive/dist/index.mjs:26:13
    at file:///home/ayush/Desktop/RS-Monolith/agent/node_modules/@radix-ui/react-scroll-area/dist/index.mjs:94:13
    at div
    at file:///home/ayush/Desktop/RS-Monolith/agent/node_modules/@radix-ui/react-primitive/dist/index.mjs:26:13
    at Provider (file:///home/ayush/Desktop/RS-Monolith/agent/node_modules/@radix-ui/react-context/dist/index.mjs:27:15)
    at file:///home/ayush/Desktop/RS-Monolith/agent/node_modules/@radix-ui/react-scroll-area/dist/index.mjs:32:7
    at /home/ayush/Desktop/RS-Monolith/agent/src/components/ui/scroll-area.tsx:11:56
    at div
    at file:///home/ayush/Desktop/RS-Monolith/agent/node_modules/@radix-ui/react-primitive/dist/index.mjs:26:13
    at file:///home/ayush/Desktop/RS-Monolith/agent/node_modules/@radix-ui/react-dismissable-layer/dist/index.mjs:24:7
    at file:///home/ayush/Desktop/RS-Monolith/agent/node_modules/@radix-ui/react-slot/dist/index.mjs:25:11
    at file:///home/ayush/Desktop/RS-Monolith/agent/node_modules/@radix-ui/react-slot/dist/index.mjs:6:11
    at file:///home/ayush/Desktop/RS-Monolith/agent/node_modules/@radix-ui/react-primitive/dist/index.mjs:26:13
    at file:///home/ayush/Desktop/RS-Monolith/agent/node_modules/@radix-ui/react-focus-scope/dist/index.mjs:15:5
    at file:///home/ayush/Desktop/RS-Monolith/agent/node_modules/@radix-ui/react-dialog/dist/index.mjs:204:13
    at file:///home/ayush/Desktop/RS-Monolith/agent/node_modules/@radix-ui/react-dialog/dist/index.mjs:130:58
    at Presence (file:///home/ayush/Desktop/RS-Monolith/agent/node_modules/@radix-ui/react-presence/dist/index.mjs:19:11)
    at file:///home/ayush/Desktop/RS-Monolith/agent/node_modules/@radix-ui/react-dialog/dist/index.mjs:121:64
    at file:///home/ayush/Desktop/RS-Monolith/agent/node_modules/@radix-ui/react-slot/dist/index.mjs:25:11
    at file:///home/ayush/Desktop/RS-Monolith/agent/node_modules/@radix-ui/react-slot/dist/index.mjs:6:11
    at file:///home/ayush/Desktop/RS-Monolith/agent/node_modules/@radix-ui/react-primitive/dist/index.mjs:26:13
    at file:///home/ayush/Desktop/RS-Monolith/agent/node_modules/@radix-ui/react-portal/dist/index.mjs:11:22
    at Presence (file:///home/ayush/Desktop/RS-Monolith/agent/node_modules/@radix-ui/react-presence/dist/index.mjs:19:11)
    at Provider (file:///home/ayush/Desktop/RS-Monolith/agent/node_modules/@radix-ui/react-context/dist/index.mjs:27:15)
    at DialogPortal (file:///home/ayush/Desktop/RS-Monolith/agent/node_modules/@radix-ui/react-dialog/dist/index.mjs:84:11)
    at /home/ayush/Desktop/RS-Monolith/agent/src/components/ui/sheet.tsx:63:58
    at Provider (file:///home/ayush/Desktop/RS-Monolith/agent/node_modules/@radix-ui/react-context/dist/index.mjs:27:15)
    at Dialog (file:///home/ayush/Desktop/RS-Monolith/agent/node_modules/@radix-ui/react-dialog/dist/index.mjs:25:5)
    at BookingDetailsSheet (/home/ayush/Desktop/RS-Monolith/agent/src/components/booking/BookingDetailsSheet.tsx:38:32)
Warning: An update to SelectItemText inside a test was not wrapped in act(...).

When testing, code that causes React state updates should be wrapped into act(...):

act(() => {
  /* fire events that update state */
});
/* assert on the output */

This ensures that you're testing the behavior the user would see in the browser. Learn more at https://reactjs.org/link/wrap-tests-with-act
    at file:///home/ayush/Desktop/RS-Monolith/agent/node_modules/@radix-ui/react-select/dist/index.mjs:898:13
    at div
    at file:///home/ayush/Desktop/RS-Monolith/agent/node_modules/@radix-ui/react-primitive/dist/index.mjs:26:13
    at file:///home/ayush/Desktop/RS-Monolith/agent/node_modules/@radix-ui/react-slot/dist/index.mjs:25:11
    at file:///home/ayush/Desktop/RS-Monolith/agent/node_modules/@radix-ui/react-slot/dist/index.mjs:6:11
    at file:///home/ayush/Desktop/RS-Monolith/agent/node_modules/@radix-ui/react-collection/dist/index.mjs:37:15
    at Provider (file:///home/ayush/Desktop/RS-Monolith/agent/node_modules/@radix-ui/react-context/dist/index.mjs:27:15)
    at file:///home/ayush/Desktop/RS-Monolith/agent/node_modules/@radix-ui/react-select/dist/index.mjs:797:7
    at /home/ayush/Desktop/RS-Monolith/agent/src/components/ui/select.tsx:179:56
    at div
    at file:///home/ayush/Desktop/RS-Monolith/agent/node_modules/@radix-ui/react-primitive/dist/index.mjs:26:13
    at file:///home/ayush/Desktop/RS-Monolith/agent/node_modules/@radix-ui/react-slot/dist/index.mjs:25:11
    at file:///home/ayush/Desktop/RS-Monolith/agent/node_modules/@radix-ui/react-slot/dist/index.mjs:6:11
    at file:///home/ayush/Desktop/RS-Monolith/agent/node_modules/@radix-ui/react-collection/dist/index.mjs:26:15
    at file:///home/ayush/Desktop/RS-Monolith/agent/node_modules/@radix-ui/react-select/dist/index.mjs:708:13
    at div
    at file:///home/ayush/Desktop/RS-Monolith/agent/node_modules/@radix-ui/react-slot/dist/index.mjs:25:11
    at file:///home/ayush/Desktop/RS-Monolith/agent/node_modules/@radix-ui/react-slot/dist/index.mjs:6:11
    at file:///home/ayush/Desktop/RS-Monolith/agent/node_modules/@radix-ui/react-collection/dist/index.mjs:26:15
    at Provider (file:///home/ayush/Desktop/RS-Monolith/agent/node_modules/@radix-ui/react-context/dist/index.mjs:27:15)
    at file:///home/ayush/Desktop/RS-Monolith/agent/node_modules/@radix-ui/react-select/dist/index.mjs:254:58
    at file:///home/ayush/Desktop/RS-Monolith/agent/node_modules/@radix-ui/react-slot/dist/index.mjs:25:11
    at file:///home/ayush/Desktop/RS-Monolith/agent/node_modules/@radix-ui/react-slot/dist/index.mjs:6:11
    at file:///home/ayush/Desktop/RS-Monolith/agent/node_modules/@radix-ui/react-primitive/dist/index.mjs:26:13
    at file:///home/ayush/Desktop/RS-Monolith/agent/node_modules/@radix-ui/react-portal/dist/index.mjs:11:22
    at SelectPortal
    at /home/ayush/Desktop/RS-Monolith/agent/src/components/ui/select.tsx:106:59
    at Provider (file:///home/ayush/Desktop/RS-Monolith/agent/node_modules/@radix-ui/react-context/dist/index.mjs:27:15)
    at Provider (file:///home/ayush/Desktop/RS-Monolith/agent/node_modules/@radix-ui/react-collection/node_modules/@radix-ui/react-context/dist/index.mjs:27:15)
    at CollectionProvider (file:///home/ayush/Desktop/RS-Monolith/agent/node_modules/@radix-ui/react-collection/dist/index.mjs:17:13)
    at Provider (file:///home/ayush/Desktop/RS-Monolith/agent/node_modules/@radix-ui/react-context/dist/index.mjs:27:15)
    at Provider (file:///home/ayush/Desktop/RS-Monolith/agent/node_modules/@radix-ui/react-popper/node_modules/@radix-ui/react-context/dist/index.mjs:27:15)
    at Popper (file:///home/ayush/Desktop/RS-Monolith/agent/node_modules/@radix-ui/react-popper/dist/index.mjs:30:11)
    at Select (file:///home/ayush/Desktop/RS-Monolith/agent/node_modules/@radix-ui/react-select/dist/index.mjs:42:5)
    at div
    at section
    at div
    at div
    at div
    at file:///home/ayush/Desktop/RS-Monolith/agent/node_modules/@radix-ui/react-primitive/dist/index.mjs:26:13
    at file:///home/ayush/Desktop/RS-Monolith/agent/node_modules/@radix-ui/react-scroll-area/dist/index.mjs:94:13
    at div
    at file:///home/ayush/Desktop/RS-Monolith/agent/node_modules/@radix-ui/react-primitive/dist/index.mjs:26:13
    at Provider (file:///home/ayush/Desktop/RS-Monolith/agent/node_modules/@radix-ui/react-context/dist/index.mjs:27:15)
    at file:///home/ayush/Desktop/RS-Monolith/agent/node_modules/@radix-ui/react-scroll-area/dist/index.mjs:32:7
    at /home/ayush/Desktop/RS-Monolith/agent/src/components/ui/scroll-area.tsx:11:56
    at div
    at file:///home/ayush/Desktop/RS-Monolith/agent/node_modules/@radix-ui/react-primitive/dist/index.mjs:26:13
    at file:///home/ayush/Desktop/RS-Monolith/agent/node_modules/@radix-ui/react-dismissable-layer/dist/index.mjs:24:7
    at file:///home/ayush/Desktop/RS-Monolith/agent/node_modules/@radix-ui/react-slot/dist/index.mjs:25:11
    at file:///home/ayush/Desktop/RS-Monolith/agent/node_modules/@radix-ui/react-slot/dist/index.mjs:6:11
    at file:///home/ayush/Desktop/RS-Monolith/agent/node_modules/@radix-ui/react-primitive/dist/index.mjs:26:13
    at file:///home/ayush/Desktop/RS-Monolith/agent/node_modules/@radix-ui/react-focus-scope/dist/index.mjs:15:5
    at file:///home/ayush/Desktop/RS-Monolith/agent/node_modules/@radix-ui/react-dialog/dist/index.mjs:204:13
    at file:///home/ayush/Desktop/RS-Monolith/agent/node_modules/@radix-ui/react-dialog/dist/index.mjs:130:58
    at Presence (file:///home/ayush/Desktop/RS-Monolith/agent/node_modules/@radix-ui/react-presence/dist/index.mjs:19:11)
    at file:///home/ayush/Desktop/RS-Monolith/agent/node_modules/@radix-ui/react-dialog/dist/index.mjs:121:64
    at file:///home/ayush/Desktop/RS-Monolith/agent/node_modules/@radix-ui/react-slot/dist/index.mjs:25:11
    at file:///home/ayush/Desktop/RS-Monolith/agent/node_modules/@radix-ui/react-slot/dist/index.mjs:6:11
    at file:///home/ayush/Desktop/RS-Monolith/agent/node_modules/@radix-ui/react-primitive/dist/index.mjs:26:13
    at file:///home/ayush/Desktop/RS-Monolith/agent/node_modules/@radix-ui/react-portal/dist/index.mjs:11:22
    at Presence (file:///home/ayush/Desktop/RS-Monolith/agent/node_modules/@radix-ui/react-presence/dist/index.mjs:19:11)
    at Provider (file:///home/ayush/Desktop/RS-Monolith/agent/node_modules/@radix-ui/react-context/dist/index.mjs:27:15)
    at DialogPortal (file:///home/ayush/Desktop/RS-Monolith/agent/node_modules/@radix-ui/react-dialog/dist/index.mjs:84:11)
    at /home/ayush/Desktop/RS-Monolith/agent/src/components/ui/sheet.tsx:63:58
    at Provider (file:///home/ayush/Desktop/RS-Monolith/agent/node_modules/@radix-ui/react-context/dist/index.mjs:27:15)
    at Dialog (file:///home/ayush/Desktop/RS-Monolith/agent/node_modules/@radix-ui/react-dialog/dist/index.mjs:25:5)
    at BookingDetailsSheet (/home/ayush/Desktop/RS-Monolith/agent/src/components/booking/BookingDetailsSheet.tsx:38:32)
Warning: An update to SelectItem inside a test was not wrapped in act(...).

When testing, code that causes React state updates should be wrapped into act(...):

act(() => {
  /* fire events that update state */
});
/* assert on the output */

This ensures that you're testing the behavior the user would see in the browser. Learn more at https://reactjs.org/link/wrap-tests-with-act
    at file:///home/ayush/Desktop/RS-Monolith/agent/node_modules/@radix-ui/react-select/dist/index.mjs:797:7
    at /home/ayush/Desktop/RS-Monolith/agent/src/components/ui/select.tsx:179:56
    at div
    at file:///home/ayush/Desktop/RS-Monolith/agent/node_modules/@radix-ui/react-primitive/dist/index.mjs:26:13
    at file:///home/ayush/Desktop/RS-Monolith/agent/node_modules/@radix-ui/react-slot/dist/index.mjs:25:11
    at file:///home/ayush/Desktop/RS-Monolith/agent/node_modules/@radix-ui/react-slot/dist/index.mjs:6:11
    at file:///home/ayush/Desktop/RS-Monolith/agent/node_modules/@radix-ui/react-collection/dist/index.mjs:26:15
    at file:///home/ayush/Desktop/RS-Monolith/agent/node_modules/@radix-ui/react-select/dist/index.mjs:708:13
    at div
    at file:///home/ayush/Desktop/RS-Monolith/agent/node_modules/@radix-ui/react-slot/dist/index.mjs:25:11
    at file:///home/ayush/Desktop/RS-Monolith/agent/node_modules/@radix-ui/react-slot/dist/index.mjs:6:11
    at file:///home/ayush/Desktop/RS-Monolith/agent/node_modules/@radix-ui/react-collection/dist/index.mjs:26:15
    at Provider (file:///home/ayush/Desktop/RS-Monolith/agent/node_modules/@radix-ui/react-context/dist/index.mjs:27:15)
    at file:///home/ayush/Desktop/RS-Monolith/agent/node_modules/@radix-ui/react-select/dist/index.mjs:254:58
    at file:///home/ayush/Desktop/RS-Monolith/agent/node_modules/@radix-ui/react-slot/dist/index.mjs:25:11
    at file:///home/ayush/Desktop/RS-Monolith/agent/node_modules/@radix-ui/react-slot/dist/index.mjs:6:11
    at file:///home/ayush/Desktop/RS-Monolith/agent/node_modules/@radix-ui/react-primitive/dist/index.mjs:26:13
    at file:///home/ayush/Desktop/RS-Monolith/agent/node_modules/@radix-ui/react-portal/dist/index.mjs:11:22
    at SelectPortal
    at /home/ayush/Desktop/RS-Monolith/agent/src/components/ui/select.tsx:106:59
    at Provider (file:///home/ayush/Desktop/RS-Monolith/agent/node_modules/@radix-ui/react-context/dist/index.mjs:27:15)
    at Provider (file:///home/ayush/Desktop/RS-Monolith/agent/node_modules/@radix-ui/react-collection/node_modules/@radix-ui/react-context/dist/index.mjs:27:15)
    at CollectionProvider (file:///home/ayush/Desktop/RS-Monolith/agent/node_modules/@radix-ui/react-collection/dist/index.mjs:17:13)
    at Provider (file:///home/ayush/Desktop/RS-Monolith/agent/node_modules/@radix-ui/react-context/dist/index.mjs:27:15)
    at Provider (file:///home/ayush/Desktop/RS-Monolith/agent/node_modules/@radix-ui/react-popper/node_modules/@radix-ui/react-context/dist/index.mjs:27:15)
    at Popper (file:///home/ayush/Desktop/RS-Monolith/agent/node_modules/@radix-ui/react-popper/dist/index.mjs:30:11)
    at Select (file:///home/ayush/Desktop/RS-Monolith/agent/node_modules/@radix-ui/react-select/dist/index.mjs:42:5)
    at div
    at section
    at div
    at div
    at div
    at file:///home/ayush/Desktop/RS-Monolith/agent/node_modules/@radix-ui/react-primitive/dist/index.mjs:26:13
    at file:///home/ayush/Desktop/RS-Monolith/agent/node_modules/@radix-ui/react-scroll-area/dist/index.mjs:94:13
    at div
    at file:///home/ayush/Desktop/RS-Monolith/agent/node_modules/@radix-ui/react-primitive/dist/index.mjs:26:13
    at Provider (file:///home/ayush/Desktop/RS-Monolith/agent/node_modules/@radix-ui/react-context/dist/index.mjs:27:15)
    at file:///home/ayush/Desktop/RS-Monolith/agent/node_modules/@radix-ui/react-scroll-area/dist/index.mjs:32:7
    at /home/ayush/Desktop/RS-Monolith/agent/src/components/ui/scroll-area.tsx:11:56
    at div
    at file:///home/ayush/Desktop/RS-Monolith/agent/node_modules/@radix-ui/react-primitive/dist/index.mjs:26:13
    at file:///home/ayush/Desktop/RS-Monolith/agent/node_modules/@radix-ui/react-dismissable-layer/dist/index.mjs:24:7
    at file:///home/ayush/Desktop/RS-Monolith/agent/node_modules/@radix-ui/react-slot/dist/index.mjs:25:11
    at file:///home/ayush/Desktop/RS-Monolith/agent/node_modules/@radix-ui/react-slot/dist/index.mjs:6:11
    at file:///home/ayush/Desktop/RS-Monolith/agent/node_modules/@radix-ui/react-primitive/dist/index.mjs:26:13
    at file:///home/ayush/Desktop/RS-Monolith/agent/node_modules/@radix-ui/react-focus-scope/dist/index.mjs:15:5
    at file:///home/ayush/Desktop/RS-Monolith/agent/node_modules/@radix-ui/react-dialog/dist/index.mjs:204:13
    at file:///home/ayush/Desktop/RS-Monolith/agent/node_modules/@radix-ui/react-dialog/dist/index.mjs:130:58
    at Presence (file:///home/ayush/Desktop/RS-Monolith/agent/node_modules/@radix-ui/react-presence/dist/index.mjs:19:11)
    at file:///home/ayush/Desktop/RS-Monolith/agent/node_modules/@radix-ui/react-dialog/dist/index.mjs:121:64
    at file:///home/ayush/Desktop/RS-Monolith/agent/node_modules/@radix-ui/react-slot/dist/index.mjs:25:11
    at file:///home/ayush/Desktop/RS-Monolith/agent/node_modules/@radix-ui/react-slot/dist/index.mjs:6:11
    at file:///home/ayush/Desktop/RS-Monolith/agent/node_modules/@radix-ui/react-primitive/dist/index.mjs:26:13
    at file:///home/ayush/Desktop/RS-Monolith/agent/node_modules/@radix-ui/react-portal/dist/index.mjs:11:22
    at Presence (file:///home/ayush/Desktop/RS-Monolith/agent/node_modules/@radix-ui/react-presence/dist/index.mjs:19:11)
    at Provider (file:///home/ayush/Desktop/RS-Monolith/agent/node_modules/@radix-ui/react-context/dist/index.mjs:27:15)
    at DialogPortal (file:///home/ayush/Desktop/RS-Monolith/agent/node_modules/@radix-ui/react-dialog/dist/index.mjs:84:11)
    at /home/ayush/Desktop/RS-Monolith/agent/src/components/ui/sheet.tsx:63:58
    at Provider (file:///home/ayush/Desktop/RS-Monolith/agent/node_modules/@radix-ui/react-context/dist/index.mjs:27:15)
    at Dialog (file:///home/ayush/Desktop/RS-Monolith/agent/node_modules/@radix-ui/react-dialog/dist/index.mjs:25:5)
    at BookingDetailsSheet (/home/ayush/Desktop/RS-Monolith/agent/src/components/booking/BookingDetailsSheet.tsx:38:32)
Warning: An update to Select inside a test was not wrapped in act(...).

When testing, code that causes React state updates should be wrapped into act(...):

act(() => {
  /* fire events that update state */
});
/* assert on the output */

This ensures that you're testing the behavior the user would see in the browser. Learn more at https://reactjs.org/link/wrap-tests-with-act
    at Select (file:///home/ayush/Desktop/RS-Monolith/agent/node_modules/@radix-ui/react-select/dist/index.mjs:42:5)
    at div
    at section
    at div
    at div
    at div
    at file:///home/ayush/Desktop/RS-Monolith/agent/node_modules/@radix-ui/react-primitive/dist/index.mjs:26:13
    at file:///home/ayush/Desktop/RS-Monolith/agent/node_modules/@radix-ui/react-scroll-area/dist/index.mjs:94:13
    at div
    at file:///home/ayush/Desktop/RS-Monolith/agent/node_modules/@radix-ui/react-primitive/dist/index.mjs:26:13
    at Provider (file:///home/ayush/Desktop/RS-Monolith/agent/node_modules/@radix-ui/react-context/dist/index.mjs:27:15)
    at file:///home/ayush/Desktop/RS-Monolith/agent/node_modules/@radix-ui/react-scroll-area/dist/index.mjs:32:7
    at /home/ayush/Desktop/RS-Monolith/agent/src/components/ui/scroll-area.tsx:11:56
    at div
    at file:///home/ayush/Desktop/RS-Monolith/agent/node_modules/@radix-ui/react-primitive/dist/index.mjs:26:13
    at file:///home/ayush/Desktop/RS-Monolith/agent/node_modules/@radix-ui/react-dismissable-layer/dist/index.mjs:24:7
    at file:///home/ayush/Desktop/RS-Monolith/agent/node_modules/@radix-ui/react-slot/dist/index.mjs:25:11
    at file:///home/ayush/Desktop/RS-Monolith/agent/node_modules/@radix-ui/react-slot/dist/index.mjs:6:11
    at file:///home/ayush/Desktop/RS-Monolith/agent/node_modules/@radix-ui/react-primitive/dist/index.mjs:26:13
    at file:///home/ayush/Desktop/RS-Monolith/agent/node_modules/@radix-ui/react-focus-scope/dist/index.mjs:15:5
    at file:///home/ayush/Desktop/RS-Monolith/agent/node_modules/@radix-ui/react-dialog/dist/index.mjs:204:13
    at file:///home/ayush/Desktop/RS-Monolith/agent/node_modules/@radix-ui/react-dialog/dist/index.mjs:130:58
    at Presence (file:///home/ayush/Desktop/RS-Monolith/agent/node_modules/@radix-ui/react-presence/dist/index.mjs:19:11)
    at file:///home/ayush/Desktop/RS-Monolith/agent/node_modules/@radix-ui/react-dialog/dist/index.mjs:121:64
    at file:///home/ayush/Desktop/RS-Monolith/agent/node_modules/@radix-ui/react-slot/dist/index.mjs:25:11
    at file:///home/ayush/Desktop/RS-Monolith/agent/node_modules/@radix-ui/react-slot/dist/index.mjs:6:11
    at file:///home/ayush/Desktop/RS-Monolith/agent/node_modules/@radix-ui/react-primitive/dist/index.mjs:26:13
    at file:///home/ayush/Desktop/RS-Monolith/agent/node_modules/@radix-ui/react-portal/dist/index.mjs:11:22
    at Presence (file:///home/ayush/Desktop/RS-Monolith/agent/node_modules/@radix-ui/react-presence/dist/index.mjs:19:11)
    at Provider (file:///home/ayush/Desktop/RS-Monolith/agent/node_modules/@radix-ui/react-context/dist/index.mjs:27:15)
    at DialogPortal (file:///home/ayush/Desktop/RS-Monolith/agent/node_modules/@radix-ui/react-dialog/dist/index.mjs:84:11)
    at /home/ayush/Desktop/RS-Monolith/agent/src/components/ui/sheet.tsx:63:58
    at Provider (file:///home/ayush/Desktop/RS-Monolith/agent/node_modules/@radix-ui/react-context/dist/index.mjs:27:15)
    at Dialog (file:///home/ayush/Desktop/RS-Monolith/agent/node_modules/@radix-ui/react-dialog/dist/index.mjs:25:5)
    at BookingDetailsSheet (/home/ayush/Desktop/RS-Monolith/agent/src/components/booking/BookingDetailsSheet.tsx:38:32)
Warning: An update to SelectItem inside a test was not wrapped in act(...).

When testing, code that causes React state updates should be wrapped into act(...):

act(() => {
  /* fire events that update state */
});
/* assert on the output */

This ensures that you're testing the behavior the user would see in the browser. Learn more at https://reactjs.org/link/wrap-tests-with-act
    at file:///home/ayush/Desktop/RS-Monolith/agent/node_modules/@radix-ui/react-select/dist/index.mjs:797:7
    at /home/ayush/Desktop/RS-Monolith/agent/src/components/ui/select.tsx:179:56
    at div
    at file:///home/ayush/Desktop/RS-Monolith/agent/node_modules/@radix-ui/react-primitive/dist/index.mjs:26:13
    at file:///home/ayush/Desktop/RS-Monolith/agent/node_modules/@radix-ui/react-slot/dist/index.mjs:25:11
    at file:///home/ayush/Desktop/RS-Monolith/agent/node_modules/@radix-ui/react-slot/dist/index.mjs:6:11
    at file:///home/ayush/Desktop/RS-Monolith/agent/node_modules/@radix-ui/react-collection/dist/index.mjs:26:15
    at file:///home/ayush/Desktop/RS-Monolith/agent/node_modules/@radix-ui/react-select/dist/index.mjs:708:13
    at div
    at file:///home/ayush/Desktop/RS-Monolith/agent/node_modules/@radix-ui/react-slot/dist/index.mjs:25:11
    at file:///home/ayush/Desktop/RS-Monolith/agent/node_modules/@radix-ui/react-slot/dist/index.mjs:6:11
    at file:///home/ayush/Desktop/RS-Monolith/agent/node_modules/@radix-ui/react-collection/dist/index.mjs:26:15
    at Provider (file:///home/ayush/Desktop/RS-Monolith/agent/node_modules/@radix-ui/react-context/dist/index.mjs:27:15)
    at file:///home/ayush/Desktop/RS-Monolith/agent/node_modules/@radix-ui/react-select/dist/index.mjs:254:58
    at file:///home/ayush/Desktop/RS-Monolith/agent/node_modules/@radix-ui/react-slot/dist/index.mjs:25:11
    at file:///home/ayush/Desktop/RS-Monolith/agent/node_modules/@radix-ui/react-slot/dist/index.mjs:6:11
    at file:///home/ayush/Desktop/RS-Monolith/agent/node_modules/@radix-ui/react-primitive/dist/index.mjs:26:13
    at file:///home/ayush/Desktop/RS-Monolith/agent/node_modules/@radix-ui/react-portal/dist/index.mjs:11:22
    at SelectPortal
    at /home/ayush/Desktop/RS-Monolith/agent/src/components/ui/select.tsx:106:59
    at Provider (file:///home/ayush/Desktop/RS-Monolith/agent/node_modules/@radix-ui/react-context/dist/index.mjs:27:15)
    at Provider (file:///home/ayush/Desktop/RS-Monolith/agent/node_modules/@radix-ui/react-collection/node_modules/@radix-ui/react-context/dist/index.mjs:27:15)
    at CollectionProvider (file:///home/ayush/Desktop/RS-Monolith/agent/node_modules/@radix-ui/react-collection/dist/index.mjs:17:13)
    at Provider (file:///home/ayush/Desktop/RS-Monolith/agent/node_modules/@radix-ui/react-context/dist/index.mjs:27:15)
    at Provider (file:///home/ayush/Desktop/RS-Monolith/agent/node_modules/@radix-ui/react-popper/node_modules/@radix-ui/react-context/dist/index.mjs:27:15)
    at Popper (file:///home/ayush/Desktop/RS-Monolith/agent/node_modules/@radix-ui/react-popper/dist/index.mjs:30:11)
    at Select (file:///home/ayush/Desktop/RS-Monolith/agent/node_modules/@radix-ui/react-select/dist/index.mjs:42:5)
    at div
    at section
    at div
    at div
    at div
    at file:///home/ayush/Desktop/RS-Monolith/agent/node_modules/@radix-ui/react-primitive/dist/index.mjs:26:13
    at file:///home/ayush/Desktop/RS-Monolith/agent/node_modules/@radix-ui/react-scroll-area/dist/index.mjs:94:13
    at div
    at file:///home/ayush/Desktop/RS-Monolith/agent/node_modules/@radix-ui/react-primitive/dist/index.mjs:26:13
    at Provider (file:///home/ayush/Desktop/RS-Monolith/agent/node_modules/@radix-ui/react-context/dist/index.mjs:27:15)
    at file:///home/ayush/Desktop/RS-Monolith/agent/node_modules/@radix-ui/react-scroll-area/dist/index.mjs:32:7
    at /home/ayush/Desktop/RS-Monolith/agent/src/components/ui/scroll-area.tsx:11:56
    at div
    at file:///home/ayush/Desktop/RS-Monolith/agent/node_modules/@radix-ui/react-primitive/dist/index.mjs:26:13
    at file:///home/ayush/Desktop/RS-Monolith/agent/node_modules/@radix-ui/react-dismissable-layer/dist/index.mjs:24:7
    at file:///home/ayush/Desktop/RS-Monolith/agent/node_modules/@radix-ui/react-slot/dist/index.mjs:25:11
    at file:///home/ayush/Desktop/RS-Monolith/agent/node_modules/@radix-ui/react-slot/dist/index.mjs:6:11
    at file:///home/ayush/Desktop/RS-Monolith/agent/node_modules/@radix-ui/react-primitive/dist/index.mjs:26:13
    at file:///home/ayush/Desktop/RS-Monolith/agent/node_modules/@radix-ui/react-focus-scope/dist/index.mjs:15:5
    at file:///home/ayush/Desktop/RS-Monolith/agent/node_modules/@radix-ui/react-dialog/dist/index.mjs:204:13
    at file:///home/ayush/Desktop/RS-Monolith/agent/node_modules/@radix-ui/react-dialog/dist/index.mjs:130:58
    at Presence (file:///home/ayush/Desktop/RS-Monolith/agent/node_modules/@radix-ui/react-presence/dist/index.mjs:19:11)
    at file:///home/ayush/Desktop/RS-Monolith/agent/node_modules/@radix-ui/react-dialog/dist/index.mjs:121:64
    at file:///home/ayush/Desktop/RS-Monolith/agent/node_modules/@radix-ui/react-slot/dist/index.mjs:25:11
    at file:///home/ayush/Desktop/RS-Monolith/agent/node_modules/@radix-ui/react-slot/dist/index.mjs:6:11
    at file:///home/ayush/Desktop/RS-Monolith/agent/node_modules/@radix-ui/react-primitive/dist/index.mjs:26:13
    at file:///home/ayush/Desktop/RS-Monolith/agent/node_modules/@radix-ui/react-portal/dist/index.mjs:11:22
    at Presence (file:///home/ayush/Desktop/RS-Monolith/agent/node_modules/@radix-ui/react-presence/dist/index.mjs:19:11)
    at Provider (file:///home/ayush/Desktop/RS-Monolith/agent/node_modules/@radix-ui/react-context/dist/index.mjs:27:15)
    at DialogPortal (file:///home/ayush/Desktop/RS-Monolith/agent/node_modules/@radix-ui/react-dialog/dist/index.mjs:84:11)
    at /home/ayush/Desktop/RS-Monolith/agent/src/components/ui/sheet.tsx:63:58
    at Provider (file:///home/ayush/Desktop/RS-Monolith/agent/node_modules/@radix-ui/react-context/dist/index.mjs:27:15)
    at Dialog (file:///home/ayush/Desktop/RS-Monolith/agent/node_modules/@radix-ui/react-dialog/dist/index.mjs:25:5)
    at BookingDetailsSheet (/home/ayush/Desktop/RS-Monolith/agent/src/components/booking/BookingDetailsSheet.tsx:38:32)
Warning: An update to SelectItemText inside a test was not wrapped in act(...).

When testing, code that causes React state updates should be wrapped into act(...):

act(() => {
  /* fire events that update state */
});
/* assert on the output */

This ensures that you're testing the behavior the user would see in the browser. Learn more at https://reactjs.org/link/wrap-tests-with-act
    at file:///home/ayush/Desktop/RS-Monolith/agent/node_modules/@radix-ui/react-select/dist/index.mjs:898:13
    at div
    at file:///home/ayush/Desktop/RS-Monolith/agent/node_modules/@radix-ui/react-primitive/dist/index.mjs:26:13
    at file:///home/ayush/Desktop/RS-Monolith/agent/node_modules/@radix-ui/react-slot/dist/index.mjs:25:11
    at file:///home/ayush/Desktop/RS-Monolith/agent/node_modules/@radix-ui/react-slot/dist/index.mjs:6:11
    at file:///home/ayush/Desktop/RS-Monolith/agent/node_modules/@radix-ui/react-collection/dist/index.mjs:37:15
    at Provider (file:///home/ayush/Desktop/RS-Monolith/agent/node_modules/@radix-ui/react-context/dist/index.mjs:27:15)
    at file:///home/ayush/Desktop/RS-Monolith/agent/node_modules/@radix-ui/react-select/dist/index.mjs:797:7
    at /home/ayush/Desktop/RS-Monolith/agent/src/components/ui/select.tsx:179:56
    at div
    at file:///home/ayush/Desktop/RS-Monolith/agent/node_modules/@radix-ui/react-primitive/dist/index.mjs:26:13
    at file:///home/ayush/Desktop/RS-Monolith/agent/node_modules/@radix-ui/react-slot/dist/index.mjs:25:11
    at file:///home/ayush/Desktop/RS-Monolith/agent/node_modules/@radix-ui/react-slot/dist/index.mjs:6:11
    at file:///home/ayush/Desktop/RS-Monolith/agent/node_modules/@radix-ui/react-collection/dist/index.mjs:26:15
    at file:///home/ayush/Desktop/RS-Monolith/agent/node_modules/@radix-ui/react-select/dist/index.mjs:708:13
    at div
    at file:///home/ayush/Desktop/RS-Monolith/agent/node_modules/@radix-ui/react-slot/dist/index.mjs:25:11
    at file:///home/ayush/Desktop/RS-Monolith/agent/node_modules/@radix-ui/react-slot/dist/index.mjs:6:11
    at file:///home/ayush/Desktop/RS-Monolith/agent/node_modules/@radix-ui/react-collection/dist/index.mjs:26:15
    at Provider (file:///home/ayush/Desktop/RS-Monolith/agent/node_modules/@radix-ui/react-context/dist/index.mjs:27:15)
    at file:///home/ayush/Desktop/RS-Monolith/agent/node_modules/@radix-ui/react-select/dist/index.mjs:254:58
    at file:///home/ayush/Desktop/RS-Monolith/agent/node_modules/@radix-ui/react-slot/dist/index.mjs:25:11
    at file:///home/ayush/Desktop/RS-Monolith/agent/node_modules/@radix-ui/react-slot/dist/index.mjs:6:11
    at file:///home/ayush/Desktop/RS-Monolith/agent/node_modules/@radix-ui/react-primitive/dist/index.mjs:26:13
    at file:///home/ayush/Desktop/RS-Monolith/agent/node_modules/@radix-ui/react-portal/dist/index.mjs:11:22
    at SelectPortal
    at /home/ayush/Desktop/RS-Monolith/agent/src/components/ui/select.tsx:106:59
    at Provider (file:///home/ayush/Desktop/RS-Monolith/agent/node_modules/@radix-ui/react-context/dist/index.mjs:27:15)
    at Provider (file:///home/ayush/Desktop/RS-Monolith/agent/node_modules/@radix-ui/react-collection/node_modules/@radix-ui/react-context/dist/index.mjs:27:15)
    at CollectionProvider (file:///home/ayush/Desktop/RS-Monolith/agent/node_modules/@radix-ui/react-collection/dist/index.mjs:17:13)
    at Provider (file:///home/ayush/Desktop/RS-Monolith/agent/node_modules/@radix-ui/react-context/dist/index.mjs:27:15)
    at Provider (file:///home/ayush/Desktop/RS-Monolith/agent/node_modules/@radix-ui/react-popper/node_modules/@radix-ui/react-context/dist/index.mjs:27:15)
    at Popper (file:///home/ayush/Desktop/RS-Monolith/agent/node_modules/@radix-ui/react-popper/dist/index.mjs:30:11)
    at Select (file:///home/ayush/Desktop/RS-Monolith/agent/node_modules/@radix-ui/react-select/dist/index.mjs:42:5)
    at div
    at section
    at div
    at div
    at div
    at file:///home/ayush/Desktop/RS-Monolith/agent/node_modules/@radix-ui/react-primitive/dist/index.mjs:26:13
    at file:///home/ayush/Desktop/RS-Monolith/agent/node_modules/@radix-ui/react-scroll-area/dist/index.mjs:94:13
    at div
    at file:///home/ayush/Desktop/RS-Monolith/agent/node_modules/@radix-ui/react-primitive/dist/index.mjs:26:13
    at Provider (file:///home/ayush/Desktop/RS-Monolith/agent/node_modules/@radix-ui/react-context/dist/index.mjs:27:15)
    at file:///home/ayush/Desktop/RS-Monolith/agent/node_modules/@radix-ui/react-scroll-area/dist/index.mjs:32:7
    at /home/ayush/Desktop/RS-Monolith/agent/src/components/ui/scroll-area.tsx:11:56
    at div
    at file:///home/ayush/Desktop/RS-Monolith/agent/node_modules/@radix-ui/react-primitive/dist/index.mjs:26:13
    at file:///home/ayush/Desktop/RS-Monolith/agent/node_modules/@radix-ui/react-dismissable-layer/dist/index.mjs:24:7
    at file:///home/ayush/Desktop/RS-Monolith/agent/node_modules/@radix-ui/react-slot/dist/index.mjs:25:11
    at file:///home/ayush/Desktop/RS-Monolith/agent/node_modules/@radix-ui/react-slot/dist/index.mjs:6:11
    at file:///home/ayush/Desktop/RS-Monolith/agent/node_modules/@radix-ui/react-primitive/dist/index.mjs:26:13
    at file:///home/ayush/Desktop/RS-Monolith/agent/node_modules/@radix-ui/react-focus-scope/dist/index.mjs:15:5
    at file:///home/ayush/Desktop/RS-Monolith/agent/node_modules/@radix-ui/react-dialog/dist/index.mjs:204:13
    at file:///home/ayush/Desktop/RS-Monolith/agent/node_modules/@radix-ui/react-dialog/dist/index.mjs:130:58
    at Presence (file:///home/ayush/Desktop/RS-Monolith/agent/node_modules/@radix-ui/react-presence/dist/index.mjs:19:11)
    at file:///home/ayush/Desktop/RS-Monolith/agent/node_modules/@radix-ui/react-dialog/dist/index.mjs:121:64
    at file:///home/ayush/Desktop/RS-Monolith/agent/node_modules/@radix-ui/react-slot/dist/index.mjs:25:11
    at file:///home/ayush/Desktop/RS-Monolith/agent/node_modules/@radix-ui/react-slot/dist/index.mjs:6:11
    at file:///home/ayush/Desktop/RS-Monolith/agent/node_modules/@radix-ui/react-primitive/dist/index.mjs:26:13
    at file:///home/ayush/Desktop/RS-Monolith/agent/node_modules/@radix-ui/react-portal/dist/index.mjs:11:22
    at Presence (file:///home/ayush/Desktop/RS-Monolith/agent/node_modules/@radix-ui/react-presence/dist/index.mjs:19:11)
    at Provider (file:///home/ayush/Desktop/RS-Monolith/agent/node_modules/@radix-ui/react-context/dist/index.mjs:27:15)
    at DialogPortal (file:///home/ayush/Desktop/RS-Monolith/agent/node_modules/@radix-ui/react-dialog/dist/index.mjs:84:11)
    at /home/ayush/Desktop/RS-Monolith/agent/src/components/ui/sheet.tsx:63:58
    at Provider (file:///home/ayush/Desktop/RS-Monolith/agent/node_modules/@radix-ui/react-context/dist/index.mjs:27:15)
    at Dialog (file:///home/ayush/Desktop/RS-Monolith/agent/node_modules/@radix-ui/react-dialog/dist/index.mjs:25:5)
    at BookingDetailsSheet (/home/ayush/Desktop/RS-Monolith/agent/src/components/booking/BookingDetailsSheet.tsx:38:32)
Warning: An update to SelectItem inside a test was not wrapped in act(...).

When testing, code that causes React state updates should be wrapped into act(...):

act(() => {
  /* fire events that update state */
});
/* assert on the output */

This ensures that you're testing the behavior the user would see in the browser. Learn more at https://reactjs.org/link/wrap-tests-with-act
    at file:///home/ayush/Desktop/RS-Monolith/agent/node_modules/@radix-ui/react-select/dist/index.mjs:797:7
    at /home/ayush/Desktop/RS-Monolith/agent/src/components/ui/select.tsx:179:56
    at div
    at file:///home/ayush/Desktop/RS-Monolith/agent/node_modules/@radix-ui/react-primitive/dist/index.mjs:26:13
    at file:///home/ayush/Desktop/RS-Monolith/agent/node_modules/@radix-ui/react-slot/dist/index.mjs:25:11
    at file:///home/ayush/Desktop/RS-Monolith/agent/node_modules/@radix-ui/react-slot/dist/index.mjs:6:11
    at file:///home/ayush/Desktop/RS-Monolith/agent/node_modules/@radix-ui/react-collection/dist/index.mjs:26:15
    at file:///home/ayush/Desktop/RS-Monolith/agent/node_modules/@radix-ui/react-select/dist/index.mjs:708:13
    at div
    at file:///home/ayush/Desktop/RS-Monolith/agent/node_modules/@radix-ui/react-slot/dist/index.mjs:25:11
    at file:///home/ayush/Desktop/RS-Monolith/agent/node_modules/@radix-ui/react-slot/dist/index.mjs:6:11
    at file:///home/ayush/Desktop/RS-Monolith/agent/node_modules/@radix-ui/react-collection/dist/index.mjs:26:15
    at Provider (file:///home/ayush/Desktop/RS-Monolith/agent/node_modules/@radix-ui/react-context/dist/index.mjs:27:15)
    at file:///home/ayush/Desktop/RS-Monolith/agent/node_modules/@radix-ui/react-select/dist/index.mjs:254:58
    at file:///home/ayush/Desktop/RS-Monolith/agent/node_modules/@radix-ui/react-slot/dist/index.mjs:25:11
    at file:///home/ayush/Desktop/RS-Monolith/agent/node_modules/@radix-ui/react-slot/dist/index.mjs:6:11
    at file:///home/ayush/Desktop/RS-Monolith/agent/node_modules/@radix-ui/react-primitive/dist/index.mjs:26:13
    at file:///home/ayush/Desktop/RS-Monolith/agent/node_modules/@radix-ui/react-portal/dist/index.mjs:11:22
    at SelectPortal
    at /home/ayush/Desktop/RS-Monolith/agent/src/components/ui/select.tsx:106:59
    at Provider (file:///home/ayush/Desktop/RS-Monolith/agent/node_modules/@radix-ui/react-context/dist/index.mjs:27:15)
    at Provider (file:///home/ayush/Desktop/RS-Monolith/agent/node_modules/@radix-ui/react-collection/node_modules/@radix-ui/react-context/dist/index.mjs:27:15)
    at CollectionProvider (file:///home/ayush/Desktop/RS-Monolith/agent/node_modules/@radix-ui/react-collection/dist/index.mjs:17:13)
    at Provider (file:///home/ayush/Desktop/RS-Monolith/agent/node_modules/@radix-ui/react-context/dist/index.mjs:27:15)
    at Provider (file:///home/ayush/Desktop/RS-Monolith/agent/node_modules/@radix-ui/react-popper/node_modules/@radix-ui/react-context/dist/index.mjs:27:15)
    at Popper (file:///home/ayush/Desktop/RS-Monolith/agent/node_modules/@radix-ui/react-popper/dist/index.mjs:30:11)
    at Select (file:///home/ayush/Desktop/RS-Monolith/agent/node_modules/@radix-ui/react-select/dist/index.mjs:42:5)
    at div
    at section
    at div
    at div
    at div
    at file:///home/ayush/Desktop/RS-Monolith/agent/node_modules/@radix-ui/react-primitive/dist/index.mjs:26:13
    at file:///home/ayush/Desktop/RS-Monolith/agent/node_modules/@radix-ui/react-scroll-area/dist/index.mjs:94:13
    at div
    at file:///home/ayush/Desktop/RS-Monolith/agent/node_modules/@radix-ui/react-primitive/dist/index.mjs:26:13
    at Provider (file:///home/ayush/Desktop/RS-Monolith/agent/node_modules/@radix-ui/react-context/dist/index.mjs:27:15)
    at file:///home/ayush/Desktop/RS-Monolith/agent/node_modules/@radix-ui/react-scroll-area/dist/index.mjs:32:7
    at /home/ayush/Desktop/RS-Monolith/agent/src/components/ui/scroll-area.tsx:11:56
    at div
    at file:///home/ayush/Desktop/RS-Monolith/agent/node_modules/@radix-ui/react-primitive/dist/index.mjs:26:13
    at file:///home/ayush/Desktop/RS-Monolith/agent/node_modules/@radix-ui/react-dismissable-layer/dist/index.mjs:24:7
    at file:///home/ayush/Desktop/RS-Monolith/agent/node_modules/@radix-ui/react-slot/dist/index.mjs:25:11
    at file:///home/ayush/Desktop/RS-Monolith/agent/node_modules/@radix-ui/react-slot/dist/index.mjs:6:11
    at file:///home/ayush/Desktop/RS-Monolith/agent/node_modules/@radix-ui/react-primitive/dist/index.mjs:26:13
    at file:///home/ayush/Desktop/RS-Monolith/agent/node_modules/@radix-ui/react-focus-scope/dist/index.mjs:15:5
    at file:///home/ayush/Desktop/RS-Monolith/agent/node_modules/@radix-ui/react-dialog/dist/index.mjs:204:13
    at file:///home/ayush/Desktop/RS-Monolith/agent/node_modules/@radix-ui/react-dialog/dist/index.mjs:130:58
    at Presence (file:///home/ayush/Desktop/RS-Monolith/agent/node_modules/@radix-ui/react-presence/dist/index.mjs:19:11)
    at file:///home/ayush/Desktop/RS-Monolith/agent/node_modules/@radix-ui/react-dialog/dist/index.mjs:121:64
    at file:///home/ayush/Desktop/RS-Monolith/agent/node_modules/@radix-ui/react-slot/dist/index.mjs:25:11
    at file:///home/ayush/Desktop/RS-Monolith/agent/node_modules/@radix-ui/react-slot/dist/index.mjs:6:11
    at file:///home/ayush/Desktop/RS-Monolith/agent/node_modules/@radix-ui/react-primitive/dist/index.mjs:26:13
    at file:///home/ayush/Desktop/RS-Monolith/agent/node_modules/@radix-ui/react-portal/dist/index.mjs:11:22
    at Presence (file:///home/ayush/Desktop/RS-Monolith/agent/node_modules/@radix-ui/react-presence/dist/index.mjs:19:11)
    at Provider (file:///home/ayush/Desktop/RS-Monolith/agent/node_modules/@radix-ui/react-context/dist/index.mjs:27:15)
    at DialogPortal (file:///home/ayush/Desktop/RS-Monolith/agent/node_modules/@radix-ui/react-dialog/dist/index.mjs:84:11)
    at /home/ayush/Desktop/RS-Monolith/agent/src/components/ui/sheet.tsx:63:58
    at Provider (file:///home/ayush/Desktop/RS-Monolith/agent/node_modules/@radix-ui/react-context/dist/index.mjs:27:15)
    at Dialog (file:///home/ayush/Desktop/RS-Monolith/agent/node_modules/@radix-ui/react-dialog/dist/index.mjs:25:5)
    at BookingDetailsSheet (/home/ayush/Desktop/RS-Monolith/agent/src/components/booking/BookingDetailsSheet.tsx:38:32)
Warning: An update to Select inside a test was not wrapped in act(...).

When testing, code that causes React state updates should be wrapped into act(...):

act(() => {
  /* fire events that update state */
});
/* assert on the output */

This ensures that you're testing the behavior the user would see in the browser. Learn more at https://reactjs.org/link/wrap-tests-with-act
    at Select (file:///home/ayush/Desktop/RS-Monolith/agent/node_modules/@radix-ui/react-select/dist/index.mjs:42:5)
    at div
    at section
    at div
    at div
    at div
    at file:///home/ayush/Desktop/RS-Monolith/agent/node_modules/@radix-ui/react-primitive/dist/index.mjs:26:13
    at file:///home/ayush/Desktop/RS-Monolith/agent/node_modules/@radix-ui/react-scroll-area/dist/index.mjs:94:13
    at div
    at file:///home/ayush/Desktop/RS-Monolith/agent/node_modules/@radix-ui/react-primitive/dist/index.mjs:26:13
    at Provider (file:///home/ayush/Desktop/RS-Monolith/agent/node_modules/@radix-ui/react-context/dist/index.mjs:27:15)
    at file:///home/ayush/Desktop/RS-Monolith/agent/node_modules/@radix-ui/react-scroll-area/dist/index.mjs:32:7
    at /home/ayush/Desktop/RS-Monolith/agent/src/components/ui/scroll-area.tsx:11:56
    at div
    at file:///home/ayush/Desktop/RS-Monolith/agent/node_modules/@radix-ui/react-primitive/dist/index.mjs:26:13
    at file:///home/ayush/Desktop/RS-Monolith/agent/node_modules/@radix-ui/react-dismissable-layer/dist/index.mjs:24:7
    at file:///home/ayush/Desktop/RS-Monolith/agent/node_modules/@radix-ui/react-slot/dist/index.mjs:25:11
    at file:///home/ayush/Desktop/RS-Monolith/agent/node_modules/@radix-ui/react-slot/dist/index.mjs:6:11
    at file:///home/ayush/Desktop/RS-Monolith/agent/node_modules/@radix-ui/react-primitive/dist/index.mjs:26:13
    at file:///home/ayush/Desktop/RS-Monolith/agent/node_modules/@radix-ui/react-focus-scope/dist/index.mjs:15:5
    at file:///home/ayush/Desktop/RS-Monolith/agent/node_modules/@radix-ui/react-dialog/dist/index.mjs:204:13
    at file:///home/ayush/Desktop/RS-Monolith/agent/node_modules/@radix-ui/react-dialog/dist/index.mjs:130:58
    at Presence (file:///home/ayush/Desktop/RS-Monolith/agent/node_modules/@radix-ui/react-presence/dist/index.mjs:19:11)
    at file:///home/ayush/Desktop/RS-Monolith/agent/node_modules/@radix-ui/react-dialog/dist/index.mjs:121:64
    at file:///home/ayush/Desktop/RS-Monolith/agent/node_modules/@radix-ui/react-slot/dist/index.mjs:25:11
    at file:///home/ayush/Desktop/RS-Monolith/agent/node_modules/@radix-ui/react-slot/dist/index.mjs:6:11
    at file:///home/ayush/Desktop/RS-Monolith/agent/node_modules/@radix-ui/react-primitive/dist/index.mjs:26:13
    at file:///home/ayush/Desktop/RS-Monolith/agent/node_modules/@radix-ui/react-portal/dist/index.mjs:11:22
    at Presence (file:///home/ayush/Desktop/RS-Monolith/agent/node_modules/@radix-ui/react-presence/dist/index.mjs:19:11)
    at Provider (file:///home/ayush/Desktop/RS-Monolith/agent/node_modules/@radix-ui/react-context/dist/index.mjs:27:15)
    at DialogPortal (file:///home/ayush/Desktop/RS-Monolith/agent/node_modules/@radix-ui/react-dialog/dist/index.mjs:84:11)
    at /home/ayush/Desktop/RS-Monolith/agent/src/components/ui/sheet.tsx:63:58
    at Provider (file:///home/ayush/Desktop/RS-Monolith/agent/node_modules/@radix-ui/react-context/dist/index.mjs:27:15)
    at Dialog (file:///home/ayush/Desktop/RS-Monolith/agent/node_modules/@radix-ui/react-dialog/dist/index.mjs:25:5)
    at BookingDetailsSheet (/home/ayush/Desktop/RS-Monolith/agent/src/components/booking/BookingDetailsSheet.tsx:38:32)
Warning: An update to SelectItemText inside a test was not wrapped in act(...).

When testing, code that causes React state updates should be wrapped into act(...):

act(() => {
  /* fire events that update state */
});
/* assert on the output */

This ensures that you're testing the behavior the user would see in the browser. Learn more at https://reactjs.org/link/wrap-tests-with-act
    at file:///home/ayush/Desktop/RS-Monolith/agent/node_modules/@radix-ui/react-select/dist/index.mjs:898:13
    at div
    at file:///home/ayush/Desktop/RS-Monolith/agent/node_modules/@radix-ui/react-primitive/dist/index.mjs:26:13
    at file:///home/ayush/Desktop/RS-Monolith/agent/node_modules/@radix-ui/react-slot/dist/index.mjs:25:11
    at file:///home/ayush/Desktop/RS-Monolith/agent/node_modules/@radix-ui/react-slot/dist/index.mjs:6:11
    at file:///home/ayush/Desktop/RS-Monolith/agent/node_modules/@radix-ui/react-collection/dist/index.mjs:37:15
    at Provider (file:///home/ayush/Desktop/RS-Monolith/agent/node_modules/@radix-ui/react-context/dist/index.mjs:27:15)
    at file:///home/ayush/Desktop/RS-Monolith/agent/node_modules/@radix-ui/react-select/dist/index.mjs:797:7
    at /home/ayush/Desktop/RS-Monolith/agent/src/components/ui/select.tsx:179:56
    at div
    at file:///home/ayush/Desktop/RS-Monolith/agent/node_modules/@radix-ui/react-primitive/dist/index.mjs:26:13
    at file:///home/ayush/Desktop/RS-Monolith/agent/node_modules/@radix-ui/react-slot/dist/index.mjs:25:11
    at file:///home/ayush/Desktop/RS-Monolith/agent/node_modules/@radix-ui/react-slot/dist/index.mjs:6:11
    at file:///home/ayush/Desktop/RS-Monolith/agent/node_modules/@radix-ui/react-collection/dist/index.mjs:26:15
    at file:///home/ayush/Desktop/RS-Monolith/agent/node_modules/@radix-ui/react-select/dist/index.mjs:708:13
    at div
    at file:///home/ayush/Desktop/RS-Monolith/agent/node_modules/@radix-ui/react-slot/dist/index.mjs:25:11
    at file:///home/ayush/Desktop/RS-Monolith/agent/node_modules/@radix-ui/react-slot/dist/index.mjs:6:11
    at file:///home/ayush/Desktop/RS-Monolith/agent/node_modules/@radix-ui/react-collection/dist/index.mjs:26:15
    at Provider (file:///home/ayush/Desktop/RS-Monolith/agent/node_modules/@radix-ui/react-context/dist/index.mjs:27:15)
    at file:///home/ayush/Desktop/RS-Monolith/agent/node_modules/@radix-ui/react-select/dist/index.mjs:254:58
    at file:///home/ayush/Desktop/RS-Monolith/agent/node_modules/@radix-ui/react-slot/dist/index.mjs:25:11
    at file:///home/ayush/Desktop/RS-Monolith/agent/node_modules/@radix-ui/react-slot/dist/index.mjs:6:11
    at file:///home/ayush/Desktop/RS-Monolith/agent/node_modules/@radix-ui/react-primitive/dist/index.mjs:26:13
    at file:///home/ayush/Desktop/RS-Monolith/agent/node_modules/@radix-ui/react-portal/dist/index.mjs:11:22
    at SelectPortal
    at /home/ayush/Desktop/RS-Monolith/agent/src/components/ui/select.tsx:106:59
    at Provider (file:///home/ayush/Desktop/RS-Monolith/agent/node_modules/@radix-ui/react-context/dist/index.mjs:27:15)
    at Provider (file:///home/ayush/Desktop/RS-Monolith/agent/node_modules/@radix-ui/react-collection/node_modules/@radix-ui/react-context/dist/index.mjs:27:15)
    at CollectionProvider (file:///home/ayush/Desktop/RS-Monolith/agent/node_modules/@radix-ui/react-collection/dist/index.mjs:17:13)
    at Provider (file:///home/ayush/Desktop/RS-Monolith/agent/node_modules/@radix-ui/react-context/dist/index.mjs:27:15)
    at Provider (file:///home/ayush/Desktop/RS-Monolith/agent/node_modules/@radix-ui/react-popper/node_modules/@radix-ui/react-context/dist/index.mjs:27:15)
    at Popper (file:///home/ayush/Desktop/RS-Monolith/agent/node_modules/@radix-ui/react-popper/dist/index.mjs:30:11)
    at Select (file:///home/ayush/Desktop/RS-Monolith/agent/node_modules/@radix-ui/react-select/dist/index.mjs:42:5)
    at div
    at section
    at div
    at div
    at div
    at file:///home/ayush/Desktop/RS-Monolith/agent/node_modules/@radix-ui/react-primitive/dist/index.mjs:26:13
    at file:///home/ayush/Desktop/RS-Monolith/agent/node_modules/@radix-ui/react-scroll-area/dist/index.mjs:94:13
    at div
    at file:///home/ayush/Desktop/RS-Monolith/agent/node_modules/@radix-ui/react-primitive/dist/index.mjs:26:13
    at Provider (file:///home/ayush/Desktop/RS-Monolith/agent/node_modules/@radix-ui/react-context/dist/index.mjs:27:15)
    at file:///home/ayush/Desktop/RS-Monolith/agent/node_modules/@radix-ui/react-scroll-area/dist/index.mjs:32:7
    at /home/ayush/Desktop/RS-Monolith/agent/src/components/ui/scroll-area.tsx:11:56
    at div
    at file:///home/ayush/Desktop/RS-Monolith/agent/node_modules/@radix-ui/react-primitive/dist/index.mjs:26:13
    at file:///home/ayush/Desktop/RS-Monolith/agent/node_modules/@radix-ui/react-dismissable-layer/dist/index.mjs:24:7
    at file:///home/ayush/Desktop/RS-Monolith/agent/node_modules/@radix-ui/react-slot/dist/index.mjs:25:11
    at file:///home/ayush/Desktop/RS-Monolith/agent/node_modules/@radix-ui/react-slot/dist/index.mjs:6:11
    at file:///home/ayush/Desktop/RS-Monolith/agent/node_modules/@radix-ui/react-primitive/dist/index.mjs:26:13
    at file:///home/ayush/Desktop/RS-Monolith/agent/node_modules/@radix-ui/react-focus-scope/dist/index.mjs:15:5
    at file:///home/ayush/Desktop/RS-Monolith/agent/node_modules/@radix-ui/react-dialog/dist/index.mjs:204:13
    at file:///home/ayush/Desktop/RS-Monolith/agent/node_modules/@radix-ui/react-dialog/dist/index.mjs:130:58
    at Presence (file:///home/ayush/Desktop/RS-Monolith/agent/node_modules/@radix-ui/react-presence/dist/index.mjs:19:11)
    at file:///home/ayush/Desktop/RS-Monolith/agent/node_modules/@radix-ui/react-dialog/dist/index.mjs:121:64
    at file:///home/ayush/Desktop/RS-Monolith/agent/node_modules/@radix-ui/react-slot/dist/index.mjs:25:11
    at file:///home/ayush/Desktop/RS-Monolith/agent/node_modules/@radix-ui/react-slot/dist/index.mjs:6:11
    at file:///home/ayush/Desktop/RS-Monolith/agent/node_modules/@radix-ui/react-primitive/dist/index.mjs:26:13
    at file:///home/ayush/Desktop/RS-Monolith/agent/node_modules/@radix-ui/react-portal/dist/index.mjs:11:22
    at Presence (file:///home/ayush/Desktop/RS-Monolith/agent/node_modules/@radix-ui/react-presence/dist/index.mjs:19:11)
    at Provider (file:///home/ayush/Desktop/RS-Monolith/agent/node_modules/@radix-ui/react-context/dist/index.mjs:27:15)
    at DialogPortal (file:///home/ayush/Desktop/RS-Monolith/agent/node_modules/@radix-ui/react-dialog/dist/index.mjs:84:11)
    at /home/ayush/Desktop/RS-Monolith/agent/src/components/ui/sheet.tsx:63:58
    at Provider (file:///home/ayush/Desktop/RS-Monolith/agent/node_modules/@radix-ui/react-context/dist/index.mjs:27:15)
    at Dialog (file:///home/ayush/Desktop/RS-Monolith/agent/node_modules/@radix-ui/react-dialog/dist/index.mjs:25:5)
    at BookingDetailsSheet (/home/ayush/Desktop/RS-Monolith/agent/src/components/booking/BookingDetailsSheet.tsx:38:32)
Warning: An update to SelectItem inside a test was not wrapped in act(...).

When testing, code that causes React state updates should be wrapped into act(...):

act(() => {
  /* fire events that update state */
});
/* assert on the output */

This ensures that you're testing the behavior the user would see in the browser. Learn more at https://reactjs.org/link/wrap-tests-with-act
    at file:///home/ayush/Desktop/RS-Monolith/agent/node_modules/@radix-ui/react-select/dist/index.mjs:797:7
    at /home/ayush/Desktop/RS-Monolith/agent/src/components/ui/select.tsx:179:56
    at div
    at file:///home/ayush/Desktop/RS-Monolith/agent/node_modules/@radix-ui/react-primitive/dist/index.mjs:26:13
    at file:///home/ayush/Desktop/RS-Monolith/agent/node_modules/@radix-ui/react-slot/dist/index.mjs:25:11
    at file:///home/ayush/Desktop/RS-Monolith/agent/node_modules/@radix-ui/react-slot/dist/index.mjs:6:11
    at file:///home/ayush/Desktop/RS-Monolith/agent/node_modules/@radix-ui/react-collection/dist/index.mjs:26:15
    at file:///home/ayush/Desktop/RS-Monolith/agent/node_modules/@radix-ui/react-select/dist/index.mjs:708:13
    at div
    at file:///home/ayush/Desktop/RS-Monolith/agent/node_modules/@radix-ui/react-slot/dist/index.mjs:25:11
    at file:///home/ayush/Desktop/RS-Monolith/agent/node_modules/@radix-ui/react-slot/dist/index.mjs:6:11
    at file:///home/ayush/Desktop/RS-Monolith/agent/node_modules/@radix-ui/react-collection/dist/index.mjs:26:15
    at Provider (file:///home/ayush/Desktop/RS-Monolith/agent/node_modules/@radix-ui/react-context/dist/index.mjs:27:15)
    at file:///home/ayush/Desktop/RS-Monolith/agent/node_modules/@radix-ui/react-select/dist/index.mjs:254:58
    at file:///home/ayush/Desktop/RS-Monolith/agent/node_modules/@radix-ui/react-slot/dist/index.mjs:25:11
    at file:///home/ayush/Desktop/RS-Monolith/agent/node_modules/@radix-ui/react-slot/dist/index.mjs:6:11
    at file:///home/ayush/Desktop/RS-Monolith/agent/node_modules/@radix-ui/react-primitive/dist/index.mjs:26:13
    at file:///home/ayush/Desktop/RS-Monolith/agent/node_modules/@radix-ui/react-portal/dist/index.mjs:11:22
    at SelectPortal
    at /home/ayush/Desktop/RS-Monolith/agent/src/components/ui/select.tsx:106:59
    at Provider (file:///home/ayush/Desktop/RS-Monolith/agent/node_modules/@radix-ui/react-context/dist/index.mjs:27:15)
    at Provider (file:///home/ayush/Desktop/RS-Monolith/agent/node_modules/@radix-ui/react-collection/node_modules/@radix-ui/react-context/dist/index.mjs:27:15)
    at CollectionProvider (file:///home/ayush/Desktop/RS-Monolith/agent/node_modules/@radix-ui/react-collection/dist/index.mjs:17:13)
    at Provider (file:///home/ayush/Desktop/RS-Monolith/agent/node_modules/@radix-ui/react-context/dist/index.mjs:27:15)
    at Provider (file:///home/ayush/Desktop/RS-Monolith/agent/node_modules/@radix-ui/react-popper/node_modules/@radix-ui/react-context/dist/index.mjs:27:15)
    at Popper (file:///home/ayush/Desktop/RS-Monolith/agent/node_modules/@radix-ui/react-popper/dist/index.mjs:30:11)
    at Select (file:///home/ayush/Desktop/RS-Monolith/agent/node_modules/@radix-ui/react-select/dist/index.mjs:42:5)
    at div
    at section
    at div
    at div
    at div
    at file:///home/ayush/Desktop/RS-Monolith/agent/node_modules/@radix-ui/react-primitive/dist/index.mjs:26:13
    at file:///home/ayush/Desktop/RS-Monolith/agent/node_modules/@radix-ui/react-scroll-area/dist/index.mjs:94:13
    at div
    at file:///home/ayush/Desktop/RS-Monolith/agent/node_modules/@radix-ui/react-primitive/dist/index.mjs:26:13
    at Provider (file:///home/ayush/Desktop/RS-Monolith/agent/node_modules/@radix-ui/react-context/dist/index.mjs:27:15)
    at file:///home/ayush/Desktop/RS-Monolith/agent/node_modules/@radix-ui/react-scroll-area/dist/index.mjs:32:7
    at /home/ayush/Desktop/RS-Monolith/agent/src/components/ui/scroll-area.tsx:11:56
    at div
    at file:///home/ayush/Desktop/RS-Monolith/agent/node_modules/@radix-ui/react-primitive/dist/index.mjs:26:13
    at file:///home/ayush/Desktop/RS-Monolith/agent/node_modules/@radix-ui/react-dismissable-layer/dist/index.mjs:24:7
    at file:///home/ayush/Desktop/RS-Monolith/agent/node_modules/@radix-ui/react-slot/dist/index.mjs:25:11
    at file:///home/ayush/Desktop/RS-Monolith/agent/node_modules/@radix-ui/react-slot/dist/index.mjs:6:11
    at file:///home/ayush/Desktop/RS-Monolith/agent/node_modules/@radix-ui/react-primitive/dist/index.mjs:26:13
    at file:///home/ayush/Desktop/RS-Monolith/agent/node_modules/@radix-ui/react-focus-scope/dist/index.mjs:15:5
    at file:///home/ayush/Desktop/RS-Monolith/agent/node_modules/@radix-ui/react-dialog/dist/index.mjs:204:13
    at file:///home/ayush/Desktop/RS-Monolith/agent/node_modules/@radix-ui/react-dialog/dist/index.mjs:130:58
    at Presence (file:///home/ayush/Desktop/RS-Monolith/agent/node_modules/@radix-ui/react-presence/dist/index.mjs:19:11)
    at file:///home/ayush/Desktop/RS-Monolith/agent/node_modules/@radix-ui/react-dialog/dist/index.mjs:121:64
    at file:///home/ayush/Desktop/RS-Monolith/agent/node_modules/@radix-ui/react-slot/dist/index.mjs:25:11
    at file:///home/ayush/Desktop/RS-Monolith/agent/node_modules/@radix-ui/react-slot/dist/index.mjs:6:11
    at file:///home/ayush/Desktop/RS-Monolith/agent/node_modules/@radix-ui/react-primitive/dist/index.mjs:26:13
    at file:///home/ayush/Desktop/RS-Monolith/agent/node_modules/@radix-ui/react-portal/dist/index.mjs:11:22
    at Presence (file:///home/ayush/Desktop/RS-Monolith/agent/node_modules/@radix-ui/react-presence/dist/index.mjs:19:11)
    at Provider (file:///home/ayush/Desktop/RS-Monolith/agent/node_modules/@radix-ui/react-context/dist/index.mjs:27:15)
    at DialogPortal (file:///home/ayush/Desktop/RS-Monolith/agent/node_modules/@radix-ui/react-dialog/dist/index.mjs:84:11)
    at /home/ayush/Desktop/RS-Monolith/agent/src/components/ui/sheet.tsx:63:58
    at Provider (file:///home/ayush/Desktop/RS-Monolith/agent/node_modules/@radix-ui/react-context/dist/index.mjs:27:15)
    at Dialog (file:///home/ayush/Desktop/RS-Monolith/agent/node_modules/@radix-ui/react-dialog/dist/index.mjs:25:5)
    at BookingDetailsSheet (/home/ayush/Desktop/RS-Monolith/agent/src/components/booking/BookingDetailsSheet.tsx:38:32)
Warning: An update to Select inside a test was not wrapped in act(...).

When testing, code that causes React state updates should be wrapped into act(...):

act(() => {
  /* fire events that update state */
});
/* assert on the output */

This ensures that you're testing the behavior the user would see in the browser. Learn more at https://reactjs.org/link/wrap-tests-with-act
    at Select (file:///home/ayush/Desktop/RS-Monolith/agent/node_modules/@radix-ui/react-select/dist/index.mjs:42:5)
    at div
    at section
    at div
    at div
    at div
    at file:///home/ayush/Desktop/RS-Monolith/agent/node_modules/@radix-ui/react-primitive/dist/index.mjs:26:13
    at file:///home/ayush/Desktop/RS-Monolith/agent/node_modules/@radix-ui/react-scroll-area/dist/index.mjs:94:13
    at div
    at file:///home/ayush/Desktop/RS-Monolith/agent/node_modules/@radix-ui/react-primitive/dist/index.mjs:26:13
    at Provider (file:///home/ayush/Desktop/RS-Monolith/agent/node_modules/@radix-ui/react-context/dist/index.mjs:27:15)
    at file:///home/ayush/Desktop/RS-Monolith/agent/node_modules/@radix-ui/react-scroll-area/dist/index.mjs:32:7
    at /home/ayush/Desktop/RS-Monolith/agent/src/components/ui/scroll-area.tsx:11:56
    at div
    at file:///home/ayush/Desktop/RS-Monolith/agent/node_modules/@radix-ui/react-primitive/dist/index.mjs:26:13
    at file:///home/ayush/Desktop/RS-Monolith/agent/node_modules/@radix-ui/react-dismissable-layer/dist/index.mjs:24:7
    at file:///home/ayush/Desktop/RS-Monolith/agent/node_modules/@radix-ui/react-slot/dist/index.mjs:25:11
    at file:///home/ayush/Desktop/RS-Monolith/agent/node_modules/@radix-ui/react-slot/dist/index.mjs:6:11
    at file:///home/ayush/Desktop/RS-Monolith/agent/node_modules/@radix-ui/react-primitive/dist/index.mjs:26:13
    at file:///home/ayush/Desktop/RS-Monolith/agent/node_modules/@radix-ui/react-focus-scope/dist/index.mjs:15:5
    at file:///home/ayush/Desktop/RS-Monolith/agent/node_modules/@radix-ui/react-dialog/dist/index.mjs:204:13
    at file:///home/ayush/Desktop/RS-Monolith/agent/node_modules/@radix-ui/react-dialog/dist/index.mjs:130:58
    at Presence (file:///home/ayush/Desktop/RS-Monolith/agent/node_modules/@radix-ui/react-presence/dist/index.mjs:19:11)
    at file:///home/ayush/Desktop/RS-Monolith/agent/node_modules/@radix-ui/react-dialog/dist/index.mjs:121:64
    at file:///home/ayush/Desktop/RS-Monolith/agent/node_modules/@radix-ui/react-slot/dist/index.mjs:25:11
    at file:///home/ayush/Desktop/RS-Monolith/agent/node_modules/@radix-ui/react-slot/dist/index.mjs:6:11
    at file:///home/ayush/Desktop/RS-Monolith/agent/node_modules/@radix-ui/react-primitive/dist/index.mjs:26:13
    at file:///home/ayush/Desktop/RS-Monolith/agent/node_modules/@radix-ui/react-portal/dist/index.mjs:11:22
    at Presence (file:///home/ayush/Desktop/RS-Monolith/agent/node_modules/@radix-ui/react-presence/dist/index.mjs:19:11)
    at Provider (file:///home/ayush/Desktop/RS-Monolith/agent/node_modules/@radix-ui/react-context/dist/index.mjs:27:15)
    at DialogPortal (file:///home/ayush/Desktop/RS-Monolith/agent/node_modules/@radix-ui/react-dialog/dist/index.mjs:84:11)
    at /home/ayush/Desktop/RS-Monolith/agent/src/components/ui/sheet.tsx:63:58
    at Provider (file:///home/ayush/Desktop/RS-Monolith/agent/node_modules/@radix-ui/react-context/dist/index.mjs:27:15)
    at Dialog (file:///home/ayush/Desktop/RS-Monolith/agent/node_modules/@radix-ui/react-dialog/dist/index.mjs:25:5)
    at BookingDetailsSheet (/home/ayush/Desktop/RS-Monolith/agent/src/components/booking/BookingDetailsSheet.tsx:38:32)
Warning: An update to SelectItemText inside a test was not wrapped in act(...).

When testing, code that causes React state updates should be wrapped into act(...):

act(() => {
  /* fire events that update state */
});
/* assert on the output */

This ensures that you're testing the behavior the user would see in the browser. Learn more at https://reactjs.org/link/wrap-tests-with-act
    at file:///home/ayush/Desktop/RS-Monolith/agent/node_modules/@radix-ui/react-select/dist/index.mjs:898:13
    at div
    at file:///home/ayush/Desktop/RS-Monolith/agent/node_modules/@radix-ui/react-primitive/dist/index.mjs:26:13
    at file:///home/ayush/Desktop/RS-Monolith/agent/node_modules/@radix-ui/react-slot/dist/index.mjs:25:11
    at file:///home/ayush/Desktop/RS-Monolith/agent/node_modules/@radix-ui/react-slot/dist/index.mjs:6:11
    at file:///home/ayush/Desktop/RS-Monolith/agent/node_modules/@radix-ui/react-collection/dist/index.mjs:37:15
    at Provider (file:///home/ayush/Desktop/RS-Monolith/agent/node_modules/@radix-ui/react-context/dist/index.mjs:27:15)
    at file:///home/ayush/Desktop/RS-Monolith/agent/node_modules/@radix-ui/react-select/dist/index.mjs:797:7
    at /home/ayush/Desktop/RS-Monolith/agent/src/components/ui/select.tsx:179:56
    at div
    at file:///home/ayush/Desktop/RS-Monolith/agent/node_modules/@radix-ui/react-primitive/dist/index.mjs:26:13
    at file:///home/ayush/Desktop/RS-Monolith/agent/node_modules/@radix-ui/react-slot/dist/index.mjs:25:11
    at file:///home/ayush/Desktop/RS-Monolith/agent/node_modules/@radix-ui/react-slot/dist/index.mjs:6:11
    at file:///home/ayush/Desktop/RS-Monolith/agent/node_modules/@radix-ui/react-collection/dist/index.mjs:26:15
    at file:///home/ayush/Desktop/RS-Monolith/agent/node_modules/@radix-ui/react-select/dist/index.mjs:708:13
    at div
    at file:///home/ayush/Desktop/RS-Monolith/agent/node_modules/@radix-ui/react-slot/dist/index.mjs:25:11
    at file:///home/ayush/Desktop/RS-Monolith/agent/node_modules/@radix-ui/react-slot/dist/index.mjs:6:11
    at file:///home/ayush/Desktop/RS-Monolith/agent/node_modules/@radix-ui/react-collection/dist/index.mjs:26:15
    at Provider (file:///home/ayush/Desktop/RS-Monolith/agent/node_modules/@radix-ui/react-context/dist/index.mjs:27:15)
    at file:///home/ayush/Desktop/RS-Monolith/agent/node_modules/@radix-ui/react-select/dist/index.mjs:254:58
    at file:///home/ayush/Desktop/RS-Monolith/agent/node_modules/@radix-ui/react-slot/dist/index.mjs:25:11
    at file:///home/ayush/Desktop/RS-Monolith/agent/node_modules/@radix-ui/react-slot/dist/index.mjs:6:11
    at file:///home/ayush/Desktop/RS-Monolith/agent/node_modules/@radix-ui/react-primitive/dist/index.mjs:26:13
    at file:///home/ayush/Desktop/RS-Monolith/agent/node_modules/@radix-ui/react-portal/dist/index.mjs:11:22
    at SelectPortal
    at /home/ayush/Desktop/RS-Monolith/agent/src/components/ui/select.tsx:106:59
    at Provider (file:///home/ayush/Desktop/RS-Monolith/agent/node_modules/@radix-ui/react-context/dist/index.mjs:27:15)
    at Provider (file:///home/ayush/Desktop/RS-Monolith/agent/node_modules/@radix-ui/react-collection/node_modules/@radix-ui/react-context/dist/index.mjs:27:15)
    at CollectionProvider (file:///home/ayush/Desktop/RS-Monolith/agent/node_modules/@radix-ui/react-collection/dist/index.mjs:17:13)
    at Provider (file:///home/ayush/Desktop/RS-Monolith/agent/node_modules/@radix-ui/react-context/dist/index.mjs:27:15)
    at Provider (file:///home/ayush/Desktop/RS-Monolith/agent/node_modules/@radix-ui/react-popper/node_modules/@radix-ui/react-context/dist/index.mjs:27:15)
    at Popper (file:///home/ayush/Desktop/RS-Monolith/agent/node_modules/@radix-ui/react-popper/dist/index.mjs:30:11)
    at Select (file:///home/ayush/Desktop/RS-Monolith/agent/node_modules/@radix-ui/react-select/dist/index.mjs:42:5)
    at div
    at section
    at div
    at div
    at div
    at file:///home/ayush/Desktop/RS-Monolith/agent/node_modules/@radix-ui/react-primitive/dist/index.mjs:26:13
    at file:///home/ayush/Desktop/RS-Monolith/agent/node_modules/@radix-ui/react-scroll-area/dist/index.mjs:94:13
    at div
    at file:///home/ayush/Desktop/RS-Monolith/agent/node_modules/@radix-ui/react-primitive/dist/index.mjs:26:13
    at Provider (file:///home/ayush/Desktop/RS-Monolith/agent/node_modules/@radix-ui/react-context/dist/index.mjs:27:15)
    at file:///home/ayush/Desktop/RS-Monolith/agent/node_modules/@radix-ui/react-scroll-area/dist/index.mjs:32:7
    at /home/ayush/Desktop/RS-Monolith/agent/src/components/ui/scroll-area.tsx:11:56
    at div
    at file:///home/ayush/Desktop/RS-Monolith/agent/node_modules/@radix-ui/react-primitive/dist/index.mjs:26:13
    at file:///home/ayush/Desktop/RS-Monolith/agent/node_modules/@radix-ui/react-dismissable-layer/dist/index.mjs:24:7
    at file:///home/ayush/Desktop/RS-Monolith/agent/node_modules/@radix-ui/react-slot/dist/index.mjs:25:11
    at file:///home/ayush/Desktop/RS-Monolith/agent/node_modules/@radix-ui/react-slot/dist/index.mjs:6:11
    at file:///home/ayush/Desktop/RS-Monolith/agent/node_modules/@radix-ui/react-primitive/dist/index.mjs:26:13
    at file:///home/ayush/Desktop/RS-Monolith/agent/node_modules/@radix-ui/react-focus-scope/dist/index.mjs:15:5
    at file:///home/ayush/Desktop/RS-Monolith/agent/node_modules/@radix-ui/react-dialog/dist/index.mjs:204:13
    at file:///home/ayush/Desktop/RS-Monolith/agent/node_modules/@radix-ui/react-dialog/dist/index.mjs:130:58
    at Presence (file:///home/ayush/Desktop/RS-Monolith/agent/node_modules/@radix-ui/react-presence/dist/index.mjs:19:11)
    at file:///home/ayush/Desktop/RS-Monolith/agent/node_modules/@radix-ui/react-dialog/dist/index.mjs:121:64
    at file:///home/ayush/Desktop/RS-Monolith/agent/node_modules/@radix-ui/react-slot/dist/index.mjs:25:11
    at file:///home/ayush/Desktop/RS-Monolith/agent/node_modules/@radix-ui/react-slot/dist/index.mjs:6:11
    at file:///home/ayush/Desktop/RS-Monolith/agent/node_modules/@radix-ui/react-primitive/dist/index.mjs:26:13
    at file:///home/ayush/Desktop/RS-Monolith/agent/node_modules/@radix-ui/react-portal/dist/index.mjs:11:22
    at Presence (file:///home/ayush/Desktop/RS-Monolith/agent/node_modules/@radix-ui/react-presence/dist/index.mjs:19:11)
    at Provider (file:///home/ayush/Desktop/RS-Monolith/agent/node_modules/@radix-ui/react-context/dist/index.mjs:27:15)
    at DialogPortal (file:///home/ayush/Desktop/RS-Monolith/agent/node_modules/@radix-ui/react-dialog/dist/index.mjs:84:11)
    at /home/ayush/Desktop/RS-Monolith/agent/src/components/ui/sheet.tsx:63:58
    at Provider (file:///home/ayush/Desktop/RS-Monolith/agent/node_modules/@radix-ui/react-context/dist/index.mjs:27:15)
    at Dialog (file:///home/ayush/Desktop/RS-Monolith/agent/node_modules/@radix-ui/react-dialog/dist/index.mjs:25:5)
    at BookingDetailsSheet (/home/ayush/Desktop/RS-Monolith/agent/src/components/booking/BookingDetailsSheet.tsx:38:32)
Warning: An update to SelectItem inside a test was not wrapped in act(...).

When testing, code that causes React state updates should be wrapped into act(...):

act(() => {
  /* fire events that update state */
});
/* assert on the output */

This ensures that you're testing the behavior the user would see in the browser. Learn more at https://reactjs.org/link/wrap-tests-with-act
    at file:///home/ayush/Desktop/RS-Monolith/agent/node_modules/@radix-ui/react-select/dist/index.mjs:797:7
    at /home/ayush/Desktop/RS-Monolith/agent/src/components/ui/select.tsx:179:56
    at div
    at file:///home/ayush/Desktop/RS-Monolith/agent/node_modules/@radix-ui/react-primitive/dist/index.mjs:26:13
    at file:///home/ayush/Desktop/RS-Monolith/agent/node_modules/@radix-ui/react-slot/dist/index.mjs:25:11
    at file:///home/ayush/Desktop/RS-Monolith/agent/node_modules/@radix-ui/react-slot/dist/index.mjs:6:11
    at file:///home/ayush/Desktop/RS-Monolith/agent/node_modules/@radix-ui/react-collection/dist/index.mjs:26:15
    at file:///home/ayush/Desktop/RS-Monolith/agent/node_modules/@radix-ui/react-select/dist/index.mjs:708:13
    at div
    at file:///home/ayush/Desktop/RS-Monolith/agent/node_modules/@radix-ui/react-slot/dist/index.mjs:25:11
    at file:///home/ayush/Desktop/RS-Monolith/agent/node_modules/@radix-ui/react-slot/dist/index.mjs:6:11
    at file:///home/ayush/Desktop/RS-Monolith/agent/node_modules/@radix-ui/react-collection/dist/index.mjs:26:15
    at Provider (file:///home/ayush/Desktop/RS-Monolith/agent/node_modules/@radix-ui/react-context/dist/index.mjs:27:15)
    at file:///home/ayush/Desktop/RS-Monolith/agent/node_modules/@radix-ui/react-select/dist/index.mjs:254:58
    at file:///home/ayush/Desktop/RS-Monolith/agent/node_modules/@radix-ui/react-slot/dist/index.mjs:25:11
    at file:///home/ayush/Desktop/RS-Monolith/agent/node_modules/@radix-ui/react-slot/dist/index.mjs:6:11
    at file:///home/ayush/Desktop/RS-Monolith/agent/node_modules/@radix-ui/react-primitive/dist/index.mjs:26:13
    at file:///home/ayush/Desktop/RS-Monolith/agent/node_modules/@radix-ui/react-portal/dist/index.mjs:11:22
    at SelectPortal
    at /home/ayush/Desktop/RS-Monolith/agent/src/components/ui/select.tsx:106:59
    at Provider (file:///home/ayush/Desktop/RS-Monolith/agent/node_modules/@radix-ui/react-context/dist/index.mjs:27:15)
    at Provider (file:///home/ayush/Desktop/RS-Monolith/agent/node_modules/@radix-ui/react-collection/node_modules/@radix-ui/react-context/dist/index.mjs:27:15)
    at CollectionProvider (file:///home/ayush/Desktop/RS-Monolith/agent/node_modules/@radix-ui/react-collection/dist/index.mjs:17:13)
    at Provider (file:///home/ayush/Desktop/RS-Monolith/agent/node_modules/@radix-ui/react-context/dist/index.mjs:27:15)
    at Provider (file:///home/ayush/Desktop/RS-Monolith/agent/node_modules/@radix-ui/react-popper/node_modules/@radix-ui/react-context/dist/index.mjs:27:15)
    at Popper (file:///home/ayush/Desktop/RS-Monolith/agent/node_modules/@radix-ui/react-popper/dist/index.mjs:30:11)
    at Select (file:///home/ayush/Desktop/RS-Monolith/agent/node_modules/@radix-ui/react-select/dist/index.mjs:42:5)
    at div
    at section
    at div
    at div
    at div
    at file:///home/ayush/Desktop/RS-Monolith/agent/node_modules/@radix-ui/react-primitive/dist/index.mjs:26:13
    at file:///home/ayush/Desktop/RS-Monolith/agent/node_modules/@radix-ui/react-scroll-area/dist/index.mjs:94:13
    at div
    at file:///home/ayush/Desktop/RS-Monolith/agent/node_modules/@radix-ui/react-primitive/dist/index.mjs:26:13
    at Provider (file:///home/ayush/Desktop/RS-Monolith/agent/node_modules/@radix-ui/react-context/dist/index.mjs:27:15)
    at file:///home/ayush/Desktop/RS-Monolith/agent/node_modules/@radix-ui/react-scroll-area/dist/index.mjs:32:7
    at /home/ayush/Desktop/RS-Monolith/agent/src/components/ui/scroll-area.tsx:11:56
    at div
    at file:///home/ayush/Desktop/RS-Monolith/agent/node_modules/@radix-ui/react-primitive/dist/index.mjs:26:13
    at file:///home/ayush/Desktop/RS-Monolith/agent/node_modules/@radix-ui/react-dismissable-layer/dist/index.mjs:24:7
    at file:///home/ayush/Desktop/RS-Monolith/agent/node_modules/@radix-ui/react-slot/dist/index.mjs:25:11
    at file:///home/ayush/Desktop/RS-Monolith/agent/node_modules/@radix-ui/react-slot/dist/index.mjs:6:11
    at file:///home/ayush/Desktop/RS-Monolith/agent/node_modules/@radix-ui/react-primitive/dist/index.mjs:26:13
    at file:///home/ayush/Desktop/RS-Monolith/agent/node_modules/@radix-ui/react-focus-scope/dist/index.mjs:15:5
    at file:///home/ayush/Desktop/RS-Monolith/agent/node_modules/@radix-ui/react-dialog/dist/index.mjs:204:13
    at file:///home/ayush/Desktop/RS-Monolith/agent/node_modules/@radix-ui/react-dialog/dist/index.mjs:130:58
    at Presence (file:///home/ayush/Desktop/RS-Monolith/agent/node_modules/@radix-ui/react-presence/dist/index.mjs:19:11)
    at file:///home/ayush/Desktop/RS-Monolith/agent/node_modules/@radix-ui/react-dialog/dist/index.mjs:121:64
    at file:///home/ayush/Desktop/RS-Monolith/agent/node_modules/@radix-ui/react-slot/dist/index.mjs:25:11
    at file:///home/ayush/Desktop/RS-Monolith/agent/node_modules/@radix-ui/react-slot/dist/index.mjs:6:11
    at file:///home/ayush/Desktop/RS-Monolith/agent/node_modules/@radix-ui/react-primitive/dist/index.mjs:26:13
    at file:///home/ayush/Desktop/RS-Monolith/agent/node_modules/@radix-ui/react-portal/dist/index.mjs:11:22
    at Presence (file:///home/ayush/Desktop/RS-Monolith/agent/node_modules/@radix-ui/react-presence/dist/index.mjs:19:11)
    at Provider (file:///home/ayush/Desktop/RS-Monolith/agent/node_modules/@radix-ui/react-context/dist/index.mjs:27:15)
    at DialogPortal (file:///home/ayush/Desktop/RS-Monolith/agent/node_modules/@radix-ui/react-dialog/dist/index.mjs:84:11)
    at /home/ayush/Desktop/RS-Monolith/agent/src/components/ui/sheet.tsx:63:58
    at Provider (file:///home/ayush/Desktop/RS-Monolith/agent/node_modules/@radix-ui/react-context/dist/index.mjs:27:15)
    at Dialog (file:///home/ayush/Desktop/RS-Monolith/agent/node_modules/@radix-ui/react-dialog/dist/index.mjs:25:5)
    at BookingDetailsSheet (/home/ayush/Desktop/RS-Monolith/agent/src/components/booking/BookingDetailsSheet.tsx:38:32)
Warning: An update to Select inside a test was not wrapped in act(...).

When testing, code that causes React state updates should be wrapped into act(...):

act(() => {
  /* fire events that update state */
});
/* assert on the output */

This ensures that you're testing the behavior the user would see in the browser. Learn more at https://reactjs.org/link/wrap-tests-with-act
    at Select (file:///home/ayush/Desktop/RS-Monolith/agent/node_modules/@radix-ui/react-select/dist/index.mjs:42:5)
    at div
    at section
    at div
    at div
    at div
    at file:///home/ayush/Desktop/RS-Monolith/agent/node_modules/@radix-ui/react-primitive/dist/index.mjs:26:13
    at file:///home/ayush/Desktop/RS-Monolith/agent/node_modules/@radix-ui/react-scroll-area/dist/index.mjs:94:13
    at div
    at file:///home/ayush/Desktop/RS-Monolith/agent/node_modules/@radix-ui/react-primitive/dist/index.mjs:26:13
    at Provider (file:///home/ayush/Desktop/RS-Monolith/agent/node_modules/@radix-ui/react-context/dist/index.mjs:27:15)
    at file:///home/ayush/Desktop/RS-Monolith/agent/node_modules/@radix-ui/react-scroll-area/dist/index.mjs:32:7
    at /home/ayush/Desktop/RS-Monolith/agent/src/components/ui/scroll-area.tsx:11:56
    at div
    at file:///home/ayush/Desktop/RS-Monolith/agent/node_modules/@radix-ui/react-primitive/dist/index.mjs:26:13
    at file:///home/ayush/Desktop/RS-Monolith/agent/node_modules/@radix-ui/react-dismissable-layer/dist/index.mjs:24:7
    at file:///home/ayush/Desktop/RS-Monolith/agent/node_modules/@radix-ui/react-slot/dist/index.mjs:25:11
    at file:///home/ayush/Desktop/RS-Monolith/agent/node_modules/@radix-ui/react-slot/dist/index.mjs:6:11
    at file:///home/ayush/Desktop/RS-Monolith/agent/node_modules/@radix-ui/react-primitive/dist/index.mjs:26:13
    at file:///home/ayush/Desktop/RS-Monolith/agent/node_modules/@radix-ui/react-focus-scope/dist/index.mjs:15:5
    at file:///home/ayush/Desktop/RS-Monolith/agent/node_modules/@radix-ui/react-dialog/dist/index.mjs:204:13
    at file:///home/ayush/Desktop/RS-Monolith/agent/node_modules/@radix-ui/react-dialog/dist/index.mjs:130:58
    at Presence (file:///home/ayush/Desktop/RS-Monolith/agent/node_modules/@radix-ui/react-presence/dist/index.mjs:19:11)
    at file:///home/ayush/Desktop/RS-Monolith/agent/node_modules/@radix-ui/react-dialog/dist/index.mjs:121:64
    at file:///home/ayush/Desktop/RS-Monolith/agent/node_modules/@radix-ui/react-slot/dist/index.mjs:25:11
    at file:///home/ayush/Desktop/RS-Monolith/agent/node_modules/@radix-ui/react-slot/dist/index.mjs:6:11
    at file:///home/ayush/Desktop/RS-Monolith/agent/node_modules/@radix-ui/react-primitive/dist/index.mjs:26:13
    at file:///home/ayush/Desktop/RS-Monolith/agent/node_modules/@radix-ui/react-portal/dist/index.mjs:11:22
    at Presence (file:///home/ayush/Desktop/RS-Monolith/agent/node_modules/@radix-ui/react-presence/dist/index.mjs:19:11)
    at Provider (file:///home/ayush/Desktop/RS-Monolith/agent/node_modules/@radix-ui/react-context/dist/index.mjs:27:15)
    at DialogPortal (file:///home/ayush/Desktop/RS-Monolith/agent/node_modules/@radix-ui/react-dialog/dist/index.mjs:84:11)
    at /home/ayush/Desktop/RS-Monolith/agent/src/components/ui/sheet.tsx:63:58
    at Provider (file:///home/ayush/Desktop/RS-Monolith/agent/node_modules/@radix-ui/react-context/dist/index.mjs:27:15)
    at Dialog (file:///home/ayush/Desktop/RS-Monolith/agent/node_modules/@radix-ui/react-dialog/dist/index.mjs:25:5)
    at BookingDetailsSheet (/home/ayush/Desktop/RS-Monolith/agent/src/components/booking/BookingDetailsSheet.tsx:38:32)
Warning: An update to SelectItemText inside a test was not wrapped in act(...).

When testing, code that causes React state updates should be wrapped into act(...):

act(() => {
  /* fire events that update state */
});
/* assert on the output */

This ensures that you're testing the behavior the user would see in the browser. Learn more at https://reactjs.org/link/wrap-tests-with-act
    at file:///home/ayush/Desktop/RS-Monolith/agent/node_modules/@radix-ui/react-select/dist/index.mjs:898:13
    at div
    at file:///home/ayush/Desktop/RS-Monolith/agent/node_modules/@radix-ui/react-primitive/dist/index.mjs:26:13
    at file:///home/ayush/Desktop/RS-Monolith/agent/node_modules/@radix-ui/react-slot/dist/index.mjs:25:11
    at file:///home/ayush/Desktop/RS-Monolith/agent/node_modules/@radix-ui/react-slot/dist/index.mjs:6:11
    at file:///home/ayush/Desktop/RS-Monolith/agent/node_modules/@radix-ui/react-collection/dist/index.mjs:37:15
    at Provider (file:///home/ayush/Desktop/RS-Monolith/agent/node_modules/@radix-ui/react-context/dist/index.mjs:27:15)
    at file:///home/ayush/Desktop/RS-Monolith/agent/node_modules/@radix-ui/react-select/dist/index.mjs:797:7
    at /home/ayush/Desktop/RS-Monolith/agent/src/components/ui/select.tsx:179:56
    at div
    at file:///home/ayush/Desktop/RS-Monolith/agent/node_modules/@radix-ui/react-primitive/dist/index.mjs:26:13
    at file:///home/ayush/Desktop/RS-Monolith/agent/node_modules/@radix-ui/react-slot/dist/index.mjs:25:11
    at file:///home/ayush/Desktop/RS-Monolith/agent/node_modules/@radix-ui/react-slot/dist/index.mjs:6:11
    at file:///home/ayush/Desktop/RS-Monolith/agent/node_modules/@radix-ui/react-collection/dist/index.mjs:26:15
    at file:///home/ayush/Desktop/RS-Monolith/agent/node_modules/@radix-ui/react-select/dist/index.mjs:708:13
    at div
    at file:///home/ayush/Desktop/RS-Monolith/agent/node_modules/@radix-ui/react-slot/dist/index.mjs:25:11
    at file:///home/ayush/Desktop/RS-Monolith/agent/node_modules/@radix-ui/react-slot/dist/index.mjs:6:11
    at file:///home/ayush/Desktop/RS-Monolith/agent/node_modules/@radix-ui/react-collection/dist/index.mjs:26:15
    at Provider (file:///home/ayush/Desktop/RS-Monolith/agent/node_modules/@radix-ui/react-context/dist/index.mjs:27:15)
    at file:///home/ayush/Desktop/RS-Monolith/agent/node_modules/@radix-ui/react-select/dist/index.mjs:254:58
    at file:///home/ayush/Desktop/RS-Monolith/agent/node_modules/@radix-ui/react-slot/dist/index.mjs:25:11
    at file:///home/ayush/Desktop/RS-Monolith/agent/node_modules/@radix-ui/react-slot/dist/index.mjs:6:11
    at file:///home/ayush/Desktop/RS-Monolith/agent/node_modules/@radix-ui/react-primitive/dist/index.mjs:26:13
    at file:///home/ayush/Desktop/RS-Monolith/agent/node_modules/@radix-ui/react-portal/dist/index.mjs:11:22
    at SelectPortal
    at /home/ayush/Desktop/RS-Monolith/agent/src/components/ui/select.tsx:106:59
    at Provider (file:///home/ayush/Desktop/RS-Monolith/agent/node_modules/@radix-ui/react-context/dist/index.mjs:27:15)
    at Provider (file:///home/ayush/Desktop/RS-Monolith/agent/node_modules/@radix-ui/react-collection/node_modules/@radix-ui/react-context/dist/index.mjs:27:15)
    at CollectionProvider (file:///home/ayush/Desktop/RS-Monolith/agent/node_modules/@radix-ui/react-collection/dist/index.mjs:17:13)
    at Provider (file:///home/ayush/Desktop/RS-Monolith/agent/node_modules/@radix-ui/react-context/dist/index.mjs:27:15)
    at Provider (file:///home/ayush/Desktop/RS-Monolith/agent/node_modules/@radix-ui/react-popper/node_modules/@radix-ui/react-context/dist/index.mjs:27:15)
    at Popper (file:///home/ayush/Desktop/RS-Monolith/agent/node_modules/@radix-ui/react-popper/dist/index.mjs:30:11)
    at Select (file:///home/ayush/Desktop/RS-Monolith/agent/node_modules/@radix-ui/react-select/dist/index.mjs:42:5)
    at div
    at section
    at div
    at div
    at div
    at file:///home/ayush/Desktop/RS-Monolith/agent/node_modules/@radix-ui/react-primitive/dist/index.mjs:26:13
    at file:///home/ayush/Desktop/RS-Monolith/agent/node_modules/@radix-ui/react-scroll-area/dist/index.mjs:94:13
    at div
    at file:///home/ayush/Desktop/RS-Monolith/agent/node_modules/@radix-ui/react-primitive/dist/index.mjs:26:13
    at Provider (file:///home/ayush/Desktop/RS-Monolith/agent/node_modules/@radix-ui/react-context/dist/index.mjs:27:15)
    at file:///home/ayush/Desktop/RS-Monolith/agent/node_modules/@radix-ui/react-scroll-area/dist/index.mjs:32:7
    at /home/ayush/Desktop/RS-Monolith/agent/src/components/ui/scroll-area.tsx:11:56
    at div
    at file:///home/ayush/Desktop/RS-Monolith/agent/node_modules/@radix-ui/react-primitive/dist/index.mjs:26:13
    at file:///home/ayush/Desktop/RS-Monolith/agent/node_modules/@radix-ui/react-dismissable-layer/dist/index.mjs:24:7
    at file:///home/ayush/Desktop/RS-Monolith/agent/node_modules/@radix-ui/react-slot/dist/index.mjs:25:11
    at file:///home/ayush/Desktop/RS-Monolith/agent/node_modules/@radix-ui/react-slot/dist/index.mjs:6:11
    at file:///home/ayush/Desktop/RS-Monolith/agent/node_modules/@radix-ui/react-primitive/dist/index.mjs:26:13
    at file:///home/ayush/Desktop/RS-Monolith/agent/node_modules/@radix-ui/react-focus-scope/dist/index.mjs:15:5
    at file:///home/ayush/Desktop/RS-Monolith/agent/node_modules/@radix-ui/react-dialog/dist/index.mjs:204:13
    at file:///home/ayush/Desktop/RS-Monolith/agent/node_modules/@radix-ui/react-dialog/dist/index.mjs:130:58
    at Presence (file:///home/ayush/Desktop/RS-Monolith/agent/node_modules/@radix-ui/react-presence/dist/index.mjs:19:11)
    at file:///home/ayush/Desktop/RS-Monolith/agent/node_modules/@radix-ui/react-dialog/dist/index.mjs:121:64
    at file:///home/ayush/Desktop/RS-Monolith/agent/node_modules/@radix-ui/react-slot/dist/index.mjs:25:11
    at file:///home/ayush/Desktop/RS-Monolith/agent/node_modules/@radix-ui/react-slot/dist/index.mjs:6:11
    at file:///home/ayush/Desktop/RS-Monolith/agent/node_modules/@radix-ui/react-primitive/dist/index.mjs:26:13
    at file:///home/ayush/Desktop/RS-Monolith/agent/node_modules/@radix-ui/react-portal/dist/index.mjs:11:22
    at Presence (file:///home/ayush/Desktop/RS-Monolith/agent/node_modules/@radix-ui/react-presence/dist/index.mjs:19:11)
    at Provider (file:///home/ayush/Desktop/RS-Monolith/agent/node_modules/@radix-ui/react-context/dist/index.mjs:27:15)
    at DialogPortal (file:///home/ayush/Desktop/RS-Monolith/agent/node_modules/@radix-ui/react-dialog/dist/index.mjs:84:11)
    at /home/ayush/Desktop/RS-Monolith/agent/src/components/ui/sheet.tsx:63:58
    at Provider (file:///home/ayush/Desktop/RS-Monolith/agent/node_modules/@radix-ui/react-context/dist/index.mjs:27:15)
    at Dialog (file:///home/ayush/Desktop/RS-Monolith/agent/node_modules/@radix-ui/react-dialog/dist/index.mjs:25:5)
    at BookingDetailsSheet (/home/ayush/Desktop/RS-Monolith/agent/src/components/booking/BookingDetailsSheet.tsx:38:32)
Warning: An update to SelectItem inside a test was not wrapped in act(...).

When testing, code that causes React state updates should be wrapped into act(...):

act(() => {
  /* fire events that update state */
});
/* assert on the output */

This ensures that you're testing the behavior the user would see in the browser. Learn more at https://reactjs.org/link/wrap-tests-with-act
    at file:///home/ayush/Desktop/RS-Monolith/agent/node_modules/@radix-ui/react-select/dist/index.mjs:797:7
    at /home/ayush/Desktop/RS-Monolith/agent/src/components/ui/select.tsx:179:56
    at div
    at file:///home/ayush/Desktop/RS-Monolith/agent/node_modules/@radix-ui/react-primitive/dist/index.mjs:26:13
    at file:///home/ayush/Desktop/RS-Monolith/agent/node_modules/@radix-ui/react-slot/dist/index.mjs:25:11
    at file:///home/ayush/Desktop/RS-Monolith/agent/node_modules/@radix-ui/react-slot/dist/index.mjs:6:11
    at file:///home/ayush/Desktop/RS-Monolith/agent/node_modules/@radix-ui/react-collection/dist/index.mjs:26:15
    at file:///home/ayush/Desktop/RS-Monolith/agent/node_modules/@radix-ui/react-select/dist/index.mjs:708:13
    at div
    at file:///home/ayush/Desktop/RS-Monolith/agent/node_modules/@radix-ui/react-slot/dist/index.mjs:25:11
    at file:///home/ayush/Desktop/RS-Monolith/agent/node_modules/@radix-ui/react-slot/dist/index.mjs:6:11
    at file:///home/ayush/Desktop/RS-Monolith/agent/node_modules/@radix-ui/react-collection/dist/index.mjs:26:15
    at Provider (file:///home/ayush/Desktop/RS-Monolith/agent/node_modules/@radix-ui/react-context/dist/index.mjs:27:15)
    at file:///home/ayush/Desktop/RS-Monolith/agent/node_modules/@radix-ui/react-select/dist/index.mjs:254:58
    at file:///home/ayush/Desktop/RS-Monolith/agent/node_modules/@radix-ui/react-slot/dist/index.mjs:25:11
    at file:///home/ayush/Desktop/RS-Monolith/agent/node_modules/@radix-ui/react-slot/dist/index.mjs:6:11
    at file:///home/ayush/Desktop/RS-Monolith/agent/node_modules/@radix-ui/react-primitive/dist/index.mjs:26:13
    at file:///home/ayush/Desktop/RS-Monolith/agent/node_modules/@radix-ui/react-portal/dist/index.mjs:11:22
    at SelectPortal
    at /home/ayush/Desktop/RS-Monolith/agent/src/components/ui/select.tsx:106:59
    at Provider (file:///home/ayush/Desktop/RS-Monolith/agent/node_modules/@radix-ui/react-context/dist/index.mjs:27:15)
    at Provider (file:///home/ayush/Desktop/RS-Monolith/agent/node_modules/@radix-ui/react-collection/node_modules/@radix-ui/react-context/dist/index.mjs:27:15)
    at CollectionProvider (file:///home/ayush/Desktop/RS-Monolith/agent/node_modules/@radix-ui/react-collection/dist/index.mjs:17:13)
    at Provider (file:///home/ayush/Desktop/RS-Monolith/agent/node_modules/@radix-ui/react-context/dist/index.mjs:27:15)
    at Provider (file:///home/ayush/Desktop/RS-Monolith/agent/node_modules/@radix-ui/react-popper/node_modules/@radix-ui/react-context/dist/index.mjs:27:15)
    at Popper (file:///home/ayush/Desktop/RS-Monolith/agent/node_modules/@radix-ui/react-popper/dist/index.mjs:30:11)
    at Select (file:///home/ayush/Desktop/RS-Monolith/agent/node_modules/@radix-ui/react-select/dist/index.mjs:42:5)
    at div
    at section
    at div
    at div
    at div
    at file:///home/ayush/Desktop/RS-Monolith/agent/node_modules/@radix-ui/react-primitive/dist/index.mjs:26:13
    at file:///home/ayush/Desktop/RS-Monolith/agent/node_modules/@radix-ui/react-scroll-area/dist/index.mjs:94:13
    at div
    at file:///home/ayush/Desktop/RS-Monolith/agent/node_modules/@radix-ui/react-primitive/dist/index.mjs:26:13
    at Provider (file:///home/ayush/Desktop/RS-Monolith/agent/node_modules/@radix-ui/react-context/dist/index.mjs:27:15)
    at file:///home/ayush/Desktop/RS-Monolith/agent/node_modules/@radix-ui/react-scroll-area/dist/index.mjs:32:7
    at /home/ayush/Desktop/RS-Monolith/agent/src/components/ui/scroll-area.tsx:11:56
    at div
    at file:///home/ayush/Desktop/RS-Monolith/agent/node_modules/@radix-ui/react-primitive/dist/index.mjs:26:13
    at file:///home/ayush/Desktop/RS-Monolith/agent/node_modules/@radix-ui/react-dismissable-layer/dist/index.mjs:24:7
    at file:///home/ayush/Desktop/RS-Monolith/agent/node_modules/@radix-ui/react-slot/dist/index.mjs:25:11
    at file:///home/ayush/Desktop/RS-Monolith/agent/node_modules/@radix-ui/react-slot/dist/index.mjs:6:11
    at file:///home/ayush/Desktop/RS-Monolith/agent/node_modules/@radix-ui/react-primitive/dist/index.mjs:26:13
    at file:///home/ayush/Desktop/RS-Monolith/agent/node_modules/@radix-ui/react-focus-scope/dist/index.mjs:15:5
    at file:///home/ayush/Desktop/RS-Monolith/agent/node_modules/@radix-ui/react-dialog/dist/index.mjs:204:13
    at file:///home/ayush/Desktop/RS-Monolith/agent/node_modules/@radix-ui/react-dialog/dist/index.mjs:130:58
    at Presence (file:///home/ayush/Desktop/RS-Monolith/agent/node_modules/@radix-ui/react-presence/dist/index.mjs:19:11)
    at file:///home/ayush/Desktop/RS-Monolith/agent/node_modules/@radix-ui/react-dialog/dist/index.mjs:121:64
    at file:///home/ayush/Desktop/RS-Monolith/agent/node_modules/@radix-ui/react-slot/dist/index.mjs:25:11
    at file:///home/ayush/Desktop/RS-Monolith/agent/node_modules/@radix-ui/react-slot/dist/index.mjs:6:11
    at file:///home/ayush/Desktop/RS-Monolith/agent/node_modules/@radix-ui/react-primitive/dist/index.mjs:26:13
    at file:///home/ayush/Desktop/RS-Monolith/agent/node_modules/@radix-ui/react-portal/dist/index.mjs:11:22
    at Presence (file:///home/ayush/Desktop/RS-Monolith/agent/node_modules/@radix-ui/react-presence/dist/index.mjs:19:11)
    at Provider (file:///home/ayush/Desktop/RS-Monolith/agent/node_modules/@radix-ui/react-context/dist/index.mjs:27:15)
    at DialogPortal (file:///home/ayush/Desktop/RS-Monolith/agent/node_modules/@radix-ui/react-dialog/dist/index.mjs:84:11)
    at /home/ayush/Desktop/RS-Monolith/agent/src/components/ui/sheet.tsx:63:58
    at Provider (file:///home/ayush/Desktop/RS-Monolith/agent/node_modules/@radix-ui/react-context/dist/index.mjs:27:15)
    at Dialog (file:///home/ayush/Desktop/RS-Monolith/agent/node_modules/@radix-ui/react-dialog/dist/index.mjs:25:5)
    at BookingDetailsSheet (/home/ayush/Desktop/RS-Monolith/agent/src/components/booking/BookingDetailsSheet.tsx:38:32)
Warning: An update to Select inside a test was not wrapped in act(...).

When testing, code that causes React state updates should be wrapped into act(...):

act(() => {
  /* fire events that update state */
});
/* assert on the output */

This ensures that you're testing the behavior the user would see in the browser. Learn more at https://reactjs.org/link/wrap-tests-with-act
    at Select (file:///home/ayush/Desktop/RS-Monolith/agent/node_modules/@radix-ui/react-select/dist/index.mjs:42:5)
    at div
    at section
    at div
    at div
    at div
    at file:///home/ayush/Desktop/RS-Monolith/agent/node_modules/@radix-ui/react-primitive/dist/index.mjs:26:13
    at file:///home/ayush/Desktop/RS-Monolith/agent/node_modules/@radix-ui/react-scroll-area/dist/index.mjs:94:13
    at div
    at file:///home/ayush/Desktop/RS-Monolith/agent/node_modules/@radix-ui/react-primitive/dist/index.mjs:26:13
    at Provider (file:///home/ayush/Desktop/RS-Monolith/agent/node_modules/@radix-ui/react-context/dist/index.mjs:27:15)
    at file:///home/ayush/Desktop/RS-Monolith/agent/node_modules/@radix-ui/react-scroll-area/dist/index.mjs:32:7
    at /home/ayush/Desktop/RS-Monolith/agent/src/components/ui/scroll-area.tsx:11:56
    at div
    at file:///home/ayush/Desktop/RS-Monolith/agent/node_modules/@radix-ui/react-primitive/dist/index.mjs:26:13
    at file:///home/ayush/Desktop/RS-Monolith/agent/node_modules/@radix-ui/react-dismissable-layer/dist/index.mjs:24:7
    at file:///home/ayush/Desktop/RS-Monolith/agent/node_modules/@radix-ui/react-slot/dist/index.mjs:25:11
    at file:///home/ayush/Desktop/RS-Monolith/agent/node_modules/@radix-ui/react-slot/dist/index.mjs:6:11
    at file:///home/ayush/Desktop/RS-Monolith/agent/node_modules/@radix-ui/react-primitive/dist/index.mjs:26:13
    at file:///home/ayush/Desktop/RS-Monolith/agent/node_modules/@radix-ui/react-focus-scope/dist/index.mjs:15:5
    at file:///home/ayush/Desktop/RS-Monolith/agent/node_modules/@radix-ui/react-dialog/dist/index.mjs:204:13
    at file:///home/ayush/Desktop/RS-Monolith/agent/node_modules/@radix-ui/react-dialog/dist/index.mjs:130:58
    at Presence (file:///home/ayush/Desktop/RS-Monolith/agent/node_modules/@radix-ui/react-presence/dist/index.mjs:19:11)
    at file:///home/ayush/Desktop/RS-Monolith/agent/node_modules/@radix-ui/react-dialog/dist/index.mjs:121:64
    at file:///home/ayush/Desktop/RS-Monolith/agent/node_modules/@radix-ui/react-slot/dist/index.mjs:25:11
    at file:///home/ayush/Desktop/RS-Monolith/agent/node_modules/@radix-ui/react-slot/dist/index.mjs:6:11
    at file:///home/ayush/Desktop/RS-Monolith/agent/node_modules/@radix-ui/react-primitive/dist/index.mjs:26:13
    at file:///home/ayush/Desktop/RS-Monolith/agent/node_modules/@radix-ui/react-portal/dist/index.mjs:11:22
    at Presence (file:///home/ayush/Desktop/RS-Monolith/agent/node_modules/@radix-ui/react-presence/dist/index.mjs:19:11)
    at Provider (file:///home/ayush/Desktop/RS-Monolith/agent/node_modules/@radix-ui/react-context/dist/index.mjs:27:15)
    at DialogPortal (file:///home/ayush/Desktop/RS-Monolith/agent/node_modules/@radix-ui/react-dialog/dist/index.mjs:84:11)
    at /home/ayush/Desktop/RS-Monolith/agent/src/components/ui/sheet.tsx:63:58
    at Provider (file:///home/ayush/Desktop/RS-Monolith/agent/node_modules/@radix-ui/react-context/dist/index.mjs:27:15)
    at Dialog (file:///home/ayush/Desktop/RS-Monolith/agent/node_modules/@radix-ui/react-dialog/dist/index.mjs:25:5)
    at BookingDetailsSheet (/home/ayush/Desktop/RS-Monolith/agent/src/components/booking/BookingDetailsSheet.tsx:38:32)
Warning: An update to SelectItemText inside a test was not wrapped in act(...).

When testing, code that causes React state updates should be wrapped into act(...):

act(() => {
  /* fire events that update state */
});
/* assert on the output */

This ensures that you're testing the behavior the user would see in the browser. Learn more at https://reactjs.org/link/wrap-tests-with-act
    at file:///home/ayush/Desktop/RS-Monolith/agent/node_modules/@radix-ui/react-select/dist/index.mjs:898:13
    at div
    at file:///home/ayush/Desktop/RS-Monolith/agent/node_modules/@radix-ui/react-primitive/dist/index.mjs:26:13
    at file:///home/ayush/Desktop/RS-Monolith/agent/node_modules/@radix-ui/react-slot/dist/index.mjs:25:11
    at file:///home/ayush/Desktop/RS-Monolith/agent/node_modules/@radix-ui/react-slot/dist/index.mjs:6:11
    at file:///home/ayush/Desktop/RS-Monolith/agent/node_modules/@radix-ui/react-collection/dist/index.mjs:37:15
    at Provider (file:///home/ayush/Desktop/RS-Monolith/agent/node_modules/@radix-ui/react-context/dist/index.mjs:27:15)
    at file:///home/ayush/Desktop/RS-Monolith/agent/node_modules/@radix-ui/react-select/dist/index.mjs:797:7
    at /home/ayush/Desktop/RS-Monolith/agent/src/components/ui/select.tsx:179:56
    at div
    at file:///home/ayush/Desktop/RS-Monolith/agent/node_modules/@radix-ui/react-primitive/dist/index.mjs:26:13
    at file:///home/ayush/Desktop/RS-Monolith/agent/node_modules/@radix-ui/react-slot/dist/index.mjs:25:11
    at file:///home/ayush/Desktop/RS-Monolith/agent/node_modules/@radix-ui/react-slot/dist/index.mjs:6:11
    at file:///home/ayush/Desktop/RS-Monolith/agent/node_modules/@radix-ui/react-collection/dist/index.mjs:26:15
    at file:///home/ayush/Desktop/RS-Monolith/agent/node_modules/@radix-ui/react-select/dist/index.mjs:708:13
    at div
    at file:///home/ayush/Desktop/RS-Monolith/agent/node_modules/@radix-ui/react-slot/dist/index.mjs:25:11
    at file:///home/ayush/Desktop/RS-Monolith/agent/node_modules/@radix-ui/react-slot/dist/index.mjs:6:11
    at file:///home/ayush/Desktop/RS-Monolith/agent/node_modules/@radix-ui/react-collection/dist/index.mjs:26:15
    at Provider (file:///home/ayush/Desktop/RS-Monolith/agent/node_modules/@radix-ui/react-context/dist/index.mjs:27:15)
    at file:///home/ayush/Desktop/RS-Monolith/agent/node_modules/@radix-ui/react-select/dist/index.mjs:254:58
    at file:///home/ayush/Desktop/RS-Monolith/agent/node_modules/@radix-ui/react-slot/dist/index.mjs:25:11
    at file:///home/ayush/Desktop/RS-Monolith/agent/node_modules/@radix-ui/react-slot/dist/index.mjs:6:11
    at file:///home/ayush/Desktop/RS-Monolith/agent/node_modules/@radix-ui/react-primitive/dist/index.mjs:26:13
    at file:///home/ayush/Desktop/RS-Monolith/agent/node_modules/@radix-ui/react-portal/dist/index.mjs:11:22
    at SelectPortal
    at /home/ayush/Desktop/RS-Monolith/agent/src/components/ui/select.tsx:106:59
    at Provider (file:///home/ayush/Desktop/RS-Monolith/agent/node_modules/@radix-ui/react-context/dist/index.mjs:27:15)
    at Provider (file:///home/ayush/Desktop/RS-Monolith/agent/node_modules/@radix-ui/react-collection/node_modules/@radix-ui/react-context/dist/index.mjs:27:15)
    at CollectionProvider (file:///home/ayush/Desktop/RS-Monolith/agent/node_modules/@radix-ui/react-collection/dist/index.mjs:17:13)
    at Provider (file:///home/ayush/Desktop/RS-Monolith/agent/node_modules/@radix-ui/react-context/dist/index.mjs:27:15)
    at Provider (file:///home/ayush/Desktop/RS-Monolith/agent/node_modules/@radix-ui/react-popper/node_modules/@radix-ui/react-context/dist/index.mjs:27:15)
    at Popper (file:///home/ayush/Desktop/RS-Monolith/agent/node_modules/@radix-ui/react-popper/dist/index.mjs:30:11)
    at Select (file:///home/ayush/Desktop/RS-Monolith/agent/node_modules/@radix-ui/react-select/dist/index.mjs:42:5)
    at div
    at section
    at div
    at div
    at div
    at file:///home/ayush/Desktop/RS-Monolith/agent/node_modules/@radix-ui/react-primitive/dist/index.mjs:26:13
    at file:///home/ayush/Desktop/RS-Monolith/agent/node_modules/@radix-ui/react-scroll-area/dist/index.mjs:94:13
    at div
    at file:///home/ayush/Desktop/RS-Monolith/agent/node_modules/@radix-ui/react-primitive/dist/index.mjs:26:13
    at Provider (file:///home/ayush/Desktop/RS-Monolith/agent/node_modules/@radix-ui/react-context/dist/index.mjs:27:15)
    at file:///home/ayush/Desktop/RS-Monolith/agent/node_modules/@radix-ui/react-scroll-area/dist/index.mjs:32:7
    at /home/ayush/Desktop/RS-Monolith/agent/src/components/ui/scroll-area.tsx:11:56
    at div
    at file:///home/ayush/Desktop/RS-Monolith/agent/node_modules/@radix-ui/react-primitive/dist/index.mjs:26:13
    at file:///home/ayush/Desktop/RS-Monolith/agent/node_modules/@radix-ui/react-dismissable-layer/dist/index.mjs:24:7
    at file:///home/ayush/Desktop/RS-Monolith/agent/node_modules/@radix-ui/react-slot/dist/index.mjs:25:11
    at file:///home/ayush/Desktop/RS-Monolith/agent/node_modules/@radix-ui/react-slot/dist/index.mjs:6:11
    at file:///home/ayush/Desktop/RS-Monolith/agent/node_modules/@radix-ui/react-primitive/dist/index.mjs:26:13
    at file:///home/ayush/Desktop/RS-Monolith/agent/node_modules/@radix-ui/react-focus-scope/dist/index.mjs:15:5
    at file:///home/ayush/Desktop/RS-Monolith/agent/node_modules/@radix-ui/react-dialog/dist/index.mjs:204:13
    at file:///home/ayush/Desktop/RS-Monolith/agent/node_modules/@radix-ui/react-dialog/dist/index.mjs:130:58
    at Presence (file:///home/ayush/Desktop/RS-Monolith/agent/node_modules/@radix-ui/react-presence/dist/index.mjs:19:11)
    at file:///home/ayush/Desktop/RS-Monolith/agent/node_modules/@radix-ui/react-dialog/dist/index.mjs:121:64
    at file:///home/ayush/Desktop/RS-Monolith/agent/node_modules/@radix-ui/react-slot/dist/index.mjs:25:11
    at file:///home/ayush/Desktop/RS-Monolith/agent/node_modules/@radix-ui/react-slot/dist/index.mjs:6:11
    at file:///home/ayush/Desktop/RS-Monolith/agent/node_modules/@radix-ui/react-primitive/dist/index.mjs:26:13
    at file:///home/ayush/Desktop/RS-Monolith/agent/node_modules/@radix-ui/react-portal/dist/index.mjs:11:22
    at Presence (file:///home/ayush/Desktop/RS-Monolith/agent/node_modules/@radix-ui/react-presence/dist/index.mjs:19:11)
    at Provider (file:///home/ayush/Desktop/RS-Monolith/agent/node_modules/@radix-ui/react-context/dist/index.mjs:27:15)
    at DialogPortal (file:///home/ayush/Desktop/RS-Monolith/agent/node_modules/@radix-ui/react-dialog/dist/index.mjs:84:11)
    at /home/ayush/Desktop/RS-Monolith/agent/src/components/ui/sheet.tsx:63:58
    at Provider (file:///home/ayush/Desktop/RS-Monolith/agent/node_modules/@radix-ui/react-context/dist/index.mjs:27:15)
    at Dialog (file:///home/ayush/Desktop/RS-Monolith/agent/node_modules/@radix-ui/react-dialog/dist/index.mjs:25:5)
    at BookingDetailsSheet (/home/ayush/Desktop/RS-Monolith/agent/src/components/booking/BookingDetailsSheet.tsx:38:32)
Warning: An update to SelectItem inside a test was not wrapped in act(...).

When testing, code that causes React state updates should be wrapped into act(...):

act(() => {
  /* fire events that update state */
});
/* assert on the output */

This ensures that you're testing the behavior the user would see in the browser. Learn more at https://reactjs.org/link/wrap-tests-with-act
    at file:///home/ayush/Desktop/RS-Monolith/agent/node_modules/@radix-ui/react-select/dist/index.mjs:797:7
    at /home/ayush/Desktop/RS-Monolith/agent/src/components/ui/select.tsx:179:56
    at div
    at file:///home/ayush/Desktop/RS-Monolith/agent/node_modules/@radix-ui/react-primitive/dist/index.mjs:26:13
    at file:///home/ayush/Desktop/RS-Monolith/agent/node_modules/@radix-ui/react-slot/dist/index.mjs:25:11
    at file:///home/ayush/Desktop/RS-Monolith/agent/node_modules/@radix-ui/react-slot/dist/index.mjs:6:11
    at file:///home/ayush/Desktop/RS-Monolith/agent/node_modules/@radix-ui/react-collection/dist/index.mjs:26:15
    at file:///home/ayush/Desktop/RS-Monolith/agent/node_modules/@radix-ui/react-select/dist/index.mjs:708:13
    at div
    at file:///home/ayush/Desktop/RS-Monolith/agent/node_modules/@radix-ui/react-slot/dist/index.mjs:25:11
    at file:///home/ayush/Desktop/RS-Monolith/agent/node_modules/@radix-ui/react-slot/dist/index.mjs:6:11
    at file:///home/ayush/Desktop/RS-Monolith/agent/node_modules/@radix-ui/react-collection/dist/index.mjs:26:15
    at Provider (file:///home/ayush/Desktop/RS-Monolith/agent/node_modules/@radix-ui/react-context/dist/index.mjs:27:15)
    at file:///home/ayush/Desktop/RS-Monolith/agent/node_modules/@radix-ui/react-select/dist/index.mjs:254:58
    at file:///home/ayush/Desktop/RS-Monolith/agent/node_modules/@radix-ui/react-slot/dist/index.mjs:25:11
    at file:///home/ayush/Desktop/RS-Monolith/agent/node_modules/@radix-ui/react-slot/dist/index.mjs:6:11
    at file:///home/ayush/Desktop/RS-Monolith/agent/node_modules/@radix-ui/react-primitive/dist/index.mjs:26:13
    at file:///home/ayush/Desktop/RS-Monolith/agent/node_modules/@radix-ui/react-portal/dist/index.mjs:11:22
    at SelectPortal
    at /home/ayush/Desktop/RS-Monolith/agent/src/components/ui/select.tsx:106:59
    at Provider (file:///home/ayush/Desktop/RS-Monolith/agent/node_modules/@radix-ui/react-context/dist/index.mjs:27:15)
    at Provider (file:///home/ayush/Desktop/RS-Monolith/agent/node_modules/@radix-ui/react-collection/node_modules/@radix-ui/react-context/dist/index.mjs:27:15)
    at CollectionProvider (file:///home/ayush/Desktop/RS-Monolith/agent/node_modules/@radix-ui/react-collection/dist/index.mjs:17:13)
    at Provider (file:///home/ayush/Desktop/RS-Monolith/agent/node_modules/@radix-ui/react-context/dist/index.mjs:27:15)
    at Provider (file:///home/ayush/Desktop/RS-Monolith/agent/node_modules/@radix-ui/react-popper/node_modules/@radix-ui/react-context/dist/index.mjs:27:15)
    at Popper (file:///home/ayush/Desktop/RS-Monolith/agent/node_modules/@radix-ui/react-popper/dist/index.mjs:30:11)
    at Select (file:///home/ayush/Desktop/RS-Monolith/agent/node_modules/@radix-ui/react-select/dist/index.mjs:42:5)
    at div
    at section
    at div
    at div
    at div
    at file:///home/ayush/Desktop/RS-Monolith/agent/node_modules/@radix-ui/react-primitive/dist/index.mjs:26:13
    at file:///home/ayush/Desktop/RS-Monolith/agent/node_modules/@radix-ui/react-scroll-area/dist/index.mjs:94:13
    at div
    at file:///home/ayush/Desktop/RS-Monolith/agent/node_modules/@radix-ui/react-primitive/dist/index.mjs:26:13
    at Provider (file:///home/ayush/Desktop/RS-Monolith/agent/node_modules/@radix-ui/react-context/dist/index.mjs:27:15)
    at file:///home/ayush/Desktop/RS-Monolith/agent/node_modules/@radix-ui/react-scroll-area/dist/index.mjs:32:7
    at /home/ayush/Desktop/RS-Monolith/agent/src/components/ui/scroll-area.tsx:11:56
    at div
    at file:///home/ayush/Desktop/RS-Monolith/agent/node_modules/@radix-ui/react-primitive/dist/index.mjs:26:13
    at file:///home/ayush/Desktop/RS-Monolith/agent/node_modules/@radix-ui/react-dismissable-layer/dist/index.mjs:24:7
    at file:///home/ayush/Desktop/RS-Monolith/agent/node_modules/@radix-ui/react-slot/dist/index.mjs:25:11
    at file:///home/ayush/Desktop/RS-Monolith/agent/node_modules/@radix-ui/react-slot/dist/index.mjs:6:11
    at file:///home/ayush/Desktop/RS-Monolith/agent/node_modules/@radix-ui/react-primitive/dist/index.mjs:26:13
    at file:///home/ayush/Desktop/RS-Monolith/agent/node_modules/@radix-ui/react-focus-scope/dist/index.mjs:15:5
    at file:///home/ayush/Desktop/RS-Monolith/agent/node_modules/@radix-ui/react-dialog/dist/index.mjs:204:13
    at file:///home/ayush/Desktop/RS-Monolith/agent/node_modules/@radix-ui/react-dialog/dist/index.mjs:130:58
    at Presence (file:///home/ayush/Desktop/RS-Monolith/agent/node_modules/@radix-ui/react-presence/dist/index.mjs:19:11)
    at file:///home/ayush/Desktop/RS-Monolith/agent/node_modules/@radix-ui/react-dialog/dist/index.mjs:121:64
    at file:///home/ayush/Desktop/RS-Monolith/agent/node_modules/@radix-ui/react-slot/dist/index.mjs:25:11
    at file:///home/ayush/Desktop/RS-Monolith/agent/node_modules/@radix-ui/react-slot/dist/index.mjs:6:11
    at file:///home/ayush/Desktop/RS-Monolith/agent/node_modules/@radix-ui/react-primitive/dist/index.mjs:26:13
    at file:///home/ayush/Desktop/RS-Monolith/agent/node_modules/@radix-ui/react-portal/dist/index.mjs:11:22
    at Presence (file:///home/ayush/Desktop/RS-Monolith/agent/node_modules/@radix-ui/react-presence/dist/index.mjs:19:11)
    at Provider (file:///home/ayush/Desktop/RS-Monolith/agent/node_modules/@radix-ui/react-context/dist/index.mjs:27:15)
    at DialogPortal (file:///home/ayush/Desktop/RS-Monolith/agent/node_modules/@radix-ui/react-dialog/dist/index.mjs:84:11)
    at /home/ayush/Desktop/RS-Monolith/agent/src/components/ui/sheet.tsx:63:58
    at Provider (file:///home/ayush/Desktop/RS-Monolith/agent/node_modules/@radix-ui/react-context/dist/index.mjs:27:15)
    at Dialog (file:///home/ayush/Desktop/RS-Monolith/agent/node_modules/@radix-ui/react-dialog/dist/index.mjs:25:5)
    at BookingDetailsSheet (/home/ayush/Desktop/RS-Monolith/agent/src/components/booking/BookingDetailsSheet.tsx:38:32)
Warning: An update to Select inside a test was not wrapped in act(...).

When testing, code that causes React state updates should be wrapped into act(...):

act(() => {
  /* fire events that update state */
});
/* assert on the output */

This ensures that you're testing the behavior the user would see in the browser. Learn more at https://reactjs.org/link/wrap-tests-with-act
    at Select (file:///home/ayush/Desktop/RS-Monolith/agent/node_modules/@radix-ui/react-select/dist/index.mjs:42:5)
    at div
    at section
    at div
    at div
    at div
    at file:///home/ayush/Desktop/RS-Monolith/agent/node_modules/@radix-ui/react-primitive/dist/index.mjs:26:13
    at file:///home/ayush/Desktop/RS-Monolith/agent/node_modules/@radix-ui/react-scroll-area/dist/index.mjs:94:13
    at div
    at file:///home/ayush/Desktop/RS-Monolith/agent/node_modules/@radix-ui/react-primitive/dist/index.mjs:26:13
    at Provider (file:///home/ayush/Desktop/RS-Monolith/agent/node_modules/@radix-ui/react-context/dist/index.mjs:27:15)
    at file:///home/ayush/Desktop/RS-Monolith/agent/node_modules/@radix-ui/react-scroll-area/dist/index.mjs:32:7
    at /home/ayush/Desktop/RS-Monolith/agent/src/components/ui/scroll-area.tsx:11:56
    at div
    at file:///home/ayush/Desktop/RS-Monolith/agent/node_modules/@radix-ui/react-primitive/dist/index.mjs:26:13
    at file:///home/ayush/Desktop/RS-Monolith/agent/node_modules/@radix-ui/react-dismissable-layer/dist/index.mjs:24:7
    at file:///home/ayush/Desktop/RS-Monolith/agent/node_modules/@radix-ui/react-slot/dist/index.mjs:25:11
    at file:///home/ayush/Desktop/RS-Monolith/agent/node_modules/@radix-ui/react-slot/dist/index.mjs:6:11
    at file:///home/ayush/Desktop/RS-Monolith/agent/node_modules/@radix-ui/react-primitive/dist/index.mjs:26:13
    at file:///home/ayush/Desktop/RS-Monolith/agent/node_modules/@radix-ui/react-focus-scope/dist/index.mjs:15:5
    at file:///home/ayush/Desktop/RS-Monolith/agent/node_modules/@radix-ui/react-dialog/dist/index.mjs:204:13
    at file:///home/ayush/Desktop/RS-Monolith/agent/node_modules/@radix-ui/react-dialog/dist/index.mjs:130:58
    at Presence (file:///home/ayush/Desktop/RS-Monolith/agent/node_modules/@radix-ui/react-presence/dist/index.mjs:19:11)
    at file:///home/ayush/Desktop/RS-Monolith/agent/node_modules/@radix-ui/react-dialog/dist/index.mjs:121:64
    at file:///home/ayush/Desktop/RS-Monolith/agent/node_modules/@radix-ui/react-slot/dist/index.mjs:25:11
    at file:///home/ayush/Desktop/RS-Monolith/agent/node_modules/@radix-ui/react-slot/dist/index.mjs:6:11
    at file:///home/ayush/Desktop/RS-Monolith/agent/node_modules/@radix-ui/react-primitive/dist/index.mjs:26:13
    at file:///home/ayush/Desktop/RS-Monolith/agent/node_modules/@radix-ui/react-portal/dist/index.mjs:11:22
    at Presence (file:///home/ayush/Desktop/RS-Monolith/agent/node_modules/@radix-ui/react-presence/dist/index.mjs:19:11)
    at Provider (file:///home/ayush/Desktop/RS-Monolith/agent/node_modules/@radix-ui/react-context/dist/index.mjs:27:15)
    at DialogPortal (file:///home/ayush/Desktop/RS-Monolith/agent/node_modules/@radix-ui/react-dialog/dist/index.mjs:84:11)
    at /home/ayush/Desktop/RS-Monolith/agent/src/components/ui/sheet.tsx:63:58
    at Provider (file:///home/ayush/Desktop/RS-Monolith/agent/node_modules/@radix-ui/react-context/dist/index.mjs:27:15)
    at Dialog (file:///home/ayush/Desktop/RS-Monolith/agent/node_modules/@radix-ui/react-dialog/dist/index.mjs:25:5)
    at BookingDetailsSheet (/home/ayush/Desktop/RS-Monolith/agent/src/components/booking/BookingDetailsSheet.tsx:38:32)
Warning: An update to SelectItemText inside a test was not wrapped in act(...).

When testing, code that causes React state updates should be wrapped into act(...):

act(() => {
  /* fire events that update state */
});
/* assert on the output */

This ensures that you're testing the behavior the user would see in the browser. Learn more at https://reactjs.org/link/wrap-tests-with-act
    at file:///home/ayush/Desktop/RS-Monolith/agent/node_modules/@radix-ui/react-select/dist/index.mjs:898:13
    at div
    at file:///home/ayush/Desktop/RS-Monolith/agent/node_modules/@radix-ui/react-primitive/dist/index.mjs:26:13
    at file:///home/ayush/Desktop/RS-Monolith/agent/node_modules/@radix-ui/react-slot/dist/index.mjs:25:11
    at file:///home/ayush/Desktop/RS-Monolith/agent/node_modules/@radix-ui/react-slot/dist/index.mjs:6:11
    at file:///home/ayush/Desktop/RS-Monolith/agent/node_modules/@radix-ui/react-collection/dist/index.mjs:37:15
    at Provider (file:///home/ayush/Desktop/RS-Monolith/agent/node_modules/@radix-ui/react-context/dist/index.mjs:27:15)
    at file:///home/ayush/Desktop/RS-Monolith/agent/node_modules/@radix-ui/react-select/dist/index.mjs:797:7
    at /home/ayush/Desktop/RS-Monolith/agent/src/components/ui/select.tsx:179:56
    at div
    at file:///home/ayush/Desktop/RS-Monolith/agent/node_modules/@radix-ui/react-primitive/dist/index.mjs:26:13
    at file:///home/ayush/Desktop/RS-Monolith/agent/node_modules/@radix-ui/react-slot/dist/index.mjs:25:11
    at file:///home/ayush/Desktop/RS-Monolith/agent/node_modules/@radix-ui/react-slot/dist/index.mjs:6:11
    at file:///home/ayush/Desktop/RS-Monolith/agent/node_modules/@radix-ui/react-collection/dist/index.mjs:26:15
    at file:///home/ayush/Desktop/RS-Monolith/agent/node_modules/@radix-ui/react-select/dist/index.mjs:708:13
    at div
    at file:///home/ayush/Desktop/RS-Monolith/agent/node_modules/@radix-ui/react-slot/dist/index.mjs:25:11
    at file:///home/ayush/Desktop/RS-Monolith/agent/node_modules/@radix-ui/react-slot/dist/index.mjs:6:11
    at file:///home/ayush/Desktop/RS-Monolith/agent/node_modules/@radix-ui/react-collection/dist/index.mjs:26:15
    at Provider (file:///home/ayush/Desktop/RS-Monolith/agent/node_modules/@radix-ui/react-context/dist/index.mjs:27:15)
    at file:///home/ayush/Desktop/RS-Monolith/agent/node_modules/@radix-ui/react-select/dist/index.mjs:254:58
    at file:///home/ayush/Desktop/RS-Monolith/agent/node_modules/@radix-ui/react-slot/dist/index.mjs:25:11
    at file:///home/ayush/Desktop/RS-Monolith/agent/node_modules/@radix-ui/react-slot/dist/index.mjs:6:11
    at file:///home/ayush/Desktop/RS-Monolith/agent/node_modules/@radix-ui/react-primitive/dist/index.mjs:26:13
    at file:///home/ayush/Desktop/RS-Monolith/agent/node_modules/@radix-ui/react-portal/dist/index.mjs:11:22
    at SelectPortal
    at /home/ayush/Desktop/RS-Monolith/agent/src/components/ui/select.tsx:106:59
    at Provider (file:///home/ayush/Desktop/RS-Monolith/agent/node_modules/@radix-ui/react-context/dist/index.mjs:27:15)
    at Provider (file:///home/ayush/Desktop/RS-Monolith/agent/node_modules/@radix-ui/react-collection/node_modules/@radix-ui/react-context/dist/index.mjs:27:15)
    at CollectionProvider (file:///home/ayush/Desktop/RS-Monolith/agent/node_modules/@radix-ui/react-collection/dist/index.mjs:17:13)
    at Provider (file:///home/ayush/Desktop/RS-Monolith/agent/node_modules/@radix-ui/react-context/dist/index.mjs:27:15)
    at Provider (file:///home/ayush/Desktop/RS-Monolith/agent/node_modules/@radix-ui/react-popper/node_modules/@radix-ui/react-context/dist/index.mjs:27:15)
    at Popper (file:///home/ayush/Desktop/RS-Monolith/agent/node_modules/@radix-ui/react-popper/dist/index.mjs:30:11)
    at Select (file:///home/ayush/Desktop/RS-Monolith/agent/node_modules/@radix-ui/react-select/dist/index.mjs:42:5)
    at div
    at section
    at div
    at div
    at div
    at file:///home/ayush/Desktop/RS-Monolith/agent/node_modules/@radix-ui/react-primitive/dist/index.mjs:26:13
    at file:///home/ayush/Desktop/RS-Monolith/agent/node_modules/@radix-ui/react-scroll-area/dist/index.mjs:94:13
    at div
    at file:///home/ayush/Desktop/RS-Monolith/agent/node_modules/@radix-ui/react-primitive/dist/index.mjs:26:13
    at Provider (file:///home/ayush/Desktop/RS-Monolith/agent/node_modules/@radix-ui/react-context/dist/index.mjs:27:15)
    at file:///home/ayush/Desktop/RS-Monolith/agent/node_modules/@radix-ui/react-scroll-area/dist/index.mjs:32:7
    at /home/ayush/Desktop/RS-Monolith/agent/src/components/ui/scroll-area.tsx:11:56
    at div
    at file:///home/ayush/Desktop/RS-Monolith/agent/node_modules/@radix-ui/react-primitive/dist/index.mjs:26:13
    at file:///home/ayush/Desktop/RS-Monolith/agent/node_modules/@radix-ui/react-dismissable-layer/dist/index.mjs:24:7
    at file:///home/ayush/Desktop/RS-Monolith/agent/node_modules/@radix-ui/react-slot/dist/index.mjs:25:11
    at file:///home/ayush/Desktop/RS-Monolith/agent/node_modules/@radix-ui/react-slot/dist/index.mjs:6:11
    at file:///home/ayush/Desktop/RS-Monolith/agent/node_modules/@radix-ui/react-primitive/dist/index.mjs:26:13
    at file:///home/ayush/Desktop/RS-Monolith/agent/node_modules/@radix-ui/react-focus-scope/dist/index.mjs:15:5
    at file:///home/ayush/Desktop/RS-Monolith/agent/node_modules/@radix-ui/react-dialog/dist/index.mjs:204:13
    at file:///home/ayush/Desktop/RS-Monolith/agent/node_modules/@radix-ui/react-dialog/dist/index.mjs:130:58
    at Presence (file:///home/ayush/Desktop/RS-Monolith/agent/node_modules/@radix-ui/react-presence/dist/index.mjs:19:11)
    at file:///home/ayush/Desktop/RS-Monolith/agent/node_modules/@radix-ui/react-dialog/dist/index.mjs:121:64
    at file:///home/ayush/Desktop/RS-Monolith/agent/node_modules/@radix-ui/react-slot/dist/index.mjs:25:11
    at file:///home/ayush/Desktop/RS-Monolith/agent/node_modules/@radix-ui/react-slot/dist/index.mjs:6:11
    at file:///home/ayush/Desktop/RS-Monolith/agent/node_modules/@radix-ui/react-primitive/dist/index.mjs:26:13
    at file:///home/ayush/Desktop/RS-Monolith/agent/node_modules/@radix-ui/react-portal/dist/index.mjs:11:22
    at Presence (file:///home/ayush/Desktop/RS-Monolith/agent/node_modules/@radix-ui/react-presence/dist/index.mjs:19:11)
    at Provider (file:///home/ayush/Desktop/RS-Monolith/agent/node_modules/@radix-ui/react-context/dist/index.mjs:27:15)
    at DialogPortal (file:///home/ayush/Desktop/RS-Monolith/agent/node_modules/@radix-ui/react-dialog/dist/index.mjs:84:11)
    at /home/ayush/Desktop/RS-Monolith/agent/src/components/ui/sheet.tsx:63:58
    at Provider (file:///home/ayush/Desktop/RS-Monolith/agent/node_modules/@radix-ui/react-context/dist/index.mjs:27:15)
    at Dialog (file:///home/ayush/Desktop/RS-Monolith/agent/node_modules/@radix-ui/react-dialog/dist/index.mjs:25:5)
    at BookingDetailsSheet (/home/ayush/Desktop/RS-Monolith/agent/src/components/booking/BookingDetailsSheet.tsx:38:32)
Warning: An update to SelectItem inside a test was not wrapped in act(...).

When testing, code that causes React state updates should be wrapped into act(...):

act(() => {
  /* fire events that update state */
});
/* assert on the output */

This ensures that you're testing the behavior the user would see in the browser. Learn more at https://reactjs.org/link/wrap-tests-with-act
    at file:///home/ayush/Desktop/RS-Monolith/agent/node_modules/@radix-ui/react-select/dist/index.mjs:797:7
    at /home/ayush/Desktop/RS-Monolith/agent/src/components/ui/select.tsx:179:56
    at div
    at file:///home/ayush/Desktop/RS-Monolith/agent/node_modules/@radix-ui/react-primitive/dist/index.mjs:26:13
    at file:///home/ayush/Desktop/RS-Monolith/agent/node_modules/@radix-ui/react-slot/dist/index.mjs:25:11
    at file:///home/ayush/Desktop/RS-Monolith/agent/node_modules/@radix-ui/react-slot/dist/index.mjs:6:11
    at file:///home/ayush/Desktop/RS-Monolith/agent/node_modules/@radix-ui/react-collection/dist/index.mjs:26:15
    at file:///home/ayush/Desktop/RS-Monolith/agent/node_modules/@radix-ui/react-select/dist/index.mjs:708:13
    at div
    at file:///home/ayush/Desktop/RS-Monolith/agent/node_modules/@radix-ui/react-slot/dist/index.mjs:25:11
    at file:///home/ayush/Desktop/RS-Monolith/agent/node_modules/@radix-ui/react-slot/dist/index.mjs:6:11
    at file:///home/ayush/Desktop/RS-Monolith/agent/node_modules/@radix-ui/react-collection/dist/index.mjs:26:15
    at Provider (file:///home/ayush/Desktop/RS-Monolith/agent/node_modules/@radix-ui/react-context/dist/index.mjs:27:15)
    at file:///home/ayush/Desktop/RS-Monolith/agent/node_modules/@radix-ui/react-select/dist/index.mjs:254:58
    at file:///home/ayush/Desktop/RS-Monolith/agent/node_modules/@radix-ui/react-slot/dist/index.mjs:25:11
    at file:///home/ayush/Desktop/RS-Monolith/agent/node_modules/@radix-ui/react-slot/dist/index.mjs:6:11
    at file:///home/ayush/Desktop/RS-Monolith/agent/node_modules/@radix-ui/react-primitive/dist/index.mjs:26:13
    at file:///home/ayush/Desktop/RS-Monolith/agent/node_modules/@radix-ui/react-portal/dist/index.mjs:11:22
    at SelectPortal
    at /home/ayush/Desktop/RS-Monolith/agent/src/components/ui/select.tsx:106:59
    at Provider (file:///home/ayush/Desktop/RS-Monolith/agent/node_modules/@radix-ui/react-context/dist/index.mjs:27:15)
    at Provider (file:///home/ayush/Desktop/RS-Monolith/agent/node_modules/@radix-ui/react-collection/node_modules/@radix-ui/react-context/dist/index.mjs:27:15)
    at CollectionProvider (file:///home/ayush/Desktop/RS-Monolith/agent/node_modules/@radix-ui/react-collection/dist/index.mjs:17:13)
    at Provider (file:///home/ayush/Desktop/RS-Monolith/agent/node_modules/@radix-ui/react-context/dist/index.mjs:27:15)
    at Provider (file:///home/ayush/Desktop/RS-Monolith/agent/node_modules/@radix-ui/react-popper/node_modules/@radix-ui/react-context/dist/index.mjs:27:15)
    at Popper (file:///home/ayush/Desktop/RS-Monolith/agent/node_modules/@radix-ui/react-popper/dist/index.mjs:30:11)
    at Select (file:///home/ayush/Desktop/RS-Monolith/agent/node_modules/@radix-ui/react-select/dist/index.mjs:42:5)
    at div
    at section
    at div
    at div
    at div
    at file:///home/ayush/Desktop/RS-Monolith/agent/node_modules/@radix-ui/react-primitive/dist/index.mjs:26:13
    at file:///home/ayush/Desktop/RS-Monolith/agent/node_modules/@radix-ui/react-scroll-area/dist/index.mjs:94:13
    at div
    at file:///home/ayush/Desktop/RS-Monolith/agent/node_modules/@radix-ui/react-primitive/dist/index.mjs:26:13
    at Provider (file:///home/ayush/Desktop/RS-Monolith/agent/node_modules/@radix-ui/react-context/dist/index.mjs:27:15)
    at file:///home/ayush/Desktop/RS-Monolith/agent/node_modules/@radix-ui/react-scroll-area/dist/index.mjs:32:7
    at /home/ayush/Desktop/RS-Monolith/agent/src/components/ui/scroll-area.tsx:11:56
    at div
    at file:///home/ayush/Desktop/RS-Monolith/agent/node_modules/@radix-ui/react-primitive/dist/index.mjs:26:13
    at file:///home/ayush/Desktop/RS-Monolith/agent/node_modules/@radix-ui/react-dismissable-layer/dist/index.mjs:24:7
    at file:///home/ayush/Desktop/RS-Monolith/agent/node_modules/@radix-ui/react-slot/dist/index.mjs:25:11
    at file:///home/ayush/Desktop/RS-Monolith/agent/node_modules/@radix-ui/react-slot/dist/index.mjs:6:11
    at file:///home/ayush/Desktop/RS-Monolith/agent/node_modules/@radix-ui/react-primitive/dist/index.mjs:26:13
    at file:///home/ayush/Desktop/RS-Monolith/agent/node_modules/@radix-ui/react-focus-scope/dist/index.mjs:15:5
    at file:///home/ayush/Desktop/RS-Monolith/agent/node_modules/@radix-ui/react-dialog/dist/index.mjs:204:13
    at file:///home/ayush/Desktop/RS-Monolith/agent/node_modules/@radix-ui/react-dialog/dist/index.mjs:130:58
    at Presence (file:///home/ayush/Desktop/RS-Monolith/agent/node_modules/@radix-ui/react-presence/dist/index.mjs:19:11)
    at file:///home/ayush/Desktop/RS-Monolith/agent/node_modules/@radix-ui/react-dialog/dist/index.mjs:121:64
    at file:///home/ayush/Desktop/RS-Monolith/agent/node_modules/@radix-ui/react-slot/dist/index.mjs:25:11
    at file:///home/ayush/Desktop/RS-Monolith/agent/node_modules/@radix-ui/react-slot/dist/index.mjs:6:11
    at file:///home/ayush/Desktop/RS-Monolith/agent/node_modules/@radix-ui/react-primitive/dist/index.mjs:26:13
    at file:///home/ayush/Desktop/RS-Monolith/agent/node_modules/@radix-ui/react-portal/dist/index.mjs:11:22
    at Presence (file:///home/ayush/Desktop/RS-Monolith/agent/node_modules/@radix-ui/react-presence/dist/index.mjs:19:11)
    at Provider (file:///home/ayush/Desktop/RS-Monolith/agent/node_modules/@radix-ui/react-context/dist/index.mjs:27:15)
    at DialogPortal (file:///home/ayush/Desktop/RS-Monolith/agent/node_modules/@radix-ui/react-dialog/dist/index.mjs:84:11)
    at /home/ayush/Desktop/RS-Monolith/agent/src/components/ui/sheet.tsx:63:58
    at Provider (file:///home/ayush/Desktop/RS-Monolith/agent/node_modules/@radix-ui/react-context/dist/index.mjs:27:15)
    at Dialog (file:///home/ayush/Desktop/RS-Monolith/agent/node_modules/@radix-ui/react-dialog/dist/index.mjs:25:5)
    at BookingDetailsSheet (/home/ayush/Desktop/RS-Monolith/agent/src/components/booking/BookingDetailsSheet.tsx:38:32)
Warning: An update to Select inside a test was not wrapped in act(...).

When testing, code that causes React state updates should be wrapped into act(...):

act(() => {
  /* fire events that update state */
});
/* assert on the output */

This ensures that you're testing the behavior the user would see in the browser. Learn more at https://reactjs.org/link/wrap-tests-with-act
    at Select (file:///home/ayush/Desktop/RS-Monolith/agent/node_modules/@radix-ui/react-select/dist/index.mjs:42:5)
    at div
    at section
    at div
    at div
    at div
    at file:///home/ayush/Desktop/RS-Monolith/agent/node_modules/@radix-ui/react-primitive/dist/index.mjs:26:13
    at file:///home/ayush/Desktop/RS-Monolith/agent/node_modules/@radix-ui/react-scroll-area/dist/index.mjs:94:13
    at div
    at file:///home/ayush/Desktop/RS-Monolith/agent/node_modules/@radix-ui/react-primitive/dist/index.mjs:26:13
    at Provider (file:///home/ayush/Desktop/RS-Monolith/agent/node_modules/@radix-ui/react-context/dist/index.mjs:27:15)
    at file:///home/ayush/Desktop/RS-Monolith/agent/node_modules/@radix-ui/react-scroll-area/dist/index.mjs:32:7
    at /home/ayush/Desktop/RS-Monolith/agent/src/components/ui/scroll-area.tsx:11:56
    at div
    at file:///home/ayush/Desktop/RS-Monolith/agent/node_modules/@radix-ui/react-primitive/dist/index.mjs:26:13
    at file:///home/ayush/Desktop/RS-Monolith/agent/node_modules/@radix-ui/react-dismissable-layer/dist/index.mjs:24:7
    at file:///home/ayush/Desktop/RS-Monolith/agent/node_modules/@radix-ui/react-slot/dist/index.mjs:25:11
    at file:///home/ayush/Desktop/RS-Monolith/agent/node_modules/@radix-ui/react-slot/dist/index.mjs:6:11
    at file:///home/ayush/Desktop/RS-Monolith/agent/node_modules/@radix-ui/react-primitive/dist/index.mjs:26:13
    at file:///home/ayush/Desktop/RS-Monolith/agent/node_modules/@radix-ui/react-focus-scope/dist/index.mjs:15:5
    at file:///home/ayush/Desktop/RS-Monolith/agent/node_modules/@radix-ui/react-dialog/dist/index.mjs:204:13
    at file:///home/ayush/Desktop/RS-Monolith/agent/node_modules/@radix-ui/react-dialog/dist/index.mjs:130:58
    at Presence (file:///home/ayush/Desktop/RS-Monolith/agent/node_modules/@radix-ui/react-presence/dist/index.mjs:19:11)
    at file:///home/ayush/Desktop/RS-Monolith/agent/node_modules/@radix-ui/react-dialog/dist/index.mjs:121:64
    at file:///home/ayush/Desktop/RS-Monolith/agent/node_modules/@radix-ui/react-slot/dist/index.mjs:25:11
    at file:///home/ayush/Desktop/RS-Monolith/agent/node_modules/@radix-ui/react-slot/dist/index.mjs:6:11
    at file:///home/ayush/Desktop/RS-Monolith/agent/node_modules/@radix-ui/react-primitive/dist/index.mjs:26:13
    at file:///home/ayush/Desktop/RS-Monolith/agent/node_modules/@radix-ui/react-portal/dist/index.mjs:11:22
    at Presence (file:///home/ayush/Desktop/RS-Monolith/agent/node_modules/@radix-ui/react-presence/dist/index.mjs:19:11)
    at Provider (file:///home/ayush/Desktop/RS-Monolith/agent/node_modules/@radix-ui/react-context/dist/index.mjs:27:15)
    at DialogPortal (file:///home/ayush/Desktop/RS-Monolith/agent/node_modules/@radix-ui/react-dialog/dist/index.mjs:84:11)
    at /home/ayush/Desktop/RS-Monolith/agent/src/components/ui/sheet.tsx:63:58
    at Provider (file:///home/ayush/Desktop/RS-Monolith/agent/node_modules/@radix-ui/react-context/dist/index.mjs:27:15)
    at Dialog (file:///home/ayush/Desktop/RS-Monolith/agent/node_modules/@radix-ui/react-dialog/dist/index.mjs:25:5)
    at BookingDetailsSheet (/home/ayush/Desktop/RS-Monolith/agent/src/components/booking/BookingDetailsSheet.tsx:38:32)
Warning: An update to SelectItemText inside a test was not wrapped in act(...).

When testing, code that causes React state updates should be wrapped into act(...):

act(() => {
  /* fire events that update state */
});
/* assert on the output */

This ensures that you're testing the behavior the user would see in the browser. Learn more at https://reactjs.org/link/wrap-tests-with-act
    at file:///home/ayush/Desktop/RS-Monolith/agent/node_modules/@radix-ui/react-select/dist/index.mjs:898:13
    at div
    at file:///home/ayush/Desktop/RS-Monolith/agent/node_modules/@radix-ui/react-primitive/dist/index.mjs:26:13
    at file:///home/ayush/Desktop/RS-Monolith/agent/node_modules/@radix-ui/react-slot/dist/index.mjs:25:11
    at file:///home/ayush/Desktop/RS-Monolith/agent/node_modules/@radix-ui/react-slot/dist/index.mjs:6:11
    at file:///home/ayush/Desktop/RS-Monolith/agent/node_modules/@radix-ui/react-collection/dist/index.mjs:37:15
    at Provider (file:///home/ayush/Desktop/RS-Monolith/agent/node_modules/@radix-ui/react-context/dist/index.mjs:27:15)
    at file:///home/ayush/Desktop/RS-Monolith/agent/node_modules/@radix-ui/react-select/dist/index.mjs:797:7
    at /home/ayush/Desktop/RS-Monolith/agent/src/components/ui/select.tsx:179:56
    at div
    at file:///home/ayush/Desktop/RS-Monolith/agent/node_modules/@radix-ui/react-primitive/dist/index.mjs:26:13
    at file:///home/ayush/Desktop/RS-Monolith/agent/node_modules/@radix-ui/react-slot/dist/index.mjs:25:11
    at file:///home/ayush/Desktop/RS-Monolith/agent/node_modules/@radix-ui/react-slot/dist/index.mjs:6:11
    at file:///home/ayush/Desktop/RS-Monolith/agent/node_modules/@radix-ui/react-collection/dist/index.mjs:26:15
    at file:///home/ayush/Desktop/RS-Monolith/agent/node_modules/@radix-ui/react-select/dist/index.mjs:708:13
    at div
    at file:///home/ayush/Desktop/RS-Monolith/agent/node_modules/@radix-ui/react-slot/dist/index.mjs:25:11
    at file:///home/ayush/Desktop/RS-Monolith/agent/node_modules/@radix-ui/react-slot/dist/index.mjs:6:11
    at file:///home/ayush/Desktop/RS-Monolith/agent/node_modules/@radix-ui/react-collection/dist/index.mjs:26:15
    at Provider (file:///home/ayush/Desktop/RS-Monolith/agent/node_modules/@radix-ui/react-context/dist/index.mjs:27:15)
    at file:///home/ayush/Desktop/RS-Monolith/agent/node_modules/@radix-ui/react-select/dist/index.mjs:254:58
    at file:///home/ayush/Desktop/RS-Monolith/agent/node_modules/@radix-ui/react-slot/dist/index.mjs:25:11
    at file:///home/ayush/Desktop/RS-Monolith/agent/node_modules/@radix-ui/react-slot/dist/index.mjs:6:11
    at file:///home/ayush/Desktop/RS-Monolith/agent/node_modules/@radix-ui/react-primitive/dist/index.mjs:26:13
    at file:///home/ayush/Desktop/RS-Monolith/agent/node_modules/@radix-ui/react-portal/dist/index.mjs:11:22
    at SelectPortal
    at /home/ayush/Desktop/RS-Monolith/agent/src/components/ui/select.tsx:106:59
    at Provider (file:///home/ayush/Desktop/RS-Monolith/agent/node_modules/@radix-ui/react-context/dist/index.mjs:27:15)
    at Provider (file:///home/ayush/Desktop/RS-Monolith/agent/node_modules/@radix-ui/react-collection/node_modules/@radix-ui/react-context/dist/index.mjs:27:15)
    at CollectionProvider (file:///home/ayush/Desktop/RS-Monolith/agent/node_modules/@radix-ui/react-collection/dist/index.mjs:17:13)
    at Provider (file:///home/ayush/Desktop/RS-Monolith/agent/node_modules/@radix-ui/react-context/dist/index.mjs:27:15)
    at Provider (file:///home/ayush/Desktop/RS-Monolith/agent/node_modules/@radix-ui/react-popper/node_modules/@radix-ui/react-context/dist/index.mjs:27:15)
    at Popper (file:///home/ayush/Desktop/RS-Monolith/agent/node_modules/@radix-ui/react-popper/dist/index.mjs:30:11)
    at Select (file:///home/ayush/Desktop/RS-Monolith/agent/node_modules/@radix-ui/react-select/dist/index.mjs:42:5)
    at div
    at section
    at div
    at div
    at div
    at file:///home/ayush/Desktop/RS-Monolith/agent/node_modules/@radix-ui/react-primitive/dist/index.mjs:26:13
    at file:///home/ayush/Desktop/RS-Monolith/agent/node_modules/@radix-ui/react-scroll-area/dist/index.mjs:94:13
    at div
    at file:///home/ayush/Desktop/RS-Monolith/agent/node_modules/@radix-ui/react-primitive/dist/index.mjs:26:13
    at Provider (file:///home/ayush/Desktop/RS-Monolith/agent/node_modules/@radix-ui/react-context/dist/index.mjs:27:15)
    at file:///home/ayush/Desktop/RS-Monolith/agent/node_modules/@radix-ui/react-scroll-area/dist/index.mjs:32:7
    at /home/ayush/Desktop/RS-Monolith/agent/src/components/ui/scroll-area.tsx:11:56
    at div
    at file:///home/ayush/Desktop/RS-Monolith/agent/node_modules/@radix-ui/react-primitive/dist/index.mjs:26:13
    at file:///home/ayush/Desktop/RS-Monolith/agent/node_modules/@radix-ui/react-dismissable-layer/dist/index.mjs:24:7
    at file:///home/ayush/Desktop/RS-Monolith/agent/node_modules/@radix-ui/react-slot/dist/index.mjs:25:11
    at file:///home/ayush/Desktop/RS-Monolith/agent/node_modules/@radix-ui/react-slot/dist/index.mjs:6:11
    at file:///home/ayush/Desktop/RS-Monolith/agent/node_modules/@radix-ui/react-primitive/dist/index.mjs:26:13
    at file:///home/ayush/Desktop/RS-Monolith/agent/node_modules/@radix-ui/react-focus-scope/dist/index.mjs:15:5
    at file:///home/ayush/Desktop/RS-Monolith/agent/node_modules/@radix-ui/react-dialog/dist/index.mjs:204:13
    at file:///home/ayush/Desktop/RS-Monolith/agent/node_modules/@radix-ui/react-dialog/dist/index.mjs:130:58
    at Presence (file:///home/ayush/Desktop/RS-Monolith/agent/node_modules/@radix-ui/react-presence/dist/index.mjs:19:11)
    at file:///home/ayush/Desktop/RS-Monolith/agent/node_modules/@radix-ui/react-dialog/dist/index.mjs:121:64
    at file:///home/ayush/Desktop/RS-Monolith/agent/node_modules/@radix-ui/react-slot/dist/index.mjs:25:11
    at file:///home/ayush/Desktop/RS-Monolith/agent/node_modules/@radix-ui/react-slot/dist/index.mjs:6:11
    at file:///home/ayush/Desktop/RS-Monolith/agent/node_modules/@radix-ui/react-primitive/dist/index.mjs:26:13
    at file:///home/ayush/Desktop/RS-Monolith/agent/node_modules/@radix-ui/react-portal/dist/index.mjs:11:22
    at Presence (file:///home/ayush/Desktop/RS-Monolith/agent/node_modules/@radix-ui/react-presence/dist/index.mjs:19:11)
    at Provider (file:///home/ayush/Desktop/RS-Monolith/agent/node_modules/@radix-ui/react-context/dist/index.mjs:27:15)
    at DialogPortal (file:///home/ayush/Desktop/RS-Monolith/agent/node_modules/@radix-ui/react-dialog/dist/index.mjs:84:11)
    at /home/ayush/Desktop/RS-Monolith/agent/src/components/ui/sheet.tsx:63:58
    at Provider (file:///home/ayush/Desktop/RS-Monolith/agent/node_modules/@radix-ui/react-context/dist/index.mjs:27:15)
    at Dialog (file:///home/ayush/Desktop/RS-Monolith/agent/node_modules/@radix-ui/react-dialog/dist/index.mjs:25:5)
    at BookingDetailsSheet (/home/ayush/Desktop/RS-Monolith/agent/src/components/booking/BookingDetailsSheet.tsx:38:32)
Warning: An update to SelectItem inside a test was not wrapped in act(...).

When testing, code that causes React state updates should be wrapped into act(...):

act(() => {
  /* fire events that update state */
});
/* assert on the output */

This ensures that you're testing the behavior the user would see in the browser. Learn more at https://reactjs.org/link/wrap-tests-with-act
    at file:///home/ayush/Desktop/RS-Monolith/agent/node_modules/@radix-ui/react-select/dist/index.mjs:797:7
    at /home/ayush/Desktop/RS-Monolith/agent/src/components/ui/select.tsx:179:56
    at div
    at file:///home/ayush/Desktop/RS-Monolith/agent/node_modules/@radix-ui/react-primitive/dist/index.mjs:26:13
    at file:///home/ayush/Desktop/RS-Monolith/agent/node_modules/@radix-ui/react-slot/dist/index.mjs:25:11
    at file:///home/ayush/Desktop/RS-Monolith/agent/node_modules/@radix-ui/react-slot/dist/index.mjs:6:11
    at file:///home/ayush/Desktop/RS-Monolith/agent/node_modules/@radix-ui/react-collection/dist/index.mjs:26:15
    at file:///home/ayush/Desktop/RS-Monolith/agent/node_modules/@radix-ui/react-select/dist/index.mjs:708:13
    at div
    at file:///home/ayush/Desktop/RS-Monolith/agent/node_modules/@radix-ui/react-slot/dist/index.mjs:25:11
    at file:///home/ayush/Desktop/RS-Monolith/agent/node_modules/@radix-ui/react-slot/dist/index.mjs:6:11
    at file:///home/ayush/Desktop/RS-Monolith/agent/node_modules/@radix-ui/react-collection/dist/index.mjs:26:15
    at Provider (file:///home/ayush/Desktop/RS-Monolith/agent/node_modules/@radix-ui/react-context/dist/index.mjs:27:15)
    at file:///home/ayush/Desktop/RS-Monolith/agent/node_modules/@radix-ui/react-select/dist/index.mjs:254:58
    at file:///home/ayush/Desktop/RS-Monolith/agent/node_modules/@radix-ui/react-slot/dist/index.mjs:25:11
    at file:///home/ayush/Desktop/RS-Monolith/agent/node_modules/@radix-ui/react-slot/dist/index.mjs:6:11
    at file:///home/ayush/Desktop/RS-Monolith/agent/node_modules/@radix-ui/react-primitive/dist/index.mjs:26:13
    at file:///home/ayush/Desktop/RS-Monolith/agent/node_modules/@radix-ui/react-portal/dist/index.mjs:11:22
    at SelectPortal
    at /home/ayush/Desktop/RS-Monolith/agent/src/components/ui/select.tsx:106:59
    at Provider (file:///home/ayush/Desktop/RS-Monolith/agent/node_modules/@radix-ui/react-context/dist/index.mjs:27:15)
    at Provider (file:///home/ayush/Desktop/RS-Monolith/agent/node_modules/@radix-ui/react-collection/node_modules/@radix-ui/react-context/dist/index.mjs:27:15)
    at CollectionProvider (file:///home/ayush/Desktop/RS-Monolith/agent/node_modules/@radix-ui/react-collection/dist/index.mjs:17:13)
    at Provider (file:///home/ayush/Desktop/RS-Monolith/agent/node_modules/@radix-ui/react-context/dist/index.mjs:27:15)
    at Provider (file:///home/ayush/Desktop/RS-Monolith/agent/node_modules/@radix-ui/react-popper/node_modules/@radix-ui/react-context/dist/index.mjs:27:15)
    at Popper (file:///home/ayush/Desktop/RS-Monolith/agent/node_modules/@radix-ui/react-popper/dist/index.mjs:30:11)
    at Select (file:///home/ayush/Desktop/RS-Monolith/agent/node_modules/@radix-ui/react-select/dist/index.mjs:42:5)
    at div
    at section
    at div
    at div
    at div
    at file:///home/ayush/Desktop/RS-Monolith/agent/node_modules/@radix-ui/react-primitive/dist/index.mjs:26:13
    at file:///home/ayush/Desktop/RS-Monolith/agent/node_modules/@radix-ui/react-scroll-area/dist/index.mjs:94:13
    at div
    at file:///home/ayush/Desktop/RS-Monolith/agent/node_modules/@radix-ui/react-primitive/dist/index.mjs:26:13
    at Provider (file:///home/ayush/Desktop/RS-Monolith/agent/node_modules/@radix-ui/react-context/dist/index.mjs:27:15)
    at file:///home/ayush/Desktop/RS-Monolith/agent/node_modules/@radix-ui/react-scroll-area/dist/index.mjs:32:7
    at /home/ayush/Desktop/RS-Monolith/agent/src/components/ui/scroll-area.tsx:11:56
    at div
    at file:///home/ayush/Desktop/RS-Monolith/agent/node_modules/@radix-ui/react-primitive/dist/index.mjs:26:13
    at file:///home/ayush/Desktop/RS-Monolith/agent/node_modules/@radix-ui/react-dismissable-layer/dist/index.mjs:24:7
    at file:///home/ayush/Desktop/RS-Monolith/agent/node_modules/@radix-ui/react-slot/dist/index.mjs:25:11
    at file:///home/ayush/Desktop/RS-Monolith/agent/node_modules/@radix-ui/react-slot/dist/index.mjs:6:11
    at file:///home/ayush/Desktop/RS-Monolith/agent/node_modules/@radix-ui/react-primitive/dist/index.mjs:26:13
    at file:///home/ayush/Desktop/RS-Monolith/agent/node_modules/@radix-ui/react-focus-scope/dist/index.mjs:15:5
    at file:///home/ayush/Desktop/RS-Monolith/agent/node_modules/@radix-ui/react-dialog/dist/index.mjs:204:13
    at file:///home/ayush/Desktop/RS-Monolith/agent/node_modules/@radix-ui/react-dialog/dist/index.mjs:130:58
    at Presence (file:///home/ayush/Desktop/RS-Monolith/agent/node_modules/@radix-ui/react-presence/dist/index.mjs:19:11)
    at file:///home/ayush/Desktop/RS-Monolith/agent/node_modules/@radix-ui/react-dialog/dist/index.mjs:121:64
    at file:///home/ayush/Desktop/RS-Monolith/agent/node_modules/@radix-ui/react-slot/dist/index.mjs:25:11
    at file:///home/ayush/Desktop/RS-Monolith/agent/node_modules/@radix-ui/react-slot/dist/index.mjs:6:11
    at file:///home/ayush/Desktop/RS-Monolith/agent/node_modules/@radix-ui/react-primitive/dist/index.mjs:26:13
    at file:///home/ayush/Desktop/RS-Monolith/agent/node_modules/@radix-ui/react-portal/dist/index.mjs:11:22
    at Presence (file:///home/ayush/Desktop/RS-Monolith/agent/node_modules/@radix-ui/react-presence/dist/index.mjs:19:11)
    at Provider (file:///home/ayush/Desktop/RS-Monolith/agent/node_modules/@radix-ui/react-context/dist/index.mjs:27:15)
    at DialogPortal (file:///home/ayush/Desktop/RS-Monolith/agent/node_modules/@radix-ui/react-dialog/dist/index.mjs:84:11)
    at /home/ayush/Desktop/RS-Monolith/agent/src/components/ui/sheet.tsx:63:58
    at Provider (file:///home/ayush/Desktop/RS-Monolith/agent/node_modules/@radix-ui/react-context/dist/index.mjs:27:15)
    at Dialog (file:///home/ayush/Desktop/RS-Monolith/agent/node_modules/@radix-ui/react-dialog/dist/index.mjs:25:5)
    at BookingDetailsSheet (/home/ayush/Desktop/RS-Monolith/agent/src/components/booking/BookingDetailsSheet.tsx:38:32)
Warning: An update to Select inside a test was not wrapped in act(...).

When testing, code that causes React state updates should be wrapped into act(...):

act(() => {
  /* fire events that update state */
});
/* assert on the output */

This ensures that you're testing the behavior the user would see in the browser. Learn more at https://reactjs.org/link/wrap-tests-with-act
    at Select (file:///home/ayush/Desktop/RS-Monolith/agent/node_modules/@radix-ui/react-select/dist/index.mjs:42:5)
    at div
    at section
    at div
    at div
    at div
    at file:///home/ayush/Desktop/RS-Monolith/agent/node_modules/@radix-ui/react-primitive/dist/index.mjs:26:13
    at file:///home/ayush/Desktop/RS-Monolith/agent/node_modules/@radix-ui/react-scroll-area/dist/index.mjs:94:13
    at div
    at file:///home/ayush/Desktop/RS-Monolith/agent/node_modules/@radix-ui/react-primitive/dist/index.mjs:26:13
    at Provider (file:///home/ayush/Desktop/RS-Monolith/agent/node_modules/@radix-ui/react-context/dist/index.mjs:27:15)
    at file:///home/ayush/Desktop/RS-Monolith/agent/node_modules/@radix-ui/react-scroll-area/dist/index.mjs:32:7
    at /home/ayush/Desktop/RS-Monolith/agent/src/components/ui/scroll-area.tsx:11:56
    at div
    at file:///home/ayush/Desktop/RS-Monolith/agent/node_modules/@radix-ui/react-primitive/dist/index.mjs:26:13
    at file:///home/ayush/Desktop/RS-Monolith/agent/node_modules/@radix-ui/react-dismissable-layer/dist/index.mjs:24:7
    at file:///home/ayush/Desktop/RS-Monolith/agent/node_modules/@radix-ui/react-slot/dist/index.mjs:25:11
    at file:///home/ayush/Desktop/RS-Monolith/agent/node_modules/@radix-ui/react-slot/dist/index.mjs:6:11
    at file:///home/ayush/Desktop/RS-Monolith/agent/node_modules/@radix-ui/react-primitive/dist/index.mjs:26:13
    at file:///home/ayush/Desktop/RS-Monolith/agent/node_modules/@radix-ui/react-focus-scope/dist/index.mjs:15:5
    at file:///home/ayush/Desktop/RS-Monolith/agent/node_modules/@radix-ui/react-dialog/dist/index.mjs:204:13
    at file:///home/ayush/Desktop/RS-Monolith/agent/node_modules/@radix-ui/react-dialog/dist/index.mjs:130:58
    at Presence (file:///home/ayush/Desktop/RS-Monolith/agent/node_modules/@radix-ui/react-presence/dist/index.mjs:19:11)
    at file:///home/ayush/Desktop/RS-Monolith/agent/node_modules/@radix-ui/react-dialog/dist/index.mjs:121:64
    at file:///home/ayush/Desktop/RS-Monolith/agent/node_modules/@radix-ui/react-slot/dist/index.mjs:25:11
    at file:///home/ayush/Desktop/RS-Monolith/agent/node_modules/@radix-ui/react-slot/dist/index.mjs:6:11
    at file:///home/ayush/Desktop/RS-Monolith/agent/node_modules/@radix-ui/react-primitive/dist/index.mjs:26:13
    at file:///home/ayush/Desktop/RS-Monolith/agent/node_modules/@radix-ui/react-portal/dist/index.mjs:11:22
    at Presence (file:///home/ayush/Desktop/RS-Monolith/agent/node_modules/@radix-ui/react-presence/dist/index.mjs:19:11)
    at Provider (file:///home/ayush/Desktop/RS-Monolith/agent/node_modules/@radix-ui/react-context/dist/index.mjs:27:15)
    at DialogPortal (file:///home/ayush/Desktop/RS-Monolith/agent/node_modules/@radix-ui/react-dialog/dist/index.mjs:84:11)
    at /home/ayush/Desktop/RS-Monolith/agent/src/components/ui/sheet.tsx:63:58
    at Provider (file:///home/ayush/Desktop/RS-Monolith/agent/node_modules/@radix-ui/react-context/dist/index.mjs:27:15)
    at Dialog (file:///home/ayush/Desktop/RS-Monolith/agent/node_modules/@radix-ui/react-dialog/dist/index.mjs:25:5)
    at BookingDetailsSheet (/home/ayush/Desktop/RS-Monolith/agent/src/components/booking/BookingDetailsSheet.tsx:38:32)
Warning: An update to SelectItemText inside a test was not wrapped in act(...).

When testing, code that causes React state updates should be wrapped into act(...):

act(() => {
  /* fire events that update state */
});
/* assert on the output */

This ensures that you're testing the behavior the user would see in the browser. Learn more at https://reactjs.org/link/wrap-tests-with-act
    at file:///home/ayush/Desktop/RS-Monolith/agent/node_modules/@radix-ui/react-select/dist/index.mjs:898:13
    at div
    at file:///home/ayush/Desktop/RS-Monolith/agent/node_modules/@radix-ui/react-primitive/dist/index.mjs:26:13
    at file:///home/ayush/Desktop/RS-Monolith/agent/node_modules/@radix-ui/react-slot/dist/index.mjs:25:11
    at file:///home/ayush/Desktop/RS-Monolith/agent/node_modules/@radix-ui/react-slot/dist/index.mjs:6:11
    at file:///home/ayush/Desktop/RS-Monolith/agent/node_modules/@radix-ui/react-collection/dist/index.mjs:37:15
    at Provider (file:///home/ayush/Desktop/RS-Monolith/agent/node_modules/@radix-ui/react-context/dist/index.mjs:27:15)
    at file:///home/ayush/Desktop/RS-Monolith/agent/node_modules/@radix-ui/react-select/dist/index.mjs:797:7
    at /home/ayush/Desktop/RS-Monolith/agent/src/components/ui/select.tsx:179:56
    at div
    at file:///home/ayush/Desktop/RS-Monolith/agent/node_modules/@radix-ui/react-primitive/dist/index.mjs:26:13
    at file:///home/ayush/Desktop/RS-Monolith/agent/node_modules/@radix-ui/react-slot/dist/index.mjs:25:11
    at file:///home/ayush/Desktop/RS-Monolith/agent/node_modules/@radix-ui/react-slot/dist/index.mjs:6:11
    at file:///home/ayush/Desktop/RS-Monolith/agent/node_modules/@radix-ui/react-collection/dist/index.mjs:26:15
    at file:///home/ayush/Desktop/RS-Monolith/agent/node_modules/@radix-ui/react-select/dist/index.mjs:708:13
    at div
    at file:///home/ayush/Desktop/RS-Monolith/agent/node_modules/@radix-ui/react-slot/dist/index.mjs:25:11
    at file:///home/ayush/Desktop/RS-Monolith/agent/node_modules/@radix-ui/react-slot/dist/index.mjs:6:11
    at file:///home/ayush/Desktop/RS-Monolith/agent/node_modules/@radix-ui/react-collection/dist/index.mjs:26:15
    at Provider (file:///home/ayush/Desktop/RS-Monolith/agent/node_modules/@radix-ui/react-context/dist/index.mjs:27:15)
    at file:///home/ayush/Desktop/RS-Monolith/agent/node_modules/@radix-ui/react-select/dist/index.mjs:254:58
    at file:///home/ayush/Desktop/RS-Monolith/agent/node_modules/@radix-ui/react-slot/dist/index.mjs:25:11
    at file:///home/ayush/Desktop/RS-Monolith/agent/node_modules/@radix-ui/react-slot/dist/index.mjs:6:11
    at file:///home/ayush/Desktop/RS-Monolith/agent/node_modules/@radix-ui/react-primitive/dist/index.mjs:26:13
    at file:///home/ayush/Desktop/RS-Monolith/agent/node_modules/@radix-ui/react-portal/dist/index.mjs:11:22
    at SelectPortal
    at /home/ayush/Desktop/RS-Monolith/agent/src/components/ui/select.tsx:106:59
    at Provider (file:///home/ayush/Desktop/RS-Monolith/agent/node_modules/@radix-ui/react-context/dist/index.mjs:27:15)
    at Provider (file:///home/ayush/Desktop/RS-Monolith/agent/node_modules/@radix-ui/react-collection/node_modules/@radix-ui/react-context/dist/index.mjs:27:15)
    at CollectionProvider (file:///home/ayush/Desktop/RS-Monolith/agent/node_modules/@radix-ui/react-collection/dist/index.mjs:17:13)
    at Provider (file:///home/ayush/Desktop/RS-Monolith/agent/node_modules/@radix-ui/react-context/dist/index.mjs:27:15)
    at Provider (file:///home/ayush/Desktop/RS-Monolith/agent/node_modules/@radix-ui/react-popper/node_modules/@radix-ui/react-context/dist/index.mjs:27:15)
    at Popper (file:///home/ayush/Desktop/RS-Monolith/agent/node_modules/@radix-ui/react-popper/dist/index.mjs:30:11)
    at Select (file:///home/ayush/Desktop/RS-Monolith/agent/node_modules/@radix-ui/react-select/dist/index.mjs:42:5)
    at div
    at section
    at div
    at div
    at div
    at file:///home/ayush/Desktop/RS-Monolith/agent/node_modules/@radix-ui/react-primitive/dist/index.mjs:26:13
    at file:///home/ayush/Desktop/RS-Monolith/agent/node_modules/@radix-ui/react-scroll-area/dist/index.mjs:94:13
    at div
    at file:///home/ayush/Desktop/RS-Monolith/agent/node_modules/@radix-ui/react-primitive/dist/index.mjs:26:13
    at Provider (file:///home/ayush/Desktop/RS-Monolith/agent/node_modules/@radix-ui/react-context/dist/index.mjs:27:15)
    at file:///home/ayush/Desktop/RS-Monolith/agent/node_modules/@radix-ui/react-scroll-area/dist/index.mjs:32:7
    at /home/ayush/Desktop/RS-Monolith/agent/src/components/ui/scroll-area.tsx:11:56
    at div
    at file:///home/ayush/Desktop/RS-Monolith/agent/node_modules/@radix-ui/react-primitive/dist/index.mjs:26:13
    at file:///home/ayush/Desktop/RS-Monolith/agent/node_modules/@radix-ui/react-dismissable-layer/dist/index.mjs:24:7
    at file:///home/ayush/Desktop/RS-Monolith/agent/node_modules/@radix-ui/react-slot/dist/index.mjs:25:11
    at file:///home/ayush/Desktop/RS-Monolith/agent/node_modules/@radix-ui/react-slot/dist/index.mjs:6:11
    at file:///home/ayush/Desktop/RS-Monolith/agent/node_modules/@radix-ui/react-primitive/dist/index.mjs:26:13
    at file:///home/ayush/Desktop/RS-Monolith/agent/node_modules/@radix-ui/react-focus-scope/dist/index.mjs:15:5
    at file:///home/ayush/Desktop/RS-Monolith/agent/node_modules/@radix-ui/react-dialog/dist/index.mjs:204:13
    at file:///home/ayush/Desktop/RS-Monolith/agent/node_modules/@radix-ui/react-dialog/dist/index.mjs:130:58
    at Presence (file:///home/ayush/Desktop/RS-Monolith/agent/node_modules/@radix-ui/react-presence/dist/index.mjs:19:11)
    at file:///home/ayush/Desktop/RS-Monolith/agent/node_modules/@radix-ui/react-dialog/dist/index.mjs:121:64
    at file:///home/ayush/Desktop/RS-Monolith/agent/node_modules/@radix-ui/react-slot/dist/index.mjs:25:11
    at file:///home/ayush/Desktop/RS-Monolith/agent/node_modules/@radix-ui/react-slot/dist/index.mjs:6:11
    at file:///home/ayush/Desktop/RS-Monolith/agent/node_modules/@radix-ui/react-primitive/dist/index.mjs:26:13
    at file:///home/ayush/Desktop/RS-Monolith/agent/node_modules/@radix-ui/react-portal/dist/index.mjs:11:22
    at Presence (file:///home/ayush/Desktop/RS-Monolith/agent/node_modules/@radix-ui/react-presence/dist/index.mjs:19:11)
    at Provider (file:///home/ayush/Desktop/RS-Monolith/agent/node_modules/@radix-ui/react-context/dist/index.mjs:27:15)
    at DialogPortal (file:///home/ayush/Desktop/RS-Monolith/agent/node_modules/@radix-ui/react-dialog/dist/index.mjs:84:11)
    at /home/ayush/Desktop/RS-Monolith/agent/src/components/ui/sheet.tsx:63:58
    at Provider (file:///home/ayush/Desktop/RS-Monolith/agent/node_modules/@radix-ui/react-context/dist/index.mjs:27:15)
    at Dialog (file:///home/ayush/Desktop/RS-Monolith/agent/node_modules/@radix-ui/react-dialog/dist/index.mjs:25:5)
    at BookingDetailsSheet (/home/ayush/Desktop/RS-Monolith/agent/src/components/booking/BookingDetailsSheet.tsx:38:32)
Warning: An update to SelectItem inside a test was not wrapped in act(...).

When testing, code that causes React state updates should be wrapped into act(...):

act(() => {
  /* fire events that update state */
});
/* assert on the output */

This ensures that you're testing the behavior the user would see in the browser. Learn more at https://reactjs.org/link/wrap-tests-with-act
    at file:///home/ayush/Desktop/RS-Monolith/agent/node_modules/@radix-ui/react-select/dist/index.mjs:797:7
    at /home/ayush/Desktop/RS-Monolith/agent/src/components/ui/select.tsx:179:56
    at div
    at file:///home/ayush/Desktop/RS-Monolith/agent/node_modules/@radix-ui/react-primitive/dist/index.mjs:26:13
    at file:///home/ayush/Desktop/RS-Monolith/agent/node_modules/@radix-ui/react-slot/dist/index.mjs:25:11
    at file:///home/ayush/Desktop/RS-Monolith/agent/node_modules/@radix-ui/react-slot/dist/index.mjs:6:11
    at file:///home/ayush/Desktop/RS-Monolith/agent/node_modules/@radix-ui/react-collection/dist/index.mjs:26:15
    at file:///home/ayush/Desktop/RS-Monolith/agent/node_modules/@radix-ui/react-select/dist/index.mjs:708:13
    at div
    at file:///home/ayush/Desktop/RS-Monolith/agent/node_modules/@radix-ui/react-slot/dist/index.mjs:25:11
    at file:///home/ayush/Desktop/RS-Monolith/agent/node_modules/@radix-ui/react-slot/dist/index.mjs:6:11
    at file:///home/ayush/Desktop/RS-Monolith/agent/node_modules/@radix-ui/react-collection/dist/index.mjs:26:15
    at Provider (file:///home/ayush/Desktop/RS-Monolith/agent/node_modules/@radix-ui/react-context/dist/index.mjs:27:15)
    at file:///home/ayush/Desktop/RS-Monolith/agent/node_modules/@radix-ui/react-select/dist/index.mjs:254:58
    at file:///home/ayush/Desktop/RS-Monolith/agent/node_modules/@radix-ui/react-slot/dist/index.mjs:25:11
    at file:///home/ayush/Desktop/RS-Monolith/agent/node_modules/@radix-ui/react-slot/dist/index.mjs:6:11
    at file:///home/ayush/Desktop/RS-Monolith/agent/node_modules/@radix-ui/react-primitive/dist/index.mjs:26:13
    at file:///home/ayush/Desktop/RS-Monolith/agent/node_modules/@radix-ui/react-portal/dist/index.mjs:11:22
    at SelectPortal
    at /home/ayush/Desktop/RS-Monolith/agent/src/components/ui/select.tsx:106:59
    at Provider (file:///home/ayush/Desktop/RS-Monolith/agent/node_modules/@radix-ui/react-context/dist/index.mjs:27:15)
    at Provider (file:///home/ayush/Desktop/RS-Monolith/agent/node_modules/@radix-ui/react-collection/node_modules/@radix-ui/react-context/dist/index.mjs:27:15)
    at CollectionProvider (file:///home/ayush/Desktop/RS-Monolith/agent/node_modules/@radix-ui/react-collection/dist/index.mjs:17:13)
    at Provider (file:///home/ayush/Desktop/RS-Monolith/agent/node_modules/@radix-ui/react-context/dist/index.mjs:27:15)
    at Provider (file:///home/ayush/Desktop/RS-Monolith/agent/node_modules/@radix-ui/react-popper/node_modules/@radix-ui/react-context/dist/index.mjs:27:15)
    at Popper (file:///home/ayush/Desktop/RS-Monolith/agent/node_modules/@radix-ui/react-popper/dist/index.mjs:30:11)
    at Select (file:///home/ayush/Desktop/RS-Monolith/agent/node_modules/@radix-ui/react-select/dist/index.mjs:42:5)
    at div
    at section
    at div
    at div
    at div
    at file:///home/ayush/Desktop/RS-Monolith/agent/node_modules/@radix-ui/react-primitive/dist/index.mjs:26:13
    at file:///home/ayush/Desktop/RS-Monolith/agent/node_modules/@radix-ui/react-scroll-area/dist/index.mjs:94:13
    at div
    at file:///home/ayush/Desktop/RS-Monolith/agent/node_modules/@radix-ui/react-primitive/dist/index.mjs:26:13
    at Provider (file:///home/ayush/Desktop/RS-Monolith/agent/node_modules/@radix-ui/react-context/dist/index.mjs:27:15)
    at file:///home/ayush/Desktop/RS-Monolith/agent/node_modules/@radix-ui/react-scroll-area/dist/index.mjs:32:7
    at /home/ayush/Desktop/RS-Monolith/agent/src/components/ui/scroll-area.tsx:11:56
    at div
    at file:///home/ayush/Desktop/RS-Monolith/agent/node_modules/@radix-ui/react-primitive/dist/index.mjs:26:13
    at file:///home/ayush/Desktop/RS-Monolith/agent/node_modules/@radix-ui/react-dismissable-layer/dist/index.mjs:24:7
    at file:///home/ayush/Desktop/RS-Monolith/agent/node_modules/@radix-ui/react-slot/dist/index.mjs:25:11
    at file:///home/ayush/Desktop/RS-Monolith/agent/node_modules/@radix-ui/react-slot/dist/index.mjs:6:11
    at file:///home/ayush/Desktop/RS-Monolith/agent/node_modules/@radix-ui/react-primitive/dist/index.mjs:26:13
    at file:///home/ayush/Desktop/RS-Monolith/agent/node_modules/@radix-ui/react-focus-scope/dist/index.mjs:15:5
    at file:///home/ayush/Desktop/RS-Monolith/agent/node_modules/@radix-ui/react-dialog/dist/index.mjs:204:13
    at file:///home/ayush/Desktop/RS-Monolith/agent/node_modules/@radix-ui/react-dialog/dist/index.mjs:130:58
    at Presence (file:///home/ayush/Desktop/RS-Monolith/agent/node_modules/@radix-ui/react-presence/dist/index.mjs:19:11)
    at file:///home/ayush/Desktop/RS-Monolith/agent/node_modules/@radix-ui/react-dialog/dist/index.mjs:121:64
    at file:///home/ayush/Desktop/RS-Monolith/agent/node_modules/@radix-ui/react-slot/dist/index.mjs:25:11
    at file:///home/ayush/Desktop/RS-Monolith/agent/node_modules/@radix-ui/react-slot/dist/index.mjs:6:11
    at file:///home/ayush/Desktop/RS-Monolith/agent/node_modules/@radix-ui/react-primitive/dist/index.mjs:26:13
    at file:///home/ayush/Desktop/RS-Monolith/agent/node_modules/@radix-ui/react-portal/dist/index.mjs:11:22
    at Presence (file:///home/ayush/Desktop/RS-Monolith/agent/node_modules/@radix-ui/react-presence/dist/index.mjs:19:11)
    at Provider (file:///home/ayush/Desktop/RS-Monolith/agent/node_modules/@radix-ui/react-context/dist/index.mjs:27:15)
    at DialogPortal (file:///home/ayush/Desktop/RS-Monolith/agent/node_modules/@radix-ui/react-dialog/dist/index.mjs:84:11)
    at /home/ayush/Desktop/RS-Monolith/agent/src/components/ui/sheet.tsx:63:58
    at Provider (file:///home/ayush/Desktop/RS-Monolith/agent/node_modules/@radix-ui/react-context/dist/index.mjs:27:15)
    at Dialog (file:///home/ayush/Desktop/RS-Monolith/agent/node_modules/@radix-ui/react-dialog/dist/index.mjs:25:5)
    at BookingDetailsSheet (/home/ayush/Desktop/RS-Monolith/agent/src/components/booking/BookingDetailsSheet.tsx:38:32)
Warning: An update to Select inside a test was not wrapped in act(...).

When testing, code that causes React state updates should be wrapped into act(...):

act(() => {
  /* fire events that update state */
});
/* assert on the output */

This ensures that you're testing the behavior the user would see in the browser. Learn more at https://reactjs.org/link/wrap-tests-with-act
    at Select (file:///home/ayush/Desktop/RS-Monolith/agent/node_modules/@radix-ui/react-select/dist/index.mjs:42:5)
    at div
    at section
    at div
    at div
    at div
    at file:///home/ayush/Desktop/RS-Monolith/agent/node_modules/@radix-ui/react-primitive/dist/index.mjs:26:13
    at file:///home/ayush/Desktop/RS-Monolith/agent/node_modules/@radix-ui/react-scroll-area/dist/index.mjs:94:13
    at div
    at file:///home/ayush/Desktop/RS-Monolith/agent/node_modules/@radix-ui/react-primitive/dist/index.mjs:26:13
    at Provider (file:///home/ayush/Desktop/RS-Monolith/agent/node_modules/@radix-ui/react-context/dist/index.mjs:27:15)
    at file:///home/ayush/Desktop/RS-Monolith/agent/node_modules/@radix-ui/react-scroll-area/dist/index.mjs:32:7
    at /home/ayush/Desktop/RS-Monolith/agent/src/components/ui/scroll-area.tsx:11:56
    at div
    at file:///home/ayush/Desktop/RS-Monolith/agent/node_modules/@radix-ui/react-primitive/dist/index.mjs:26:13
    at file:///home/ayush/Desktop/RS-Monolith/agent/node_modules/@radix-ui/react-dismissable-layer/dist/index.mjs:24:7
    at file:///home/ayush/Desktop/RS-Monolith/agent/node_modules/@radix-ui/react-slot/dist/index.mjs:25:11
    at file:///home/ayush/Desktop/RS-Monolith/agent/node_modules/@radix-ui/react-slot/dist/index.mjs:6:11
    at file:///home/ayush/Desktop/RS-Monolith/agent/node_modules/@radix-ui/react-primitive/dist/index.mjs:26:13
    at file:///home/ayush/Desktop/RS-Monolith/agent/node_modules/@radix-ui/react-focus-scope/dist/index.mjs:15:5
    at file:///home/ayush/Desktop/RS-Monolith/agent/node_modules/@radix-ui/react-dialog/dist/index.mjs:204:13
    at file:///home/ayush/Desktop/RS-Monolith/agent/node_modules/@radix-ui/react-dialog/dist/index.mjs:130:58
    at Presence (file:///home/ayush/Desktop/RS-Monolith/agent/node_modules/@radix-ui/react-presence/dist/index.mjs:19:11)
    at file:///home/ayush/Desktop/RS-Monolith/agent/node_modules/@radix-ui/react-dialog/dist/index.mjs:121:64
    at file:///home/ayush/Desktop/RS-Monolith/agent/node_modules/@radix-ui/react-slot/dist/index.mjs:25:11
    at file:///home/ayush/Desktop/RS-Monolith/agent/node_modules/@radix-ui/react-slot/dist/index.mjs:6:11
    at file:///home/ayush/Desktop/RS-Monolith/agent/node_modules/@radix-ui/react-primitive/dist/index.mjs:26:13
    at file:///home/ayush/Desktop/RS-Monolith/agent/node_modules/@radix-ui/react-portal/dist/index.mjs:11:22
    at Presence (file:///home/ayush/Desktop/RS-Monolith/agent/node_modules/@radix-ui/react-presence/dist/index.mjs:19:11)
    at Provider (file:///home/ayush/Desktop/RS-Monolith/agent/node_modules/@radix-ui/react-context/dist/index.mjs:27:15)
    at DialogPortal (file:///home/ayush/Desktop/RS-Monolith/agent/node_modules/@radix-ui/react-dialog/dist/index.mjs:84:11)
    at /home/ayush/Desktop/RS-Monolith/agent/src/components/ui/sheet.tsx:63:58
    at Provider (file:///home/ayush/Desktop/RS-Monolith/agent/node_modules/@radix-ui/react-context/dist/index.mjs:27:15)
    at Dialog (file:///home/ayush/Desktop/RS-Monolith/agent/node_modules/@radix-ui/react-dialog/dist/index.mjs:25:5)
    at BookingDetailsSheet (/home/ayush/Desktop/RS-Monolith/agent/src/components/booking/BookingDetailsSheet.tsx:38:32)

stderr | src/components/booking/__tests__/BookingDetailsSheet.test.tsx > BookingDetailsSheet > should handle adding extra task
Warning: An update to BookingDetailsSheet inside a test was not wrapped in act(...).

When testing, code that causes React state updates should be wrapped into act(...):

act(() => {
  /* fire events that update state */
});
/* assert on the output */

This ensures that you're testing the behavior the user would see in the browser. Learn more at https://reactjs.org/link/wrap-tests-with-act
    at BookingDetailsSheet (/home/ayush/Desktop/RS-Monolith/agent/src/components/booking/BookingDetailsSheet.tsx:38:32)
Warning: An update to BookingDetailsSheet inside a test was not wrapped in act(...).

When testing, code that causes React state updates should be wrapped into act(...):

act(() => {
  /* fire events that update state */
});
/* assert on the output */

This ensures that you're testing the behavior the user would see in the browser. Learn more at https://reactjs.org/link/wrap-tests-with-act
    at BookingDetailsSheet (/home/ayush/Desktop/RS-Monolith/agent/src/components/booking/BookingDetailsSheet.tsx:38:32)
Warning: An update to Presence inside a test was not wrapped in act(...).

When testing, code that causes React state updates should be wrapped into act(...):

act(() => {
  /* fire events that update state */
});
/* assert on the output */

This ensures that you're testing the behavior the user would see in the browser. Learn more at https://reactjs.org/link/wrap-tests-with-act
    at Presence (file:///home/ayush/Desktop/RS-Monolith/agent/node_modules/@radix-ui/react-presence/dist/index.mjs:19:11)
    at file:///home/ayush/Desktop/RS-Monolith/agent/node_modules/@radix-ui/react-dialog/dist/index.mjs:92:64
    at /home/ayush/Desktop/RS-Monolith/agent/src/components/ui/sheet.tsx:27:58
    at file:///home/ayush/Desktop/RS-Monolith/agent/node_modules/@radix-ui/react-slot/dist/index.mjs:25:11
    at file:///home/ayush/Desktop/RS-Monolith/agent/node_modules/@radix-ui/react-slot/dist/index.mjs:6:11
    at file:///home/ayush/Desktop/RS-Monolith/agent/node_modules/@radix-ui/react-primitive/dist/index.mjs:26:13
    at file:///home/ayush/Desktop/RS-Monolith/agent/node_modules/@radix-ui/react-portal/dist/index.mjs:11:22
    at Presence (file:///home/ayush/Desktop/RS-Monolith/agent/node_modules/@radix-ui/react-presence/dist/index.mjs:19:11)
    at Provider (file:///home/ayush/Desktop/RS-Monolith/agent/node_modules/@radix-ui/react-context/dist/index.mjs:27:15)
    at DialogPortal (file:///home/ayush/Desktop/RS-Monolith/agent/node_modules/@radix-ui/react-dialog/dist/index.mjs:84:11)
    at /home/ayush/Desktop/RS-Monolith/agent/src/components/ui/sheet.tsx:63:58
    at Provider (file:///home/ayush/Desktop/RS-Monolith/agent/node_modules/@radix-ui/react-context/dist/index.mjs:27:15)
    at Dialog (file:///home/ayush/Desktop/RS-Monolith/agent/node_modules/@radix-ui/react-dialog/dist/index.mjs:25:5)
    at BookingDetailsSheet (/home/ayush/Desktop/RS-Monolith/agent/src/components/booking/BookingDetailsSheet.tsx:38:32)
Warning: An update to Presence inside a test was not wrapped in act(...).

When testing, code that causes React state updates should be wrapped into act(...):

act(() => {
  /* fire events that update state */
});
/* assert on the output */

This ensures that you're testing the behavior the user would see in the browser. Learn more at https://reactjs.org/link/wrap-tests-with-act
    at Presence (file:///home/ayush/Desktop/RS-Monolith/agent/node_modules/@radix-ui/react-presence/dist/index.mjs:19:11)
    at Provider (file:///home/ayush/Desktop/RS-Monolith/agent/node_modules/@radix-ui/react-context/dist/index.mjs:27:15)
    at DialogPortal (file:///home/ayush/Desktop/RS-Monolith/agent/node_modules/@radix-ui/react-dialog/dist/index.mjs:84:11)
    at /home/ayush/Desktop/RS-Monolith/agent/src/components/ui/sheet.tsx:63:58
    at Provider (file:///home/ayush/Desktop/RS-Monolith/agent/node_modules/@radix-ui/react-context/dist/index.mjs:27:15)
    at Dialog (file:///home/ayush/Desktop/RS-Monolith/agent/node_modules/@radix-ui/react-dialog/dist/index.mjs:25:5)
    at BookingDetailsSheet (/home/ayush/Desktop/RS-Monolith/agent/src/components/booking/BookingDetailsSheet.tsx:38:32)
Warning: An update to Select inside a test was not wrapped in act(...).

When testing, code that causes React state updates should be wrapped into act(...):

act(() => {
  /* fire events that update state */
});
/* assert on the output */

This ensures that you're testing the behavior the user would see in the browser. Learn more at https://reactjs.org/link/wrap-tests-with-act
    at Select (file:///home/ayush/Desktop/RS-Monolith/agent/node_modules/@radix-ui/react-select/dist/index.mjs:42:5)
    at div
    at section
    at div
    at div
    at div
    at file:///home/ayush/Desktop/RS-Monolith/agent/node_modules/@radix-ui/react-primitive/dist/index.mjs:26:13
    at file:///home/ayush/Desktop/RS-Monolith/agent/node_modules/@radix-ui/react-scroll-area/dist/index.mjs:94:13
    at div
    at file:///home/ayush/Desktop/RS-Monolith/agent/node_modules/@radix-ui/react-primitive/dist/index.mjs:26:13
    at Provider (file:///home/ayush/Desktop/RS-Monolith/agent/node_modules/@radix-ui/react-context/dist/index.mjs:27:15)
    at file:///home/ayush/Desktop/RS-Monolith/agent/node_modules/@radix-ui/react-scroll-area/dist/index.mjs:32:7
    at /home/ayush/Desktop/RS-Monolith/agent/src/components/ui/scroll-area.tsx:11:56
    at div
    at file:///home/ayush/Desktop/RS-Monolith/agent/node_modules/@radix-ui/react-primitive/dist/index.mjs:26:13
    at file:///home/ayush/Desktop/RS-Monolith/agent/node_modules/@radix-ui/react-dismissable-layer/dist/index.mjs:24:7
    at file:///home/ayush/Desktop/RS-Monolith/agent/node_modules/@radix-ui/react-slot/dist/index.mjs:25:11
    at file:///home/ayush/Desktop/RS-Monolith/agent/node_modules/@radix-ui/react-slot/dist/index.mjs:6:11
    at file:///home/ayush/Desktop/RS-Monolith/agent/node_modules/@radix-ui/react-primitive/dist/index.mjs:26:13
    at file:///home/ayush/Desktop/RS-Monolith/agent/node_modules/@radix-ui/react-focus-scope/dist/index.mjs:15:5
    at file:///home/ayush/Desktop/RS-Monolith/agent/node_modules/@radix-ui/react-dialog/dist/index.mjs:204:13
    at file:///home/ayush/Desktop/RS-Monolith/agent/node_modules/@radix-ui/react-dialog/dist/index.mjs:130:58
    at Presence (file:///home/ayush/Desktop/RS-Monolith/agent/node_modules/@radix-ui/react-presence/dist/index.mjs:19:11)
    at file:///home/ayush/Desktop/RS-Monolith/agent/node_modules/@radix-ui/react-dialog/dist/index.mjs:121:64
    at file:///home/ayush/Desktop/RS-Monolith/agent/node_modules/@radix-ui/react-slot/dist/index.mjs:25:11
    at file:///home/ayush/Desktop/RS-Monolith/agent/node_modules/@radix-ui/react-slot/dist/index.mjs:6:11
    at file:///home/ayush/Desktop/RS-Monolith/agent/node_modules/@radix-ui/react-primitive/dist/index.mjs:26:13
    at file:///home/ayush/Desktop/RS-Monolith/agent/node_modules/@radix-ui/react-portal/dist/index.mjs:11:22
    at Presence (file:///home/ayush/Desktop/RS-Monolith/agent/node_modules/@radix-ui/react-presence/dist/index.mjs:19:11)
    at Provider (file:///home/ayush/Desktop/RS-Monolith/agent/node_modules/@radix-ui/react-context/dist/index.mjs:27:15)
    at DialogPortal (file:///home/ayush/Desktop/RS-Monolith/agent/node_modules/@radix-ui/react-dialog/dist/index.mjs:84:11)
    at /home/ayush/Desktop/RS-Monolith/agent/src/components/ui/sheet.tsx:63:58
    at Provider (file:///home/ayush/Desktop/RS-Monolith/agent/node_modules/@radix-ui/react-context/dist/index.mjs:27:15)
    at Dialog (file:///home/ayush/Desktop/RS-Monolith/agent/node_modules/@radix-ui/react-dialog/dist/index.mjs:25:5)
    at BookingDetailsSheet (/home/ayush/Desktop/RS-Monolith/agent/src/components/booking/BookingDetailsSheet.tsx:38:32)
Warning: An update to SelectItemText inside a test was not wrapped in act(...).

When testing, code that causes React state updates should be wrapped into act(...):

act(() => {
  /* fire events that update state */
});
/* assert on the output */

This ensures that you're testing the behavior the user would see in the browser. Learn more at https://reactjs.org/link/wrap-tests-with-act
    at file:///home/ayush/Desktop/RS-Monolith/agent/node_modules/@radix-ui/react-select/dist/index.mjs:898:13
    at div
    at file:///home/ayush/Desktop/RS-Monolith/agent/node_modules/@radix-ui/react-primitive/dist/index.mjs:26:13
    at file:///home/ayush/Desktop/RS-Monolith/agent/node_modules/@radix-ui/react-slot/dist/index.mjs:25:11
    at file:///home/ayush/Desktop/RS-Monolith/agent/node_modules/@radix-ui/react-slot/dist/index.mjs:6:11
    at file:///home/ayush/Desktop/RS-Monolith/agent/node_modules/@radix-ui/react-collection/dist/index.mjs:37:15
    at Provider (file:///home/ayush/Desktop/RS-Monolith/agent/node_modules/@radix-ui/react-context/dist/index.mjs:27:15)
    at file:///home/ayush/Desktop/RS-Monolith/agent/node_modules/@radix-ui/react-select/dist/index.mjs:797:7
    at /home/ayush/Desktop/RS-Monolith/agent/src/components/ui/select.tsx:179:56
    at div
    at file:///home/ayush/Desktop/RS-Monolith/agent/node_modules/@radix-ui/react-primitive/dist/index.mjs:26:13
    at file:///home/ayush/Desktop/RS-Monolith/agent/node_modules/@radix-ui/react-slot/dist/index.mjs:25:11
    at file:///home/ayush/Desktop/RS-Monolith/agent/node_modules/@radix-ui/react-slot/dist/index.mjs:6:11
    at file:///home/ayush/Desktop/RS-Monolith/agent/node_modules/@radix-ui/react-collection/dist/index.mjs:26:15
    at file:///home/ayush/Desktop/RS-Monolith/agent/node_modules/@radix-ui/react-select/dist/index.mjs:708:13
    at div
    at file:///home/ayush/Desktop/RS-Monolith/agent/node_modules/@radix-ui/react-slot/dist/index.mjs:25:11
    at file:///home/ayush/Desktop/RS-Monolith/agent/node_modules/@radix-ui/react-slot/dist/index.mjs:6:11
    at file:///home/ayush/Desktop/RS-Monolith/agent/node_modules/@radix-ui/react-collection/dist/index.mjs:26:15
    at Provider (file:///home/ayush/Desktop/RS-Monolith/agent/node_modules/@radix-ui/react-context/dist/index.mjs:27:15)
    at file:///home/ayush/Desktop/RS-Monolith/agent/node_modules/@radix-ui/react-select/dist/index.mjs:254:58
    at file:///home/ayush/Desktop/RS-Monolith/agent/node_modules/@radix-ui/react-slot/dist/index.mjs:25:11
    at file:///home/ayush/Desktop/RS-Monolith/agent/node_modules/@radix-ui/react-slot/dist/index.mjs:6:11
    at file:///home/ayush/Desktop/RS-Monolith/agent/node_modules/@radix-ui/react-primitive/dist/index.mjs:26:13
    at file:///home/ayush/Desktop/RS-Monolith/agent/node_modules/@radix-ui/react-portal/dist/index.mjs:11:22
    at SelectPortal
    at /home/ayush/Desktop/RS-Monolith/agent/src/components/ui/select.tsx:106:59
    at Provider (file:///home/ayush/Desktop/RS-Monolith/agent/node_modules/@radix-ui/react-context/dist/index.mjs:27:15)
    at Provider (file:///home/ayush/Desktop/RS-Monolith/agent/node_modules/@radix-ui/react-collection/node_modules/@radix-ui/react-context/dist/index.mjs:27:15)
    at CollectionProvider (file:///home/ayush/Desktop/RS-Monolith/agent/node_modules/@radix-ui/react-collection/dist/index.mjs:17:13)
    at Provider (file:///home/ayush/Desktop/RS-Monolith/agent/node_modules/@radix-ui/react-context/dist/index.mjs:27:15)
    at Provider (file:///home/ayush/Desktop/RS-Monolith/agent/node_modules/@radix-ui/react-popper/node_modules/@radix-ui/react-context/dist/index.mjs:27:15)
    at Popper (file:///home/ayush/Desktop/RS-Monolith/agent/node_modules/@radix-ui/react-popper/dist/index.mjs:30:11)
    at Select (file:///home/ayush/Desktop/RS-Monolith/agent/node_modules/@radix-ui/react-select/dist/index.mjs:42:5)
    at div
    at section
    at div
    at div
    at div
    at file:///home/ayush/Desktop/RS-Monolith/agent/node_modules/@radix-ui/react-primitive/dist/index.mjs:26:13
    at file:///home/ayush/Desktop/RS-Monolith/agent/node_modules/@radix-ui/react-scroll-area/dist/index.mjs:94:13
    at div
    at file:///home/ayush/Desktop/RS-Monolith/agent/node_modules/@radix-ui/react-primitive/dist/index.mjs:26:13
    at Provider (file:///home/ayush/Desktop/RS-Monolith/agent/node_modules/@radix-ui/react-context/dist/index.mjs:27:15)
    at file:///home/ayush/Desktop/RS-Monolith/agent/node_modules/@radix-ui/react-scroll-area/dist/index.mjs:32:7
    at /home/ayush/Desktop/RS-Monolith/agent/src/components/ui/scroll-area.tsx:11:56
    at div
    at file:///home/ayush/Desktop/RS-Monolith/agent/node_modules/@radix-ui/react-primitive/dist/index.mjs:26:13
    at file:///home/ayush/Desktop/RS-Monolith/agent/node_modules/@radix-ui/react-dismissable-layer/dist/index.mjs:24:7
    at file:///home/ayush/Desktop/RS-Monolith/agent/node_modules/@radix-ui/react-slot/dist/index.mjs:25:11
    at file:///home/ayush/Desktop/RS-Monolith/agent/node_modules/@radix-ui/react-slot/dist/index.mjs:6:11
    at file:///home/ayush/Desktop/RS-Monolith/agent/node_modules/@radix-ui/react-primitive/dist/index.mjs:26:13
    at file:///home/ayush/Desktop/RS-Monolith/agent/node_modules/@radix-ui/react-focus-scope/dist/index.mjs:15:5
    at file:///home/ayush/Desktop/RS-Monolith/agent/node_modules/@radix-ui/react-dialog/dist/index.mjs:204:13
    at file:///home/ayush/Desktop/RS-Monolith/agent/node_modules/@radix-ui/react-dialog/dist/index.mjs:130:58
    at Presence (file:///home/ayush/Desktop/RS-Monolith/agent/node_modules/@radix-ui/react-presence/dist/index.mjs:19:11)
    at file:///home/ayush/Desktop/RS-Monolith/agent/node_modules/@radix-ui/react-dialog/dist/index.mjs:121:64
    at file:///home/ayush/Desktop/RS-Monolith/agent/node_modules/@radix-ui/react-slot/dist/index.mjs:25:11
    at file:///home/ayush/Desktop/RS-Monolith/agent/node_modules/@radix-ui/react-slot/dist/index.mjs:6:11
    at file:///home/ayush/Desktop/RS-Monolith/agent/node_modules/@radix-ui/react-primitive/dist/index.mjs:26:13
    at file:///home/ayush/Desktop/RS-Monolith/agent/node_modules/@radix-ui/react-portal/dist/index.mjs:11:22
    at Presence (file:///home/ayush/Desktop/RS-Monolith/agent/node_modules/@radix-ui/react-presence/dist/index.mjs:19:11)
    at Provider (file:///home/ayush/Desktop/RS-Monolith/agent/node_modules/@radix-ui/react-context/dist/index.mjs:27:15)
    at DialogPortal (file:///home/ayush/Desktop/RS-Monolith/agent/node_modules/@radix-ui/react-dialog/dist/index.mjs:84:11)
    at /home/ayush/Desktop/RS-Monolith/agent/src/components/ui/sheet.tsx:63:58
    at Provider (file:///home/ayush/Desktop/RS-Monolith/agent/node_modules/@radix-ui/react-context/dist/index.mjs:27:15)
    at Dialog (file:///home/ayush/Desktop/RS-Monolith/agent/node_modules/@radix-ui/react-dialog/dist/index.mjs:25:5)
    at BookingDetailsSheet (/home/ayush/Desktop/RS-Monolith/agent/src/components/booking/BookingDetailsSheet.tsx:38:32)
Warning: An update to SelectItemText inside a test was not wrapped in act(...).

When testing, code that causes React state updates should be wrapped into act(...):

act(() => {
  /* fire events that update state */
});
/* assert on the output */

This ensures that you're testing the behavior the user would see in the browser. Learn more at https://reactjs.org/link/wrap-tests-with-act
    at file:///home/ayush/Desktop/RS-Monolith/agent/node_modules/@radix-ui/react-select/dist/index.mjs:898:13
    at div
    at file:///home/ayush/Desktop/RS-Monolith/agent/node_modules/@radix-ui/react-primitive/dist/index.mjs:26:13
    at file:///home/ayush/Desktop/RS-Monolith/agent/node_modules/@radix-ui/react-slot/dist/index.mjs:25:11
    at file:///home/ayush/Desktop/RS-Monolith/agent/node_modules/@radix-ui/react-slot/dist/index.mjs:6:11
    at file:///home/ayush/Desktop/RS-Monolith/agent/node_modules/@radix-ui/react-collection/dist/index.mjs:37:15
    at Provider (file:///home/ayush/Desktop/RS-Monolith/agent/node_modules/@radix-ui/react-context/dist/index.mjs:27:15)
    at file:///home/ayush/Desktop/RS-Monolith/agent/node_modules/@radix-ui/react-select/dist/index.mjs:797:7
    at /home/ayush/Desktop/RS-Monolith/agent/src/components/ui/select.tsx:179:56
    at div
    at file:///home/ayush/Desktop/RS-Monolith/agent/node_modules/@radix-ui/react-primitive/dist/index.mjs:26:13
    at file:///home/ayush/Desktop/RS-Monolith/agent/node_modules/@radix-ui/react-slot/dist/index.mjs:25:11
    at file:///home/ayush/Desktop/RS-Monolith/agent/node_modules/@radix-ui/react-slot/dist/index.mjs:6:11
    at file:///home/ayush/Desktop/RS-Monolith/agent/node_modules/@radix-ui/react-collection/dist/index.mjs:26:15
    at file:///home/ayush/Desktop/RS-Monolith/agent/node_modules/@radix-ui/react-select/dist/index.mjs:708:13
    at div
    at file:///home/ayush/Desktop/RS-Monolith/agent/node_modules/@radix-ui/react-slot/dist/index.mjs:25:11
    at file:///home/ayush/Desktop/RS-Monolith/agent/node_modules/@radix-ui/react-slot/dist/index.mjs:6:11
    at file:///home/ayush/Desktop/RS-Monolith/agent/node_modules/@radix-ui/react-collection/dist/index.mjs:26:15
    at Provider (file:///home/ayush/Desktop/RS-Monolith/agent/node_modules/@radix-ui/react-context/dist/index.mjs:27:15)
    at file:///home/ayush/Desktop/RS-Monolith/agent/node_modules/@radix-ui/react-select/dist/index.mjs:254:58
    at file:///home/ayush/Desktop/RS-Monolith/agent/node_modules/@radix-ui/react-slot/dist/index.mjs:25:11
    at file:///home/ayush/Desktop/RS-Monolith/agent/node_modules/@radix-ui/react-slot/dist/index.mjs:6:11
    at file:///home/ayush/Desktop/RS-Monolith/agent/node_modules/@radix-ui/react-primitive/dist/index.mjs:26:13
    at file:///home/ayush/Desktop/RS-Monolith/agent/node_modules/@radix-ui/react-portal/dist/index.mjs:11:22
    at SelectPortal
    at /home/ayush/Desktop/RS-Monolith/agent/src/components/ui/select.tsx:106:59
    at Provider (file:///home/ayush/Desktop/RS-Monolith/agent/node_modules/@radix-ui/react-context/dist/index.mjs:27:15)
    at Provider (file:///home/ayush/Desktop/RS-Monolith/agent/node_modules/@radix-ui/react-collection/node_modules/@radix-ui/react-context/dist/index.mjs:27:15)
    at CollectionProvider (file:///home/ayush/Desktop/RS-Monolith/agent/node_modules/@radix-ui/react-collection/dist/index.mjs:17:13)
    at Provider (file:///home/ayush/Desktop/RS-Monolith/agent/node_modules/@radix-ui/react-context/dist/index.mjs:27:15)
    at Provider (file:///home/ayush/Desktop/RS-Monolith/agent/node_modules/@radix-ui/react-popper/node_modules/@radix-ui/react-context/dist/index.mjs:27:15)
    at Popper (file:///home/ayush/Desktop/RS-Monolith/agent/node_modules/@radix-ui/react-popper/dist/index.mjs:30:11)
    at Select (file:///home/ayush/Desktop/RS-Monolith/agent/node_modules/@radix-ui/react-select/dist/index.mjs:42:5)
    at div
    at section
    at div
    at div
    at div
    at file:///home/ayush/Desktop/RS-Monolith/agent/node_modules/@radix-ui/react-primitive/dist/index.mjs:26:13
    at file:///home/ayush/Desktop/RS-Monolith/agent/node_modules/@radix-ui/react-scroll-area/dist/index.mjs:94:13
    at div
    at file:///home/ayush/Desktop/RS-Monolith/agent/node_modules/@radix-ui/react-primitive/dist/index.mjs:26:13
    at Provider (file:///home/ayush/Desktop/RS-Monolith/agent/node_modules/@radix-ui/react-context/dist/index.mjs:27:15)
    at file:///home/ayush/Desktop/RS-Monolith/agent/node_modules/@radix-ui/react-scroll-area/dist/index.mjs:32:7
    at /home/ayush/Desktop/RS-Monolith/agent/src/components/ui/scroll-area.tsx:11:56
    at div
    at file:///home/ayush/Desktop/RS-Monolith/agent/node_modules/@radix-ui/react-primitive/dist/index.mjs:26:13
    at file:///home/ayush/Desktop/RS-Monolith/agent/node_modules/@radix-ui/react-dismissable-layer/dist/index.mjs:24:7
    at file:///home/ayush/Desktop/RS-Monolith/agent/node_modules/@radix-ui/react-slot/dist/index.mjs:25:11
    at file:///home/ayush/Desktop/RS-Monolith/agent/node_modules/@radix-ui/react-slot/dist/index.mjs:6:11
    at file:///home/ayush/Desktop/RS-Monolith/agent/node_modules/@radix-ui/react-primitive/dist/index.mjs:26:13
    at file:///home/ayush/Desktop/RS-Monolith/agent/node_modules/@radix-ui/react-focus-scope/dist/index.mjs:15:5
    at file:///home/ayush/Desktop/RS-Monolith/agent/node_modules/@radix-ui/react-dialog/dist/index.mjs:204:13
    at file:///home/ayush/Desktop/RS-Monolith/agent/node_modules/@radix-ui/react-dialog/dist/index.mjs:130:58
    at Presence (file:///home/ayush/Desktop/RS-Monolith/agent/node_modules/@radix-ui/react-presence/dist/index.mjs:19:11)
    at file:///home/ayush/Desktop/RS-Monolith/agent/node_modules/@radix-ui/react-dialog/dist/index.mjs:121:64
    at file:///home/ayush/Desktop/RS-Monolith/agent/node_modules/@radix-ui/react-slot/dist/index.mjs:25:11
    at file:///home/ayush/Desktop/RS-Monolith/agent/node_modules/@radix-ui/react-slot/dist/index.mjs:6:11
    at file:///home/ayush/Desktop/RS-Monolith/agent/node_modules/@radix-ui/react-primitive/dist/index.mjs:26:13
    at file:///home/ayush/Desktop/RS-Monolith/agent/node_modules/@radix-ui/react-portal/dist/index.mjs:11:22
    at Presence (file:///home/ayush/Desktop/RS-Monolith/agent/node_modules/@radix-ui/react-presence/dist/index.mjs:19:11)
    at Provider (file:///home/ayush/Desktop/RS-Monolith/agent/node_modules/@radix-ui/react-context/dist/index.mjs:27:15)
    at DialogPortal (file:///home/ayush/Desktop/RS-Monolith/agent/node_modules/@radix-ui/react-dialog/dist/index.mjs:84:11)
    at /home/ayush/Desktop/RS-Monolith/agent/src/components/ui/sheet.tsx:63:58
    at Provider (file:///home/ayush/Desktop/RS-Monolith/agent/node_modules/@radix-ui/react-context/dist/index.mjs:27:15)
    at Dialog (file:///home/ayush/Desktop/RS-Monolith/agent/node_modules/@radix-ui/react-dialog/dist/index.mjs:25:5)
    at BookingDetailsSheet (/home/ayush/Desktop/RS-Monolith/agent/src/components/booking/BookingDetailsSheet.tsx:38:32)
Warning: An update to SelectItemText inside a test was not wrapped in act(...).

When testing, code that causes React state updates should be wrapped into act(...):

act(() => {
  /* fire events that update state */
});
/* assert on the output */

This ensures that you're testing the behavior the user would see in the browser. Learn more at https://reactjs.org/link/wrap-tests-with-act
    at file:///home/ayush/Desktop/RS-Monolith/agent/node_modules/@radix-ui/react-select/dist/index.mjs:898:13
    at div
    at file:///home/ayush/Desktop/RS-Monolith/agent/node_modules/@radix-ui/react-primitive/dist/index.mjs:26:13
    at file:///home/ayush/Desktop/RS-Monolith/agent/node_modules/@radix-ui/react-slot/dist/index.mjs:25:11
    at file:///home/ayush/Desktop/RS-Monolith/agent/node_modules/@radix-ui/react-slot/dist/index.mjs:6:11
    at file:///home/ayush/Desktop/RS-Monolith/agent/node_modules/@radix-ui/react-collection/dist/index.mjs:37:15
    at Provider (file:///home/ayush/Desktop/RS-Monolith/agent/node_modules/@radix-ui/react-context/dist/index.mjs:27:15)
    at file:///home/ayush/Desktop/RS-Monolith/agent/node_modules/@radix-ui/react-select/dist/index.mjs:797:7
    at /home/ayush/Desktop/RS-Monolith/agent/src/components/ui/select.tsx:179:56
    at div
    at file:///home/ayush/Desktop/RS-Monolith/agent/node_modules/@radix-ui/react-primitive/dist/index.mjs:26:13
    at file:///home/ayush/Desktop/RS-Monolith/agent/node_modules/@radix-ui/react-slot/dist/index.mjs:25:11
    at file:///home/ayush/Desktop/RS-Monolith/agent/node_modules/@radix-ui/react-slot/dist/index.mjs:6:11
    at file:///home/ayush/Desktop/RS-Monolith/agent/node_modules/@radix-ui/react-collection/dist/index.mjs:26:15
    at file:///home/ayush/Desktop/RS-Monolith/agent/node_modules/@radix-ui/react-select/dist/index.mjs:708:13
    at div
    at file:///home/ayush/Desktop/RS-Monolith/agent/node_modules/@radix-ui/react-slot/dist/index.mjs:25:11
    at file:///home/ayush/Desktop/RS-Monolith/agent/node_modules/@radix-ui/react-slot/dist/index.mjs:6:11
    at file:///home/ayush/Desktop/RS-Monolith/agent/node_modules/@radix-ui/react-collection/dist/index.mjs:26:15
    at Provider (file:///home/ayush/Desktop/RS-Monolith/agent/node_modules/@radix-ui/react-context/dist/index.mjs:27:15)
    at file:///home/ayush/Desktop/RS-Monolith/agent/node_modules/@radix-ui/react-select/dist/index.mjs:254:58
    at file:///home/ayush/Desktop/RS-Monolith/agent/node_modules/@radix-ui/react-slot/dist/index.mjs:25:11
    at file:///home/ayush/Desktop/RS-Monolith/agent/node_modules/@radix-ui/react-slot/dist/index.mjs:6:11
    at file:///home/ayush/Desktop/RS-Monolith/agent/node_modules/@radix-ui/react-primitive/dist/index.mjs:26:13
    at file:///home/ayush/Desktop/RS-Monolith/agent/node_modules/@radix-ui/react-portal/dist/index.mjs:11:22
    at SelectPortal
    at /home/ayush/Desktop/RS-Monolith/agent/src/components/ui/select.tsx:106:59
    at Provider (file:///home/ayush/Desktop/RS-Monolith/agent/node_modules/@radix-ui/react-context/dist/index.mjs:27:15)
    at Provider (file:///home/ayush/Desktop/RS-Monolith/agent/node_modules/@radix-ui/react-collection/node_modules/@radix-ui/react-context/dist/index.mjs:27:15)
    at CollectionProvider (file:///home/ayush/Desktop/RS-Monolith/agent/node_modules/@radix-ui/react-collection/dist/index.mjs:17:13)
    at Provider (file:///home/ayush/Desktop/RS-Monolith/agent/node_modules/@radix-ui/react-context/dist/index.mjs:27:15)
    at Provider (file:///home/ayush/Desktop/RS-Monolith/agent/node_modules/@radix-ui/react-popper/node_modules/@radix-ui/react-context/dist/index.mjs:27:15)
    at Popper (file:///home/ayush/Desktop/RS-Monolith/agent/node_modules/@radix-ui/react-popper/dist/index.mjs:30:11)
    at Select (file:///home/ayush/Desktop/RS-Monolith/agent/node_modules/@radix-ui/react-select/dist/index.mjs:42:5)
    at div
    at section
    at div
    at div
    at div
    at file:///home/ayush/Desktop/RS-Monolith/agent/node_modules/@radix-ui/react-primitive/dist/index.mjs:26:13
    at file:///home/ayush/Desktop/RS-Monolith/agent/node_modules/@radix-ui/react-scroll-area/dist/index.mjs:94:13
    at div
    at file:///home/ayush/Desktop/RS-Monolith/agent/node_modules/@radix-ui/react-primitive/dist/index.mjs:26:13
    at Provider (file:///home/ayush/Desktop/RS-Monolith/agent/node_modules/@radix-ui/react-context/dist/index.mjs:27:15)
    at file:///home/ayush/Desktop/RS-Monolith/agent/node_modules/@radix-ui/react-scroll-area/dist/index.mjs:32:7
    at /home/ayush/Desktop/RS-Monolith/agent/src/components/ui/scroll-area.tsx:11:56
    at div
    at file:///home/ayush/Desktop/RS-Monolith/agent/node_modules/@radix-ui/react-primitive/dist/index.mjs:26:13
    at file:///home/ayush/Desktop/RS-Monolith/agent/node_modules/@radix-ui/react-dismissable-layer/dist/index.mjs:24:7
    at file:///home/ayush/Desktop/RS-Monolith/agent/node_modules/@radix-ui/react-slot/dist/index.mjs:25:11
    at file:///home/ayush/Desktop/RS-Monolith/agent/node_modules/@radix-ui/react-slot/dist/index.mjs:6:11
    at file:///home/ayush/Desktop/RS-Monolith/agent/node_modules/@radix-ui/react-primitive/dist/index.mjs:26:13
    at file:///home/ayush/Desktop/RS-Monolith/agent/node_modules/@radix-ui/react-focus-scope/dist/index.mjs:15:5
    at file:///home/ayush/Desktop/RS-Monolith/agent/node_modules/@radix-ui/react-dialog/dist/index.mjs:204:13
    at file:///home/ayush/Desktop/RS-Monolith/agent/node_modules/@radix-ui/react-dialog/dist/index.mjs:130:58
    at Presence (file:///home/ayush/Desktop/RS-Monolith/agent/node_modules/@radix-ui/react-presence/dist/index.mjs:19:11)
    at file:///home/ayush/Desktop/RS-Monolith/agent/node_modules/@radix-ui/react-dialog/dist/index.mjs:121:64
    at file:///home/ayush/Desktop/RS-Monolith/agent/node_modules/@radix-ui/react-slot/dist/index.mjs:25:11
    at file:///home/ayush/Desktop/RS-Monolith/agent/node_modules/@radix-ui/react-slot/dist/index.mjs:6:11
    at file:///home/ayush/Desktop/RS-Monolith/agent/node_modules/@radix-ui/react-primitive/dist/index.mjs:26:13
    at file:///home/ayush/Desktop/RS-Monolith/agent/node_modules/@radix-ui/react-portal/dist/index.mjs:11:22
    at Presence (file:///home/ayush/Desktop/RS-Monolith/agent/node_modules/@radix-ui/react-presence/dist/index.mjs:19:11)
    at Provider (file:///home/ayush/Desktop/RS-Monolith/agent/node_modules/@radix-ui/react-context/dist/index.mjs:27:15)
    at DialogPortal (file:///home/ayush/Desktop/RS-Monolith/agent/node_modules/@radix-ui/react-dialog/dist/index.mjs:84:11)
    at /home/ayush/Desktop/RS-Monolith/agent/src/components/ui/sheet.tsx:63:58
    at Provider (file:///home/ayush/Desktop/RS-Monolith/agent/node_modules/@radix-ui/react-context/dist/index.mjs:27:15)
    at Dialog (file:///home/ayush/Desktop/RS-Monolith/agent/node_modules/@radix-ui/react-dialog/dist/index.mjs:25:5)
    at BookingDetailsSheet (/home/ayush/Desktop/RS-Monolith/agent/src/components/booking/BookingDetailsSheet.tsx:38:32)
Warning: An update to SelectItemText inside a test was not wrapped in act(...).

When testing, code that causes React state updates should be wrapped into act(...):

act(() => {
  /* fire events that update state */
});
/* assert on the output */

This ensures that you're testing the behavior the user would see in the browser. Learn more at https://reactjs.org/link/wrap-tests-with-act
    at file:///home/ayush/Desktop/RS-Monolith/agent/node_modules/@radix-ui/react-select/dist/index.mjs:898:13
    at div
    at file:///home/ayush/Desktop/RS-Monolith/agent/node_modules/@radix-ui/react-primitive/dist/index.mjs:26:13
    at file:///home/ayush/Desktop/RS-Monolith/agent/node_modules/@radix-ui/react-slot/dist/index.mjs:25:11
    at file:///home/ayush/Desktop/RS-Monolith/agent/node_modules/@radix-ui/react-slot/dist/index.mjs:6:11
    at file:///home/ayush/Desktop/RS-Monolith/agent/node_modules/@radix-ui/react-collection/dist/index.mjs:37:15
    at Provider (file:///home/ayush/Desktop/RS-Monolith/agent/node_modules/@radix-ui/react-context/dist/index.mjs:27:15)
    at file:///home/ayush/Desktop/RS-Monolith/agent/node_modules/@radix-ui/react-select/dist/index.mjs:797:7
    at /home/ayush/Desktop/RS-Monolith/agent/src/components/ui/select.tsx:179:56
    at div
    at file:///home/ayush/Desktop/RS-Monolith/agent/node_modules/@radix-ui/react-primitive/dist/index.mjs:26:13
    at file:///home/ayush/Desktop/RS-Monolith/agent/node_modules/@radix-ui/react-slot/dist/index.mjs:25:11
    at file:///home/ayush/Desktop/RS-Monolith/agent/node_modules/@radix-ui/react-slot/dist/index.mjs:6:11
    at file:///home/ayush/Desktop/RS-Monolith/agent/node_modules/@radix-ui/react-collection/dist/index.mjs:26:15
    at file:///home/ayush/Desktop/RS-Monolith/agent/node_modules/@radix-ui/react-select/dist/index.mjs:708:13
    at div
    at file:///home/ayush/Desktop/RS-Monolith/agent/node_modules/@radix-ui/react-slot/dist/index.mjs:25:11
    at file:///home/ayush/Desktop/RS-Monolith/agent/node_modules/@radix-ui/react-slot/dist/index.mjs:6:11
    at file:///home/ayush/Desktop/RS-Monolith/agent/node_modules/@radix-ui/react-collection/dist/index.mjs:26:15
    at Provider (file:///home/ayush/Desktop/RS-Monolith/agent/node_modules/@radix-ui/react-context/dist/index.mjs:27:15)
    at file:///home/ayush/Desktop/RS-Monolith/agent/node_modules/@radix-ui/react-select/dist/index.mjs:254:58
    at file:///home/ayush/Desktop/RS-Monolith/agent/node_modules/@radix-ui/react-slot/dist/index.mjs:25:11
    at file:///home/ayush/Desktop/RS-Monolith/agent/node_modules/@radix-ui/react-slot/dist/index.mjs:6:11
    at file:///home/ayush/Desktop/RS-Monolith/agent/node_modules/@radix-ui/react-primitive/dist/index.mjs:26:13
    at file:///home/ayush/Desktop/RS-Monolith/agent/node_modules/@radix-ui/react-portal/dist/index.mjs:11:22
    at SelectPortal
    at /home/ayush/Desktop/RS-Monolith/agent/src/components/ui/select.tsx:106:59
    at Provider (file:///home/ayush/Desktop/RS-Monolith/agent/node_modules/@radix-ui/react-context/dist/index.mjs:27:15)
    at Provider (file:///home/ayush/Desktop/RS-Monolith/agent/node_modules/@radix-ui/react-collection/node_modules/@radix-ui/react-context/dist/index.mjs:27:15)
    at CollectionProvider (file:///home/ayush/Desktop/RS-Monolith/agent/node_modules/@radix-ui/react-collection/dist/index.mjs:17:13)
    at Provider (file:///home/ayush/Desktop/RS-Monolith/agent/node_modules/@radix-ui/react-context/dist/index.mjs:27:15)
    at Provider (file:///home/ayush/Desktop/RS-Monolith/agent/node_modules/@radix-ui/react-popper/node_modules/@radix-ui/react-context/dist/index.mjs:27:15)
    at Popper (file:///home/ayush/Desktop/RS-Monolith/agent/node_modules/@radix-ui/react-popper/dist/index.mjs:30:11)
    at Select (file:///home/ayush/Desktop/RS-Monolith/agent/node_modules/@radix-ui/react-select/dist/index.mjs:42:5)
    at div
    at section
    at div
    at div
    at div
    at file:///home/ayush/Desktop/RS-Monolith/agent/node_modules/@radix-ui/react-primitive/dist/index.mjs:26:13
    at file:///home/ayush/Desktop/RS-Monolith/agent/node_modules/@radix-ui/react-scroll-area/dist/index.mjs:94:13
    at div
    at file:///home/ayush/Desktop/RS-Monolith/agent/node_modules/@radix-ui/react-primitive/dist/index.mjs:26:13
    at Provider (file:///home/ayush/Desktop/RS-Monolith/agent/node_modules/@radix-ui/react-context/dist/index.mjs:27:15)
    at file:///home/ayush/Desktop/RS-Monolith/agent/node_modules/@radix-ui/react-scroll-area/dist/index.mjs:32:7
    at /home/ayush/Desktop/RS-Monolith/agent/src/components/ui/scroll-area.tsx:11:56
    at div
    at file:///home/ayush/Desktop/RS-Monolith/agent/node_modules/@radix-ui/react-primitive/dist/index.mjs:26:13
    at file:///home/ayush/Desktop/RS-Monolith/agent/node_modules/@radix-ui/react-dismissable-layer/dist/index.mjs:24:7
    at file:///home/ayush/Desktop/RS-Monolith/agent/node_modules/@radix-ui/react-slot/dist/index.mjs:25:11
    at file:///home/ayush/Desktop/RS-Monolith/agent/node_modules/@radix-ui/react-slot/dist/index.mjs:6:11
    at file:///home/ayush/Desktop/RS-Monolith/agent/node_modules/@radix-ui/react-primitive/dist/index.mjs:26:13
    at file:///home/ayush/Desktop/RS-Monolith/agent/node_modules/@radix-ui/react-focus-scope/dist/index.mjs:15:5
    at file:///home/ayush/Desktop/RS-Monolith/agent/node_modules/@radix-ui/react-dialog/dist/index.mjs:204:13
    at file:///home/ayush/Desktop/RS-Monolith/agent/node_modules/@radix-ui/react-dialog/dist/index.mjs:130:58
    at Presence (file:///home/ayush/Desktop/RS-Monolith/agent/node_modules/@radix-ui/react-presence/dist/index.mjs:19:11)
    at file:///home/ayush/Desktop/RS-Monolith/agent/node_modules/@radix-ui/react-dialog/dist/index.mjs:121:64
    at file:///home/ayush/Desktop/RS-Monolith/agent/node_modules/@radix-ui/react-slot/dist/index.mjs:25:11
    at file:///home/ayush/Desktop/RS-Monolith/agent/node_modules/@radix-ui/react-slot/dist/index.mjs:6:11
    at file:///home/ayush/Desktop/RS-Monolith/agent/node_modules/@radix-ui/react-primitive/dist/index.mjs:26:13
    at file:///home/ayush/Desktop/RS-Monolith/agent/node_modules/@radix-ui/react-portal/dist/index.mjs:11:22
    at Presence (file:///home/ayush/Desktop/RS-Monolith/agent/node_modules/@radix-ui/react-presence/dist/index.mjs:19:11)
    at Provider (file:///home/ayush/Desktop/RS-Monolith/agent/node_modules/@radix-ui/react-context/dist/index.mjs:27:15)
    at DialogPortal (file:///home/ayush/Desktop/RS-Monolith/agent/node_modules/@radix-ui/react-dialog/dist/index.mjs:84:11)
    at /home/ayush/Desktop/RS-Monolith/agent/src/components/ui/sheet.tsx:63:58
    at Provider (file:///home/ayush/Desktop/RS-Monolith/agent/node_modules/@radix-ui/react-context/dist/index.mjs:27:15)
    at Dialog (file:///home/ayush/Desktop/RS-Monolith/agent/node_modules/@radix-ui/react-dialog/dist/index.mjs:25:5)
    at BookingDetailsSheet (/home/ayush/Desktop/RS-Monolith/agent/src/components/booking/BookingDetailsSheet.tsx:38:32)
Warning: An update to ScrollArea inside a test was not wrapped in act(...).

When testing, code that causes React state updates should be wrapped into act(...):

act(() => {
  /* fire events that update state */
});
/* assert on the output */

This ensures that you're testing the behavior the user would see in the browser. Learn more at https://reactjs.org/link/wrap-tests-with-act
    at file:///home/ayush/Desktop/RS-Monolith/agent/node_modules/@radix-ui/react-scroll-area/dist/index.mjs:32:7
    at /home/ayush/Desktop/RS-Monolith/agent/src/components/ui/scroll-area.tsx:11:56
    at div
    at file:///home/ayush/Desktop/RS-Monolith/agent/node_modules/@radix-ui/react-primitive/dist/index.mjs:26:13
    at file:///home/ayush/Desktop/RS-Monolith/agent/node_modules/@radix-ui/react-dismissable-layer/dist/index.mjs:24:7
    at file:///home/ayush/Desktop/RS-Monolith/agent/node_modules/@radix-ui/react-slot/dist/index.mjs:25:11
    at file:///home/ayush/Desktop/RS-Monolith/agent/node_modules/@radix-ui/react-slot/dist/index.mjs:6:11
    at file:///home/ayush/Desktop/RS-Monolith/agent/node_modules/@radix-ui/react-primitive/dist/index.mjs:26:13
    at file:///home/ayush/Desktop/RS-Monolith/agent/node_modules/@radix-ui/react-focus-scope/dist/index.mjs:15:5
    at file:///home/ayush/Desktop/RS-Monolith/agent/node_modules/@radix-ui/react-dialog/dist/index.mjs:204:13
    at file:///home/ayush/Desktop/RS-Monolith/agent/node_modules/@radix-ui/react-dialog/dist/index.mjs:130:58
    at Presence (file:///home/ayush/Desktop/RS-Monolith/agent/node_modules/@radix-ui/react-presence/dist/index.mjs:19:11)
    at file:///home/ayush/Desktop/RS-Monolith/agent/node_modules/@radix-ui/react-dialog/dist/index.mjs:121:64
    at file:///home/ayush/Desktop/RS-Monolith/agent/node_modules/@radix-ui/react-slot/dist/index.mjs:25:11
    at file:///home/ayush/Desktop/RS-Monolith/agent/node_modules/@radix-ui/react-slot/dist/index.mjs:6:11
    at file:///home/ayush/Desktop/RS-Monolith/agent/node_modules/@radix-ui/react-primitive/dist/index.mjs:26:13
    at file:///home/ayush/Desktop/RS-Monolith/agent/node_modules/@radix-ui/react-portal/dist/index.mjs:11:22
    at Presence (file:///home/ayush/Desktop/RS-Monolith/agent/node_modules/@radix-ui/react-presence/dist/index.mjs:19:11)
    at Provider (file:///home/ayush/Desktop/RS-Monolith/agent/node_modules/@radix-ui/react-context/dist/index.mjs:27:15)
    at DialogPortal (file:///home/ayush/Desktop/RS-Monolith/agent/node_modules/@radix-ui/react-dialog/dist/index.mjs:84:11)
    at /home/ayush/Desktop/RS-Monolith/agent/src/components/ui/sheet.tsx:63:58
    at Provider (file:///home/ayush/Desktop/RS-Monolith/agent/node_modules/@radix-ui/react-context/dist/index.mjs:27:15)
    at Dialog (file:///home/ayush/Desktop/RS-Monolith/agent/node_modules/@radix-ui/react-dialog/dist/index.mjs:25:5)
    at BookingDetailsSheet (/home/ayush/Desktop/RS-Monolith/agent/src/components/booking/BookingDetailsSheet.tsx:38:32)
Warning: An update to FocusScope inside a test was not wrapped in act(...).

When testing, code that causes React state updates should be wrapped into act(...):

act(() => {
  /* fire events that update state */
});
/* assert on the output */

This ensures that you're testing the behavior the user would see in the browser. Learn more at https://reactjs.org/link/wrap-tests-with-act
    at file:///home/ayush/Desktop/RS-Monolith/agent/node_modules/@radix-ui/react-focus-scope/dist/index.mjs:15:5
    at file:///home/ayush/Desktop/RS-Monolith/agent/node_modules/@radix-ui/react-dialog/dist/index.mjs:204:13
    at file:///home/ayush/Desktop/RS-Monolith/agent/node_modules/@radix-ui/react-dialog/dist/index.mjs:130:58
    at Presence (file:///home/ayush/Desktop/RS-Monolith/agent/node_modules/@radix-ui/react-presence/dist/index.mjs:19:11)
    at file:///home/ayush/Desktop/RS-Monolith/agent/node_modules/@radix-ui/react-dialog/dist/index.mjs:121:64
    at file:///home/ayush/Desktop/RS-Monolith/agent/node_modules/@radix-ui/react-slot/dist/index.mjs:25:11
    at file:///home/ayush/Desktop/RS-Monolith/agent/node_modules/@radix-ui/react-slot/dist/index.mjs:6:11
    at file:///home/ayush/Desktop/RS-Monolith/agent/node_modules/@radix-ui/react-primitive/dist/index.mjs:26:13
    at file:///home/ayush/Desktop/RS-Monolith/agent/node_modules/@radix-ui/react-portal/dist/index.mjs:11:22
    at Presence (file:///home/ayush/Desktop/RS-Monolith/agent/node_modules/@radix-ui/react-presence/dist/index.mjs:19:11)
    at Provider (file:///home/ayush/Desktop/RS-Monolith/agent/node_modules/@radix-ui/react-context/dist/index.mjs:27:15)
    at DialogPortal (file:///home/ayush/Desktop/RS-Monolith/agent/node_modules/@radix-ui/react-dialog/dist/index.mjs:84:11)
    at /home/ayush/Desktop/RS-Monolith/agent/src/components/ui/sheet.tsx:63:58
    at Provider (file:///home/ayush/Desktop/RS-Monolith/agent/node_modules/@radix-ui/react-context/dist/index.mjs:27:15)
    at Dialog (file:///home/ayush/Desktop/RS-Monolith/agent/node_modules/@radix-ui/react-dialog/dist/index.mjs:25:5)
    at BookingDetailsSheet (/home/ayush/Desktop/RS-Monolith/agent/src/components/booking/BookingDetailsSheet.tsx:38:32)
Warning: An update to Presence inside a test was not wrapped in act(...).

When testing, code that causes React state updates should be wrapped into act(...):

act(() => {
  /* fire events that update state */
});
/* assert on the output */

This ensures that you're testing the behavior the user would see in the browser. Learn more at https://reactjs.org/link/wrap-tests-with-act
    at Presence (file:///home/ayush/Desktop/RS-Monolith/agent/node_modules/@radix-ui/react-presence/dist/index.mjs:19:11)
    at file:///home/ayush/Desktop/RS-Monolith/agent/node_modules/@radix-ui/react-dialog/dist/index.mjs:121:64
    at file:///home/ayush/Desktop/RS-Monolith/agent/node_modules/@radix-ui/react-slot/dist/index.mjs:25:11
    at file:///home/ayush/Desktop/RS-Monolith/agent/node_modules/@radix-ui/react-slot/dist/index.mjs:6:11
    at file:///home/ayush/Desktop/RS-Monolith/agent/node_modules/@radix-ui/react-primitive/dist/index.mjs:26:13
    at file:///home/ayush/Desktop/RS-Monolith/agent/node_modules/@radix-ui/react-portal/dist/index.mjs:11:22
    at Presence (file:///home/ayush/Desktop/RS-Monolith/agent/node_modules/@radix-ui/react-presence/dist/index.mjs:19:11)
    at Provider (file:///home/ayush/Desktop/RS-Monolith/agent/node_modules/@radix-ui/react-context/dist/index.mjs:27:15)
    at DialogPortal (file:///home/ayush/Desktop/RS-Monolith/agent/node_modules/@radix-ui/react-dialog/dist/index.mjs:84:11)
    at /home/ayush/Desktop/RS-Monolith/agent/src/components/ui/sheet.tsx:63:58
    at Provider (file:///home/ayush/Desktop/RS-Monolith/agent/node_modules/@radix-ui/react-context/dist/index.mjs:27:15)
    at Dialog (file:///home/ayush/Desktop/RS-Monolith/agent/node_modules/@radix-ui/react-dialog/dist/index.mjs:25:5)
    at BookingDetailsSheet (/home/ayush/Desktop/RS-Monolith/agent/src/components/booking/BookingDetailsSheet.tsx:38:32)
Warning: An update to Presence inside a test was not wrapped in act(...).

When testing, code that causes React state updates should be wrapped into act(...):

act(() => {
  /* fire events that update state */
});
/* assert on the output */

This ensures that you're testing the behavior the user would see in the browser. Learn more at https://reactjs.org/link/wrap-tests-with-act
    at Presence (file:///home/ayush/Desktop/RS-Monolith/agent/node_modules/@radix-ui/react-presence/dist/index.mjs:19:11)
    at Provider (file:///home/ayush/Desktop/RS-Monolith/agent/node_modules/@radix-ui/react-context/dist/index.mjs:27:15)
    at DialogPortal (file:///home/ayush/Desktop/RS-Monolith/agent/node_modules/@radix-ui/react-dialog/dist/index.mjs:84:11)
    at /home/ayush/Desktop/RS-Monolith/agent/src/components/ui/sheet.tsx:63:58
    at Provider (file:///home/ayush/Desktop/RS-Monolith/agent/node_modules/@radix-ui/react-context/dist/index.mjs:27:15)
    at Dialog (file:///home/ayush/Desktop/RS-Monolith/agent/node_modules/@radix-ui/react-dialog/dist/index.mjs:25:5)
    at BookingDetailsSheet (/home/ayush/Desktop/RS-Monolith/agent/src/components/booking/BookingDetailsSheet.tsx:38:32)
Warning: An update to DismissableLayer inside a test was not wrapped in act(...).

When testing, code that causes React state updates should be wrapped into act(...):

act(() => {
  /* fire events that update state */
});
/* assert on the output */

This ensures that you're testing the behavior the user would see in the browser. Learn more at https://reactjs.org/link/wrap-tests-with-act
    at file:///home/ayush/Desktop/RS-Monolith/agent/node_modules/@radix-ui/react-dismissable-layer/dist/index.mjs:24:7
    at file:///home/ayush/Desktop/RS-Monolith/agent/node_modules/@radix-ui/react-slot/dist/index.mjs:25:11
    at file:///home/ayush/Desktop/RS-Monolith/agent/node_modules/@radix-ui/react-slot/dist/index.mjs:6:11
    at file:///home/ayush/Desktop/RS-Monolith/agent/node_modules/@radix-ui/react-primitive/dist/index.mjs:26:13
    at file:///home/ayush/Desktop/RS-Monolith/agent/node_modules/@radix-ui/react-focus-scope/dist/index.mjs:15:5
    at file:///home/ayush/Desktop/RS-Monolith/agent/node_modules/@radix-ui/react-dialog/dist/index.mjs:204:13
    at file:///home/ayush/Desktop/RS-Monolith/agent/node_modules/@radix-ui/react-dialog/dist/index.mjs:130:58
    at Presence (file:///home/ayush/Desktop/RS-Monolith/agent/node_modules/@radix-ui/react-presence/dist/index.mjs:19:11)
    at file:///home/ayush/Desktop/RS-Monolith/agent/node_modules/@radix-ui/react-dialog/dist/index.mjs:121:64
    at file:///home/ayush/Desktop/RS-Monolith/agent/node_modules/@radix-ui/react-slot/dist/index.mjs:25:11
    at file:///home/ayush/Desktop/RS-Monolith/agent/node_modules/@radix-ui/react-slot/dist/index.mjs:6:11
    at file:///home/ayush/Desktop/RS-Monolith/agent/node_modules/@radix-ui/react-primitive/dist/index.mjs:26:13
    at file:///home/ayush/Desktop/RS-Monolith/agent/node_modules/@radix-ui/react-portal/dist/index.mjs:11:22
    at Presence (file:///home/ayush/Desktop/RS-Monolith/agent/node_modules/@radix-ui/react-presence/dist/index.mjs:19:11)
    at Provider (file:///home/ayush/Desktop/RS-Monolith/agent/node_modules/@radix-ui/react-context/dist/index.mjs:27:15)
    at DialogPortal (file:///home/ayush/Desktop/RS-Monolith/agent/node_modules/@radix-ui/react-dialog/dist/index.mjs:84:11)
    at /home/ayush/Desktop/RS-Monolith/agent/src/components/ui/sheet.tsx:63:58
    at Provider (file:///home/ayush/Desktop/RS-Monolith/agent/node_modules/@radix-ui/react-context/dist/index.mjs:27:15)
    at Dialog (file:///home/ayush/Desktop/RS-Monolith/agent/node_modules/@radix-ui/react-dialog/dist/index.mjs:25:5)
    at BookingDetailsSheet (/home/ayush/Desktop/RS-Monolith/agent/src/components/booking/BookingDetailsSheet.tsx:38:32)
Warning: An update to Presence inside a test was not wrapped in act(...).

When testing, code that causes React state updates should be wrapped into act(...):

act(() => {
  /* fire events that update state */
});
/* assert on the output */

This ensures that you're testing the behavior the user would see in the browser. Learn more at https://reactjs.org/link/wrap-tests-with-act
    at Presence (file:///home/ayush/Desktop/RS-Monolith/agent/node_modules/@radix-ui/react-presence/dist/index.mjs:19:11)
    at file:///home/ayush/Desktop/RS-Monolith/agent/node_modules/@radix-ui/react-dialog/dist/index.mjs:92:64
    at /home/ayush/Desktop/RS-Monolith/agent/src/components/ui/sheet.tsx:27:58
    at file:///home/ayush/Desktop/RS-Monolith/agent/node_modules/@radix-ui/react-slot/dist/index.mjs:25:11
    at file:///home/ayush/Desktop/RS-Monolith/agent/node_modules/@radix-ui/react-slot/dist/index.mjs:6:11
    at file:///home/ayush/Desktop/RS-Monolith/agent/node_modules/@radix-ui/react-primitive/dist/index.mjs:26:13
    at file:///home/ayush/Desktop/RS-Monolith/agent/node_modules/@radix-ui/react-portal/dist/index.mjs:11:22
    at Presence (file:///home/ayush/Desktop/RS-Monolith/agent/node_modules/@radix-ui/react-presence/dist/index.mjs:19:11)
    at Provider (file:///home/ayush/Desktop/RS-Monolith/agent/node_modules/@radix-ui/react-context/dist/index.mjs:27:15)
    at DialogPortal (file:///home/ayush/Desktop/RS-Monolith/agent/node_modules/@radix-ui/react-dialog/dist/index.mjs:84:11)
    at /home/ayush/Desktop/RS-Monolith/agent/src/components/ui/sheet.tsx:63:58
    at Provider (file:///home/ayush/Desktop/RS-Monolith/agent/node_modules/@radix-ui/react-context/dist/index.mjs:27:15)
    at Dialog (file:///home/ayush/Desktop/RS-Monolith/agent/node_modules/@radix-ui/react-dialog/dist/index.mjs:25:5)
    at BookingDetailsSheet (/home/ayush/Desktop/RS-Monolith/agent/src/components/booking/BookingDetailsSheet.tsx:38:32)
Warning: An update to Presence inside a test was not wrapped in act(...).

When testing, code that causes React state updates should be wrapped into act(...):

act(() => {
  /* fire events that update state */
});
/* assert on the output */

This ensures that you're testing the behavior the user would see in the browser. Learn more at https://reactjs.org/link/wrap-tests-with-act
    at Presence (file:///home/ayush/Desktop/RS-Monolith/agent/node_modules/@radix-ui/react-presence/dist/index.mjs:19:11)
    at Provider (file:///home/ayush/Desktop/RS-Monolith/agent/node_modules/@radix-ui/react-context/dist/index.mjs:27:15)
    at DialogPortal (file:///home/ayush/Desktop/RS-Monolith/agent/node_modules/@radix-ui/react-dialog/dist/index.mjs:84:11)
    at /home/ayush/Desktop/RS-Monolith/agent/src/components/ui/sheet.tsx:63:58
    at Provider (file:///home/ayush/Desktop/RS-Monolith/agent/node_modules/@radix-ui/react-context/dist/index.mjs:27:15)
    at Dialog (file:///home/ayush/Desktop/RS-Monolith/agent/node_modules/@radix-ui/react-dialog/dist/index.mjs:25:5)
    at BookingDetailsSheet (/home/ayush/Desktop/RS-Monolith/agent/src/components/booking/BookingDetailsSheet.tsx:38:32)
Warning: An update to Select inside a test was not wrapped in act(...).

When testing, code that causes React state updates should be wrapped into act(...):

act(() => {
  /* fire events that update state */
});
/* assert on the output */

This ensures that you're testing the behavior the user would see in the browser. Learn more at https://reactjs.org/link/wrap-tests-with-act
    at Select (file:///home/ayush/Desktop/RS-Monolith/agent/node_modules/@radix-ui/react-select/dist/index.mjs:42:5)
    at div
    at section
    at div
    at div
    at div
    at file:///home/ayush/Desktop/RS-Monolith/agent/node_modules/@radix-ui/react-primitive/dist/index.mjs:26:13
    at file:///home/ayush/Desktop/RS-Monolith/agent/node_modules/@radix-ui/react-scroll-area/dist/index.mjs:94:13
    at div
    at file:///home/ayush/Desktop/RS-Monolith/agent/node_modules/@radix-ui/react-primitive/dist/index.mjs:26:13
    at Provider (file:///home/ayush/Desktop/RS-Monolith/agent/node_modules/@radix-ui/react-context/dist/index.mjs:27:15)
    at file:///home/ayush/Desktop/RS-Monolith/agent/node_modules/@radix-ui/react-scroll-area/dist/index.mjs:32:7
    at /home/ayush/Desktop/RS-Monolith/agent/src/components/ui/scroll-area.tsx:11:56
    at div
    at file:///home/ayush/Desktop/RS-Monolith/agent/node_modules/@radix-ui/react-primitive/dist/index.mjs:26:13
    at file:///home/ayush/Desktop/RS-Monolith/agent/node_modules/@radix-ui/react-dismissable-layer/dist/index.mjs:24:7
    at file:///home/ayush/Desktop/RS-Monolith/agent/node_modules/@radix-ui/react-slot/dist/index.mjs:25:11
    at file:///home/ayush/Desktop/RS-Monolith/agent/node_modules/@radix-ui/react-slot/dist/index.mjs:6:11
    at file:///home/ayush/Desktop/RS-Monolith/agent/node_modules/@radix-ui/react-primitive/dist/index.mjs:26:13
    at file:///home/ayush/Desktop/RS-Monolith/agent/node_modules/@radix-ui/react-focus-scope/dist/index.mjs:15:5
    at file:///home/ayush/Desktop/RS-Monolith/agent/node_modules/@radix-ui/react-dialog/dist/index.mjs:204:13
    at file:///home/ayush/Desktop/RS-Monolith/agent/node_modules/@radix-ui/react-dialog/dist/index.mjs:130:58
    at Presence (file:///home/ayush/Desktop/RS-Monolith/agent/node_modules/@radix-ui/react-presence/dist/index.mjs:19:11)
    at file:///home/ayush/Desktop/RS-Monolith/agent/node_modules/@radix-ui/react-dialog/dist/index.mjs:121:64
    at file:///home/ayush/Desktop/RS-Monolith/agent/node_modules/@radix-ui/react-slot/dist/index.mjs:25:11
    at file:///home/ayush/Desktop/RS-Monolith/agent/node_modules/@radix-ui/react-slot/dist/index.mjs:6:11
    at file:///home/ayush/Desktop/RS-Monolith/agent/node_modules/@radix-ui/react-primitive/dist/index.mjs:26:13
    at file:///home/ayush/Desktop/RS-Monolith/agent/node_modules/@radix-ui/react-portal/dist/index.mjs:11:22
    at Presence (file:///home/ayush/Desktop/RS-Monolith/agent/node_modules/@radix-ui/react-presence/dist/index.mjs:19:11)
    at Provider (file:///home/ayush/Desktop/RS-Monolith/agent/node_modules/@radix-ui/react-context/dist/index.mjs:27:15)
    at DialogPortal (file:///home/ayush/Desktop/RS-Monolith/agent/node_modules/@radix-ui/react-dialog/dist/index.mjs:84:11)
    at /home/ayush/Desktop/RS-Monolith/agent/src/components/ui/sheet.tsx:63:58
    at Provider (file:///home/ayush/Desktop/RS-Monolith/agent/node_modules/@radix-ui/react-context/dist/index.mjs:27:15)
    at Dialog (file:///home/ayush/Desktop/RS-Monolith/agent/node_modules/@radix-ui/react-dialog/dist/index.mjs:25:5)
    at BookingDetailsSheet (/home/ayush/Desktop/RS-Monolith/agent/src/components/booking/BookingDetailsSheet.tsx:38:32)
Warning: An update to SelectItemText inside a test was not wrapped in act(...).

When testing, code that causes React state updates should be wrapped into act(...):

act(() => {
  /* fire events that update state */
});
/* assert on the output */

This ensures that you're testing the behavior the user would see in the browser. Learn more at https://reactjs.org/link/wrap-tests-with-act
    at file:///home/ayush/Desktop/RS-Monolith/agent/node_modules/@radix-ui/react-select/dist/index.mjs:898:13
    at div
    at file:///home/ayush/Desktop/RS-Monolith/agent/node_modules/@radix-ui/react-primitive/dist/index.mjs:26:13
    at file:///home/ayush/Desktop/RS-Monolith/agent/node_modules/@radix-ui/react-slot/dist/index.mjs:25:11
    at file:///home/ayush/Desktop/RS-Monolith/agent/node_modules/@radix-ui/react-slot/dist/index.mjs:6:11
    at file:///home/ayush/Desktop/RS-Monolith/agent/node_modules/@radix-ui/react-collection/dist/index.mjs:37:15
    at Provider (file:///home/ayush/Desktop/RS-Monolith/agent/node_modules/@radix-ui/react-context/dist/index.mjs:27:15)
    at file:///home/ayush/Desktop/RS-Monolith/agent/node_modules/@radix-ui/react-select/dist/index.mjs:797:7
    at /home/ayush/Desktop/RS-Monolith/agent/src/components/ui/select.tsx:179:56
    at div
    at file:///home/ayush/Desktop/RS-Monolith/agent/node_modules/@radix-ui/react-primitive/dist/index.mjs:26:13
    at file:///home/ayush/Desktop/RS-Monolith/agent/node_modules/@radix-ui/react-slot/dist/index.mjs:25:11
    at file:///home/ayush/Desktop/RS-Monolith/agent/node_modules/@radix-ui/react-slot/dist/index.mjs:6:11
    at file:///home/ayush/Desktop/RS-Monolith/agent/node_modules/@radix-ui/react-collection/dist/index.mjs:26:15
    at file:///home/ayush/Desktop/RS-Monolith/agent/node_modules/@radix-ui/react-select/dist/index.mjs:708:13
    at div
    at file:///home/ayush/Desktop/RS-Monolith/agent/node_modules/@radix-ui/react-slot/dist/index.mjs:25:11
    at file:///home/ayush/Desktop/RS-Monolith/agent/node_modules/@radix-ui/react-slot/dist/index.mjs:6:11
    at file:///home/ayush/Desktop/RS-Monolith/agent/node_modules/@radix-ui/react-collection/dist/index.mjs:26:15
    at Provider (file:///home/ayush/Desktop/RS-Monolith/agent/node_modules/@radix-ui/react-context/dist/index.mjs:27:15)
    at file:///home/ayush/Desktop/RS-Monolith/agent/node_modules/@radix-ui/react-select/dist/index.mjs:254:58
    at file:///home/ayush/Desktop/RS-Monolith/agent/node_modules/@radix-ui/react-slot/dist/index.mjs:25:11
    at file:///home/ayush/Desktop/RS-Monolith/agent/node_modules/@radix-ui/react-slot/dist/index.mjs:6:11
    at file:///home/ayush/Desktop/RS-Monolith/agent/node_modules/@radix-ui/react-primitive/dist/index.mjs:26:13
    at file:///home/ayush/Desktop/RS-Monolith/agent/node_modules/@radix-ui/react-portal/dist/index.mjs:11:22
    at SelectPortal
    at /home/ayush/Desktop/RS-Monolith/agent/src/components/ui/select.tsx:106:59
    at Provider (file:///home/ayush/Desktop/RS-Monolith/agent/node_modules/@radix-ui/react-context/dist/index.mjs:27:15)
    at Provider (file:///home/ayush/Desktop/RS-Monolith/agent/node_modules/@radix-ui/react-collection/node_modules/@radix-ui/react-context/dist/index.mjs:27:15)
    at CollectionProvider (file:///home/ayush/Desktop/RS-Monolith/agent/node_modules/@radix-ui/react-collection/dist/index.mjs:17:13)
    at Provider (file:///home/ayush/Desktop/RS-Monolith/agent/node_modules/@radix-ui/react-context/dist/index.mjs:27:15)
    at Provider (file:///home/ayush/Desktop/RS-Monolith/agent/node_modules/@radix-ui/react-popper/node_modules/@radix-ui/react-context/dist/index.mjs:27:15)
    at Popper (file:///home/ayush/Desktop/RS-Monolith/agent/node_modules/@radix-ui/react-popper/dist/index.mjs:30:11)
    at Select (file:///home/ayush/Desktop/RS-Monolith/agent/node_modules/@radix-ui/react-select/dist/index.mjs:42:5)
    at div
    at section
    at div
    at div
    at div
    at file:///home/ayush/Desktop/RS-Monolith/agent/node_modules/@radix-ui/react-primitive/dist/index.mjs:26:13
    at file:///home/ayush/Desktop/RS-Monolith/agent/node_modules/@radix-ui/react-scroll-area/dist/index.mjs:94:13
    at div
    at file:///home/ayush/Desktop/RS-Monolith/agent/node_modules/@radix-ui/react-primitive/dist/index.mjs:26:13
    at Provider (file:///home/ayush/Desktop/RS-Monolith/agent/node_modules/@radix-ui/react-context/dist/index.mjs:27:15)
    at file:///home/ayush/Desktop/RS-Monolith/agent/node_modules/@radix-ui/react-scroll-area/dist/index.mjs:32:7
    at /home/ayush/Desktop/RS-Monolith/agent/src/components/ui/scroll-area.tsx:11:56
    at div
    at file:///home/ayush/Desktop/RS-Monolith/agent/node_modules/@radix-ui/react-primitive/dist/index.mjs:26:13
    at file:///home/ayush/Desktop/RS-Monolith/agent/node_modules/@radix-ui/react-dismissable-layer/dist/index.mjs:24:7
    at file:///home/ayush/Desktop/RS-Monolith/agent/node_modules/@radix-ui/react-slot/dist/index.mjs:25:11
    at file:///home/ayush/Desktop/RS-Monolith/agent/node_modules/@radix-ui/react-slot/dist/index.mjs:6:11
    at file:///home/ayush/Desktop/RS-Monolith/agent/node_modules/@radix-ui/react-primitive/dist/index.mjs:26:13
    at file:///home/ayush/Desktop/RS-Monolith/agent/node_modules/@radix-ui/react-focus-scope/dist/index.mjs:15:5
    at file:///home/ayush/Desktop/RS-Monolith/agent/node_modules/@radix-ui/react-dialog/dist/index.mjs:204:13
    at file:///home/ayush/Desktop/RS-Monolith/agent/node_modules/@radix-ui/react-dialog/dist/index.mjs:130:58
    at Presence (file:///home/ayush/Desktop/RS-Monolith/agent/node_modules/@radix-ui/react-presence/dist/index.mjs:19:11)
    at file:///home/ayush/Desktop/RS-Monolith/agent/node_modules/@radix-ui/react-dialog/dist/index.mjs:121:64
    at file:///home/ayush/Desktop/RS-Monolith/agent/node_modules/@radix-ui/react-slot/dist/index.mjs:25:11
    at file:///home/ayush/Desktop/RS-Monolith/agent/node_modules/@radix-ui/react-slot/dist/index.mjs:6:11
    at file:///home/ayush/Desktop/RS-Monolith/agent/node_modules/@radix-ui/react-primitive/dist/index.mjs:26:13
    at file:///home/ayush/Desktop/RS-Monolith/agent/node_modules/@radix-ui/react-portal/dist/index.mjs:11:22
    at Presence (file:///home/ayush/Desktop/RS-Monolith/agent/node_modules/@radix-ui/react-presence/dist/index.mjs:19:11)
    at Provider (file:///home/ayush/Desktop/RS-Monolith/agent/node_modules/@radix-ui/react-context/dist/index.mjs:27:15)
    at DialogPortal (file:///home/ayush/Desktop/RS-Monolith/agent/node_modules/@radix-ui/react-dialog/dist/index.mjs:84:11)
    at /home/ayush/Desktop/RS-Monolith/agent/src/components/ui/sheet.tsx:63:58
    at Provider (file:///home/ayush/Desktop/RS-Monolith/agent/node_modules/@radix-ui/react-context/dist/index.mjs:27:15)
    at Dialog (file:///home/ayush/Desktop/RS-Monolith/agent/node_modules/@radix-ui/react-dialog/dist/index.mjs:25:5)
    at BookingDetailsSheet (/home/ayush/Desktop/RS-Monolith/agent/src/components/booking/BookingDetailsSheet.tsx:38:32)
Warning: An update to SelectItemText inside a test was not wrapped in act(...).

When testing, code that causes React state updates should be wrapped into act(...):

act(() => {
  /* fire events that update state */
});
/* assert on the output */

This ensures that you're testing the behavior the user would see in the browser. Learn more at https://reactjs.org/link/wrap-tests-with-act
    at file:///home/ayush/Desktop/RS-Monolith/agent/node_modules/@radix-ui/react-select/dist/index.mjs:898:13
    at div
    at file:///home/ayush/Desktop/RS-Monolith/agent/node_modules/@radix-ui/react-primitive/dist/index.mjs:26:13
    at file:///home/ayush/Desktop/RS-Monolith/agent/node_modules/@radix-ui/react-slot/dist/index.mjs:25:11
    at file:///home/ayush/Desktop/RS-Monolith/agent/node_modules/@radix-ui/react-slot/dist/index.mjs:6:11
    at file:///home/ayush/Desktop/RS-Monolith/agent/node_modules/@radix-ui/react-collection/dist/index.mjs:37:15
    at Provider (file:///home/ayush/Desktop/RS-Monolith/agent/node_modules/@radix-ui/react-context/dist/index.mjs:27:15)
    at file:///home/ayush/Desktop/RS-Monolith/agent/node_modules/@radix-ui/react-select/dist/index.mjs:797:7
    at /home/ayush/Desktop/RS-Monolith/agent/src/components/ui/select.tsx:179:56
    at div
    at file:///home/ayush/Desktop/RS-Monolith/agent/node_modules/@radix-ui/react-primitive/dist/index.mjs:26:13
    at file:///home/ayush/Desktop/RS-Monolith/agent/node_modules/@radix-ui/react-slot/dist/index.mjs:25:11
    at file:///home/ayush/Desktop/RS-Monolith/agent/node_modules/@radix-ui/react-slot/dist/index.mjs:6:11
    at file:///home/ayush/Desktop/RS-Monolith/agent/node_modules/@radix-ui/react-collection/dist/index.mjs:26:15
    at file:///home/ayush/Desktop/RS-Monolith/agent/node_modules/@radix-ui/react-select/dist/index.mjs:708:13
    at div
    at file:///home/ayush/Desktop/RS-Monolith/agent/node_modules/@radix-ui/react-slot/dist/index.mjs:25:11
    at file:///home/ayush/Desktop/RS-Monolith/agent/node_modules/@radix-ui/react-slot/dist/index.mjs:6:11
    at file:///home/ayush/Desktop/RS-Monolith/agent/node_modules/@radix-ui/react-collection/dist/index.mjs:26:15
    at Provider (file:///home/ayush/Desktop/RS-Monolith/agent/node_modules/@radix-ui/react-context/dist/index.mjs:27:15)
    at file:///home/ayush/Desktop/RS-Monolith/agent/node_modules/@radix-ui/react-select/dist/index.mjs:254:58
    at file:///home/ayush/Desktop/RS-Monolith/agent/node_modules/@radix-ui/react-slot/dist/index.mjs:25:11
    at file:///home/ayush/Desktop/RS-Monolith/agent/node_modules/@radix-ui/react-slot/dist/index.mjs:6:11
    at file:///home/ayush/Desktop/RS-Monolith/agent/node_modules/@radix-ui/react-primitive/dist/index.mjs:26:13
    at file:///home/ayush/Desktop/RS-Monolith/agent/node_modules/@radix-ui/react-portal/dist/index.mjs:11:22
    at SelectPortal
    at /home/ayush/Desktop/RS-Monolith/agent/src/components/ui/select.tsx:106:59
    at Provider (file:///home/ayush/Desktop/RS-Monolith/agent/node_modules/@radix-ui/react-context/dist/index.mjs:27:15)
    at Provider (file:///home/ayush/Desktop/RS-Monolith/agent/node_modules/@radix-ui/react-collection/node_modules/@radix-ui/react-context/dist/index.mjs:27:15)
    at CollectionProvider (file:///home/ayush/Desktop/RS-Monolith/agent/node_modules/@radix-ui/react-collection/dist/index.mjs:17:13)
    at Provider (file:///home/ayush/Desktop/RS-Monolith/agent/node_modules/@radix-ui/react-context/dist/index.mjs:27:15)
    at Provider (file:///home/ayush/Desktop/RS-Monolith/agent/node_modules/@radix-ui/react-popper/node_modules/@radix-ui/react-context/dist/index.mjs:27:15)
    at Popper (file:///home/ayush/Desktop/RS-Monolith/agent/node_modules/@radix-ui/react-popper/dist/index.mjs:30:11)
    at Select (file:///home/ayush/Desktop/RS-Monolith/agent/node_modules/@radix-ui/react-select/dist/index.mjs:42:5)
    at div
    at section
    at div
    at div
    at div
    at file:///home/ayush/Desktop/RS-Monolith/agent/node_modules/@radix-ui/react-primitive/dist/index.mjs:26:13
    at file:///home/ayush/Desktop/RS-Monolith/agent/node_modules/@radix-ui/react-scroll-area/dist/index.mjs:94:13
    at div
    at file:///home/ayush/Desktop/RS-Monolith/agent/node_modules/@radix-ui/react-primitive/dist/index.mjs:26:13
    at Provider (file:///home/ayush/Desktop/RS-Monolith/agent/node_modules/@radix-ui/react-context/dist/index.mjs:27:15)
    at file:///home/ayush/Desktop/RS-Monolith/agent/node_modules/@radix-ui/react-scroll-area/dist/index.mjs:32:7
    at /home/ayush/Desktop/RS-Monolith/agent/src/components/ui/scroll-area.tsx:11:56
    at div
    at file:///home/ayush/Desktop/RS-Monolith/agent/node_modules/@radix-ui/react-primitive/dist/index.mjs:26:13
    at file:///home/ayush/Desktop/RS-Monolith/agent/node_modules/@radix-ui/react-dismissable-layer/dist/index.mjs:24:7
    at file:///home/ayush/Desktop/RS-Monolith/agent/node_modules/@radix-ui/react-slot/dist/index.mjs:25:11
    at file:///home/ayush/Desktop/RS-Monolith/agent/node_modules/@radix-ui/react-slot/dist/index.mjs:6:11
    at file:///home/ayush/Desktop/RS-Monolith/agent/node_modules/@radix-ui/react-primitive/dist/index.mjs:26:13
    at file:///home/ayush/Desktop/RS-Monolith/agent/node_modules/@radix-ui/react-focus-scope/dist/index.mjs:15:5
    at file:///home/ayush/Desktop/RS-Monolith/agent/node_modules/@radix-ui/react-dialog/dist/index.mjs:204:13
    at file:///home/ayush/Desktop/RS-Monolith/agent/node_modules/@radix-ui/react-dialog/dist/index.mjs:130:58
    at Presence (file:///home/ayush/Desktop/RS-Monolith/agent/node_modules/@radix-ui/react-presence/dist/index.mjs:19:11)
    at file:///home/ayush/Desktop/RS-Monolith/agent/node_modules/@radix-ui/react-dialog/dist/index.mjs:121:64
    at file:///home/ayush/Desktop/RS-Monolith/agent/node_modules/@radix-ui/react-slot/dist/index.mjs:25:11
    at file:///home/ayush/Desktop/RS-Monolith/agent/node_modules/@radix-ui/react-slot/dist/index.mjs:6:11
    at file:///home/ayush/Desktop/RS-Monolith/agent/node_modules/@radix-ui/react-primitive/dist/index.mjs:26:13
    at file:///home/ayush/Desktop/RS-Monolith/agent/node_modules/@radix-ui/react-portal/dist/index.mjs:11:22
    at Presence (file:///home/ayush/Desktop/RS-Monolith/agent/node_modules/@radix-ui/react-presence/dist/index.mjs:19:11)
    at Provider (file:///home/ayush/Desktop/RS-Monolith/agent/node_modules/@radix-ui/react-context/dist/index.mjs:27:15)
    at DialogPortal (file:///home/ayush/Desktop/RS-Monolith/agent/node_modules/@radix-ui/react-dialog/dist/index.mjs:84:11)
    at /home/ayush/Desktop/RS-Monolith/agent/src/components/ui/sheet.tsx:63:58
    at Provider (file:///home/ayush/Desktop/RS-Monolith/agent/node_modules/@radix-ui/react-context/dist/index.mjs:27:15)
    at Dialog (file:///home/ayush/Desktop/RS-Monolith/agent/node_modules/@radix-ui/react-dialog/dist/index.mjs:25:5)
    at BookingDetailsSheet (/home/ayush/Desktop/RS-Monolith/agent/src/components/booking/BookingDetailsSheet.tsx:38:32)
Warning: An update to SelectItemText inside a test was not wrapped in act(...).

When testing, code that causes React state updates should be wrapped into act(...):

act(() => {
  /* fire events that update state */
});
/* assert on the output */

This ensures that you're testing the behavior the user would see in the browser. Learn more at https://reactjs.org/link/wrap-tests-with-act
    at file:///home/ayush/Desktop/RS-Monolith/agent/node_modules/@radix-ui/react-select/dist/index.mjs:898:13
    at div
    at file:///home/ayush/Desktop/RS-Monolith/agent/node_modules/@radix-ui/react-primitive/dist/index.mjs:26:13
    at file:///home/ayush/Desktop/RS-Monolith/agent/node_modules/@radix-ui/react-slot/dist/index.mjs:25:11
    at file:///home/ayush/Desktop/RS-Monolith/agent/node_modules/@radix-ui/react-slot/dist/index.mjs:6:11
    at file:///home/ayush/Desktop/RS-Monolith/agent/node_modules/@radix-ui/react-collection/dist/index.mjs:37:15
    at Provider (file:///home/ayush/Desktop/RS-Monolith/agent/node_modules/@radix-ui/react-context/dist/index.mjs:27:15)
    at file:///home/ayush/Desktop/RS-Monolith/agent/node_modules/@radix-ui/react-select/dist/index.mjs:797:7
    at /home/ayush/Desktop/RS-Monolith/agent/src/components/ui/select.tsx:179:56
    at div
    at file:///home/ayush/Desktop/RS-Monolith/agent/node_modules/@radix-ui/react-primitive/dist/index.mjs:26:13
    at file:///home/ayush/Desktop/RS-Monolith/agent/node_modules/@radix-ui/react-slot/dist/index.mjs:25:11
    at file:///home/ayush/Desktop/RS-Monolith/agent/node_modules/@radix-ui/react-slot/dist/index.mjs:6:11
    at file:///home/ayush/Desktop/RS-Monolith/agent/node_modules/@radix-ui/react-collection/dist/index.mjs:26:15
    at file:///home/ayush/Desktop/RS-Monolith/agent/node_modules/@radix-ui/react-select/dist/index.mjs:708:13
    at div
    at file:///home/ayush/Desktop/RS-Monolith/agent/node_modules/@radix-ui/react-slot/dist/index.mjs:25:11
    at file:///home/ayush/Desktop/RS-Monolith/agent/node_modules/@radix-ui/react-slot/dist/index.mjs:6:11
    at file:///home/ayush/Desktop/RS-Monolith/agent/node_modules/@radix-ui/react-collection/dist/index.mjs:26:15
    at Provider (file:///home/ayush/Desktop/RS-Monolith/agent/node_modules/@radix-ui/react-context/dist/index.mjs:27:15)
    at file:///home/ayush/Desktop/RS-Monolith/agent/node_modules/@radix-ui/react-select/dist/index.mjs:254:58
    at file:///home/ayush/Desktop/RS-Monolith/agent/node_modules/@radix-ui/react-slot/dist/index.mjs:25:11
    at file:///home/ayush/Desktop/RS-Monolith/agent/node_modules/@radix-ui/react-slot/dist/index.mjs:6:11
    at file:///home/ayush/Desktop/RS-Monolith/agent/node_modules/@radix-ui/react-primitive/dist/index.mjs:26:13
    at file:///home/ayush/Desktop/RS-Monolith/agent/node_modules/@radix-ui/react-portal/dist/index.mjs:11:22
    at SelectPortal
    at /home/ayush/Desktop/RS-Monolith/agent/src/components/ui/select.tsx:106:59
    at Provider (file:///home/ayush/Desktop/RS-Monolith/agent/node_modules/@radix-ui/react-context/dist/index.mjs:27:15)
    at Provider (file:///home/ayush/Desktop/RS-Monolith/agent/node_modules/@radix-ui/react-collection/node_modules/@radix-ui/react-context/dist/index.mjs:27:15)
    at CollectionProvider (file:///home/ayush/Desktop/RS-Monolith/agent/node_modules/@radix-ui/react-collection/dist/index.mjs:17:13)
    at Provider (file:///home/ayush/Desktop/RS-Monolith/agent/node_modules/@radix-ui/react-context/dist/index.mjs:27:15)
    at Provider (file:///home/ayush/Desktop/RS-Monolith/agent/node_modules/@radix-ui/react-popper/node_modules/@radix-ui/react-context/dist/index.mjs:27:15)
    at Popper (file:///home/ayush/Desktop/RS-Monolith/agent/node_modules/@radix-ui/react-popper/dist/index.mjs:30:11)
    at Select (file:///home/ayush/Desktop/RS-Monolith/agent/node_modules/@radix-ui/react-select/dist/index.mjs:42:5)
    at div
    at section
    at div
    at div
    at div
    at file:///home/ayush/Desktop/RS-Monolith/agent/node_modules/@radix-ui/react-primitive/dist/index.mjs:26:13
    at file:///home/ayush/Desktop/RS-Monolith/agent/node_modules/@radix-ui/react-scroll-area/dist/index.mjs:94:13
    at div
    at file:///home/ayush/Desktop/RS-Monolith/agent/node_modules/@radix-ui/react-primitive/dist/index.mjs:26:13
    at Provider (file:///home/ayush/Desktop/RS-Monolith/agent/node_modules/@radix-ui/react-context/dist/index.mjs:27:15)
    at file:///home/ayush/Desktop/RS-Monolith/agent/node_modules/@radix-ui/react-scroll-area/dist/index.mjs:32:7
    at /home/ayush/Desktop/RS-Monolith/agent/src/components/ui/scroll-area.tsx:11:56
    at div
    at file:///home/ayush/Desktop/RS-Monolith/agent/node_modules/@radix-ui/react-primitive/dist/index.mjs:26:13
    at file:///home/ayush/Desktop/RS-Monolith/agent/node_modules/@radix-ui/react-dismissable-layer/dist/index.mjs:24:7
    at file:///home/ayush/Desktop/RS-Monolith/agent/node_modules/@radix-ui/react-slot/dist/index.mjs:25:11
    at file:///home/ayush/Desktop/RS-Monolith/agent/node_modules/@radix-ui/react-slot/dist/index.mjs:6:11
    at file:///home/ayush/Desktop/RS-Monolith/agent/node_modules/@radix-ui/react-primitive/dist/index.mjs:26:13
    at file:///home/ayush/Desktop/RS-Monolith/agent/node_modules/@radix-ui/react-focus-scope/dist/index.mjs:15:5
    at file:///home/ayush/Desktop/RS-Monolith/agent/node_modules/@radix-ui/react-dialog/dist/index.mjs:204:13
    at file:///home/ayush/Desktop/RS-Monolith/agent/node_modules/@radix-ui/react-dialog/dist/index.mjs:130:58
    at Presence (file:///home/ayush/Desktop/RS-Monolith/agent/node_modules/@radix-ui/react-presence/dist/index.mjs:19:11)
    at file:///home/ayush/Desktop/RS-Monolith/agent/node_modules/@radix-ui/react-dialog/dist/index.mjs:121:64
    at file:///home/ayush/Desktop/RS-Monolith/agent/node_modules/@radix-ui/react-slot/dist/index.mjs:25:11
    at file:///home/ayush/Desktop/RS-Monolith/agent/node_modules/@radix-ui/react-slot/dist/index.mjs:6:11
    at file:///home/ayush/Desktop/RS-Monolith/agent/node_modules/@radix-ui/react-primitive/dist/index.mjs:26:13
    at file:///home/ayush/Desktop/RS-Monolith/agent/node_modules/@radix-ui/react-portal/dist/index.mjs:11:22
    at Presence (file:///home/ayush/Desktop/RS-Monolith/agent/node_modules/@radix-ui/react-presence/dist/index.mjs:19:11)
    at Provider (file:///home/ayush/Desktop/RS-Monolith/agent/node_modules/@radix-ui/react-context/dist/index.mjs:27:15)
    at DialogPortal (file:///home/ayush/Desktop/RS-Monolith/agent/node_modules/@radix-ui/react-dialog/dist/index.mjs:84:11)
    at /home/ayush/Desktop/RS-Monolith/agent/src/components/ui/sheet.tsx:63:58
    at Provider (file:///home/ayush/Desktop/RS-Monolith/agent/node_modules/@radix-ui/react-context/dist/index.mjs:27:15)
    at Dialog (file:///home/ayush/Desktop/RS-Monolith/agent/node_modules/@radix-ui/react-dialog/dist/index.mjs:25:5)
    at BookingDetailsSheet (/home/ayush/Desktop/RS-Monolith/agent/src/components/booking/BookingDetailsSheet.tsx:38:32)
Warning: An update to SelectItemText inside a test was not wrapped in act(...).

When testing, code that causes React state updates should be wrapped into act(...):

act(() => {
  /* fire events that update state */
});
/* assert on the output */

This ensures that you're testing the behavior the user would see in the browser. Learn more at https://reactjs.org/link/wrap-tests-with-act
    at file:///home/ayush/Desktop/RS-Monolith/agent/node_modules/@radix-ui/react-select/dist/index.mjs:898:13
    at div
    at file:///home/ayush/Desktop/RS-Monolith/agent/node_modules/@radix-ui/react-primitive/dist/index.mjs:26:13
    at file:///home/ayush/Desktop/RS-Monolith/agent/node_modules/@radix-ui/react-slot/dist/index.mjs:25:11
    at file:///home/ayush/Desktop/RS-Monolith/agent/node_modules/@radix-ui/react-slot/dist/index.mjs:6:11
    at file:///home/ayush/Desktop/RS-Monolith/agent/node_modules/@radix-ui/react-collection/dist/index.mjs:37:15
    at Provider (file:///home/ayush/Desktop/RS-Monolith/agent/node_modules/@radix-ui/react-context/dist/index.mjs:27:15)
    at file:///home/ayush/Desktop/RS-Monolith/agent/node_modules/@radix-ui/react-select/dist/index.mjs:797:7
    at /home/ayush/Desktop/RS-Monolith/agent/src/components/ui/select.tsx:179:56
    at div
    at file:///home/ayush/Desktop/RS-Monolith/agent/node_modules/@radix-ui/react-primitive/dist/index.mjs:26:13
    at file:///home/ayush/Desktop/RS-Monolith/agent/node_modules/@radix-ui/react-slot/dist/index.mjs:25:11
    at file:///home/ayush/Desktop/RS-Monolith/agent/node_modules/@radix-ui/react-slot/dist/index.mjs:6:11
    at file:///home/ayush/Desktop/RS-Monolith/agent/node_modules/@radix-ui/react-collection/dist/index.mjs:26:15
    at file:///home/ayush/Desktop/RS-Monolith/agent/node_modules/@radix-ui/react-select/dist/index.mjs:708:13
    at div
    at file:///home/ayush/Desktop/RS-Monolith/agent/node_modules/@radix-ui/react-slot/dist/index.mjs:25:11
    at file:///home/ayush/Desktop/RS-Monolith/agent/node_modules/@radix-ui/react-slot/dist/index.mjs:6:11
    at file:///home/ayush/Desktop/RS-Monolith/agent/node_modules/@radix-ui/react-collection/dist/index.mjs:26:15
    at Provider (file:///home/ayush/Desktop/RS-Monolith/agent/node_modules/@radix-ui/react-context/dist/index.mjs:27:15)
    at file:///home/ayush/Desktop/RS-Monolith/agent/node_modules/@radix-ui/react-select/dist/index.mjs:254:58
    at file:///home/ayush/Desktop/RS-Monolith/agent/node_modules/@radix-ui/react-slot/dist/index.mjs:25:11
    at file:///home/ayush/Desktop/RS-Monolith/agent/node_modules/@radix-ui/react-slot/dist/index.mjs:6:11
    at file:///home/ayush/Desktop/RS-Monolith/agent/node_modules/@radix-ui/react-primitive/dist/index.mjs:26:13
    at file:///home/ayush/Desktop/RS-Monolith/agent/node_modules/@radix-ui/react-portal/dist/index.mjs:11:22
    at SelectPortal
    at /home/ayush/Desktop/RS-Monolith/agent/src/components/ui/select.tsx:106:59
    at Provider (file:///home/ayush/Desktop/RS-Monolith/agent/node_modules/@radix-ui/react-context/dist/index.mjs:27:15)
    at Provider (file:///home/ayush/Desktop/RS-Monolith/agent/node_modules/@radix-ui/react-collection/node_modules/@radix-ui/react-context/dist/index.mjs:27:15)
    at CollectionProvider (file:///home/ayush/Desktop/RS-Monolith/agent/node_modules/@radix-ui/react-collection/dist/index.mjs:17:13)
    at Provider (file:///home/ayush/Desktop/RS-Monolith/agent/node_modules/@radix-ui/react-context/dist/index.mjs:27:15)
    at Provider (file:///home/ayush/Desktop/RS-Monolith/agent/node_modules/@radix-ui/react-popper/node_modules/@radix-ui/react-context/dist/index.mjs:27:15)
    at Popper (file:///home/ayush/Desktop/RS-Monolith/agent/node_modules/@radix-ui/react-popper/dist/index.mjs:30:11)
    at Select (file:///home/ayush/Desktop/RS-Monolith/agent/node_modules/@radix-ui/react-select/dist/index.mjs:42:5)
    at div
    at section
    at div
    at div
    at div
    at file:///home/ayush/Desktop/RS-Monolith/agent/node_modules/@radix-ui/react-primitive/dist/index.mjs:26:13
    at file:///home/ayush/Desktop/RS-Monolith/agent/node_modules/@radix-ui/react-scroll-area/dist/index.mjs:94:13
    at div
    at file:///home/ayush/Desktop/RS-Monolith/agent/node_modules/@radix-ui/react-primitive/dist/index.mjs:26:13
    at Provider (file:///home/ayush/Desktop/RS-Monolith/agent/node_modules/@radix-ui/react-context/dist/index.mjs:27:15)
    at file:///home/ayush/Desktop/RS-Monolith/agent/node_modules/@radix-ui/react-scroll-area/dist/index.mjs:32:7
    at /home/ayush/Desktop/RS-Monolith/agent/src/components/ui/scroll-area.tsx:11:56
    at div
    at file:///home/ayush/Desktop/RS-Monolith/agent/node_modules/@radix-ui/react-primitive/dist/index.mjs:26:13
    at file:///home/ayush/Desktop/RS-Monolith/agent/node_modules/@radix-ui/react-dismissable-layer/dist/index.mjs:24:7
    at file:///home/ayush/Desktop/RS-Monolith/agent/node_modules/@radix-ui/react-slot/dist/index.mjs:25:11
    at file:///home/ayush/Desktop/RS-Monolith/agent/node_modules/@radix-ui/react-slot/dist/index.mjs:6:11
    at file:///home/ayush/Desktop/RS-Monolith/agent/node_modules/@radix-ui/react-primitive/dist/index.mjs:26:13
    at file:///home/ayush/Desktop/RS-Monolith/agent/node_modules/@radix-ui/react-focus-scope/dist/index.mjs:15:5
    at file:///home/ayush/Desktop/RS-Monolith/agent/node_modules/@radix-ui/react-dialog/dist/index.mjs:204:13
    at file:///home/ayush/Desktop/RS-Monolith/agent/node_modules/@radix-ui/react-dialog/dist/index.mjs:130:58
    at Presence (file:///home/ayush/Desktop/RS-Monolith/agent/node_modules/@radix-ui/react-presence/dist/index.mjs:19:11)
    at file:///home/ayush/Desktop/RS-Monolith/agent/node_modules/@radix-ui/react-dialog/dist/index.mjs:121:64
    at file:///home/ayush/Desktop/RS-Monolith/agent/node_modules/@radix-ui/react-slot/dist/index.mjs:25:11
    at file:///home/ayush/Desktop/RS-Monolith/agent/node_modules/@radix-ui/react-slot/dist/index.mjs:6:11
    at file:///home/ayush/Desktop/RS-Monolith/agent/node_modules/@radix-ui/react-primitive/dist/index.mjs:26:13
    at file:///home/ayush/Desktop/RS-Monolith/agent/node_modules/@radix-ui/react-portal/dist/index.mjs:11:22
    at Presence (file:///home/ayush/Desktop/RS-Monolith/agent/node_modules/@radix-ui/react-presence/dist/index.mjs:19:11)
    at Provider (file:///home/ayush/Desktop/RS-Monolith/agent/node_modules/@radix-ui/react-context/dist/index.mjs:27:15)
    at DialogPortal (file:///home/ayush/Desktop/RS-Monolith/agent/node_modules/@radix-ui/react-dialog/dist/index.mjs:84:11)
    at /home/ayush/Desktop/RS-Monolith/agent/src/components/ui/sheet.tsx:63:58
    at Provider (file:///home/ayush/Desktop/RS-Monolith/agent/node_modules/@radix-ui/react-context/dist/index.mjs:27:15)
    at Dialog (file:///home/ayush/Desktop/RS-Monolith/agent/node_modules/@radix-ui/react-dialog/dist/index.mjs:25:5)
    at BookingDetailsSheet (/home/ayush/Desktop/RS-Monolith/agent/src/components/booking/BookingDetailsSheet.tsx:38:32)
Warning: An update to ScrollArea inside a test was not wrapped in act(...).

When testing, code that causes React state updates should be wrapped into act(...):

act(() => {
  /* fire events that update state */
});
/* assert on the output */

This ensures that you're testing the behavior the user would see in the browser. Learn more at https://reactjs.org/link/wrap-tests-with-act
    at file:///home/ayush/Desktop/RS-Monolith/agent/node_modules/@radix-ui/react-scroll-area/dist/index.mjs:32:7
    at /home/ayush/Desktop/RS-Monolith/agent/src/components/ui/scroll-area.tsx:11:56
    at div
    at file:///home/ayush/Desktop/RS-Monolith/agent/node_modules/@radix-ui/react-primitive/dist/index.mjs:26:13
    at file:///home/ayush/Desktop/RS-Monolith/agent/node_modules/@radix-ui/react-dismissable-layer/dist/index.mjs:24:7
    at file:///home/ayush/Desktop/RS-Monolith/agent/node_modules/@radix-ui/react-slot/dist/index.mjs:25:11
    at file:///home/ayush/Desktop/RS-Monolith/agent/node_modules/@radix-ui/react-slot/dist/index.mjs:6:11
    at file:///home/ayush/Desktop/RS-Monolith/agent/node_modules/@radix-ui/react-primitive/dist/index.mjs:26:13
    at file:///home/ayush/Desktop/RS-Monolith/agent/node_modules/@radix-ui/react-focus-scope/dist/index.mjs:15:5
    at file:///home/ayush/Desktop/RS-Monolith/agent/node_modules/@radix-ui/react-dialog/dist/index.mjs:204:13
    at file:///home/ayush/Desktop/RS-Monolith/agent/node_modules/@radix-ui/react-dialog/dist/index.mjs:130:58
    at Presence (file:///home/ayush/Desktop/RS-Monolith/agent/node_modules/@radix-ui/react-presence/dist/index.mjs:19:11)
    at file:///home/ayush/Desktop/RS-Monolith/agent/node_modules/@radix-ui/react-dialog/dist/index.mjs:121:64
    at file:///home/ayush/Desktop/RS-Monolith/agent/node_modules/@radix-ui/react-slot/dist/index.mjs:25:11
    at file:///home/ayush/Desktop/RS-Monolith/agent/node_modules/@radix-ui/react-slot/dist/index.mjs:6:11
    at file:///home/ayush/Desktop/RS-Monolith/agent/node_modules/@radix-ui/react-primitive/dist/index.mjs:26:13
    at file:///home/ayush/Desktop/RS-Monolith/agent/node_modules/@radix-ui/react-portal/dist/index.mjs:11:22
    at Presence (file:///home/ayush/Desktop/RS-Monolith/agent/node_modules/@radix-ui/react-presence/dist/index.mjs:19:11)
    at Provider (file:///home/ayush/Desktop/RS-Monolith/agent/node_modules/@radix-ui/react-context/dist/index.mjs:27:15)
    at DialogPortal (file:///home/ayush/Desktop/RS-Monolith/agent/node_modules/@radix-ui/react-dialog/dist/index.mjs:84:11)
    at /home/ayush/Desktop/RS-Monolith/agent/src/components/ui/sheet.tsx:63:58
    at Provider (file:///home/ayush/Desktop/RS-Monolith/agent/node_modules/@radix-ui/react-context/dist/index.mjs:27:15)
    at Dialog (file:///home/ayush/Desktop/RS-Monolith/agent/node_modules/@radix-ui/react-dialog/dist/index.mjs:25:5)
    at BookingDetailsSheet (/home/ayush/Desktop/RS-Monolith/agent/src/components/booking/BookingDetailsSheet.tsx:38:32)
Warning: An update to FocusScope inside a test was not wrapped in act(...).

When testing, code that causes React state updates should be wrapped into act(...):

act(() => {
  /* fire events that update state */
});
/* assert on the output */

This ensures that you're testing the behavior the user would see in the browser. Learn more at https://reactjs.org/link/wrap-tests-with-act
    at file:///home/ayush/Desktop/RS-Monolith/agent/node_modules/@radix-ui/react-focus-scope/dist/index.mjs:15:5
    at file:///home/ayush/Desktop/RS-Monolith/agent/node_modules/@radix-ui/react-dialog/dist/index.mjs:204:13
    at file:///home/ayush/Desktop/RS-Monolith/agent/node_modules/@radix-ui/react-dialog/dist/index.mjs:130:58
    at Presence (file:///home/ayush/Desktop/RS-Monolith/agent/node_modules/@radix-ui/react-presence/dist/index.mjs:19:11)
    at file:///home/ayush/Desktop/RS-Monolith/agent/node_modules/@radix-ui/react-dialog/dist/index.mjs:121:64
    at file:///home/ayush/Desktop/RS-Monolith/agent/node_modules/@radix-ui/react-slot/dist/index.mjs:25:11
    at file:///home/ayush/Desktop/RS-Monolith/agent/node_modules/@radix-ui/react-slot/dist/index.mjs:6:11
    at file:///home/ayush/Desktop/RS-Monolith/agent/node_modules/@radix-ui/react-primitive/dist/index.mjs:26:13
    at file:///home/ayush/Desktop/RS-Monolith/agent/node_modules/@radix-ui/react-portal/dist/index.mjs:11:22
    at Presence (file:///home/ayush/Desktop/RS-Monolith/agent/node_modules/@radix-ui/react-presence/dist/index.mjs:19:11)
    at Provider (file:///home/ayush/Desktop/RS-Monolith/agent/node_modules/@radix-ui/react-context/dist/index.mjs:27:15)
    at DialogPortal (file:///home/ayush/Desktop/RS-Monolith/agent/node_modules/@radix-ui/react-dialog/dist/index.mjs:84:11)
    at /home/ayush/Desktop/RS-Monolith/agent/src/components/ui/sheet.tsx:63:58
    at Provider (file:///home/ayush/Desktop/RS-Monolith/agent/node_modules/@radix-ui/react-context/dist/index.mjs:27:15)
    at Dialog (file:///home/ayush/Desktop/RS-Monolith/agent/node_modules/@radix-ui/react-dialog/dist/index.mjs:25:5)
    at BookingDetailsSheet (/home/ayush/Desktop/RS-Monolith/agent/src/components/booking/BookingDetailsSheet.tsx:38:32)
Warning: An update to Presence inside a test was not wrapped in act(...).

When testing, code that causes React state updates should be wrapped into act(...):

act(() => {
  /* fire events that update state */
});
/* assert on the output */

This ensures that you're testing the behavior the user would see in the browser. Learn more at https://reactjs.org/link/wrap-tests-with-act
    at Presence (file:///home/ayush/Desktop/RS-Monolith/agent/node_modules/@radix-ui/react-presence/dist/index.mjs:19:11)
    at file:///home/ayush/Desktop/RS-Monolith/agent/node_modules/@radix-ui/react-dialog/dist/index.mjs:121:64
    at file:///home/ayush/Desktop/RS-Monolith/agent/node_modules/@radix-ui/react-slot/dist/index.mjs:25:11
    at file:///home/ayush/Desktop/RS-Monolith/agent/node_modules/@radix-ui/react-slot/dist/index.mjs:6:11
    at file:///home/ayush/Desktop/RS-Monolith/agent/node_modules/@radix-ui/react-primitive/dist/index.mjs:26:13
    at file:///home/ayush/Desktop/RS-Monolith/agent/node_modules/@radix-ui/react-portal/dist/index.mjs:11:22
    at Presence (file:///home/ayush/Desktop/RS-Monolith/agent/node_modules/@radix-ui/react-presence/dist/index.mjs:19:11)
    at Provider (file:///home/ayush/Desktop/RS-Monolith/agent/node_modules/@radix-ui/react-context/dist/index.mjs:27:15)
    at DialogPortal (file:///home/ayush/Desktop/RS-Monolith/agent/node_modules/@radix-ui/react-dialog/dist/index.mjs:84:11)
    at /home/ayush/Desktop/RS-Monolith/agent/src/components/ui/sheet.tsx:63:58
    at Provider (file:///home/ayush/Desktop/RS-Monolith/agent/node_modules/@radix-ui/react-context/dist/index.mjs:27:15)
    at Dialog (file:///home/ayush/Desktop/RS-Monolith/agent/node_modules/@radix-ui/react-dialog/dist/index.mjs:25:5)
    at BookingDetailsSheet (/home/ayush/Desktop/RS-Monolith/agent/src/components/booking/BookingDetailsSheet.tsx:38:32)
Warning: An update to Presence inside a test was not wrapped in act(...).

When testing, code that causes React state updates should be wrapped into act(...):

act(() => {
  /* fire events that update state */
});
/* assert on the output */

This ensures that you're testing the behavior the user would see in the browser. Learn more at https://reactjs.org/link/wrap-tests-with-act
    at Presence (file:///home/ayush/Desktop/RS-Monolith/agent/node_modules/@radix-ui/react-presence/dist/index.mjs:19:11)
    at Provider (file:///home/ayush/Desktop/RS-Monolith/agent/node_modules/@radix-ui/react-context/dist/index.mjs:27:15)
    at DialogPortal (file:///home/ayush/Desktop/RS-Monolith/agent/node_modules/@radix-ui/react-dialog/dist/index.mjs:84:11)
    at /home/ayush/Desktop/RS-Monolith/agent/src/components/ui/sheet.tsx:63:58
    at Provider (file:///home/ayush/Desktop/RS-Monolith/agent/node_modules/@radix-ui/react-context/dist/index.mjs:27:15)
    at Dialog (file:///home/ayush/Desktop/RS-Monolith/agent/node_modules/@radix-ui/react-dialog/dist/index.mjs:25:5)
    at BookingDetailsSheet (/home/ayush/Desktop/RS-Monolith/agent/src/components/booking/BookingDetailsSheet.tsx:38:32)
Warning: An update to DismissableLayer inside a test was not wrapped in act(...).

When testing, code that causes React state updates should be wrapped into act(...):

act(() => {
  /* fire events that update state */
});
/* assert on the output */

This ensures that you're testing the behavior the user would see in the browser. Learn more at https://reactjs.org/link/wrap-tests-with-act
    at file:///home/ayush/Desktop/RS-Monolith/agent/node_modules/@radix-ui/react-dismissable-layer/dist/index.mjs:24:7
    at file:///home/ayush/Desktop/RS-Monolith/agent/node_modules/@radix-ui/react-slot/dist/index.mjs:25:11
    at file:///home/ayush/Desktop/RS-Monolith/agent/node_modules/@radix-ui/react-slot/dist/index.mjs:6:11
    at file:///home/ayush/Desktop/RS-Monolith/agent/node_modules/@radix-ui/react-primitive/dist/index.mjs:26:13
    at file:///home/ayush/Desktop/RS-Monolith/agent/node_modules/@radix-ui/react-focus-scope/dist/index.mjs:15:5
    at file:///home/ayush/Desktop/RS-Monolith/agent/node_modules/@radix-ui/react-dialog/dist/index.mjs:204:13
    at file:///home/ayush/Desktop/RS-Monolith/agent/node_modules/@radix-ui/react-dialog/dist/index.mjs:130:58
    at Presence (file:///home/ayush/Desktop/RS-Monolith/agent/node_modules/@radix-ui/react-presence/dist/index.mjs:19:11)
    at file:///home/ayush/Desktop/RS-Monolith/agent/node_modules/@radix-ui/react-dialog/dist/index.mjs:121:64
    at file:///home/ayush/Desktop/RS-Monolith/agent/node_modules/@radix-ui/react-slot/dist/index.mjs:25:11
    at file:///home/ayush/Desktop/RS-Monolith/agent/node_modules/@radix-ui/react-slot/dist/index.mjs:6:11
    at file:///home/ayush/Desktop/RS-Monolith/agent/node_modules/@radix-ui/react-primitive/dist/index.mjs:26:13
    at file:///home/ayush/Desktop/RS-Monolith/agent/node_modules/@radix-ui/react-portal/dist/index.mjs:11:22
    at Presence (file:///home/ayush/Desktop/RS-Monolith/agent/node_modules/@radix-ui/react-presence/dist/index.mjs:19:11)
    at Provider (file:///home/ayush/Desktop/RS-Monolith/agent/node_modules/@radix-ui/react-context/dist/index.mjs:27:15)
    at DialogPortal (file:///home/ayush/Desktop/RS-Monolith/agent/node_modules/@radix-ui/react-dialog/dist/index.mjs:84:11)
    at /home/ayush/Desktop/RS-Monolith/agent/src/components/ui/sheet.tsx:63:58
    at Provider (file:///home/ayush/Desktop/RS-Monolith/agent/node_modules/@radix-ui/react-context/dist/index.mjs:27:15)
    at Dialog (file:///home/ayush/Desktop/RS-Monolith/agent/node_modules/@radix-ui/react-dialog/dist/index.mjs:25:5)
    at BookingDetailsSheet (/home/ayush/Desktop/RS-Monolith/agent/src/components/booking/BookingDetailsSheet.tsx:38:32)

 ✓ src/components/booking/__tests__/BookingDetailsSheet.test.tsx (5 tests) 1235ms
   ✓ BookingDetailsSheet > should fetch details on mount  415ms
   ✓ BookingDetailsSheet > should handle adding extra task  346ms
 ✓ src/components/__tests__/DashboardCard.test.tsx (1 test) 520ms
   ✓ DashboardCard > should render title and value  501ms
 ✓ src/components/dashboard/__tests__/StatsCard.test.tsx (3 tests) 168ms
 ✓ src/hooks/__tests__/use-toast.test.ts (3 tests) 49ms
stdout | src/hooks/__tests__/useLocation.test.ts > useLocation > should return location when successful
position { coords: { latitude: [33m10[39m, longitude: [33m20[39m } }

 ❯ src/components/dashboard/__tests__/BookingsTable.test.tsx (6 tests | 1 failed) 2059ms
   ✓ BookingsTable > should render empty message when no bookings  383ms
   ✓ BookingsTable > should render table rows on desktop  400ms
   ✓ BookingsTable > should call onViewDetails when View Details clicked on desktop 295ms
   × BookingsTable > should render card view on mobile 676ms
     → Found multiple elements with the text: Tap to view details

Here are the matching elements:

Ignored nodes: comments, script, style
[36m<span[39m
  [33mclass[39m=[32m"text-xs text-muted-foreground"[39m
[36m>[39m
  [0mTap to view details[0m
[36m</span>[39m

Ignored nodes: comments, script, style
[36m<span[39m
  [33mclass[39m=[32m"text-xs text-muted-foreground"[39m
[36m>[39m
  [0mTap to view details[0m
[36m</span>[39m

(If this is intentional, then use the `*AllBy*` variant of the query (like `queryAllByText`, `getAllByText`, or `findAllByText`)).

Ignored nodes: comments, script, style
[36m<body>[39m
  [36m<div>[39m
    [36m<div[39m
      [33mclass[39m=[32m"space-y-3"[39m
    [36m>[39m
      [36m<div[39m
        [33mclass[39m=[32m"bg-card rounded-lg border p-4 space-y-3 cursor-pointer active:bg-muted/50 transition-colors"[39m
      [36m>[39m
        [36m<div[39m
          [33mclass[39m=[32m"flex items-start justify-between"[39m
        [36m>[39m
          [36m<div[39m
            [33mclass[39m=[32m"flex items-center gap-2"[39m
          [36m>[39m
            [36m<div[39m
              [33mclass[39m=[32m"h-10 w-10 rounded-full bg-primary/10 flex items-center justify-center"[39m
            [36m>[39m
              [36m<svg[39m
                [33mclass[39m=[32m"lucide lucide-user h-5 w-5 text-primary"[39m
                [33mfill[39m=[32m"none"[39m
                [33mheight[39m=[32m"24"[39m
                [33mstroke[39m=[32m"currentColor"[39m
                [33mstroke-linecap[39m=[32m"round"[39m
                [33mstroke-linejoin[39m=[32m"round"[39m
                [33mstroke-width[39m=[32m"2"[39m
                [33mviewBox[39m=[32m"0 0 24 24"[39m
                [33mwidth[39m=[32m"24"[39m
                [33mxmlns[39m=[32m"http://www.w3.org/2000/svg"[39m
              [36m>[39m
                [36m<path[39m
                  [33md[39m=[32m"M19 21v-2a4 4 0 0 0-4-4H9a4 4 0 0 0-4 4v2"[39m
                [36m/>[39m
                [36m<circle[39m
                  [33mcx[39m=[32m"12"[39m
                  [33mcy[39m=[32m"7"[39m
                  [33mr[39m=[32m"4"[39m
                [36m/>[39m
              [36m</svg>[39m
            [36m</div>[39m
            [36m<div>[39m
              [36m<p[39m
                [33mclass[39m=[32m"font-semibold"[39m
              [36m>[39m
                [0mJohn Doe[0m
              [36m</p>[39m
              [36m<p[39m
                [33mclass[39m=[32m"text-xs text-muted-foreground"[39m
              [36m>[39m
                [0mCleaning[0m
              [36m</p>[39m
            [36m</div>[39m
          [36m</div>[39m
          [36m<div[39m
            [33mclass[39m=[32m"inline-flex items-center rounded-md border px-2.5 py-0.5 transition-colors focus:outline-none focus:ring-2 focus:ring-ring focus:ring-offset-2 font-medium text-xs border-yellow-500 text-yellow-600"[39m
          [36m>[39m
            [0mPENDING[0m
          [36m</div>[39m
        [36m</div>[39m
        [36m<div[39m
          [33mclass[39m=[32m"grid grid-cols-2 gap-3 text-sm"[39m
        [36m>[39m
          [36m<div[39m
            [33mclass[39m=[32m"flex items-center gap-2 text-muted-foreground"[39m
          [36m>[39m
            [36m<svg[39m
              [33mclass[39m=[32m"lucide lucide-calendar h-4 w-4 flex-shrink-0"[39m
              [33mfill[39m=[32m"none"[39m
              [33mheight[39m=[32m"24"[39m
              [33mstroke[39m=[32m"currentColor"[39m
              [33mstroke-linecap[39m=[32m"round"[39m
              [33mstroke-linejoin[39m=[32m"round"[39m
              [33mstroke-width[39m=[32m"2"[39m
              [33mviewBox[39m=[32m"0 0 24 24"[39m
              [33mwidth[39m=[32m"24"[39m
              [33mxmlns[39m=[32m"http://www.w3.org/2000/svg"[39m
            [36m>[39m
              [36m<path[39m
                [33md[39m=[32m"M8 2v4"[39m
              [36m/>[39m
              [36m<path[39m
                [33md[39m=[32m"M16 2v4"[39m
              [36m/>[39m
              [36m<rect[39m
                [33mheight[39m=[32m"18"[39m
                [33mrx[39m=[32m"2"[39m
                [33mwidth[39m=[32m"18"[39m
                [33mx[39m=[32m"3"[39m
                [33my[39m=[32m"4"[39m
              [36m/>[39m
              [36m<path[39m
                [33md[39m=[32m"M3 10h18"[39m
              [36m/>[39m
            [36m</svg>[39m
            [36m<span>[39m
              [0mJan 31, 12:02 AM[0m
            [36m</span>[39m
          [36m</div>[39m
          [36m<div[39m
            [33mclass[39m=[32m"flex items-center gap-2 text-muted-foreground"[39m
          [36m>[39m
            [36m<svg[39m
              [33mclass[39m=[32m"lucide lucide-map-pin h-4 w-4 flex-shrink-0"[39m
              [33mfill[39m=[32m"none"[39m
              [33mheight[39m=[32m"24"[39m
              [33mstroke[39m=[32m"currentColor"[39m
              [33mstroke-linecap[39m=[32m"round"[39m
              [33mstroke-linejoin[39m=[32m"round"[39m
              [33mstroke-width[39m=[32m"2"[39m
              [33mviewBox[39m=[32m"0 0 24 24"[39m
              [33mwidth[39m=[32m"24"[39m
              [33mxmlns[39m=[32m"http://www.w3.org/2000/svg"[39m
            [36m>[39m
              [36m<path[39m
                [33md[39m=[32m"M20 10c0 4.993-5.539 10.193-7.399 11.799a1 1 0 0 1-1.202 0C9.539 20.193 4 14.993 4 10a8 8 0 0 1 16 0"[39m
              [36m/>[39m
              [36m<circle[39m
                [33mcx[39m=[32m"12"[39m
                [33mcy[39m=[32m"10"[39m
                [33mr[39m=[32m"3"[39m
              [36m/>[39m
            [36m</svg>[39m
            [36m<span[39m
              [33mclass[39m=[32m"truncate"[39m
            [36m>[39m
              [0m123 Test St[0m
            [36m</span>[39m
          [36m</div>[39m
        [36m</div>[39m
        [36m<div[39m
          [33mclass[39m=[32m"flex items-center justify-between pt-2 border-t"[39m
        [36m>[39m
          [36m<span[39m
            [33mclass[39m=[32m"text-xs text-muted-foreground"[39m
          [36m>[39m
            [0mTap to view details[0m
          [36m</span>[39m
          [36m<svg[39m
            [33mclass[39m=[32m"lucide lucide-chevron-right h-5 w-5 text-muted-foreground"[39m
            [33mfill[39m=[32m"none"[39m
            [33mheight[39m=[32m"24"[39m
            [33mstroke[39m=[32m"currentColor"[39m
            [33mstroke-linecap[39m=[32m"round"[39m
            [33mstroke-linejoin[39m=[32m"round"[39m
            [33mstroke-width[39m=[32m"2"[39m
            [33mviewBox[39m=[32m"0 0 24 24"[39m
            [33mwidth[39m=[32m"24"[39m
            [33mxmlns[39m=[32m"http://www.w3.org/2000/svg"[39m
          [36m>[39m
            [36m<path[39m
              [33md[39m=[32m"m9 18 6-6-6-6"[39m
            [36m/>[39m
          [36m</svg>[39m
        [36m</div>[39m
      [36m</div>[39m
      [36m<div[39m
        [33mclass[39m=[32m"bg-card rounded-lg border p-4 space-y-3 cursor-pointer active:bg-muted/50 transition-colors"[39m
      [36m>[39m
        [36m<div[39m
          [33mclass[39m=[32m"flex items-start justify-between"[39m
        [36m>[39m
          [36m<div[39m
            [33mclass[39m=[32m"flex items-center gap-2"[39m
          [36m>[39m
            [36m<div[39m
              [33mclass[39m=[32m"h-10 w-10 rounded-full bg-primary/10 flex items-center justify-center"[39m
            [36m>[39m
              [36m<svg[39m
                [33mclass[39m=[32m"lucide lucide-user h-5 w-5 text-primary"[39m
                [33mfill[39m=[32m"none"[39m
                [33mheight[39m=[32m"24"[39m
                [33mstroke[39m=[32m"currentColor"[39m
                [33mstroke-linecap[39m=[32m"round"[39m
                [33mstroke-linejoin[39m=[32m"round"[39m
                [33mstroke-width[39m=[32m"2"[39m
                [33mviewBox[39m=[32m"0 0 24 24"[39m
                [33mwidth[39m=[32m"24"[39m
                [33mxmlns[39m=[32m"http://www.w3.org/2000/svg"[39m
              [36m>[39m
                [36m<path[39m
                  [33md[39m=[32m"M19 21v-2a4 4 0 0 0-4-4H9a4 4 0 0 0-4 4v2"[39m
                [36m/>[39m
                [36m<circle[39m
                  [33mcx[39m=[32m"12"[39m
                  [33mcy[39m=[32m"7"[39m
                  [33mr[39m=[32m"4"[39m
                [36m/>[39m
              [36m</svg>[39m
            [36m</div>[39m
            [36m<div>[39m
              [36m<p[39m
                [33mclass[39m=[32m"font-semibold"[39m
              [36m>[39m
                [0mJane Doe[0m
              [36m</p>[39m
              [36m<p[39m
                [33mclass[39m=[32m"text-xs text-muted-foreground"[39m
              [36m>[39m
                [0mPlumbing[0m
              [36m</p>[39m
            [36m</div>[39m
          [36m</div>[39m
          [36m<div[39m
            [33mclass[39m=[32m"inline-flex items-center rounded-md border px-2.5 py-0.5 transition-colors focus:outline-none focus:ring-2 focus:ring-ring focus:ring-offset-2 border-transparent text-primary-foreground shadow hover:bg-primary/80 font-medium text-xs bg-green-600"[39m
          [36m>[39m
            [0mCOMPLETED[0m
          [36m</div>[39m
        [36m</div>[39m
        [36m<div[39m
          [33mclass[39m=[32m"grid grid-cols-2 gap-3 text-sm"[39m
        [36m>[39m
          [36m<div[39m
            [33mclass[39m=[32m"flex items-center gap-2 text-muted-foreground"[39m
          [36m>[39m
            [36m<svg[39m
              [33mclass[39m=[32m"lucide lucide-calendar h-4 w-4 flex-shrink-0"[39m
              [33mfill[39m=[32m"none"[39m
              [33mheight[39m=[32m"24"[39m
              [33mstroke[39m=[32m"currentColor"[39m
              [33mstroke-linecap[39m=[32m"round"[39m
              [33mstroke-linejoin[39m=[32m"round"[39m
              [33mstroke-width[39m=[32m"2"[39m
              [33mviewBox[39m=[32m"0 0 24 24"[39m
              [33mwidth[39m=[32m"24"[39m
              [33mxmlns[39m=[32m"http://www.w3.org/2000/svg"[39m
            [36m>[39m
              [36m<path[39m
                [33md[39m=[32m"M8 2v4"[39m
              [36m/>[39m
              [36m<path[39m
                [33md[39m=[32m"M16 2v4"[39m
              [36m/>[39m
              [36m<rect[39m
                [33mheight[39m=[32m"18"[39m
                [33mrx[39m=[32m"2"[39m
                [33mwidth[39m=[32m"18"[39m
                [33mx[39m=[32m"3"[39m
                [33my[39m=[32m"4"[39m
              [36m/>[39m
              [36m<path[39m
                [33md[39m=[32m"M3 10h18"[39m
              [36m/>[39m
            [36m</svg>[39m
            [36m<span>[39m
              [0mJan 31, 12:02 AM[0m
            [36m</span>[39m
          [36m</div>[39m
          [36m<div[39m
            [33mclass[39m=[32m"flex items-center gap-2 text-muted-foreground"[39m
          [36m>[39m
            [36m<svg[39m
              [33mclass[39m=[32m"lucide lucide-map-pin h-4 w-4 flex-shrink-0"[39m
              [33mfill[39m=[32m"none"[39m
              [33mheight[39m=[32m"24"[39m
              [33mstroke[39m=[32m"currentColor"[39m
              [33mstroke-linecap[39m=[32m"round"[39m
              [33mstroke-linejoin[39m=[32m"round"[39m
              [33mstroke-width[39m=[32m"2"[39m
              [33mviewBox[39m=[32m"0 0 24 24"[39m
              [33mwidth[39m=[32m"24"[39m
              [33mxmlns[39m=[32m"http://www.w3.org/2000/svg"[39m
            [36m>[39m
              [36m<path[39m
                [33md[39m=[32m"M20 10c0 4.993-5.539 10.193-7.399 11.799a1 1 0 0 1-1.202 0C9.539 20.193 4 14.993 4 10a8 8 0 0 1 16 0"[39m
              [36m/>[39m
              [36m<circle[39m
                [33mcx[39m=[32m"12"[39m
                [33mcy[39m=[32m"10"[39m
                [33mr[39m=[32m"3"[39m
              [36m/>[39m
            [36m</svg>[39m
            [36m<span[39m
              [33mclass[39m=[32m"truncate"[39m
            [36m>[39m
              [0m456 Test Ave[0m
            [36m</span>[39m
          [36m</div>[39m
        [36m</div>[39m
        [36m<div[39m
          [33mclass[39m=[32m"flex items-center justify-between pt-2 border-t"[39m
        [36m>[39m
          [36m<span[39m
            [33mclass[39m=[32m"text-xs text-muted-foreground"[39m
          [36m>[39m
            [0mTap to view details[0m
          [36m</span>[39m
          [36m<svg[39m
            [33mclass[39m=[32m"lucide lucide-chevron-right h-5 w-5 text-muted-foreground"[39m
            [33mfill[39m=[32m"none"[39m
            [33mheight[39m=[32m"24"[39m
            [33mstroke[39m=[32m"currentColor"[39m
            [33mstroke-linecap[39m=[32m"round"[39m
            [33mstroke-linejoin[39m=[32m"round"[39m
            [33mstroke-width[39m=[32m"2"[39m
            [33mviewBox[39m=[32m"0 0 24 24"[39m
            [33mwidth[39m=[32m"24"[39m
            [33mxmlns[39m=[32m"http://www.w3.org/2000/svg"[39m
          [36m>[39m
            [36m<path[39m
              [33md[39m=[32m"m9 18 6-6-6-6"[39m
            [36m/>[39m
          [36m</svg>[39m
        [36m</div>[39m
      [36m</div>[39m
    [36m</div>[39m
  [36m</div>[39m
[36m</body>[39m
   ✓ BookingsTable > should call onViewDetails when card clicked on mobile 153ms
   ✓ BookingsTable > should handle missing client/service/address gracefully 134ms
 ✓ src/hooks/__tests__/useLocation.test.ts (3 tests) 50ms
 ✓ src/lib/__tests__/location.test.ts (3 tests) 17ms
stdout | src/stores/__tests__/booking.store.test.ts > useDashboardStore > fetchDashboardData > should fetch and set dashboard data successfully
{
  data: {
    stats: { total: [33m10[39m },
    bookings: { pending: [36m[Array][39m, inProgress: [36m[Array][39m, completed: [36m[Array][39m }
  }
}

stdout | src/stores/__tests__/booking.store.test.ts > useDashboardStore > fetchBooking > should fetch specific booking successfully
Fetched booking data: { _id: [32m'123'[39m, status: [32m'PENDING'[39m }

stdout | src/stores/__tests__/booking.store.test.ts > useDashboardStore > updateBookingStatus > should update booking status and refresh data
{ data: { stats: {}, bookings: {} } }

 ✓ src/stores/__tests__/booking.store.test.ts (5 tests) 87ms
stderr | src/stores/__tests__/auth.store.test.ts > useAuthStore > initialise > should handle errors gracefully
Error fetching user details: Error: Network Error
    at [90m/home/ayush/Desktop/RS-Monolith/agent/[39msrc/stores/__tests__/auth.store.test.ts:44:60
    at [90mfile:///home/ayush/Desktop/RS-Monolith/agent/[39mnode_modules/[4m@vitest[24m/runner/dist/chunk-hooks.js:155:11
    at [90mfile:///home/ayush/Desktop/RS-Monolith/agent/[39mnode_modules/[4m@vitest[24m/runner/dist/chunk-hooks.js:752:26
    at [90mfile:///home/ayush/Desktop/RS-Monolith/agent/[39mnode_modules/[4m@vitest[24m/runner/dist/chunk-hooks.js:1897:20
    at new Promise (<anonymous>)
    at runWithTimeout [90m(file:///home/ayush/Desktop/RS-Monolith/agent/[39mnode_modules/[4m@vitest[24m/runner/dist/chunk-hooks.js:1863:10[90m)[39m
    at runTest [90m(file:///home/ayush/Desktop/RS-Monolith/agent/[39mnode_modules/[4m@vitest[24m/runner/dist/chunk-hooks.js:1574:12[90m)[39m
[90m    at processTicksAndRejections (node:internal/process/task_queues:105:5)[39m
    at runSuite [90m(file:///home/ayush/Desktop/RS-Monolith/agent/[39mnode_modules/[4m@vitest[24m/runner/dist/chunk-hooks.js:1729:8[90m)[39m
    at runSuite [90m(file:///home/ayush/Desktop/RS-Monolith/agent/[39mnode_modules/[4m@vitest[24m/runner/dist/chunk-hooks.js:1729:8[90m)[39m

 ✓ src/components/dashboard/__tests__/PerformanceCard.test.tsx (5 tests) 116ms
 ✓ src/stores/__tests__/auth.store.test.ts (8 tests) 21ms
 ✓ src/lib/__tests__/utils.test.ts (3 tests) 12ms
 ✓ src/lib/__tests__/axios.test.ts (1 test) 3ms
stderr | src/stores/__tests__/org.store.test.ts > useOrgStore > getOrgDetails > should handle errors and reset state
Error fetching organization details: Error: Network error
    at [90m/home/ayush/Desktop/RS-Monolith/agent/[39msrc/stores/__tests__/org.store.test.ts:33:60
    at [90mfile:///home/ayush/Desktop/RS-Monolith/agent/[39mnode_modules/[4m@vitest[24m/runner/dist/chunk-hooks.js:155:11
    at [90mfile:///home/ayush/Desktop/RS-Monolith/agent/[39mnode_modules/[4m@vitest[24m/runner/dist/chunk-hooks.js:752:26
    at [90mfile:///home/ayush/Desktop/RS-Monolith/agent/[39mnode_modules/[4m@vitest[24m/runner/dist/chunk-hooks.js:1897:20
    at new Promise (<anonymous>)
    at runWithTimeout [90m(file:///home/ayush/Desktop/RS-Monolith/agent/[39mnode_modules/[4m@vitest[24m/runner/dist/chunk-hooks.js:1863:10[90m)[39m
    at runTest [90m(file:///home/ayush/Desktop/RS-Monolith/agent/[39mnode_modules/[4m@vitest[24m/runner/dist/chunk-hooks.js:1574:12[90m)[39m
[90m    at processTicksAndRejections (node:internal/process/task_queues:105:5)[39m
    at runSuite [90m(file:///home/ayush/Desktop/RS-Monolith/agent/[39mnode_modules/[4m@vitest[24m/runner/dist/chunk-hooks.js:1729:8[90m)[39m
    at runSuite [90m(file:///home/ayush/Desktop/RS-Monolith/agent/[39mnode_modules/[4m@vitest[24m/runner/dist/chunk-hooks.js:1729:8[90m)[39m

 ✓ src/stores/__tests__/org.store.test.ts (2 tests) 15ms
 ✓ src/components/providers/__tests__/google-auth-provider.test.tsx (1 test) 35ms

⎯⎯⎯⎯⎯⎯ Failed Suites 1 ⎯⎯⎯⎯⎯⎯⎯

 FAIL  src/layout/__tests__/dashboard-layout.test.tsx [ src/layout/__tests__/dashboard-layout.test.tsx ]
Error: Failed to resolve import "../../dashboard-layout" from "src/layout/__tests__/dashboard-layout.test.tsx". Does the file exist?
  Plugin: vite:import-analysis
  File: /home/ayush/Desktop/RS-Monolith/agent/src/layout/__tests__/dashboard-layout.test.tsx:3:0
  41 |  const __vi_import_0__ = await import("react/jsx-dev-runtime");
  42 |  const __vi_import_1__ = await import("@testing-library/react");
  43 |  const __vi_import_2__ = await import("../../dashboard-layout");
     |                                       ^
  44 |  const __vi_import_3__ = await import("@/stores/booking.store");
  45 |  const __vi_import_4__ = await import("react-router-dom");
 ❯ TransformPluginContext._formatLog node_modules/vite/dist/node/chunks/config.js:28999:43
 ❯ TransformPluginContext.error node_modules/vite/dist/node/chunks/config.js:28996:14
 ❯ normalizeUrl node_modules/vite/dist/node/chunks/config.js:27119:18
 ❯ node_modules/vite/dist/node/chunks/config.js:27177:32
 ❯ TransformPluginContext.transform node_modules/vite/dist/node/chunks/config.js:27145:4
 ❯ EnvironmentPluginContainer.transform node_modules/vite/dist/node/chunks/config.js:28797:14
 ❯ loadAndTransform node_modules/vite/dist/node/chunks/config.js:22670:26

⎯⎯⎯⎯⎯⎯⎯⎯⎯⎯⎯⎯⎯⎯⎯⎯⎯⎯⎯⎯⎯⎯⎯⎯[1/7]⎯


⎯⎯⎯⎯⎯⎯⎯ Failed Tests 6 ⎯⎯⎯⎯⎯⎯⎯

 FAIL  src/components/__tests__/sidebar-menu.test.tsx > SidebarMenuComponent > should render organization name when details exist
 FAIL  src/components/__tests__/sidebar-menu.test.tsx > SidebarMenuComponent > should render default title when no org details
 FAIL  src/components/__tests__/sidebar-menu.test.tsx > SidebarMenuComponent > should call onSectionChange when menu items clicked
Error: useSidebar must be used within a SidebarProvider.
 ❯ useSidebar src/components/ui/sidebar.tsx:42:11
     40|   const context = React.useContext(SidebarContext);
     41|   if (!context) {
     42|     throw new Error("useSidebar must be used within a SidebarProvider.…
       |           ^
     43|   }
     44| 
 ❯ src/components/ui/sidebar.tsx:177:60
 ❯ renderWithHooks node_modules/react-dom/cjs/react-dom.development.js:15486:18
 ❯ updateForwardRef node_modules/react-dom/cjs/react-dom.development.js:19245:20
 ❯ beginWork node_modules/react-dom/cjs/react-dom.development.js:21675:16
 ❯ beginWork$1 node_modules/react-dom/cjs/react-dom.development.js:27465:14
 ❯ performUnitOfWork node_modules/react-dom/cjs/react-dom.development.js:26599:12
 ❯ workLoopSync node_modules/react-dom/cjs/react-dom.development.js:26505:5
 ❯ renderRootSync node_modules/react-dom/cjs/react-dom.development.js:26473:7
 ❯ recoverFromConcurrentError node_modules/react-dom/cjs/react-dom.development.js:25889:20

⎯⎯⎯⎯⎯⎯⎯⎯⎯⎯⎯⎯⎯⎯⎯⎯⎯⎯⎯⎯⎯⎯⎯⎯[2/7]⎯

 FAIL  src/components/__tests__/toggle.test.tsx > ModeToggle > should open dropdown and set theme options
TestingLibraryElementError: Unable to find an element with the text: Light. This could be because the text is broken up by multiple elements. In this case, you can provide a function for your text matcher to make your matcher more flexible.

Ignored nodes: comments, script, style
[36m<body>[39m
  [36m<div>[39m
    [36m<button[39m
      [33maria-expanded[39m=[32m"false"[39m
      [33maria-haspopup[39m=[32m"menu"[39m
      [33mclass[39m=[32m"inline-flex items-center justify-center gap-2 whitespace-nowrap rounded-md text-sm font-medium transition-colors focus-visible:outline-none focus-visible:ring-1 focus-visible:ring-ring disabled:pointer-events-none disabled:opacity-50 [&_svg]:pointer-events-none [&_svg]:size-4 [&_svg]:shrink-0 border border-input bg-background shadow-sm hover:bg-accent hover:text-accent-foreground h-9 w-9"[39m
      [33mdata-state[39m=[32m"closed"[39m
      [33mid[39m=[32m"radix-:r2:"[39m
      [33mtype[39m=[32m"button"[39m
    [36m>[39m
      [36m<svg[39m
        [33mclass[39m=[32m"lucide lucide-sun h-[1.2rem] w-[1.2rem] rotate-0 scale-100 transition-all dark:-rotate-90 dark:scale-0"[39m
        [33mfill[39m=[32m"none"[39m
        [33mheight[39m=[32m"24"[39m
        [33mstroke[39m=[32m"currentColor"[39m
        [33mstroke-linecap[39m=[32m"round"[39m
        [33mstroke-linejoin[39m=[32m"round"[39m
        [33mstroke-width[39m=[32m"2"[39m
        [33mviewBox[39m=[32m"0 0 24 24"[39m
        [33mwidth[39m=[32m"24"[39m
        [33mxmlns[39m=[32m"http://www.w3.org/2000/svg"[39m
      [36m>[39m
        [36m<circle[39m
          [33mcx[39m=[32m"12"[39m
          [33mcy[39m=[32m"12"[39m
          [33mr[39m=[32m"4"[39m
        [36m/>[39m
        [36m<path[39m
          [33md[39m=[32m"M12 2v2"[39m
        [36m/>[39m
        [36m<path[39m
          [33md[39m=[32m"M12 20v2"[39m
        [36m/>[39m
        [36m<path[39m
          [33md[39m=[32m"m4.93 4.93 1.41 1.41"[39m
        [36m/>[39m
        [36m<path[39m
          [33md[39m=[32m"m17.66 17.66 1.41 1.41"[39m
        [36m/>[39m
        [36m<path[39m
          [33md[39m=[32m"M2 12h2"[39m
        [36m/>[39m
        [36m<path[39m
          [33md[39m=[32m"M20 12h2"[39m
        [36m/>[39m
        [36m<path[39m
          [33md[39m=[32m"m6.34 17.66-1.41 1.41"[39m
        [36m/>[39m
        [36m<path[39m
          [33md[39m=[32m"m19.07 4.93-1.41 1.41"[39m
        [36m/>[39m
      [36m</svg>[39m
      [36m<svg[39m
        [33mclass[39m=[32m"lucide lucide-moon absolute h-[1.2rem] w-[1.2rem] rotate-90 scale-0 transition-all dark:rotate-0 dark:scale-100"[39m
        [33mfill[39m=[32m"none"[39m
        [33mheight[39m=[32m"24"[39m
        [33mstroke[39m=[32m"currentColor"[39m
        [33mstroke-linecap[39m=[32m"round"[39m
        [33mstroke-linejoin[39m=[32m"round"[39m
        [33mstroke-width[39m=[32m"2"[39m
        [33mviewBox[39m=[32m"0 0 24 24"[39m
        [33mwidth[39m=[32m"24"[39m
        [33mxmlns[39m=[32m"http://www.w3.org/2000/svg"[39m
      [36m>[39m
        [36m<path[39m
          [33md[39m=[32m"M12 3a6 6 0 0 0 9 9 9 9 0 1 1-9-9Z"[39m
        [36m/>[39m
      [36m</svg>[39m
      [36m<span[39m
        [33mclass[39m=[32m"sr-only"[39m
      [36m>[39m
        [0mToggle theme[0m
      [36m</span>[39m
    [36m</button>[39m
  [36m</div>[39m
[36m</body>[39m
 ❯ Object.getElementError node_modules/@testing-library/dom/dist/config.js:37:19
 ❯ node_modules/@testing-library/dom/dist/query-helpers.js:76:38
 ❯ node_modules/@testing-library/dom/dist/query-helpers.js:52:17
 ❯ node_modules/@testing-library/dom/dist/query-helpers.js:95:19
 ❯ src/components/__tests__/toggle.test.tsx:33:23
     31|         fireEvent.click(screen.getByRole('button'))
     32| 
     33|         expect(screen.getByText('Light')).toBeInTheDocument()
       |                       ^
     34|         expect(screen.getByText('Dark')).toBeInTheDocument()
     35|         expect(screen.getByText('System')).toBeInTheDocument()

⎯⎯⎯⎯⎯⎯⎯⎯⎯⎯⎯⎯⎯⎯⎯⎯⎯⎯⎯⎯⎯⎯⎯⎯[3/7]⎯

 FAIL  src/components/__tests__/uploadImage.test.tsx > ImageUpload > should handle file selection
TestingLibraryElementError: Found a label with the text of: Upload, however no form control was found associated to that label. Make sure you're using the "for" attribute or "aria-labelledby" attribute correctly.

Ignored nodes: comments, script, style
[36m<body>[39m
  [36m<div>[39m
    [36m<div[39m
      [33mclass[39m=[32m"space-y-4"[39m
    [36m>[39m
      [36m<div[39m
        [33mclass[39m=[32m"space-y-2"[39m
      [36m>[39m
        [36m<label[39m
          [33mclass[39m=[32m"text-sm font-medium leading-none peer-disabled:cursor-not-allowed peer-disabled:opacity-70"[39m
        [36m>[39m
          [0mUpload[0m
        [36m</label>[39m
        [36m<div[39m
          [33mclass[39m=[32m"flex items-center gap-4"[39m
        [36m>[39m
          [36m<input[39m
            [33maccept[39m=[32m"image/*"[39m
            [33mclass[39m=[32m"h-9 w-full rounded-md border border-input bg-transparent px-3 py-1 text-sm shadow-sm transition-colors file:border-0 file:bg-transparent file:text-sm file:font-medium file:text-foreground placeholder:text-muted-foreground focus-visible:outline-none focus-visible:ring-1 focus-visible:ring-ring disabled:cursor-not-allowed disabled:opacity-50 hidden"[39m
            [33mid[39m=[32m"file-upload-Upload"[39m
            [33mtype[39m=[32m"file"[39m
          [36m/>[39m
          [36m<button[39m
            [33mclass[39m=[32m"inline-flex items-center justify-center gap-2 whitespace-nowrap rounded-md text-sm font-medium transition-colors focus-visible:outline-none focus-visible:ring-1 focus-visible:ring-ring disabled:pointer-events-none disabled:opacity-50 [&_svg]:pointer-events-none [&_svg]:size-4 [&_svg]:shrink-0 border border-input bg-background shadow-sm hover:bg-accent hover:text-accent-foreground h-9 px-4 py-2 w-full"[39m
            [33mtype[39m=[32m"button"[39m
          [36m>[39m
            [36m<svg[39m
              [33mclass[39m=[32m"lucide lucide-upload w-4 h-4 mr-2"[39m
              [33mfill[39m=[32m"none"[39m
              [33mheight[39m=[32m"24"[39m
              [33mstroke[39m=[32m"currentColor"[39m
              [33mstroke-linecap[39m=[32m"round"[39m
              [33mstroke-linejoin[39m=[32m"round"[39m
              [33mstroke-width[39m=[32m"2"[39m
              [33mviewBox[39m=[32m"0 0 24 24"[39m
              [33mwidth[39m=[32m"24"[39m
              [33mxmlns[39m=[32m"http://www.w3.org/2000/svg"[39m
            [36m>[39m
              [36m<path[39m
                [33md[39m=[32m"M21 15v4a2 2 0 0 1-2 2H5a2 2 0 0 1-2-2v-4"[39m
              [36m/>[39m
              [36m<polyline[39m
                [33mpoints[39m=[32m"17 8 12 3 7 8"[39m
              [36m/>[39m
              [36m<line[39m
                [33mx1[39m=[32m"12"[39m
                [33mx2[39m=[32m"12"[39m
                [33my1[39m=[32m"3"[39m
                [33my2[39m=[32m"15"[39m
              [36m/>[39m
            [36m</svg>[39m
            [0mChoose [0m
            [0mFile[0m
          [36m</button>[39m
        [36m</div>[39m
      [36m</div>[39m
    [36m</div>[39m
  [36m</div>[39m
[36m</body>[39m
 ❯ Object.getElementError node_modules/@testing-library/dom/dist/config.js:37:19
 ❯ getAllByLabelText node_modules/@testing-library/dom/dist/queries/label-text.js:108:40
 ❯ node_modules/@testing-library/dom/dist/query-helpers.js:52:17
 ❯ node_modules/@testing-library/dom/dist/query-helpers.js:95:19
 ❯ src/components/__tests__/uploadImage.test.tsx:26:30
     24| 
     25|         const file = new File(['hello'], 'hello.png', { type: 'image/p…
     26|         const input = screen.getByLabelText('Upload') // Assuming labe…
       |                              ^
     27|         // Actually label association might be tricky if not perfectly…
     28|         // The component puts id `file-upload-${label}` on input

⎯⎯⎯⎯⎯⎯⎯⎯⎯⎯⎯⎯⎯⎯⎯⎯⎯⎯⎯⎯⎯⎯⎯⎯[4/7]⎯

 FAIL  src/components/dashboard/__tests__/BookingsTable.test.tsx > BookingsTable > should render card view on mobile
TestingLibraryElementError: Found multiple elements with the text: Tap to view details

Here are the matching elements:

Ignored nodes: comments, script, style
[36m<span[39m
  [33mclass[39m=[32m"text-xs text-muted-foreground"[39m
[36m>[39m
  [0mTap to view details[0m
[36m</span>[39m

Ignored nodes: comments, script, style
[36m<span[39m
  [33mclass[39m=[32m"text-xs text-muted-foreground"[39m
[36m>[39m
  [0mTap to view details[0m
[36m</span>[39m

(If this is intentional, then use the `*AllBy*` variant of the query (like `queryAllByText`, `getAllByText`, or `findAllByText`)).

Ignored nodes: comments, script, style
[36m<body>[39m
  [36m<div>[39m
    [36m<div[39m
      [33mclass[39m=[32m"space-y-3"[39m
    [36m>[39m
      [36m<div[39m
        [33mclass[39m=[32m"bg-card rounded-lg border p-4 space-y-3 cursor-pointer active:bg-muted/50 transition-colors"[39m
      [36m>[39m
        [36m<div[39m
          [33mclass[39m=[32m"flex items-start justify-between"[39m
        [36m>[39m
          [36m<div[39m
            [33mclass[39m=[32m"flex items-center gap-2"[39m
          [36m>[39m
            [36m<div[39m
              [33mclass[39m=[32m"h-10 w-10 rounded-full bg-primary/10 flex items-center justify-center"[39m
            [36m>[39m
              [36m<svg[39m
                [33mclass[39m=[32m"lucide lucide-user h-5 w-5 text-primary"[39m
                [33mfill[39m=[32m"none"[39m
                [33mheight[39m=[32m"24"[39m
                [33mstroke[39m=[32m"currentColor"[39m
                [33mstroke-linecap[39m=[32m"round"[39m
                [33mstroke-linejoin[39m=[32m"round"[39m
                [33mstroke-width[39m=[32m"2"[39m
                [33mviewBox[39m=[32m"0 0 24 24"[39m
                [33mwidth[39m=[32m"24"[39m
                [33mxmlns[39m=[32m"http://www.w3.org/2000/svg"[39m
              [36m>[39m
                [36m<path[39m
                  [33md[39m=[32m"M19 21v-2a4 4 0 0 0-4-4H9a4 4 0 0 0-4 4v2"[39m
                [36m/>[39m
                [36m<circle[39m
                  [33mcx[39m=[32m"12"[39m
                  [33mcy[39m=[32m"7"[39m
                  [33mr[39m=[32m"4"[39m
                [36m/>[39m
              [36m</svg>[39m
            [36m</div>[39m
            [36m<div>[39m
              [36m<p[39m
                [33mclass[39m=[32m"font-semibold"[39m
              [36m>[39m
                [0mJohn Doe[0m
              [36m</p>[39m
              [36m<p[39m
                [33mclass[39m=[32m"text-xs text-muted-foreground"[39m
              [36m>[39m
                [0mCleaning[0m
              [36m</p>[39m
            [36m</div>[39m
          [36m</div>[39m
          [36m<div[39m
            [33mclass[39m=[32m"inline-flex items-center rounded-md border px-2.5 py-0.5 transition-colors focus:outline-none focus:ring-2 focus:ring-ring focus:ring-offset-2 font-medium text-xs border-yellow-500 text-yellow-600"[39m
          [36m>[39m
            [0mPENDING[0m
          [36m</div>[39m
        [36m</div>[39m
        [36m<div[39m
          [33mclass[39m=[32m"grid grid-cols-2 gap-3 text-sm"[39m
        [36m>[39m
          [36m<div[39m
            [33mclass[39m=[32m"flex items-center gap-2 text-muted-foreground"[39m
          [36m>[39m
            [36m<svg[39m
              [33mclass[39m=[32m"lucide lucide-calendar h-4 w-4 flex-shrink-0"[39m
              [33mfill[39m=[32m"none"[39m
              [33mheight[39m=[32m"24"[39m
              [33mstroke[39m=[32m"currentColor"[39m
              [33mstroke-linecap[39m=[32m"round"[39m
              [33mstroke-linejoin[39m=[32m"round"[39m
              [33mstroke-width[39m=[32m"2"[39m
              [33mviewBox[39m=[32m"0 0 24 24"[39m
              [33mwidth[39m=[32m"24"[39m
              [33mxmlns[39m=[32m"http://www.w3.org/2000/svg"[39m
            [36m>[39m
              [36m<path[39m
                [33md[39m=[32m"M8 2v4"[39m
              [36m/>[39m
              [36m<path[39m
                [33md[39m=[32m"M16 2v4"[39m
              [36m/>[39m
              [36m<rect[39m
                [33mheight[39m=[32m"18"[39m
                [33mrx[39m=[32m"2"[39m
                [33mwidth[39m=[32m"18"[39m
                [33mx[39m=[32m"3"[39m
                [33my[39m=[32m"4"[39m
              [36m/>[39m
              [36m<path[39m
                [33md[39m=[32m"M3 10h18"[39m
              [36m/>[39m
            [36m</svg>[39m
            [36m<span>[39m
              [0mJan 31, 12:02 AM[0m
            [36m</span>[39m
          [36m</div>[39m
          [36m<div[39m
            [33mclass[39m=[32m"flex items-center gap-2 text-muted-foreground"[39m
          [36m>[39m
            [36m<svg[39m
              [33mclass[39m=[32m"lucide lucide-map-pin h-4 w-4 flex-shrink-0"[39m
              [33mfill[39m=[32m"none"[39m
              [33mheight[39m=[32m"24"[39m
              [33mstroke[39m=[32m"currentColor"[39m
              [33mstroke-linecap[39m=[32m"round"[39m
              [33mstroke-linejoin[39m=[32m"round"[39m
              [33mstroke-width[39m=[32m"2"[39m
              [33mviewBox[39m=[32m"0 0 24 24"[39m
              [33mwidth[39m=[32m"24"[39m
              [33mxmlns[39m=[32m"http://www.w3.org/2000/svg"[39m
            [36m>[39m
              [36m<path[39m
                [33md[39m=[32m"M20 10c0 4.993-5.539 10.193-7.399 11.799a1 1 0 0 1-1.202 0C9.539 20.193 4 14.993 4 10a8 8 0 0 1 16 0"[39m
              [36m/>[39m
              [36m<circle[39m
                [33mcx[39m=[32m"12"[39m
                [33mcy[39m=[32m"10"[39m
                [33mr[39m=[32m"3"[39m
              [36m/>[39m
            [36m</svg>[39m
            [36m<span[39m
              [33mclass[39m=[32m"truncate"[39m
            [36m>[39m
              [0m123 Test St[0m
            [36m</span>[39m
          [36m</div>[39m
        [36m</div>[39m
        [36m<div[39m
          [33mclass[39m=[32m"flex items-center justify-between pt-2 border-t"[39m
        [36m>[39m
          [36m<span[39m
            [33mclass[39m=[32m"text-xs text-muted-foreground"[39m
          [36m>[39m
            [0mTap to view details[0m
          [36m</span>[39m
          [36m<svg[39m
            [33mclass[39m=[32m"lucide lucide-chevron-right h-5 w-5 text-muted-foreground"[39m
            [33mfill[39m=[32m"none"[39m
            [33mheight[39m=[32m"24"[39m
            [33mstroke[39m=[32m"currentColor"[39m
            [33mstroke-linecap[39m=[32m"round"[39m
            [33mstroke-linejoin[39m=[32m"round"[39m
            [33mstroke-width[39m=[32m"2"[39m
            [33mviewBox[39m=[32m"0 0 24 24"[39m
            [33mwidth[39m=[32m"24"[39m
            [33mxmlns[39m=[32m"http://www.w3.org/2000/svg"[39m
          [36m>[39m
            [36m<path[39m
              [33md[39m=[32m"m9 18 6-6-6-6"[39m
            [36m/>[39m
          [36m</svg>[39m
        [36m</div>[39m
      [36m</div>[39m
      [36m<div[39m
        [33mclass[39m=[32m"bg-card rounded-lg border p-4 space-y-3 cursor-pointer active:bg-muted/50 transition-colors"[39m
      [36m>[39m
        [36m<div[39m
          [33mclass[39m=[32m"flex items-start justify-between"[39m
        [36m>[39m
          [36m<div[39m
            [33mclass[39m=[32m"flex items-center gap-2"[39m
          [36m>[39m
            [36m<div[39m
              [33mclass[39m=[32m"h-10 w-10 rounded-full bg-primary/10 flex items-center justify-center"[39m
            [36m>[39m
              [36m<svg[39m
                [33mclass[39m=[32m"lucide lucide-user h-5 w-5 text-primary"[39m
                [33mfill[39m=[32m"none"[39m
                [33mheight[39m=[32m"24"[39m
                [33mstroke[39m=[32m"currentColor"[39m
                [33mstroke-linecap[39m=[32m"round"[39m
                [33mstroke-linejoin[39m=[32m"round"[39m
                [33mstroke-width[39m=[32m"2"[39m
                [33mviewBox[39m=[32m"0 0 24 24"[39m
                [33mwidth[39m=[32m"24"[39m
                [33mxmlns[39m=[32m"http://www.w3.org/2000/svg"[39m
              [36m>[39m
                [36m<path[39m
                  [33md[39m=[32m"M19 21v-2a4 4 0 0 0-4-4H9a4 4 0 0 0-4 4v2"[39m
                [36m/>[39m
                [36m<circle[39m
                  [33mcx[39m=[32m"12"[39m
                  [33mcy[39m=[32m"7"[39m
                  [33mr[39m=[32m"4"[39m
                [36m/>[39m
              [36m</svg>[39m
            [36m</div>[39m
            [36m<div>[39m
              [36m<p[39m
                [33mclass[39m=[32m"font-semibold"[39m
              [36m>[39m
                [0mJane Doe[0m
              [36m</p>[39m
              [36m<p[39m
                [33mclass[39m=[32m"text-xs text-muted-foreground"[39m
              [36m>[39m
                [0mPlumbing[0m
              [36m</p>[39m
            [36m</div>[39m
          [36m</div>[39m
          [36m<div[39m
            [33mclass[39m=[32m"inline-flex items-center rounded-md border px-2.5 py-0.5 transition-colors focus:outline-none focus:ring-2 focus:ring-ring focus:ring-offset-2 border-transparent text-primary-foreground shadow hover:bg-primary/80 font-medium text-xs bg-green-600"[39m
          [36m>[39m
            [0mCOMPLETED[0m
          [36m</div>[39m
        [36m</div>[39m
        [36m<div[39m
          [33mclass[39m=[32m"grid grid-cols-2 gap-3 text-sm"[39m
        [36m>[39m
          [36m<div[39m
            [33mclass[39m=[32m"flex items-center gap-2 text-muted-foreground"[39m
          [36m>[39m
            [36m<svg[39m
              [33mclass[39m=[32m"lucide lucide-calendar h-4 w-4 flex-shrink-0"[39m
              [33mfill[39m=[32m"none"[39m
              [33mheight[39m=[32m"24"[39m
              [33mstroke[39m=[32m"currentColor"[39m
              [33mstroke-linecap[39m=[32m"round"[39m
              [33mstroke-linejoin[39m=[32m"round"[39m
              [33mstroke-width[39m=[32m"2"[39m
              [33mviewBox[39m=[32m"0 0 24 24"[39m
              [33mwidth[39m=[32m"24"[39m
              [33mxmlns[39m=[32m"http://www.w3.org/2000/svg"[39m
            [36m>[39m
              [36m<path[39m
                [33md[39m=[32m"M8 2v4"[39m
              [36m/>[39m
              [36m<path[39m
                [33md[39m=[32m"M16 2v4"[39m
              [36m/>[39m
              [36m<rect[39m
                [33mheight[39m=[32m"18"[39m
                [33mrx[39m=[32m"2"[39m
                [33mwidth[39m=[32m"18"[39m
                [33mx[39m=[32m"3"[39m
                [33my[39m=[32m"4"[39m
              [36m/>[39m
              [36m<path[39m
                [33md[39m=[32m"M3 10h18"[39m
              [36m/>[39m
            [36m</svg>[39m
            [36m<span>[39m
              [0mJan 31, 12:02 AM[0m
            [36m</span>[39m
          [36m</div>[39m
          [36m<div[39m
            [33mclass[39m=[32m"flex items-center gap-2 text-muted-foreground"[39m
          [36m>[39m
            [36m<svg[39m
              [33mclass[39m=[32m"lucide lucide-map-pin h-4 w-4 flex-shrink-0"[39m
              [33mfill[39m=[32m"none"[39m
              [33mheight[39m=[32m"24"[39m
              [33mstroke[39m=[32m"currentColor"[39m
              [33mstroke-linecap[39m=[32m"round"[39m
              [33mstroke-linejoin[39m=[32m"round"[39m
              [33mstroke-width[39m=[32m"2"[39m
              [33mviewBox[39m=[32m"0 0 24 24"[39m
              [33mwidth[39m=[32m"24"[39m
              [33mxmlns[39m=[32m"http://www.w3.org/2000/svg"[39m
            [36m>[39m
              [36m<path[39m
                [33md[39m=[32m"M20 10c0 4.993-5.539 10.193-7.399 11.799a1 1 0 0 1-1.202 0C9.539 20.193 4 14.993 4 10a8 8 0 0 1 16 0"[39m
              [36m/>[39m
              [36m<circle[39m
                [33mcx[39m=[32m"12"[39m
                [33mcy[39m=[32m"10"[39m
                [33mr[39m=[32m"3"[39m
              [36m/>[39m
            [36m</svg>[39m
            [36m<span[39m
              [33mclass[39m=[32m"truncate"[39m
            [36m>[39m
              [0m456 Test Ave[0m
            [36m</span>[39m
          [36m</div>[39m
        [36m</div>[39m
        [36m<div[39m
          [33mclass[39m=[32m"flex items-center justify-between pt-2 border-t"[39m
        [36m>[39m
          [36m<span[39m
            [33mclass[39m=[32m"text-xs text-muted-foreground"[39m
          [36m>[39m
            [0mTap to view details[0m
          [36m</span>[39m
          [36m<svg[39m
            [33mclass[39m=[32m"lucide lucide-chevron-right h-5 w-5 text-muted-foreground"[39m
            [33mfill[39m=[32m"none"[39m
            [33mheight[39m=[32m"24"[39m
            [33mstroke[39m=[32m"currentColor"[39m
            [33mstroke-linecap[39m=[32m"round"[39m
            [33mstroke-linejoin[39m=[32m"round"[39m
            [33mstroke-width[39m=[32m"2"[39m
            [33mviewBox[39m=[32m"0 0 24 24"[39m
            [33mwidth[39m=[32m"24"[39m
            [33mxmlns[39m=[32m"http://www.w3.org/2000/svg"[39m
          [36m>[39m
            [36m<path[39m
              [33md[39m=[32m"m9 18 6-6-6-6"[39m
            [36m/>[39m
          [36m</svg>[39m
        [36m</div>[39m
      [36m</div>[39m
    [36m</div>[39m
  [36m</div>[39m
[36m</body>[39m
 ❯ Object.getElementError node_modules/@testing-library/dom/dist/config.js:37:19
 ❯ getElementError node_modules/@testing-library/dom/dist/query-helpers.js:20:35
 ❯ getMultipleElementsFoundError node_modules/@testing-library/dom/dist/query-helpers.js:23:10
 ❯ node_modules/@testing-library/dom/dist/query-helpers.js:55:13
 ❯ node_modules/@testing-library/dom/dist/query-helpers.js:95:19
 ❯ src/components/dashboard/__tests__/BookingsTable.test.tsx:68:23
     66| 
     67|         expect(screen.getByText('John Doe')).toBeInTheDocument()
     68|         expect(screen.getByText('Tap to view details')).toBeInTheDocum…
       |                       ^
     69|     })
     70| 

⎯⎯⎯⎯⎯⎯⎯⎯⎯⎯⎯⎯⎯⎯⎯⎯⎯⎯⎯⎯⎯⎯⎯⎯[5/7]⎯


 Test Files  5 failed | 23 passed (28)
      Tests  6 failed | 79 passed (85)
   Start at  00:02:27
   Duration  8.72s (transform 3.77s, setup 6.24s, collect 22.43s, tests 8.44s, environment 38.64s, prepare 13.03s)

